Archive member included to satisfy reference by file (symbol)

/home/j0sh1x/Lg_G7_ThinQ_Edk2/edk2_LG_G7_THINQ/workspace/Build/LgG7ThinQPkg/DEBUG_GCC5/AARCH64/ArmPkg/Library/CompilerIntrinsicsLib/CompilerIntrinsicsLib/OUTPUT/CompilerIntrinsicsLib.lib(memcpy.obj)
                              /home/j0sh1x/Lg_G7_ThinQ_Edk2/edk2/ArmPkg/Library/GccLto/liblto-aarch64.a (memcpy)
/home/j0sh1x/Lg_G7_ThinQ_Edk2/edk2_LG_G7_THINQ/workspace/Build/LgG7ThinQPkg/DEBUG_GCC5/AARCH64/ArmPkg/Library/CompilerIntrinsicsLib/CompilerIntrinsicsLib/OUTPUT/CompilerIntrinsicsLib.lib(memset.obj)
                              /home/j0sh1x/Lg_G7_ThinQ_Edk2/edk2/ArmPkg/Library/GccLto/liblto-aarch64.a (memset)
/home/j0sh1x/Lg_G7_ThinQ_Edk2/edk2_LG_G7_THINQ/workspace/Build/LgG7ThinQPkg/DEBUG_GCC5/AARCH64/MdePkg/Library/UefiDriverEntryPoint/UefiDriverEntryPoint/OUTPUT/UefiDriverEntryPoint.lib(DriverEntryPoint.obj)
                              (_ModuleEntryPoint)
/home/j0sh1x/Lg_G7_ThinQ_Edk2/edk2_LG_G7_THINQ/workspace/Build/LgG7ThinQPkg/DEBUG_GCC5/AARCH64/MdePkg/Library/BaseStackCheckLib/BaseStackCheckLib/OUTPUT/BaseStackCheckLib.lib(BaseStackCheckGcc.obj)
                              /home/j0sh1x/Lg_G7_ThinQ_Edk2/edk2/ArmPkg/Library/GccLto/liblto-aarch64.a (__stack_chk_fail)
/home/j0sh1x/Lg_G7_ThinQ_Edk2/edk2_LG_G7_THINQ/workspace/Build/LgG7ThinQPkg/DEBUG_GCC5/AARCH64/MdeModulePkg/Universal/DisplayEngineDxe/DisplayEngineDxe/OUTPUT/DisplayEngine.lib(AutoGen.obj)
                              DriverEntryPoint.obj (symbol from plugin) (ProcessLibraryConstructorList)
/home/j0sh1x/Lg_G7_ThinQ_Edk2/edk2_LG_G7_THINQ/workspace/Build/LgG7ThinQPkg/DEBUG_GCC5/AARCH64/MdeModulePkg/Universal/DisplayEngineDxe/DisplayEngineDxe/OUTPUT/DisplayEngine.lib(FormDisplay.obj)
                              AutoGen.obj (symbol from plugin) (InitializeDisplayEngine)
/home/j0sh1x/Lg_G7_ThinQ_Edk2/edk2_LG_G7_THINQ/workspace/Build/LgG7ThinQPkg/DEBUG_GCC5/AARCH64/MdeModulePkg/Universal/DisplayEngineDxe/DisplayEngineDxe/OUTPUT/DisplayEngine.lib(ProcessOptions.obj)
                              FormDisplay.obj (symbol from plugin) (EmptyEventProcess)
/home/j0sh1x/Lg_G7_ThinQ_Edk2/edk2_LG_G7_THINQ/workspace/Build/LgG7ThinQPkg/DEBUG_GCC5/AARCH64/MdeModulePkg/Universal/DisplayEngineDxe/DisplayEngineDxe/OUTPUT/DisplayEngine.lib(InputHandler.obj)
                              ProcessOptions.obj (symbol from plugin) (ReadString)
/home/j0sh1x/Lg_G7_ThinQ_Edk2/edk2_LG_G7_THINQ/workspace/Build/LgG7ThinQPkg/DEBUG_GCC5/AARCH64/MdeModulePkg/Universal/DisplayEngineDxe/DisplayEngineDxe/OUTPUT/DisplayEngine.lib(Popup.obj)
                              FormDisplay.obj (symbol from plugin) (CreatePopup)
/home/j0sh1x/Lg_G7_ThinQ_Edk2/edk2_LG_G7_THINQ/workspace/Build/LgG7ThinQPkg/DEBUG_GCC5/AARCH64/MdePkg/Library/BaseLib/BaseLib/OUTPUT/BaseLib.lib(MultU64x32.obj)
                              InputHandler.obj (symbol from plugin) (MultU64x32)
/home/j0sh1x/Lg_G7_ThinQ_Edk2/edk2_LG_G7_THINQ/workspace/Build/LgG7ThinQPkg/DEBUG_GCC5/AARCH64/MdePkg/Library/BaseLib/BaseLib/OUTPUT/BaseLib.lib(LShiftU64.obj)
                              InputHandler.obj (symbol from plugin) (LShiftU64)
/home/j0sh1x/Lg_G7_ThinQ_Edk2/edk2_LG_G7_THINQ/workspace/Build/LgG7ThinQPkg/DEBUG_GCC5/AARCH64/MdePkg/Library/BaseLib/BaseLib/OUTPUT/BaseLib.lib(CpuDeadLoop.obj)
                              BaseStackCheckGcc.obj (symbol from plugin) (CpuDeadLoop)
/home/j0sh1x/Lg_G7_ThinQ_Edk2/edk2_LG_G7_THINQ/workspace/Build/LgG7ThinQPkg/DEBUG_GCC5/AARCH64/MdePkg/Library/BaseLib/BaseLib/OUTPUT/BaseLib.lib(LinkedList.obj)
                              FormDisplay.obj (symbol from plugin) (InitializeListHead)
/home/j0sh1x/Lg_G7_ThinQ_Edk2/edk2_LG_G7_THINQ/workspace/Build/LgG7ThinQPkg/DEBUG_GCC5/AARCH64/MdePkg/Library/BaseLib/BaseLib/OUTPUT/BaseLib.lib(SafeString.obj)
                              FormDisplay.obj (symbol from plugin) (StrCpyS)
/home/j0sh1x/Lg_G7_ThinQ_Edk2/edk2_LG_G7_THINQ/workspace/Build/LgG7ThinQPkg/DEBUG_GCC5/AARCH64/MdePkg/Library/BaseLib/BaseLib/OUTPUT/BaseLib.lib(String.obj)
                              FormDisplay.obj (symbol from plugin) (StrLen)
/home/j0sh1x/Lg_G7_ThinQ_Edk2/edk2_LG_G7_THINQ/workspace/Build/LgG7ThinQPkg/DEBUG_GCC5/AARCH64/MdePkg/Library/BaseLib/BaseLib/OUTPUT/BaseLib.lib(Math64.obj)
                              LShiftU64.obj (symbol from plugin) (InternalMathLShiftU64)
/home/j0sh1x/Lg_G7_ThinQ_Edk2/edk2_LG_G7_THINQ/workspace/Build/LgG7ThinQPkg/DEBUG_GCC5/AARCH64/MdePkg/Library/BaseLib/BaseLib/OUTPUT/BaseLib.lib(CpuBreakpoint.obj)
                              BaseStackCheckGcc.obj (symbol from plugin) (CpuBreakpoint)
/home/j0sh1x/Lg_G7_ThinQ_Edk2/edk2_LG_G7_THINQ/workspace/Build/LgG7ThinQPkg/DEBUG_GCC5/AARCH64/MdePkg/Library/BaseLib/BaseLib/OUTPUT/BaseLib.lib(SwapBytes32.obj)
                              SafeString.obj (symbol from plugin) (SwapBytes32)
/home/j0sh1x/Lg_G7_ThinQ_Edk2/edk2_LG_G7_THINQ/workspace/Build/LgG7ThinQPkg/DEBUG_GCC5/AARCH64/MdePkg/Library/BaseLib/BaseLib/OUTPUT/BaseLib.lib(SwapBytes16.obj)
                              SafeString.obj (symbol from plugin) (SwapBytes16)
/home/j0sh1x/Lg_G7_ThinQ_Edk2/edk2_LG_G7_THINQ/workspace/Build/LgG7ThinQPkg/DEBUG_GCC5/AARCH64/MdePkg/Library/BaseLib/BaseLib/OUTPUT/BaseLib.lib(RShiftU64.obj)
                              SafeString.obj (symbol from plugin) (RShiftU64)
/home/j0sh1x/Lg_G7_ThinQ_Edk2/edk2_LG_G7_THINQ/workspace/Build/LgG7ThinQPkg/DEBUG_GCC5/AARCH64/MdePkg/Library/BaseLib/BaseLib/OUTPUT/BaseLib.lib(DivU64x32.obj)
                              SafeString.obj (symbol from plugin) (DivU64x32)
/home/j0sh1x/Lg_G7_ThinQ_Edk2/edk2_LG_G7_THINQ/workspace/Build/LgG7ThinQPkg/DEBUG_GCC5/AARCH64/MdePkg/Library/BaseMemoryLibOptDxe/BaseMemoryLibOptDxe/OUTPUT/BaseMemoryLibOptDxe.lib(MemLibGuid.obj)
                              FormDisplay.obj (symbol from plugin) (CopyGuid)
/home/j0sh1x/Lg_G7_ThinQ_Edk2/edk2_LG_G7_THINQ/workspace/Build/LgG7ThinQPkg/DEBUG_GCC5/AARCH64/MdePkg/Library/BaseMemoryLibOptDxe/BaseMemoryLibOptDxe/OUTPUT/BaseMemoryLibOptDxe.lib(ZeroMemWrapper.obj)
                              FormDisplay.obj (symbol from plugin) (ZeroMem)
/home/j0sh1x/Lg_G7_ThinQ_Edk2/edk2_LG_G7_THINQ/workspace/Build/LgG7ThinQPkg/DEBUG_GCC5/AARCH64/MdePkg/Library/BaseMemoryLibOptDxe/BaseMemoryLibOptDxe/OUTPUT/BaseMemoryLibOptDxe.lib(CompareMemWrapper.obj)
                              FormDisplay.obj (symbol from plugin) (CompareMem)
/home/j0sh1x/Lg_G7_ThinQ_Edk2/edk2_LG_G7_THINQ/workspace/Build/LgG7ThinQPkg/DEBUG_GCC5/AARCH64/MdePkg/Library/BaseMemoryLibOptDxe/BaseMemoryLibOptDxe/OUTPUT/BaseMemoryLibOptDxe.lib(CopyMemWrapper.obj)
                              FormDisplay.obj (symbol from plugin) (CopyMem)
/home/j0sh1x/Lg_G7_ThinQ_Edk2/edk2_LG_G7_THINQ/workspace/Build/LgG7ThinQPkg/DEBUG_GCC5/AARCH64/MdePkg/Library/BaseMemoryLibOptDxe/BaseMemoryLibOptDxe/OUTPUT/BaseMemoryLibOptDxe.lib(SetMem.obj)
                              ZeroMemWrapper.obj (symbol from plugin) (InternalMemZeroMem)
/home/j0sh1x/Lg_G7_ThinQ_Edk2/edk2_LG_G7_THINQ/workspace/Build/LgG7ThinQPkg/DEBUG_GCC5/AARCH64/MdePkg/Library/BaseMemoryLibOptDxe/BaseMemoryLibOptDxe/OUTPUT/BaseMemoryLibOptDxe.lib(CopyMem.obj)
                              MemLibGuid.obj (symbol from plugin) (InternalMemCopyMem)
/home/j0sh1x/Lg_G7_ThinQ_Edk2/edk2_LG_G7_THINQ/workspace/Build/LgG7ThinQPkg/DEBUG_GCC5/AARCH64/MdePkg/Library/BaseMemoryLibOptDxe/BaseMemoryLibOptDxe/OUTPUT/BaseMemoryLibOptDxe.lib(CompareMem.obj)
                              CompareMemWrapper.obj (symbol from plugin) (InternalMemCompareMem)
/home/j0sh1x/Lg_G7_ThinQ_Edk2/edk2_LG_G7_THINQ/workspace/Build/LgG7ThinQPkg/DEBUG_GCC5/AARCH64/MdePkg/Library/BaseMemoryLibOptDxe/BaseMemoryLibOptDxe/OUTPUT/BaseMemoryLibOptDxe.lib(CompareGuid.obj)
                              MemLibGuid.obj (symbol from plugin) (InternalMemCompareGuid)
/home/j0sh1x/Lg_G7_ThinQ_Edk2/edk2_LG_G7_THINQ/workspace/Build/LgG7ThinQPkg/DEBUG_GCC5/AARCH64/MdePkg/Library/BasePrintLib/BasePrintLib/OUTPUT/BasePrintLib.lib(PrintLib.obj)
                              ProcessOptions.obj (symbol from plugin) (UnicodeSPrint)
/home/j0sh1x/Lg_G7_ThinQ_Edk2/edk2_LG_G7_THINQ/workspace/Build/LgG7ThinQPkg/DEBUG_GCC5/AARCH64/MdePkg/Library/BasePrintLib/BasePrintLib/OUTPUT/BasePrintLib.lib(PrintLibInternal.obj)
                              PrintLib.obj (symbol from plugin) (BasePrintLibConvertValueToString)
/home/j0sh1x/Lg_G7_ThinQ_Edk2/edk2_LG_G7_THINQ/workspace/Build/LgG7ThinQPkg/DEBUG_GCC5/AARCH64/MdePkg/Library/BaseDebugLibSerialPort/BaseDebugLibSerialPort/OUTPUT/BaseDebugLibSerialPort.lib(DebugLib.obj)
                              AutoGen.obj (symbol from plugin) (BaseDebugLibSerialPortConstructor)
/home/j0sh1x/Lg_G7_ThinQ_Edk2/edk2_LG_G7_THINQ/workspace/Build/LgG7ThinQPkg/DEBUG_GCC5/AARCH64/MdePkg/Library/UefiBootServicesTableLib/UefiBootServicesTableLib/OUTPUT/UefiBootServicesTableLib.lib(UefiBootServicesTableLib.obj)
                              AutoGen.obj (symbol from plugin) (UefiBootServicesTableLibConstructor)
/home/j0sh1x/Lg_G7_ThinQ_Edk2/edk2_LG_G7_THINQ/workspace/Build/LgG7ThinQPkg/DEBUG_GCC5/AARCH64/MdePkg/Library/UefiMemoryAllocationLib/UefiMemoryAllocationLib/OUTPUT/UefiMemoryAllocationLib.lib(MemoryAllocationLib.obj)
                              FormDisplay.obj (symbol from plugin) (AllocateZeroPool)
/home/j0sh1x/Lg_G7_ThinQ_Edk2/edk2_LG_G7_THINQ/workspace/Build/LgG7ThinQPkg/DEBUG_GCC5/AARCH64/MdePkg/Library/UefiRuntimeServicesTableLib/UefiRuntimeServicesTableLib/OUTPUT/UefiRuntimeServicesTableLib.lib(UefiRuntimeServicesTableLib.obj)
                              AutoGen.obj (symbol from plugin) (UefiRuntimeServicesTableLibConstructor)
/home/j0sh1x/Lg_G7_ThinQ_Edk2/edk2_LG_G7_THINQ/workspace/Build/LgG7ThinQPkg/DEBUG_GCC5/AARCH64/MdePkg/Library/UefiLib/UefiLib/OUTPUT/UefiLib.lib(UefiLib.obj)
                              AutoGen.obj (symbol from plugin) (UefiLibConstructor)
/home/j0sh1x/Lg_G7_ThinQ_Edk2/edk2_LG_G7_THINQ/workspace/Build/LgG7ThinQPkg/DEBUG_GCC5/AARCH64/MdePkg/Library/DxeHobLib/DxeHobLib/OUTPUT/DxeHobLib.lib(HobLib.obj)
                              AutoGen.obj (symbol from plugin) (HobLibConstructor)
/home/j0sh1x/Lg_G7_ThinQ_Edk2/edk2_LG_G7_THINQ/workspace/Build/LgG7ThinQPkg/DEBUG_GCC5/AARCH64/MdeModulePkg/Library/UefiHiiServicesLib/UefiHiiServicesLib/OUTPUT/UefiHiiServicesLib.lib(UefiHiiServicesLib.obj)
                              AutoGen.obj (symbol from plugin) (UefiHiiServicesLibConstructor)
/home/j0sh1x/Lg_G7_ThinQ_Edk2/edk2_LG_G7_THINQ/workspace/Build/LgG7ThinQPkg/DEBUG_GCC5/AARCH64/MdeModulePkg/Library/UefiHiiLib/UefiHiiLib/OUTPUT/UefiHiiLib.lib(HiiLib.obj)
                              FormDisplay.obj (symbol from plugin) (HiiAddPackages)
/home/j0sh1x/Lg_G7_ThinQ_Edk2/edk2_LG_G7_THINQ/workspace/Build/LgG7ThinQPkg/DEBUG_GCC5/AARCH64/MdeModulePkg/Library/UefiHiiLib/UefiHiiLib/OUTPUT/UefiHiiLib.lib(HiiString.obj)
                              ProcessOptions.obj (symbol from plugin) (HiiSetString)
/home/j0sh1x/Lg_G7_ThinQ_Edk2/edk2_LG_G7_THINQ/workspace/Build/LgG7ThinQPkg/DEBUG_GCC5/AARCH64/MdeModulePkg/Library/UefiHiiLib/UefiHiiLib/OUTPUT/UefiHiiLib.lib(HiiLanguage.obj)
                              HiiString.obj (symbol from plugin) (HiiGetSupportedLanguages)
/home/j0sh1x/Lg_G7_ThinQ_Edk2/edk2_LG_G7_THINQ/workspace/Build/LgG7ThinQPkg/DEBUG_GCC5/AARCH64/MdeModulePkg/Library/CustomizedDisplayLib/CustomizedDisplayLib/OUTPUT/CustomizedDisplayLib.lib(CustomizedDisplayLib.obj)
                              FormDisplay.obj (symbol from plugin) (FormExitPolicy)
/home/j0sh1x/Lg_G7_ThinQ_Edk2/edk2_LG_G7_THINQ/workspace/Build/LgG7ThinQPkg/DEBUG_GCC5/AARCH64/MdeModulePkg/Library/CustomizedDisplayLib/CustomizedDisplayLib/OUTPUT/CustomizedDisplayLib.lib(CustomizedDisplayLibInternal.obj)
                              CustomizedDisplayLib.obj (symbol from plugin) (ProcessExternedOpcode)
/home/j0sh1x/Lg_G7_ThinQ_Edk2/edk2_LG_G7_THINQ/workspace/Build/LgG7ThinQPkg/DEBUG_GCC5/AARCH64/MdeModulePkg/Library/CustomizedDisplayLib/CustomizedDisplayLib/OUTPUT/CustomizedDisplayLib.lib(AutoGen.obj)
                              CustomizedDisplayLib.obj (symbol from plugin) (CustomizedDisplayLibStrings)
/home/j0sh1x/Lg_G7_ThinQ_Edk2/edk2_LG_G7_THINQ/workspace/Build/LgG7ThinQPkg/DEBUG_GCC5/AARCH64/MdePkg/Library/BaseLib/BaseLib/OUTPUT/BaseLib.lib(DivU64x32Remainder.obj)
                              PrintLibInternal.obj (symbol from plugin) (DivU64x32Remainder)
/home/j0sh1x/Lg_G7_ThinQ_Edk2/edk2_LG_G7_THINQ/workspace/Build/LgG7ThinQPkg/DEBUG_GCC5/AARCH64/MdePkg/Library/BaseLib/BaseLib/OUTPUT/BaseLib.lib(BitField.obj)
                              HiiLib.obj (symbol from plugin) (BitFieldRead32)
/home/j0sh1x/Lg_G7_ThinQ_Edk2/edk2_LG_G7_THINQ/workspace/Build/LgG7ThinQPkg/DEBUG_GCC5/AARCH64/MdePkg/Library/BaseLib/BaseLib/OUTPUT/BaseLib.lib(Unaligned.obj)
                              PrintLibInternal.obj (symbol from plugin) (ReadUnaligned16)
/home/j0sh1x/Lg_G7_ThinQ_Edk2/edk2_LG_G7_THINQ/workspace/Build/LgG7ThinQPkg/DEBUG_GCC5/AARCH64/MdePkg/Library/BaseMemoryLibOptDxe/BaseMemoryLibOptDxe/OUTPUT/BaseMemoryLibOptDxe.lib(SetMemWrapper.obj)
                              DebugLib.obj (symbol from plugin) (SetMem)
/home/j0sh1x/Lg_G7_ThinQ_Edk2/edk2_LG_G7_THINQ/workspace/Build/LgG7ThinQPkg/DEBUG_GCC5/AARCH64/MdePkg/Library/BaseMemoryLibOptDxe/BaseMemoryLibOptDxe/OUTPUT/BaseMemoryLibOptDxe.lib(SetMem64Wrapper.obj)
                              SetMemWrapper.obj (symbol from plugin) (SetMem64)
/home/j0sh1x/Lg_G7_ThinQ_Edk2/edk2_LG_G7_THINQ/workspace/Build/LgG7ThinQPkg/DEBUG_GCC5/AARCH64/MdePkg/Library/BaseDebugPrintErrorLevelLib/BaseDebugPrintErrorLevelLib/OUTPUT/BaseDebugPrintErrorLevelLib.lib(BaseDebugPrintErrorLevelLib.obj)
                              DebugLib.obj (symbol from plugin) (GetDebugPrintErrorLevel)
/home/j0sh1x/Lg_G7_ThinQ_Edk2/edk2_LG_G7_THINQ/workspace/Build/LgG7ThinQPkg/DEBUG_GCC5/AARCH64/LgG7ThinQPkg/Library/FrameBufferSerialPortLib/FrameBufferSerialPortLib/OUTPUT/FrameBufferSerialPortLib.lib(FrameBufferSerialPortLib.obj)
                              DebugLib.obj (symbol from plugin) (SerialPortInitialize)
/home/j0sh1x/Lg_G7_ThinQ_Edk2/edk2_LG_G7_THINQ/workspace/Build/LgG7ThinQPkg/DEBUG_GCC5/AARCH64/MdePkg/Library/UefiDevicePathLib/UefiDevicePathLib/OUTPUT/UefiDevicePathLib.lib(DevicePathUtilities.obj)
                              UefiLib.obj (symbol from plugin) (DevicePathType)
/home/j0sh1x/Lg_G7_ThinQ_Edk2/edk2_LG_G7_THINQ/workspace/Build/LgG7ThinQPkg/DEBUG_GCC5/AARCH64/MdePkg/Library/UefiDevicePathLib/UefiDevicePathLib/OUTPUT/UefiDevicePathLib.lib(UefiDevicePathLib.obj)
                              HiiLib.obj (symbol from plugin) (GetDevicePathSize)
/home/j0sh1x/Lg_G7_ThinQ_Edk2/edk2_LG_G7_THINQ/workspace/Build/LgG7ThinQPkg/DEBUG_GCC5/AARCH64/MdePkg/Library/UefiDevicePathLib/UefiDevicePathLib/OUTPUT/UefiDevicePathLib.lib(DevicePathToText.obj)
                              UefiDevicePathLib.obj (symbol from plugin) (UefiDevicePathLibConvertDeviceNodeToText)
/home/j0sh1x/Lg_G7_ThinQ_Edk2/edk2_LG_G7_THINQ/workspace/Build/LgG7ThinQPkg/DEBUG_GCC5/AARCH64/MdePkg/Library/UefiDevicePathLib/UefiDevicePathLib/OUTPUT/UefiDevicePathLib.lib(DevicePathFromText.obj)
                              UefiDevicePathLib.obj (symbol from plugin) (UefiDevicePathLibConvertTextToDeviceNode)
/home/j0sh1x/Lg_G7_ThinQ_Edk2/edk2_LG_G7_THINQ/workspace/Build/LgG7ThinQPkg/DEBUG_GCC5/AARCH64/MdePkg/Library/BaseLib/BaseLib/OUTPUT/BaseLib.lib(SwapBytes64.obj)
                              DevicePathFromText.obj (symbol from plugin) (SwapBytes64)
/home/j0sh1x/Lg_G7_ThinQ_Edk2/edk2_LG_G7_THINQ/workspace/Build/LgG7ThinQPkg/DEBUG_GCC5/AARCH64/ArmPkg/Library/ArmLib/ArmBaseLib/OUTPUT/ArmBaseLib.lib(ArmLibSupport.obj)
                              FrameBufferSerialPortLib.obj (symbol from plugin) (ArmGetInterruptState)
/home/j0sh1x/Lg_G7_ThinQ_Edk2/edk2_LG_G7_THINQ/workspace/Build/LgG7ThinQPkg/DEBUG_GCC5/AARCH64/ArmPkg/Library/ArmLib/ArmBaseLib/OUTPUT/ArmBaseLib.lib(ArmLibSupportV8.obj)
                              FrameBufferSerialPortLib.obj (symbol from plugin) (ArmEnableInterrupts)
/home/j0sh1x/Lg_G7_ThinQ_Edk2/edk2_LG_G7_THINQ/workspace/Build/LgG7ThinQPkg/DEBUG_GCC5/AARCH64/ArmPkg/Library/ArmCacheMaintenanceLib/ArmCacheMaintenanceLib/OUTPUT/ArmCacheMaintenanceLib.lib(ArmCacheMaintenanceLib.obj)
                              FrameBufferSerialPortLib.obj (symbol from plugin) (WriteBackInvalidateDataCacheRange)
/home/j0sh1x/Lg_G7_ThinQ_Edk2/edk2_LG_G7_THINQ/workspace/Build/LgG7ThinQPkg/DEBUG_GCC5/AARCH64/ArmPkg/Library/ArmLib/ArmBaseLib/OUTPUT/ArmBaseLib.lib(ArmLib.obj)
                              ArmCacheMaintenanceLib.obj (symbol from plugin) (ArmDataCacheLineLength)
/home/j0sh1x/Lg_G7_ThinQ_Edk2/edk2_LG_G7_THINQ/workspace/Build/LgG7ThinQPkg/DEBUG_GCC5/AARCH64/ArmPkg/Library/ArmLib/ArmBaseLib/OUTPUT/ArmBaseLib.lib(AArch64Support.obj)
                              ArmCacheMaintenanceLib.obj (symbol from plugin) (ArmInvalidateDataCacheEntryByMVA)

Discarded input sections

 .text          0x0000000000000000       0x10 /home/j0sh1x/Lg_G7_ThinQ_Edk2/edk2/ArmPkg/Library/GccLto/liblto-aarch64.a
 .data          0x0000000000000000        0x0 /home/j0sh1x/Lg_G7_ThinQ_Edk2/edk2/ArmPkg/Library/GccLto/liblto-aarch64.a
 .bss           0x0000000000000000        0x0 /home/j0sh1x/Lg_G7_ThinQ_Edk2/edk2/ArmPkg/Library/GccLto/liblto-aarch64.a
 .text          0x0000000000000000        0x0 /tmp/DisplayEngine.dll.j7PVhG.ltrans0.ltrans.o
 .data          0x0000000000000000        0x0 /tmp/DisplayEngine.dll.j7PVhG.ltrans0.ltrans.o
 .bss           0x0000000000000000        0x0 /tmp/DisplayEngine.dll.j7PVhG.ltrans0.ltrans.o
 .text.IsNodeInList
                0x0000000000000000       0xa0 /tmp/DisplayEngine.dll.j7PVhG.ltrans0.ltrans.o
 .rodata._gPcd_FixedAtBuild_PcdBrowserFieldBackgroundHighlightColor
                0x0000000000000000        0x1 /tmp/DisplayEngine.dll.j7PVhG.ltrans0.ltrans.o
 .rodata._gPcd_FixedAtBuild_PcdBrowserFieldTextHighlightColor
                0x0000000000000000        0x1 /tmp/DisplayEngine.dll.j7PVhG.ltrans0.ltrans.o
 .rodata._gPcd_FixedAtBuild_PcdDebugPropertyMask
                0x0000000000000000        0x1 /tmp/DisplayEngine.dll.j7PVhG.ltrans0.ltrans.o
 .rodata._gPcd_FixedAtBuild_PcdFixedDebugPrintErrorLevel
                0x0000000000000000        0x4 /tmp/DisplayEngine.dll.j7PVhG.ltrans0.ltrans.o
 .comment       0x0000000000000000       0x2d /tmp/DisplayEngine.dll.j7PVhG.ltrans0.ltrans.o
 .note.GNU-stack
                0x0000000000000000        0x0 /tmp/DisplayEngine.dll.j7PVhG.ltrans0.ltrans.o
 .text          0x0000000000000000        0x0 /tmp/DisplayEngine.dll.j7PVhG.ltrans1.ltrans.o
 .data          0x0000000000000000        0x0 /tmp/DisplayEngine.dll.j7PVhG.ltrans1.ltrans.o
 .bss           0x0000000000000000        0x0 /tmp/DisplayEngine.dll.j7PVhG.ltrans1.ltrans.o
 .text.__memset
                0x0000000000000000       0x1c /tmp/DisplayEngine.dll.j7PVhG.ltrans1.ltrans.o
 .comment       0x0000000000000000       0x2d /tmp/DisplayEngine.dll.j7PVhG.ltrans1.ltrans.o
 .note.GNU-stack
                0x0000000000000000        0x0 /tmp/DisplayEngine.dll.j7PVhG.ltrans1.ltrans.o
 .comment       0x0000000000000000       0x2d /tmp/ccwSrBwG.debug.temp.o
 .note.GNU-stack
                0x0000000000000000        0x0 /tmp/ccwSrBwG.debug.temp.o
 .comment       0x0000000000000000       0x2d /tmp/ccz6ProI.debug.temp.o
 .note.GNU-stack
                0x0000000000000000        0x0 /tmp/ccz6ProI.debug.temp.o
 .comment       0x0000000000000000       0x2d /tmp/ccOKBVcF.debug.temp.o
 .note.GNU-stack
                0x0000000000000000        0x0 /tmp/ccOKBVcF.debug.temp.o
 .comment       0x0000000000000000       0x2d /tmp/ccZZKFkH.debug.temp.o
 .note.GNU-stack
                0x0000000000000000        0x0 /tmp/ccZZKFkH.debug.temp.o
 .comment       0x0000000000000000       0x2d /tmp/ccRwtZhG.debug.temp.o
 .note.GNU-stack
                0x0000000000000000        0x0 /tmp/ccRwtZhG.debug.temp.o
 .comment       0x0000000000000000       0x2d /tmp/ccINTYpG.debug.temp.o
 .note.GNU-stack
                0x0000000000000000        0x0 /tmp/ccINTYpG.debug.temp.o
 .comment       0x0000000000000000       0x2d /tmp/ccowIChF.debug.temp.o
 .note.GNU-stack
                0x0000000000000000        0x0 /tmp/ccowIChF.debug.temp.o
 .comment       0x0000000000000000       0x2d /tmp/ccJKJ0iI.debug.temp.o
 .note.GNU-stack
                0x0000000000000000        0x0 /tmp/ccJKJ0iI.debug.temp.o
 .comment       0x0000000000000000       0x2d /tmp/ccKTCt2I.debug.temp.o
 .note.GNU-stack
                0x0000000000000000        0x0 /tmp/ccKTCt2I.debug.temp.o
 .comment       0x0000000000000000       0x2d /tmp/ccKQzZDJ.debug.temp.o
 .note.GNU-stack
                0x0000000000000000        0x0 /tmp/ccKQzZDJ.debug.temp.o
 .comment       0x0000000000000000       0x2d /tmp/cc7DMRqF.debug.temp.o
 .note.GNU-stack
                0x0000000000000000        0x0 /tmp/cc7DMRqF.debug.temp.o
 .comment       0x0000000000000000       0x2d /tmp/ccmWe8MJ.debug.temp.o
 .note.GNU-stack
                0x0000000000000000        0x0 /tmp/ccmWe8MJ.debug.temp.o
 .comment       0x0000000000000000       0x2d /tmp/cccTXK3I.debug.temp.o
 .note.GNU-stack
                0x0000000000000000        0x0 /tmp/cccTXK3I.debug.temp.o
 .comment       0x0000000000000000       0x2d /tmp/ccC3ZsjG.debug.temp.o
 .note.GNU-stack
                0x0000000000000000        0x0 /tmp/ccC3ZsjG.debug.temp.o
 .comment       0x0000000000000000       0x2d /tmp/ccY0UpGJ.debug.temp.o
 .note.GNU-stack
                0x0000000000000000        0x0 /tmp/ccY0UpGJ.debug.temp.o
 .comment       0x0000000000000000       0x2d /tmp/ccyFmmKF.debug.temp.o
 .note.GNU-stack
                0x0000000000000000        0x0 /tmp/ccyFmmKF.debug.temp.o
 .debug_info    0x0000000000000000      0x27c /tmp/ccOAeGxH.debug.temp.o
 .debug_abbrev  0x0000000000000000       0xcf /tmp/ccOAeGxH.debug.temp.o
 .debug_line    0x0000000000000000      0x183 /tmp/ccOAeGxH.debug.temp.o
 .debug_str     0x0000000000000000      0x5ab /tmp/ccOAeGxH.debug.temp.o
 .comment       0x0000000000000000       0x2d /tmp/ccOAeGxH.debug.temp.o
 .note.GNU-stack
                0x0000000000000000        0x0 /tmp/ccOAeGxH.debug.temp.o
 .debug_info    0x0000000000000000      0x264 /tmp/ccstQMaJ.debug.temp.o
 .debug_abbrev  0x0000000000000000       0xc0 /tmp/ccstQMaJ.debug.temp.o
 .debug_line    0x0000000000000000      0x183 /tmp/ccstQMaJ.debug.temp.o
 .debug_str     0x0000000000000000      0x594 /tmp/ccstQMaJ.debug.temp.o
 .comment       0x0000000000000000       0x2d /tmp/ccstQMaJ.debug.temp.o
 .note.GNU-stack
                0x0000000000000000        0x0 /tmp/ccstQMaJ.debug.temp.o
 .debug_info    0x0000000000000000      0x27c /tmp/cc8uL7NI.debug.temp.o
 .debug_abbrev  0x0000000000000000       0xc0 /tmp/cc8uL7NI.debug.temp.o
 .debug_line    0x0000000000000000      0x181 /tmp/cc8uL7NI.debug.temp.o
 .debug_str     0x0000000000000000      0x59e /tmp/cc8uL7NI.debug.temp.o
 .comment       0x0000000000000000       0x2d /tmp/cc8uL7NI.debug.temp.o
 .note.GNU-stack
                0x0000000000000000        0x0 /tmp/cc8uL7NI.debug.temp.o
 .debug_info    0x0000000000000000      0x270 /tmp/ccXDQP8G.debug.temp.o
 .debug_abbrev  0x0000000000000000       0xc0 /tmp/ccXDQP8G.debug.temp.o
 .debug_line    0x0000000000000000      0x181 /tmp/ccXDQP8G.debug.temp.o
 .debug_str     0x0000000000000000      0x59b /tmp/ccXDQP8G.debug.temp.o
 .comment       0x0000000000000000       0x2d /tmp/ccXDQP8G.debug.temp.o
 .note.GNU-stack
                0x0000000000000000        0x0 /tmp/ccXDQP8G.debug.temp.o
 .comment       0x0000000000000000       0x2d /tmp/ccdpAt5G.debug.temp.o
 .note.GNU-stack
                0x0000000000000000        0x0 /tmp/ccdpAt5G.debug.temp.o
 .comment       0x0000000000000000       0x2d /tmp/ccm1AX5H.debug.temp.o
 .note.GNU-stack
                0x0000000000000000        0x0 /tmp/ccm1AX5H.debug.temp.o
 .comment       0x0000000000000000       0x2d /tmp/ccwjvF6G.debug.temp.o
 .note.GNU-stack
                0x0000000000000000        0x0 /tmp/ccwjvF6G.debug.temp.o
 .comment       0x0000000000000000       0x2d /tmp/ccP1iV1I.debug.temp.o
 .note.GNU-stack
                0x0000000000000000        0x0 /tmp/ccP1iV1I.debug.temp.o
 .comment       0x0000000000000000       0x2d /tmp/ccwWWLnH.debug.temp.o
 .note.GNU-stack
                0x0000000000000000        0x0 /tmp/ccwWWLnH.debug.temp.o
 .comment       0x0000000000000000       0x2d /tmp/ccVRqznJ.debug.temp.o
 .note.GNU-stack
                0x0000000000000000        0x0 /tmp/ccVRqznJ.debug.temp.o
 .comment       0x0000000000000000       0x2d /tmp/ccmUazqI.debug.temp.o
 .note.GNU-stack
                0x0000000000000000        0x0 /tmp/ccmUazqI.debug.temp.o
 .comment       0x0000000000000000       0x2d /tmp/cc1T06dI.debug.temp.o
 .note.GNU-stack
                0x0000000000000000        0x0 /tmp/cc1T06dI.debug.temp.o
 .comment       0x0000000000000000       0x2d /tmp/ccb9JCIF.debug.temp.o
 .note.GNU-stack
                0x0000000000000000        0x0 /tmp/ccb9JCIF.debug.temp.o
 .comment       0x0000000000000000       0x2d /tmp/cclsd9KI.debug.temp.o
 .note.GNU-stack
                0x0000000000000000        0x0 /tmp/cclsd9KI.debug.temp.o
 .comment       0x0000000000000000       0x2d /tmp/ccSd3tDG.debug.temp.o
 .note.GNU-stack
                0x0000000000000000        0x0 /tmp/ccSd3tDG.debug.temp.o
 .comment       0x0000000000000000       0x2d /tmp/ccRe8MAF.debug.temp.o
 .note.GNU-stack
                0x0000000000000000        0x0 /tmp/ccRe8MAF.debug.temp.o
 .comment       0x0000000000000000       0x2d /tmp/cc9WE9EH.debug.temp.o
 .note.GNU-stack
                0x0000000000000000        0x0 /tmp/cc9WE9EH.debug.temp.o
 .comment       0x0000000000000000       0x2d /tmp/ccRvu1NJ.debug.temp.o
 .note.GNU-stack
                0x0000000000000000        0x0 /tmp/ccRvu1NJ.debug.temp.o
 .comment       0x0000000000000000       0x2d /tmp/ccWbY9PG.debug.temp.o
 .note.GNU-stack
                0x0000000000000000        0x0 /tmp/ccWbY9PG.debug.temp.o
 .comment       0x0000000000000000       0x2d /tmp/ccHr8chJ.debug.temp.o
 .note.GNU-stack
                0x0000000000000000        0x0 /tmp/ccHr8chJ.debug.temp.o
 .comment       0x0000000000000000       0x2d /tmp/ccyUqehJ.debug.temp.o
 .note.GNU-stack
                0x0000000000000000        0x0 /tmp/ccyUqehJ.debug.temp.o
 .comment       0x0000000000000000       0x2d /tmp/ccUh4L2G.debug.temp.o
 .note.GNU-stack
                0x0000000000000000        0x0 /tmp/ccUh4L2G.debug.temp.o
 .comment       0x0000000000000000       0x2d /tmp/ccKSzUqF.debug.temp.o
 .note.GNU-stack
                0x0000000000000000        0x0 /tmp/ccKSzUqF.debug.temp.o
 .comment       0x0000000000000000       0x2d /tmp/ccfVgxdI.debug.temp.o
 .note.GNU-stack
                0x0000000000000000        0x0 /tmp/ccfVgxdI.debug.temp.o
 .debug_info    0x0000000000000000      0x940 /tmp/ccFdqbLH.debug.temp.o
 .debug_abbrev  0x0000000000000000      0x108 /tmp/ccFdqbLH.debug.temp.o
 .debug_line    0x0000000000000000      0x180 /tmp/ccFdqbLH.debug.temp.o
 .debug_str     0x0000000000000000      0x787 /tmp/ccFdqbLH.debug.temp.o
 .comment       0x0000000000000000       0x2d /tmp/ccFdqbLH.debug.temp.o
 .note.GNU-stack
                0x0000000000000000        0x0 /tmp/ccFdqbLH.debug.temp.o
 .comment       0x0000000000000000       0x2d /tmp/ccbtkXyF.debug.temp.o
 .note.GNU-stack
                0x0000000000000000        0x0 /tmp/ccbtkXyF.debug.temp.o
 .debug_info    0x0000000000000000      0x26d /tmp/ccawjOFF.debug.temp.o
 .debug_abbrev  0x0000000000000000       0xd5 /tmp/ccawjOFF.debug.temp.o
 .debug_line    0x0000000000000000      0x1a9 /tmp/ccawjOFF.debug.temp.o
 .debug_str     0x0000000000000000      0x4ca /tmp/ccawjOFF.debug.temp.o
 .comment       0x0000000000000000       0x2d /tmp/ccawjOFF.debug.temp.o
 .note.GNU-stack
                0x0000000000000000        0x0 /tmp/ccawjOFF.debug.temp.o
 .debug_info    0x0000000000000000      0x238 /tmp/ccQ2OgQI.debug.temp.o
 .debug_abbrev  0x0000000000000000       0xc0 /tmp/ccQ2OgQI.debug.temp.o
 .debug_line    0x0000000000000000      0x1ab /tmp/ccQ2OgQI.debug.temp.o
 .debug_str     0x0000000000000000      0x4c6 /tmp/ccQ2OgQI.debug.temp.o
 .comment       0x0000000000000000       0x2d /tmp/ccQ2OgQI.debug.temp.o
 .note.GNU-stack
                0x0000000000000000        0x0 /tmp/ccQ2OgQI.debug.temp.o
 .comment       0x0000000000000000       0x2d /tmp/ccjW5mMG.debug.temp.o
 .note.GNU-stack
                0x0000000000000000        0x0 /tmp/ccjW5mMG.debug.temp.o
 .comment       0x0000000000000000       0x2d /tmp/cck4vJNJ.debug.temp.o
 .note.GNU-stack
                0x0000000000000000        0x0 /tmp/cck4vJNJ.debug.temp.o
 .debug_info    0x0000000000000000     0x1e7f /tmp/ccMRTQFJ.debug.temp.o
 .debug_abbrev  0x0000000000000000      0x240 /tmp/ccMRTQFJ.debug.temp.o
 .debug_line    0x0000000000000000      0x3b7 /tmp/ccMRTQFJ.debug.temp.o
 .debug_str     0x0000000000000000     0x1b08 /tmp/ccMRTQFJ.debug.temp.o
 .comment       0x0000000000000000       0x2d /tmp/ccMRTQFJ.debug.temp.o
 .note.GNU-stack
                0x0000000000000000        0x0 /tmp/ccMRTQFJ.debug.temp.o
 .debug_info    0x0000000000000000     0x1baf /tmp/ccIC8AXI.debug.temp.o
 .debug_abbrev  0x0000000000000000      0x1fe /tmp/ccIC8AXI.debug.temp.o
 .debug_line    0x0000000000000000      0x3b5 /tmp/ccIC8AXI.debug.temp.o
 .debug_str     0x0000000000000000     0x193e /tmp/ccIC8AXI.debug.temp.o
 .comment       0x0000000000000000       0x2d /tmp/ccIC8AXI.debug.temp.o
 .note.GNU-stack
                0x0000000000000000        0x0 /tmp/ccIC8AXI.debug.temp.o
 .debug_info    0x0000000000000000     0x3e07 /tmp/cc5vZAfG.debug.temp.o
 .debug_abbrev  0x0000000000000000      0x2ca /tmp/cc5vZAfG.debug.temp.o
 .debug_line    0x0000000000000000      0x42b /tmp/cc5vZAfG.debug.temp.o
 .debug_str     0x0000000000000000     0x2752 /tmp/cc5vZAfG.debug.temp.o
 .comment       0x0000000000000000       0x2d /tmp/cc5vZAfG.debug.temp.o
 .note.GNU-stack
                0x0000000000000000        0x0 /tmp/cc5vZAfG.debug.temp.o
 .debug_info    0x0000000000000000     0x468b /tmp/ccrhUPEJ.debug.temp.o
 .debug_abbrev  0x0000000000000000      0x2b0 /tmp/ccrhUPEJ.debug.temp.o
 .debug_line    0x0000000000000000      0x41f /tmp/ccrhUPEJ.debug.temp.o
 .debug_str     0x0000000000000000     0x3077 /tmp/ccrhUPEJ.debug.temp.o
 .comment       0x0000000000000000       0x2d /tmp/ccrhUPEJ.debug.temp.o
 .note.GNU-stack
                0x0000000000000000        0x0 /tmp/ccrhUPEJ.debug.temp.o
 .debug_info    0x0000000000000000      0x264 /tmp/ccMMtPAF.debug.temp.o
 .debug_abbrev  0x0000000000000000       0xc0 /tmp/ccMMtPAF.debug.temp.o
 .debug_line    0x0000000000000000      0x183 /tmp/ccMMtPAF.debug.temp.o
 .debug_str     0x0000000000000000      0x594 /tmp/ccMMtPAF.debug.temp.o
 .comment       0x0000000000000000       0x2d /tmp/ccMMtPAF.debug.temp.o
 .note.GNU-stack
                0x0000000000000000        0x0 /tmp/ccMMtPAF.debug.temp.o
 .comment       0x0000000000000000       0x2d /tmp/ccl99ufI.debug.temp.o
 .note.GNU-stack
                0x0000000000000000        0x0 /tmp/ccl99ufI.debug.temp.o
 .comment       0x0000000000000000       0x2d /tmp/ccRBFKEG.debug.temp.o
 .note.GNU-stack
                0x0000000000000000        0x0 /tmp/ccRBFKEG.debug.temp.o
 .text          0x0000000000000000        0x8 /home/j0sh1x/Lg_G7_ThinQ_Edk2/edk2_LG_G7_THINQ/workspace/Build/LgG7ThinQPkg/DEBUG_GCC5/AARCH64/MdePkg/Library/BaseLib/BaseLib/OUTPUT/BaseLib.lib(CpuBreakpoint.obj)
 .data          0x0000000000000000        0x0 /home/j0sh1x/Lg_G7_ThinQ_Edk2/edk2_LG_G7_THINQ/workspace/Build/LgG7ThinQPkg/DEBUG_GCC5/AARCH64/MdePkg/Library/BaseLib/BaseLib/OUTPUT/BaseLib.lib(CpuBreakpoint.obj)
 .bss           0x0000000000000000        0x0 /home/j0sh1x/Lg_G7_ThinQ_Edk2/edk2_LG_G7_THINQ/workspace/Build/LgG7ThinQPkg/DEBUG_GCC5/AARCH64/MdePkg/Library/BaseLib/BaseLib/OUTPUT/BaseLib.lib(CpuBreakpoint.obj)
 .data          0x0000000000000000        0x0 /home/j0sh1x/Lg_G7_ThinQ_Edk2/edk2_LG_G7_THINQ/workspace/Build/LgG7ThinQPkg/DEBUG_GCC5/AARCH64/MdePkg/Library/BaseMemoryLibOptDxe/BaseMemoryLibOptDxe/OUTPUT/BaseMemoryLibOptDxe.lib(SetMem.obj)
 .bss           0x0000000000000000        0x0 /home/j0sh1x/Lg_G7_ThinQ_Edk2/edk2_LG_G7_THINQ/workspace/Build/LgG7ThinQPkg/DEBUG_GCC5/AARCH64/MdePkg/Library/BaseMemoryLibOptDxe/BaseMemoryLibOptDxe/OUTPUT/BaseMemoryLibOptDxe.lib(SetMem.obj)
 .data          0x0000000000000000        0x0 /home/j0sh1x/Lg_G7_ThinQ_Edk2/edk2_LG_G7_THINQ/workspace/Build/LgG7ThinQPkg/DEBUG_GCC5/AARCH64/MdePkg/Library/BaseMemoryLibOptDxe/BaseMemoryLibOptDxe/OUTPUT/BaseMemoryLibOptDxe.lib(CopyMem.obj)
 .bss           0x0000000000000000        0x0 /home/j0sh1x/Lg_G7_ThinQ_Edk2/edk2_LG_G7_THINQ/workspace/Build/LgG7ThinQPkg/DEBUG_GCC5/AARCH64/MdePkg/Library/BaseMemoryLibOptDxe/BaseMemoryLibOptDxe/OUTPUT/BaseMemoryLibOptDxe.lib(CopyMem.obj)
 .data          0x0000000000000000        0x0 /home/j0sh1x/Lg_G7_ThinQ_Edk2/edk2_LG_G7_THINQ/workspace/Build/LgG7ThinQPkg/DEBUG_GCC5/AARCH64/MdePkg/Library/BaseMemoryLibOptDxe/BaseMemoryLibOptDxe/OUTPUT/BaseMemoryLibOptDxe.lib(CompareMem.obj)
 .bss           0x0000000000000000        0x0 /home/j0sh1x/Lg_G7_ThinQ_Edk2/edk2_LG_G7_THINQ/workspace/Build/LgG7ThinQPkg/DEBUG_GCC5/AARCH64/MdePkg/Library/BaseMemoryLibOptDxe/BaseMemoryLibOptDxe/OUTPUT/BaseMemoryLibOptDxe.lib(CompareMem.obj)
 .data          0x0000000000000000        0x0 /home/j0sh1x/Lg_G7_ThinQ_Edk2/edk2_LG_G7_THINQ/workspace/Build/LgG7ThinQPkg/DEBUG_GCC5/AARCH64/MdePkg/Library/BaseMemoryLibOptDxe/BaseMemoryLibOptDxe/OUTPUT/BaseMemoryLibOptDxe.lib(CompareGuid.obj)
 .bss           0x0000000000000000        0x0 /home/j0sh1x/Lg_G7_ThinQ_Edk2/edk2_LG_G7_THINQ/workspace/Build/LgG7ThinQPkg/DEBUG_GCC5/AARCH64/MdePkg/Library/BaseMemoryLibOptDxe/BaseMemoryLibOptDxe/OUTPUT/BaseMemoryLibOptDxe.lib(CompareGuid.obj)
 .text          0x0000000000000000        0x0 /home/j0sh1x/Lg_G7_ThinQ_Edk2/edk2_LG_G7_THINQ/workspace/Build/LgG7ThinQPkg/DEBUG_GCC5/AARCH64/ArmPkg/Library/ArmLib/ArmBaseLib/OUTPUT/ArmBaseLib.lib(ArmLibSupport.obj)
 .data          0x0000000000000000        0x0 /home/j0sh1x/Lg_G7_ThinQ_Edk2/edk2_LG_G7_THINQ/workspace/Build/LgG7ThinQPkg/DEBUG_GCC5/AARCH64/ArmPkg/Library/ArmLib/ArmBaseLib/OUTPUT/ArmBaseLib.lib(ArmLibSupport.obj)
 .bss           0x0000000000000000        0x0 /home/j0sh1x/Lg_G7_ThinQ_Edk2/edk2_LG_G7_THINQ/workspace/Build/LgG7ThinQPkg/DEBUG_GCC5/AARCH64/ArmPkg/Library/ArmLib/ArmBaseLib/OUTPUT/ArmBaseLib.lib(ArmLibSupport.obj)
 .text.ArmReadMidr
                0x0000000000000000        0x8 /home/j0sh1x/Lg_G7_ThinQ_Edk2/edk2_LG_G7_THINQ/workspace/Build/LgG7ThinQPkg/DEBUG_GCC5/AARCH64/ArmPkg/Library/ArmLib/ArmBaseLib/OUTPUT/ArmBaseLib.lib(ArmLibSupport.obj)
 .text.ArmGetFiqState
                0x0000000000000000       0x10 /home/j0sh1x/Lg_G7_ThinQ_Edk2/edk2_LG_G7_THINQ/workspace/Build/LgG7ThinQPkg/DEBUG_GCC5/AARCH64/ArmPkg/Library/ArmLib/ArmBaseLib/OUTPUT/ArmBaseLib.lib(ArmLibSupport.obj)
 .text.ArmWriteCpacr
                0x0000000000000000        0x8 /home/j0sh1x/Lg_G7_ThinQ_Edk2/edk2_LG_G7_THINQ/workspace/Build/LgG7ThinQPkg/DEBUG_GCC5/AARCH64/ArmPkg/Library/ArmLib/ArmBaseLib/OUTPUT/ArmBaseLib.lib(ArmLibSupport.obj)
 .text.ArmWriteAuxCr
                0x0000000000000000       0x28 /home/j0sh1x/Lg_G7_ThinQ_Edk2/edk2_LG_G7_THINQ/workspace/Build/LgG7ThinQPkg/DEBUG_GCC5/AARCH64/ArmPkg/Library/ArmLib/ArmBaseLib/OUTPUT/ArmBaseLib.lib(ArmLibSupport.obj)
 .text.ArmReadAuxCr
                0x0000000000000000       0x28 /home/j0sh1x/Lg_G7_ThinQ_Edk2/edk2_LG_G7_THINQ/workspace/Build/LgG7ThinQPkg/DEBUG_GCC5/AARCH64/ArmPkg/Library/ArmLib/ArmBaseLib/OUTPUT/ArmBaseLib.lib(ArmLibSupport.obj)
 .text.ArmSetTTBR0
                0x0000000000000000       0x34 /home/j0sh1x/Lg_G7_ThinQ_Edk2/edk2_LG_G7_THINQ/workspace/Build/LgG7ThinQPkg/DEBUG_GCC5/AARCH64/ArmPkg/Library/ArmLib/ArmBaseLib/OUTPUT/ArmBaseLib.lib(ArmLibSupport.obj)
 .text.ArmGetTTBR0BaseAddress
                0x0000000000000000       0x30 /home/j0sh1x/Lg_G7_ThinQ_Edk2/edk2_LG_G7_THINQ/workspace/Build/LgG7ThinQPkg/DEBUG_GCC5/AARCH64/ArmPkg/Library/ArmLib/ArmBaseLib/OUTPUT/ArmBaseLib.lib(ArmLibSupport.obj)
 .text.ArmGetTCR
                0x0000000000000000       0x34 /home/j0sh1x/Lg_G7_ThinQ_Edk2/edk2_LG_G7_THINQ/workspace/Build/LgG7ThinQPkg/DEBUG_GCC5/AARCH64/ArmPkg/Library/ArmLib/ArmBaseLib/OUTPUT/ArmBaseLib.lib(ArmLibSupport.obj)
 .text.ArmSetTCR
                0x0000000000000000       0x34 /home/j0sh1x/Lg_G7_ThinQ_Edk2/edk2_LG_G7_THINQ/workspace/Build/LgG7ThinQPkg/DEBUG_GCC5/AARCH64/ArmPkg/Library/ArmLib/ArmBaseLib/OUTPUT/ArmBaseLib.lib(ArmLibSupport.obj)
 .text.ArmGetMAIR
                0x0000000000000000       0x34 /home/j0sh1x/Lg_G7_ThinQ_Edk2/edk2_LG_G7_THINQ/workspace/Build/LgG7ThinQPkg/DEBUG_GCC5/AARCH64/ArmPkg/Library/ArmLib/ArmBaseLib/OUTPUT/ArmBaseLib.lib(ArmLibSupport.obj)
 .text.ArmSetMAIR
                0x0000000000000000       0x34 /home/j0sh1x/Lg_G7_ThinQ_Edk2/edk2_LG_G7_THINQ/workspace/Build/LgG7ThinQPkg/DEBUG_GCC5/AARCH64/ArmPkg/Library/ArmLib/ArmBaseLib/OUTPUT/ArmBaseLib.lib(ArmLibSupport.obj)
 .text.ArmUpdateTranslationTableEntry
                0x0000000000000000       0x40 /home/j0sh1x/Lg_G7_ThinQ_Edk2/edk2_LG_G7_THINQ/workspace/Build/LgG7ThinQPkg/DEBUG_GCC5/AARCH64/ArmPkg/Library/ArmLib/ArmBaseLib/OUTPUT/ArmBaseLib.lib(ArmLibSupport.obj)
 .text.ArmInvalidateTlb
                0x0000000000000000       0x38 /home/j0sh1x/Lg_G7_ThinQ_Edk2/edk2_LG_G7_THINQ/workspace/Build/LgG7ThinQPkg/DEBUG_GCC5/AARCH64/ArmPkg/Library/ArmLib/ArmBaseLib/OUTPUT/ArmBaseLib.lib(ArmLibSupport.obj)
 .text.ArmWriteCptr
                0x0000000000000000        0x8 /home/j0sh1x/Lg_G7_ThinQ_Edk2/edk2_LG_G7_THINQ/workspace/Build/LgG7ThinQPkg/DEBUG_GCC5/AARCH64/ArmPkg/Library/ArmLib/ArmBaseLib/OUTPUT/ArmBaseLib.lib(ArmLibSupport.obj)
 .text.ArmWriteScr
                0x0000000000000000        0xc /home/j0sh1x/Lg_G7_ThinQ_Edk2/edk2_LG_G7_THINQ/workspace/Build/LgG7ThinQPkg/DEBUG_GCC5/AARCH64/ArmPkg/Library/ArmLib/ArmBaseLib/OUTPUT/ArmBaseLib.lib(ArmLibSupport.obj)
 .text.ArmWriteMVBar
                0x0000000000000000        0x8 /home/j0sh1x/Lg_G7_ThinQ_Edk2/edk2_LG_G7_THINQ/workspace/Build/LgG7ThinQPkg/DEBUG_GCC5/AARCH64/ArmPkg/Library/ArmLib/ArmBaseLib/OUTPUT/ArmBaseLib.lib(ArmLibSupport.obj)
 .text.ArmCallWFE
                0x0000000000000000        0x8 /home/j0sh1x/Lg_G7_ThinQ_Edk2/edk2_LG_G7_THINQ/workspace/Build/LgG7ThinQPkg/DEBUG_GCC5/AARCH64/ArmPkg/Library/ArmLib/ArmBaseLib/OUTPUT/ArmBaseLib.lib(ArmLibSupport.obj)
 .text.ArmCallSEV
                0x0000000000000000        0x8 /home/j0sh1x/Lg_G7_ThinQ_Edk2/edk2_LG_G7_THINQ/workspace/Build/LgG7ThinQPkg/DEBUG_GCC5/AARCH64/ArmPkg/Library/ArmLib/ArmBaseLib/OUTPUT/ArmBaseLib.lib(ArmLibSupport.obj)
 .text.ArmReadCpuActlr
                0x0000000000000000        0x8 /home/j0sh1x/Lg_G7_ThinQ_Edk2/edk2_LG_G7_THINQ/workspace/Build/LgG7ThinQPkg/DEBUG_GCC5/AARCH64/ArmPkg/Library/ArmLib/ArmBaseLib/OUTPUT/ArmBaseLib.lib(ArmLibSupport.obj)
 .text.ArmWriteCpuActlr
                0x0000000000000000       0x10 /home/j0sh1x/Lg_G7_ThinQ_Edk2/edk2_LG_G7_THINQ/workspace/Build/LgG7ThinQPkg/DEBUG_GCC5/AARCH64/ArmPkg/Library/ArmLib/ArmBaseLib/OUTPUT/ArmBaseLib.lib(ArmLibSupport.obj)
 .text.ArmReadSctlr
                0x0000000000000000       0x30 /home/j0sh1x/Lg_G7_ThinQ_Edk2/edk2_LG_G7_THINQ/workspace/Build/LgG7ThinQPkg/DEBUG_GCC5/AARCH64/ArmPkg/Library/ArmLib/ArmBaseLib/OUTPUT/ArmBaseLib.lib(ArmLibSupport.obj)
 .text.ArmWriteSctlr
                0x0000000000000000       0x30 /home/j0sh1x/Lg_G7_ThinQ_Edk2/edk2_LG_G7_THINQ/workspace/Build/LgG7ThinQPkg/DEBUG_GCC5/AARCH64/ArmPkg/Library/ArmLib/ArmBaseLib/OUTPUT/ArmBaseLib.lib(ArmLibSupport.obj)
 .text.ArmGetPhysicalAddressBits
                0x0000000000000000       0x24 /home/j0sh1x/Lg_G7_ThinQ_Edk2/edk2_LG_G7_THINQ/workspace/Build/LgG7ThinQPkg/DEBUG_GCC5/AARCH64/ArmPkg/Library/ArmLib/ArmBaseLib/OUTPUT/ArmBaseLib.lib(ArmLibSupport.obj)
 .text          0x0000000000000000        0x0 /home/j0sh1x/Lg_G7_ThinQ_Edk2/edk2_LG_G7_THINQ/workspace/Build/LgG7ThinQPkg/DEBUG_GCC5/AARCH64/ArmPkg/Library/ArmLib/ArmBaseLib/OUTPUT/ArmBaseLib.lib(ArmLibSupportV8.obj)
 .data          0x0000000000000000        0x0 /home/j0sh1x/Lg_G7_ThinQ_Edk2/edk2_LG_G7_THINQ/workspace/Build/LgG7ThinQPkg/DEBUG_GCC5/AARCH64/ArmPkg/Library/ArmLib/ArmBaseLib/OUTPUT/ArmBaseLib.lib(ArmLibSupportV8.obj)
 .bss           0x0000000000000000        0x0 /home/j0sh1x/Lg_G7_ThinQ_Edk2/edk2_LG_G7_THINQ/workspace/Build/LgG7ThinQPkg/DEBUG_GCC5/AARCH64/ArmPkg/Library/ArmLib/ArmBaseLib/OUTPUT/ArmBaseLib.lib(ArmLibSupportV8.obj)
 .text.ArmIsMpCore
                0x0000000000000000       0x14 /home/j0sh1x/Lg_G7_ThinQ_Edk2/edk2_LG_G7_THINQ/workspace/Build/LgG7ThinQPkg/DEBUG_GCC5/AARCH64/ArmPkg/Library/ArmLib/ArmBaseLib/OUTPUT/ArmBaseLib.lib(ArmLibSupportV8.obj)
 .text.ArmEnableAsynchronousAbort
                0x0000000000000000        0xc /home/j0sh1x/Lg_G7_ThinQ_Edk2/edk2_LG_G7_THINQ/workspace/Build/LgG7ThinQPkg/DEBUG_GCC5/AARCH64/ArmPkg/Library/ArmLib/ArmBaseLib/OUTPUT/ArmBaseLib.lib(ArmLibSupportV8.obj)
 .text.ArmDisableAsynchronousAbort
                0x0000000000000000        0xc /home/j0sh1x/Lg_G7_ThinQ_Edk2/edk2_LG_G7_THINQ/workspace/Build/LgG7ThinQPkg/DEBUG_GCC5/AARCH64/ArmPkg/Library/ArmLib/ArmBaseLib/OUTPUT/ArmBaseLib.lib(ArmLibSupportV8.obj)
 .text.ArmEnableIrq
                0x0000000000000000        0xc /home/j0sh1x/Lg_G7_ThinQ_Edk2/edk2_LG_G7_THINQ/workspace/Build/LgG7ThinQPkg/DEBUG_GCC5/AARCH64/ArmPkg/Library/ArmLib/ArmBaseLib/OUTPUT/ArmBaseLib.lib(ArmLibSupportV8.obj)
 .text.ArmDisableIrq
                0x0000000000000000        0xc /home/j0sh1x/Lg_G7_ThinQ_Edk2/edk2_LG_G7_THINQ/workspace/Build/LgG7ThinQPkg/DEBUG_GCC5/AARCH64/ArmPkg/Library/ArmLib/ArmBaseLib/OUTPUT/ArmBaseLib.lib(ArmLibSupportV8.obj)
 .text.ArmEnableFiq
                0x0000000000000000        0xc /home/j0sh1x/Lg_G7_ThinQ_Edk2/edk2_LG_G7_THINQ/workspace/Build/LgG7ThinQPkg/DEBUG_GCC5/AARCH64/ArmPkg/Library/ArmLib/ArmBaseLib/OUTPUT/ArmBaseLib.lib(ArmLibSupportV8.obj)
 .text.ArmDisableFiq
                0x0000000000000000        0xc /home/j0sh1x/Lg_G7_ThinQ_Edk2/edk2_LG_G7_THINQ/workspace/Build/LgG7ThinQPkg/DEBUG_GCC5/AARCH64/ArmPkg/Library/ArmLib/ArmBaseLib/OUTPUT/ArmBaseLib.lib(ArmLibSupportV8.obj)
 .text.ArmDisableAllExceptions
                0x0000000000000000        0xc /home/j0sh1x/Lg_G7_ThinQ_Edk2/edk2_LG_G7_THINQ/workspace/Build/LgG7ThinQPkg/DEBUG_GCC5/AARCH64/ArmPkg/Library/ArmLib/ArmBaseLib/OUTPUT/ArmBaseLib.lib(ArmLibSupportV8.obj)
 .text.ReadCCSIDR
                0x0000000000000000       0x10 /home/j0sh1x/Lg_G7_ThinQ_Edk2/edk2_LG_G7_THINQ/workspace/Build/LgG7ThinQPkg/DEBUG_GCC5/AARCH64/ArmPkg/Library/ArmLib/ArmBaseLib/OUTPUT/ArmBaseLib.lib(ArmLibSupportV8.obj)
 .text.ReadCLIDR
                0x0000000000000000        0x8 /home/j0sh1x/Lg_G7_ThinQ_Edk2/edk2_LG_G7_THINQ/workspace/Build/LgG7ThinQPkg/DEBUG_GCC5/AARCH64/ArmPkg/Library/ArmLib/ArmBaseLib/OUTPUT/ArmBaseLib.lib(ArmLibSupportV8.obj)
 .text          0x0000000000000000        0x0 /home/j0sh1x/Lg_G7_ThinQ_Edk2/edk2_LG_G7_THINQ/workspace/Build/LgG7ThinQPkg/DEBUG_GCC5/AARCH64/ArmPkg/Library/ArmLib/ArmBaseLib/OUTPUT/ArmBaseLib.lib(AArch64Support.obj)
 .data          0x0000000000000000        0x0 /home/j0sh1x/Lg_G7_ThinQ_Edk2/edk2_LG_G7_THINQ/workspace/Build/LgG7ThinQPkg/DEBUG_GCC5/AARCH64/ArmPkg/Library/ArmLib/ArmBaseLib/OUTPUT/ArmBaseLib.lib(AArch64Support.obj)
 .bss           0x0000000000000000        0x0 /home/j0sh1x/Lg_G7_ThinQ_Edk2/edk2_LG_G7_THINQ/workspace/Build/LgG7ThinQPkg/DEBUG_GCC5/AARCH64/ArmPkg/Library/ArmLib/ArmBaseLib/OUTPUT/ArmBaseLib.lib(AArch64Support.obj)
 .text.ArmInvalidateDataCacheEntryByMVA
                0x0000000000000000        0x8 /home/j0sh1x/Lg_G7_ThinQ_Edk2/edk2_LG_G7_THINQ/workspace/Build/LgG7ThinQPkg/DEBUG_GCC5/AARCH64/ArmPkg/Library/ArmLib/ArmBaseLib/OUTPUT/ArmBaseLib.lib(AArch64Support.obj)
 .text.ArmCleanDataCacheEntryByMVA
                0x0000000000000000        0x8 /home/j0sh1x/Lg_G7_ThinQ_Edk2/edk2_LG_G7_THINQ/workspace/Build/LgG7ThinQPkg/DEBUG_GCC5/AARCH64/ArmPkg/Library/ArmLib/ArmBaseLib/OUTPUT/ArmBaseLib.lib(AArch64Support.obj)
 .text.ArmCleanDataCacheEntryToPoUByMVA
                0x0000000000000000        0x8 /home/j0sh1x/Lg_G7_ThinQ_Edk2/edk2_LG_G7_THINQ/workspace/Build/LgG7ThinQPkg/DEBUG_GCC5/AARCH64/ArmPkg/Library/ArmLib/ArmBaseLib/OUTPUT/ArmBaseLib.lib(AArch64Support.obj)
 .text.ArmInvalidateInstructionCacheEntryToPoUByMVA
                0x0000000000000000        0x8 /home/j0sh1x/Lg_G7_ThinQ_Edk2/edk2_LG_G7_THINQ/workspace/Build/LgG7ThinQPkg/DEBUG_GCC5/AARCH64/ArmPkg/Library/ArmLib/ArmBaseLib/OUTPUT/ArmBaseLib.lib(AArch64Support.obj)
 .text.ArmInvalidateDataCacheEntryBySetWay
                0x0000000000000000        0x8 /home/j0sh1x/Lg_G7_ThinQ_Edk2/edk2_LG_G7_THINQ/workspace/Build/LgG7ThinQPkg/DEBUG_GCC5/AARCH64/ArmPkg/Library/ArmLib/ArmBaseLib/OUTPUT/ArmBaseLib.lib(AArch64Support.obj)
 .text.ArmCleanInvalidateDataCacheEntryBySetWay
                0x0000000000000000        0x8 /home/j0sh1x/Lg_G7_ThinQ_Edk2/edk2_LG_G7_THINQ/workspace/Build/LgG7ThinQPkg/DEBUG_GCC5/AARCH64/ArmPkg/Library/ArmLib/ArmBaseLib/OUTPUT/ArmBaseLib.lib(AArch64Support.obj)
 .text.ArmCleanDataCacheEntryBySetWay
                0x0000000000000000        0x8 /home/j0sh1x/Lg_G7_ThinQ_Edk2/edk2_LG_G7_THINQ/workspace/Build/LgG7ThinQPkg/DEBUG_GCC5/AARCH64/ArmPkg/Library/ArmLib/ArmBaseLib/OUTPUT/ArmBaseLib.lib(AArch64Support.obj)
 .text.ArmInvalidateInstructionCache
                0x0000000000000000       0x10 /home/j0sh1x/Lg_G7_ThinQ_Edk2/edk2_LG_G7_THINQ/workspace/Build/LgG7ThinQPkg/DEBUG_GCC5/AARCH64/ArmPkg/Library/ArmLib/ArmBaseLib/OUTPUT/ArmBaseLib.lib(AArch64Support.obj)
 .text.ArmEnableMmu
                0x0000000000000000       0x88 /home/j0sh1x/Lg_G7_ThinQ_Edk2/edk2_LG_G7_THINQ/workspace/Build/LgG7ThinQPkg/DEBUG_GCC5/AARCH64/ArmPkg/Library/ArmLib/ArmBaseLib/OUTPUT/ArmBaseLib.lib(AArch64Support.obj)
 .text.ArmDisableMmu
                0x0000000000000000       0x74 /home/j0sh1x/Lg_G7_ThinQ_Edk2/edk2_LG_G7_THINQ/workspace/Build/LgG7ThinQPkg/DEBUG_GCC5/AARCH64/ArmPkg/Library/ArmLib/ArmBaseLib/OUTPUT/ArmBaseLib.lib(AArch64Support.obj)
 .text.ArmDisableCachesAndMmu
                0x0000000000000000       0x6c /home/j0sh1x/Lg_G7_ThinQ_Edk2/edk2_LG_G7_THINQ/workspace/Build/LgG7ThinQPkg/DEBUG_GCC5/AARCH64/ArmPkg/Library/ArmLib/ArmBaseLib/OUTPUT/ArmBaseLib.lib(AArch64Support.obj)
 .text.ArmMmuEnabled
                0x0000000000000000       0x34 /home/j0sh1x/Lg_G7_ThinQ_Edk2/edk2_LG_G7_THINQ/workspace/Build/LgG7ThinQPkg/DEBUG_GCC5/AARCH64/ArmPkg/Library/ArmLib/ArmBaseLib/OUTPUT/ArmBaseLib.lib(AArch64Support.obj)
 .text.ArmEnableDataCache
                0x0000000000000000       0x68 /home/j0sh1x/Lg_G7_ThinQ_Edk2/edk2_LG_G7_THINQ/workspace/Build/LgG7ThinQPkg/DEBUG_GCC5/AARCH64/ArmPkg/Library/ArmLib/ArmBaseLib/OUTPUT/ArmBaseLib.lib(AArch64Support.obj)
 .text.ArmDisableDataCache
                0x0000000000000000       0x68 /home/j0sh1x/Lg_G7_ThinQ_Edk2/edk2_LG_G7_THINQ/workspace/Build/LgG7ThinQPkg/DEBUG_GCC5/AARCH64/ArmPkg/Library/ArmLib/ArmBaseLib/OUTPUT/ArmBaseLib.lib(AArch64Support.obj)
 .text.ArmEnableInstructionCache
                0x0000000000000000       0x68 /home/j0sh1x/Lg_G7_ThinQ_Edk2/edk2_LG_G7_THINQ/workspace/Build/LgG7ThinQPkg/DEBUG_GCC5/AARCH64/ArmPkg/Library/ArmLib/ArmBaseLib/OUTPUT/ArmBaseLib.lib(AArch64Support.obj)
 .text.ArmDisableInstructionCache
                0x0000000000000000       0x68 /home/j0sh1x/Lg_G7_ThinQ_Edk2/edk2_LG_G7_THINQ/workspace/Build/LgG7ThinQPkg/DEBUG_GCC5/AARCH64/ArmPkg/Library/ArmLib/ArmBaseLib/OUTPUT/ArmBaseLib.lib(AArch64Support.obj)
 .text.ArmEnableAlignmentCheck
                0x0000000000000000       0x58 /home/j0sh1x/Lg_G7_ThinQ_Edk2/edk2_LG_G7_THINQ/workspace/Build/LgG7ThinQPkg/DEBUG_GCC5/AARCH64/ArmPkg/Library/ArmLib/ArmBaseLib/OUTPUT/ArmBaseLib.lib(AArch64Support.obj)
 .text.ArmDisableAlignmentCheck
                0x0000000000000000       0x68 /home/j0sh1x/Lg_G7_ThinQ_Edk2/edk2_LG_G7_THINQ/workspace/Build/LgG7ThinQPkg/DEBUG_GCC5/AARCH64/ArmPkg/Library/ArmLib/ArmBaseLib/OUTPUT/ArmBaseLib.lib(AArch64Support.obj)
 .text.ArmEnableStackAlignmentCheck
                0x0000000000000000       0x58 /home/j0sh1x/Lg_G7_ThinQ_Edk2/edk2_LG_G7_THINQ/workspace/Build/LgG7ThinQPkg/DEBUG_GCC5/AARCH64/ArmPkg/Library/ArmLib/ArmBaseLib/OUTPUT/ArmBaseLib.lib(AArch64Support.obj)
 .text.ArmDisableStackAlignmentCheck
                0x0000000000000000       0x68 /home/j0sh1x/Lg_G7_ThinQ_Edk2/edk2_LG_G7_THINQ/workspace/Build/LgG7ThinQPkg/DEBUG_GCC5/AARCH64/ArmPkg/Library/ArmLib/ArmBaseLib/OUTPUT/ArmBaseLib.lib(AArch64Support.obj)
 .text.ArmEnableBranchPrediction
                0x0000000000000000        0x4 /home/j0sh1x/Lg_G7_ThinQ_Edk2/edk2_LG_G7_THINQ/workspace/Build/LgG7ThinQPkg/DEBUG_GCC5/AARCH64/ArmPkg/Library/ArmLib/ArmBaseLib/OUTPUT/ArmBaseLib.lib(AArch64Support.obj)
 .text.ArmDisableBranchPrediction
                0x0000000000000000        0x4 /home/j0sh1x/Lg_G7_ThinQ_Edk2/edk2_LG_G7_THINQ/workspace/Build/LgG7ThinQPkg/DEBUG_GCC5/AARCH64/ArmPkg/Library/ArmLib/ArmBaseLib/OUTPUT/ArmBaseLib.lib(AArch64Support.obj)
 .text.AArch64AllDataCachesOperation
                0x0000000000000000       0xa8 /home/j0sh1x/Lg_G7_ThinQ_Edk2/edk2_LG_G7_THINQ/workspace/Build/LgG7ThinQPkg/DEBUG_GCC5/AARCH64/ArmPkg/Library/ArmLib/ArmBaseLib/OUTPUT/ArmBaseLib.lib(AArch64Support.obj)
 .text.ArmDataMemoryBarrier
                0x0000000000000000        0x8 /home/j0sh1x/Lg_G7_ThinQ_Edk2/edk2_LG_G7_THINQ/workspace/Build/LgG7ThinQPkg/DEBUG_GCC5/AARCH64/ArmPkg/Library/ArmLib/ArmBaseLib/OUTPUT/ArmBaseLib.lib(AArch64Support.obj)
 .text.ArmInstructionSynchronizationBarrier
                0x0000000000000000        0x8 /home/j0sh1x/Lg_G7_ThinQ_Edk2/edk2_LG_G7_THINQ/workspace/Build/LgG7ThinQPkg/DEBUG_GCC5/AARCH64/ArmPkg/Library/ArmLib/ArmBaseLib/OUTPUT/ArmBaseLib.lib(AArch64Support.obj)
 .text.ArmWriteVBar
                0x0000000000000000       0x34 /home/j0sh1x/Lg_G7_ThinQ_Edk2/edk2_LG_G7_THINQ/workspace/Build/LgG7ThinQPkg/DEBUG_GCC5/AARCH64/ArmPkg/Library/ArmLib/ArmBaseLib/OUTPUT/ArmBaseLib.lib(AArch64Support.obj)
 .text.ArmReadVBar
                0x0000000000000000       0x30 /home/j0sh1x/Lg_G7_ThinQ_Edk2/edk2_LG_G7_THINQ/workspace/Build/LgG7ThinQPkg/DEBUG_GCC5/AARCH64/ArmPkg/Library/ArmLib/ArmBaseLib/OUTPUT/ArmBaseLib.lib(AArch64Support.obj)
 .text.ArmEnableVFP
                0x0000000000000000       0x64 /home/j0sh1x/Lg_G7_ThinQ_Edk2/edk2_LG_G7_THINQ/workspace/Build/LgG7ThinQPkg/DEBUG_GCC5/AARCH64/ArmPkg/Library/ArmLib/ArmBaseLib/OUTPUT/ArmBaseLib.lib(AArch64Support.obj)
 .text.ArmCallWFI
                0x0000000000000000        0x8 /home/j0sh1x/Lg_G7_ThinQ_Edk2/edk2_LG_G7_THINQ/workspace/Build/LgG7ThinQPkg/DEBUG_GCC5/AARCH64/ArmPkg/Library/ArmLib/ArmBaseLib/OUTPUT/ArmBaseLib.lib(AArch64Support.obj)
 .text.ArmReadMpidr
                0x0000000000000000        0x8 /home/j0sh1x/Lg_G7_ThinQ_Edk2/edk2_LG_G7_THINQ/workspace/Build/LgG7ThinQPkg/DEBUG_GCC5/AARCH64/ArmPkg/Library/ArmLib/ArmBaseLib/OUTPUT/ArmBaseLib.lib(AArch64Support.obj)
 .text.ArmReadTpidrurw
                0x0000000000000000        0x8 /home/j0sh1x/Lg_G7_ThinQ_Edk2/edk2_LG_G7_THINQ/workspace/Build/LgG7ThinQPkg/DEBUG_GCC5/AARCH64/ArmPkg/Library/ArmLib/ArmBaseLib/OUTPUT/ArmBaseLib.lib(AArch64Support.obj)
 .text.ArmWriteTpidrurw
                0x0000000000000000        0x8 /home/j0sh1x/Lg_G7_ThinQ_Edk2/edk2_LG_G7_THINQ/workspace/Build/LgG7ThinQPkg/DEBUG_GCC5/AARCH64/ArmPkg/Library/ArmLib/ArmBaseLib/OUTPUT/ArmBaseLib.lib(AArch64Support.obj)
 .text.ArmIsArchTimerImplemented
                0x0000000000000000        0x8 /home/j0sh1x/Lg_G7_ThinQ_Edk2/edk2_LG_G7_THINQ/workspace/Build/LgG7ThinQPkg/DEBUG_GCC5/AARCH64/ArmPkg/Library/ArmLib/ArmBaseLib/OUTPUT/ArmBaseLib.lib(AArch64Support.obj)
 .text.ArmReadIdPfr0
                0x0000000000000000        0x8 /home/j0sh1x/Lg_G7_ThinQ_Edk2/edk2_LG_G7_THINQ/workspace/Build/LgG7ThinQPkg/DEBUG_GCC5/AARCH64/ArmPkg/Library/ArmLib/ArmBaseLib/OUTPUT/ArmBaseLib.lib(AArch64Support.obj)
 .text.ArmReadIdPfr1
                0x0000000000000000        0x8 /home/j0sh1x/Lg_G7_ThinQ_Edk2/edk2_LG_G7_THINQ/workspace/Build/LgG7ThinQPkg/DEBUG_GCC5/AARCH64/ArmPkg/Library/ArmLib/ArmBaseLib/OUTPUT/ArmBaseLib.lib(AArch64Support.obj)
 .text.ArmWriteHcr
                0x0000000000000000        0x8 /home/j0sh1x/Lg_G7_ThinQ_Edk2/edk2_LG_G7_THINQ/workspace/Build/LgG7ThinQPkg/DEBUG_GCC5/AARCH64/ArmPkg/Library/ArmLib/ArmBaseLib/OUTPUT/ArmBaseLib.lib(AArch64Support.obj)
 .text.ArmReadHcr
                0x0000000000000000        0x8 /home/j0sh1x/Lg_G7_ThinQ_Edk2/edk2_LG_G7_THINQ/workspace/Build/LgG7ThinQPkg/DEBUG_GCC5/AARCH64/ArmPkg/Library/ArmLib/ArmBaseLib/OUTPUT/ArmBaseLib.lib(AArch64Support.obj)
 .text.ArmReadCurrentEL
                0x0000000000000000        0x8 /home/j0sh1x/Lg_G7_ThinQ_Edk2/edk2_LG_G7_THINQ/workspace/Build/LgG7ThinQPkg/DEBUG_GCC5/AARCH64/ArmPkg/Library/ArmLib/ArmBaseLib/OUTPUT/ArmBaseLib.lib(AArch64Support.obj)
 .text.ArmReadCntHctl
                0x0000000000000000        0x8 /home/j0sh1x/Lg_G7_ThinQ_Edk2/edk2_LG_G7_THINQ/workspace/Build/LgG7ThinQPkg/DEBUG_GCC5/AARCH64/ArmPkg/Library/ArmLib/ArmBaseLib/OUTPUT/ArmBaseLib.lib(AArch64Support.obj)
 .text.ArmWriteCntHctl
                0x0000000000000000        0x8 /home/j0sh1x/Lg_G7_ThinQ_Edk2/edk2_LG_G7_THINQ/workspace/Build/LgG7ThinQPkg/DEBUG_GCC5/AARCH64/ArmPkg/Library/ArmLib/ArmBaseLib/OUTPUT/ArmBaseLib.lib(AArch64Support.obj)

Speicherkonfiguration

Name             Ursprung           Länge             Attribute
*default*        0x0000000000000000 0xffffffffffffffff

Linker script and memory map

LOAD /home/j0sh1x/Lg_G7_ThinQ_Edk2/edk2/ArmPkg/Library/GccLto/liblto-aarch64.a
START GROUP
LOAD /tmp/DisplayEngine.dll.j7PVhG.ltrans0.ltrans.o
LOAD /tmp/DisplayEngine.dll.j7PVhG.ltrans1.ltrans.o
LOAD /tmp/ccwSrBwG.debug.temp.o
LOAD /tmp/ccz6ProI.debug.temp.o
LOAD /tmp/ccOKBVcF.debug.temp.o
LOAD /tmp/ccZZKFkH.debug.temp.o
LOAD /tmp/ccRwtZhG.debug.temp.o
LOAD /tmp/ccINTYpG.debug.temp.o
LOAD /tmp/ccowIChF.debug.temp.o
LOAD /tmp/ccJKJ0iI.debug.temp.o
LOAD /tmp/ccKTCt2I.debug.temp.o
LOAD /tmp/ccKQzZDJ.debug.temp.o
LOAD /tmp/cc7DMRqF.debug.temp.o
LOAD /tmp/ccmWe8MJ.debug.temp.o
LOAD /tmp/cccTXK3I.debug.temp.o
LOAD /tmp/ccC3ZsjG.debug.temp.o
LOAD /tmp/ccY0UpGJ.debug.temp.o
LOAD /tmp/ccyFmmKF.debug.temp.o
LOAD /tmp/ccOAeGxH.debug.temp.o
LOAD /tmp/ccstQMaJ.debug.temp.o
LOAD /tmp/cc8uL7NI.debug.temp.o
LOAD /tmp/ccXDQP8G.debug.temp.o
LOAD /tmp/ccdpAt5G.debug.temp.o
LOAD /tmp/ccm1AX5H.debug.temp.o
LOAD /tmp/ccwjvF6G.debug.temp.o
LOAD /tmp/ccP1iV1I.debug.temp.o
LOAD /tmp/ccwWWLnH.debug.temp.o
LOAD /tmp/ccVRqznJ.debug.temp.o
LOAD /tmp/ccmUazqI.debug.temp.o
LOAD /tmp/cc1T06dI.debug.temp.o
LOAD /tmp/ccb9JCIF.debug.temp.o
LOAD /tmp/cclsd9KI.debug.temp.o
LOAD /tmp/ccSd3tDG.debug.temp.o
LOAD /tmp/ccRe8MAF.debug.temp.o
LOAD /tmp/cc9WE9EH.debug.temp.o
LOAD /tmp/ccRvu1NJ.debug.temp.o
LOAD /tmp/ccWbY9PG.debug.temp.o
LOAD /tmp/ccHr8chJ.debug.temp.o
LOAD /tmp/ccyUqehJ.debug.temp.o
LOAD /tmp/ccUh4L2G.debug.temp.o
LOAD /tmp/ccKSzUqF.debug.temp.o
LOAD /tmp/ccfVgxdI.debug.temp.o
LOAD /tmp/ccFdqbLH.debug.temp.o
LOAD /tmp/ccbtkXyF.debug.temp.o
LOAD /tmp/ccawjOFF.debug.temp.o
LOAD /tmp/ccQ2OgQI.debug.temp.o
LOAD /tmp/ccjW5mMG.debug.temp.o
LOAD /tmp/cck4vJNJ.debug.temp.o
LOAD /tmp/ccMRTQFJ.debug.temp.o
LOAD /tmp/ccIC8AXI.debug.temp.o
LOAD /tmp/cc5vZAfG.debug.temp.o
LOAD /tmp/ccrhUPEJ.debug.temp.o
LOAD /tmp/ccMMtPAF.debug.temp.o
LOAD /tmp/ccl99ufI.debug.temp.o
LOAD /tmp/ccRBFKEG.debug.temp.o
LOAD /home/j0sh1x/Lg_G7_ThinQ_Edk2/edk2_LG_G7_THINQ/workspace/Build/LgG7ThinQPkg/DEBUG_GCC5/AARCH64/MdePkg/Library/DxePcdLib/DxePcdLib/OUTPUT/DxePcdLib.lib
LOAD /home/j0sh1x/Lg_G7_ThinQ_Edk2/edk2_LG_G7_THINQ/workspace/Build/LgG7ThinQPkg/DEBUG_GCC5/AARCH64/MdePkg/Library/BaseLib/BaseLib/OUTPUT/BaseLib.lib
LOAD /home/j0sh1x/Lg_G7_ThinQ_Edk2/edk2_LG_G7_THINQ/workspace/Build/LgG7ThinQPkg/DEBUG_GCC5/AARCH64/MdePkg/Library/BaseMemoryLibOptDxe/BaseMemoryLibOptDxe/OUTPUT/BaseMemoryLibOptDxe.lib
LOAD /home/j0sh1x/Lg_G7_ThinQ_Edk2/edk2_LG_G7_THINQ/workspace/Build/LgG7ThinQPkg/DEBUG_GCC5/AARCH64/ArmPkg/Library/ArmLib/ArmBaseLib/OUTPUT/ArmBaseLib.lib
LOAD /home/j0sh1x/Lg_G7_ThinQ_Edk2/edk2_LG_G7_THINQ/workspace/Build/LgG7ThinQPkg/DEBUG_GCC5/AARCH64/ArmPkg/Library/ArmCacheMaintenanceLib/ArmCacheMaintenanceLib/OUTPUT/ArmCacheMaintenanceLib.lib
LOAD /home/j0sh1x/Lg_G7_ThinQ_Edk2/edk2_LG_G7_THINQ/workspace/Build/LgG7ThinQPkg/DEBUG_GCC5/AARCH64/MdePkg/Library/BaseIoLibIntrinsic/BaseIoLibIntrinsic/OUTPUT/BaseIoLibIntrinsic.lib
LOAD /home/j0sh1x/Lg_G7_ThinQ_Edk2/edk2_LG_G7_THINQ/workspace/Build/LgG7ThinQPkg/DEBUG_GCC5/AARCH64/ArmPkg/Library/CompilerIntrinsicsLib/CompilerIntrinsicsLib/OUTPUT/CompilerIntrinsicsLib.lib
LOAD /home/j0sh1x/Lg_G7_ThinQ_Edk2/edk2_LG_G7_THINQ/workspace/Build/LgG7ThinQPkg/DEBUG_GCC5/AARCH64/MdePkg/Library/BaseDebugPrintErrorLevelLib/BaseDebugPrintErrorLevelLib/OUTPUT/BaseDebugPrintErrorLevelLib.lib
LOAD /home/j0sh1x/Lg_G7_ThinQ_Edk2/edk2_LG_G7_THINQ/workspace/Build/LgG7ThinQPkg/DEBUG_GCC5/AARCH64/LgG7ThinQPkg/Library/FrameBufferSerialPortLib/FrameBufferSerialPortLib/OUTPUT/FrameBufferSerialPortLib.lib
LOAD /home/j0sh1x/Lg_G7_ThinQ_Edk2/edk2_LG_G7_THINQ/workspace/Build/LgG7ThinQPkg/DEBUG_GCC5/AARCH64/MdePkg/Library/BasePrintLib/BasePrintLib/OUTPUT/BasePrintLib.lib
LOAD /home/j0sh1x/Lg_G7_ThinQ_Edk2/edk2_LG_G7_THINQ/workspace/Build/LgG7ThinQPkg/DEBUG_GCC5/AARCH64/MdePkg/Library/BaseDebugLibSerialPort/BaseDebugLibSerialPort/OUTPUT/BaseDebugLibSerialPort.lib
LOAD /home/j0sh1x/Lg_G7_ThinQ_Edk2/edk2_LG_G7_THINQ/workspace/Build/LgG7ThinQPkg/DEBUG_GCC5/AARCH64/MdePkg/Library/UefiBootServicesTableLib/UefiBootServicesTableLib/OUTPUT/UefiBootServicesTableLib.lib
LOAD /home/j0sh1x/Lg_G7_ThinQ_Edk2/edk2_LG_G7_THINQ/workspace/Build/LgG7ThinQPkg/DEBUG_GCC5/AARCH64/MdePkg/Library/UefiMemoryAllocationLib/UefiMemoryAllocationLib/OUTPUT/UefiMemoryAllocationLib.lib
LOAD /home/j0sh1x/Lg_G7_ThinQ_Edk2/edk2_LG_G7_THINQ/workspace/Build/LgG7ThinQPkg/DEBUG_GCC5/AARCH64/MdePkg/Library/UefiDevicePathLib/UefiDevicePathLib/OUTPUT/UefiDevicePathLib.lib
LOAD /home/j0sh1x/Lg_G7_ThinQ_Edk2/edk2_LG_G7_THINQ/workspace/Build/LgG7ThinQPkg/DEBUG_GCC5/AARCH64/MdePkg/Library/UefiRuntimeServicesTableLib/UefiRuntimeServicesTableLib/OUTPUT/UefiRuntimeServicesTableLib.lib
LOAD /home/j0sh1x/Lg_G7_ThinQ_Edk2/edk2_LG_G7_THINQ/workspace/Build/LgG7ThinQPkg/DEBUG_GCC5/AARCH64/MdePkg/Library/UefiLib/UefiLib/OUTPUT/UefiLib.lib
LOAD /home/j0sh1x/Lg_G7_ThinQ_Edk2/edk2_LG_G7_THINQ/workspace/Build/LgG7ThinQPkg/DEBUG_GCC5/AARCH64/MdePkg/Library/DxeHobLib/DxeHobLib/OUTPUT/DxeHobLib.lib
LOAD /home/j0sh1x/Lg_G7_ThinQ_Edk2/edk2_LG_G7_THINQ/workspace/Build/LgG7ThinQPkg/DEBUG_GCC5/AARCH64/MdeModulePkg/Library/UefiHiiServicesLib/UefiHiiServicesLib/OUTPUT/UefiHiiServicesLib.lib
LOAD /home/j0sh1x/Lg_G7_ThinQ_Edk2/edk2_LG_G7_THINQ/workspace/Build/LgG7ThinQPkg/DEBUG_GCC5/AARCH64/MdeModulePkg/Library/UefiHiiLib/UefiHiiLib/OUTPUT/UefiHiiLib.lib
LOAD /home/j0sh1x/Lg_G7_ThinQ_Edk2/edk2_LG_G7_THINQ/workspace/Build/LgG7ThinQPkg/DEBUG_GCC5/AARCH64/MdePkg/Library/UefiDriverEntryPoint/UefiDriverEntryPoint/OUTPUT/UefiDriverEntryPoint.lib
LOAD /home/j0sh1x/Lg_G7_ThinQ_Edk2/edk2_LG_G7_THINQ/workspace/Build/LgG7ThinQPkg/DEBUG_GCC5/AARCH64/MdeModulePkg/Library/CustomizedDisplayLib/CustomizedDisplayLib/OUTPUT/CustomizedDisplayLib.lib
LOAD /home/j0sh1x/Lg_G7_ThinQ_Edk2/edk2_LG_G7_THINQ/workspace/Build/LgG7ThinQPkg/DEBUG_GCC5/AARCH64/MdePkg/Library/BaseStackCheckLib/BaseStackCheckLib/OUTPUT/BaseStackCheckLib.lib
LOAD /home/j0sh1x/Lg_G7_ThinQ_Edk2/edk2_LG_G7_THINQ/workspace/Build/LgG7ThinQPkg/DEBUG_GCC5/AARCH64/MdeModulePkg/Universal/DisplayEngineDxe/DisplayEngineDxe/OUTPUT/DisplayEngine.lib
END GROUP
                0x0000000000000228                . = PECOFF_HEADER_SIZE

.gnu.version_d  0x0000000000000228        0x0
 .gnu.version_d
                0x0000000000000228        0x0 /home/j0sh1x/Lg_G7_ThinQ_Edk2/edk2/ArmPkg/Library/GccLto/liblto-aarch64.a

.gnu.version    0x0000000000000228        0x0
 .gnu.version   0x0000000000000228        0x0 /home/j0sh1x/Lg_G7_ThinQ_Edk2/edk2/ArmPkg/Library/GccLto/liblto-aarch64.a

.gnu.version_r  0x0000000000000228        0x0
 .gnu.version_r
                0x0000000000000228        0x0 /home/j0sh1x/Lg_G7_ThinQ_Edk2/edk2/ArmPkg/Library/GccLto/liblto-aarch64.a

.text           0x0000000000001000    0x11920
 *(.text .text.* .stub .gnu.linkonce.t.*)
 .text.MultU64x32.constprop.0
                0x0000000000001000        0xc /tmp/DisplayEngine.dll.j7PVhG.ltrans0.ltrans.o
 .text.WaitForKeyStroke
                0x000000000000100c       0xa8 /tmp/DisplayEngine.dll.j7PVhG.ltrans0.ltrans.o
 .text.GetFieldFromNum
                0x00000000000010b4       0x40 /tmp/DisplayEngine.dll.j7PVhG.ltrans0.ltrans.o
 .text.BasePrintLibFillBuffer
                0x00000000000010f4       0x34 /tmp/DisplayEngine.dll.j7PVhG.ltrans0.ltrans.o
 .text.AsciiStrnLenS
                0x0000000000001128       0x3c /tmp/DisplayEngine.dll.j7PVhG.ltrans0.ltrans.o
 .text.InternalSafeStringNoStrOverlap
                0x0000000000001164       0x3c /tmp/DisplayEngine.dll.j7PVhG.ltrans0.ltrans.o
 .text.EmptyEventProcess
                0x00000000000011a0        0x4 /tmp/DisplayEngine.dll.j7PVhG.ltrans0.ltrans.o
                0x00000000000011a0                EmptyEventProcess
 .text.HiiValueToUINT64
                0x00000000000011a4       0x50 /tmp/DisplayEngine.dll.j7PVhG.ltrans0.ltrans.o
 .text.DriverClearDisplayPage
                0x00000000000011f4       0x54 /tmp/DisplayEngine.dll.j7PVhG.ltrans0.ltrans.o
                0x00000000000011f4                DriverClearDisplayPage
 .text.LShiftU64.constprop.0
                0x0000000000001248        0x8 /tmp/DisplayEngine.dll.j7PVhG.ltrans0.ltrans.o
 .text.FbConFlush
                0x0000000000001250       0x54 /tmp/DisplayEngine.dll.j7PVhG.ltrans0.ltrans.o
 .text.SerialPortWrite
                0x00000000000012a4      0x400 /tmp/DisplayEngine.dll.j7PVhG.ltrans0.ltrans.o
 .text.DebugAssertEnabled
                0x00000000000016a4        0x8 /tmp/DisplayEngine.dll.j7PVhG.ltrans0.ltrans.o
                0x00000000000016a4                DebugAssertEnabled
 .text.DebugPrintLevelEnabled.constprop.0
                0x00000000000016ac        0x8 /tmp/DisplayEngine.dll.j7PVhG.ltrans0.ltrans.o
                0x00000000000016ac                DebugPrintLevelEnabled.constprop.0
 .text.InternalAllocatePool.constprop.0
                0x00000000000016b4       0x68 /tmp/DisplayEngine.dll.j7PVhG.ltrans0.ltrans.o
                0x00000000000016b4                InternalAllocatePool.constprop.0
 .text.SetUnicodeMem.constprop.0
                0x000000000000171c       0x20 /tmp/DisplayEngine.dll.j7PVhG.ltrans0.ltrans.o
                0x000000000000171c                SetUnicodeMem.constprop.0
 .text.GetStringWidth.part.0
                0x000000000000173c       0x5c /tmp/DisplayEngine.dll.j7PVhG.ltrans0.ltrans.o
                0x000000000000173c                GetStringWidth.part.0
 .text.DebugPrintEnabled
                0x0000000000001798        0x8 /tmp/DisplayEngine.dll.j7PVhG.ltrans0.ltrans.o
                0x0000000000001798                DebugPrintEnabled
 .text.DebugAssert
                0x00000000000017a0       0x7c /tmp/DisplayEngine.dll.j7PVhG.ltrans0.ltrans.o
                0x00000000000017a0                DebugAssert
 .text.ReadUnaligned16
                0x000000000000181c       0x5c /tmp/DisplayEngine.dll.j7PVhG.ltrans0.ltrans.o
 .text.ReadUnaligned32
                0x0000000000001878       0x50 /tmp/DisplayEngine.dll.j7PVhG.ltrans0.ltrans.o
 .text.LibGetStringWidth
                0x00000000000018c8       0x50 /tmp/DisplayEngine.dll.j7PVhG.ltrans0.ltrans.o
 .text.CopyGuid
                0x0000000000001918       0x48 /tmp/DisplayEngine.dll.j7PVhG.ltrans0.ltrans.o
 .text.AsciiStrLen
                0x0000000000001960       0x90 /tmp/DisplayEngine.dll.j7PVhG.ltrans0.ltrans.o
 .text.AsciiStrnCmp
                0x00000000000019f0       0xdc /tmp/DisplayEngine.dll.j7PVhG.ltrans0.ltrans.o
 .text.StrnLenS
                0x0000000000001acc       0x70 /tmp/DisplayEngine.dll.j7PVhG.ltrans0.ltrans.o
 .text.BasePrintLibSPrintMarker.constprop.0
                0x0000000000001b3c      0xdac /tmp/DisplayEngine.dll.j7PVhG.ltrans0.ltrans.o
 .text.BasePrintLibSPrint.constprop.0
                0x00000000000028e8       0x9c /tmp/DisplayEngine.dll.j7PVhG.ltrans0.ltrans.o
 .text.DebugPrint.constprop.0
                0x0000000000002984       0xb8 /tmp/DisplayEngine.dll.j7PVhG.ltrans0.ltrans.o
                0x0000000000002984                DebugPrint.constprop.0
 .text.HiiRemovePackages
                0x0000000000002a3c       0xac /tmp/DisplayEngine.dll.j7PVhG.ltrans0.ltrans.o
                0x0000000000002a3c                HiiRemovePackages
 .text.FreePool
                0x0000000000002ae8       0x78 /tmp/DisplayEngine.dll.j7PVhG.ltrans0.ltrans.o
                0x0000000000002ae8                FreePool
 .text.AsciiSPrint.constprop.0
                0x0000000000002b60       0xa8 /tmp/DisplayEngine.dll.j7PVhG.ltrans0.ltrans.o
 .text.UnicodeVSPrint
                0x0000000000002c08       0x90 /tmp/DisplayEngine.dll.j7PVhG.ltrans0.ltrans.o
 .text.UnicodeSPrint
                0x0000000000002c98       0xa0 /tmp/DisplayEngine.dll.j7PVhG.ltrans0.ltrans.o
 .text.PrintFormattedNumber.constprop.0
                0x0000000000002d38       0xa8 /tmp/DisplayEngine.dll.j7PVhG.ltrans0.ltrans.o
 .text.StrCatS  0x0000000000002de0      0x1ac /tmp/DisplayEngine.dll.j7PVhG.ltrans0.ltrans.o
 .text.StrnCpyS
                0x0000000000002f8c      0x1a4 /tmp/DisplayEngine.dll.j7PVhG.ltrans0.ltrans.o
 .text.StrCpyS  0x0000000000003130      0x168 /tmp/DisplayEngine.dll.j7PVhG.ltrans0.ltrans.o
 .text.NewStrCat
                0x0000000000003298       0x28 /tmp/DisplayEngine.dll.j7PVhG.ltrans0.ltrans.o
 .text.InitializeListHead
                0x00000000000032c0        0x8 /tmp/DisplayEngine.dll.j7PVhG.ltrans0.ltrans.o
 .text.InternalBaseLibIsListValid
                0x00000000000032c8       0xac /tmp/DisplayEngine.dll.j7PVhG.ltrans0.ltrans.o
 .text.GetFirstNode
                0x0000000000003374       0x44 /tmp/DisplayEngine.dll.j7PVhG.ltrans0.ltrans.o
 .text.IsNull   0x00000000000033b8       0x4c /tmp/DisplayEngine.dll.j7PVhG.ltrans0.ltrans.o
 .text.GetNextNode
                0x0000000000003404       0x44 /tmp/DisplayEngine.dll.j7PVhG.ltrans0.ltrans.o
 .text.InsertHeadList
                0x0000000000003448       0x58 /tmp/DisplayEngine.dll.j7PVhG.ltrans0.ltrans.o
 .text.SetValuesByType
                0x00000000000034a0       0x8c /tmp/DisplayEngine.dll.j7PVhG.ltrans0.ltrans.o
 .text.SetArrayData
                0x000000000000352c       0x94 /tmp/DisplayEngine.dll.j7PVhG.ltrans0.ltrans.o
 .text.GetArrayData
                0x00000000000035c0       0x98 /tmp/DisplayEngine.dll.j7PVhG.ltrans0.ltrans.o
 .text.BaseDebugLibSerialPortConstructor
                0x0000000000003658       0x84 /tmp/DisplayEngine.dll.j7PVhG.ltrans0.ltrans.o
                0x0000000000003658                BaseDebugLibSerialPortConstructor
 .text.CopyMem  0x00000000000036dc       0xa4 /tmp/DisplayEngine.dll.j7PVhG.ltrans0.ltrans.o
                0x00000000000036dc                CopyMem
 .text.InternalAllocateCopyPool.constprop.0
                0x0000000000003780       0x8c /tmp/DisplayEngine.dll.j7PVhG.ltrans0.ltrans.o
                0x0000000000003780                InternalAllocateCopyPool.constprop.0
 .text.CompareMem
                0x000000000000380c       0xd0 /tmp/DisplayEngine.dll.j7PVhG.ltrans0.ltrans.o
                0x000000000000380c                CompareMem
 .text.ZeroMem  0x00000000000038dc       0x70 /tmp/DisplayEngine.dll.j7PVhG.ltrans0.ltrans.o
                0x00000000000038dc                ZeroMem
 .text.AllocateZeroPool
                0x000000000000394c       0x34 /tmp/DisplayEngine.dll.j7PVhG.ltrans0.ltrans.o
                0x000000000000394c                AllocateZeroPool
 .text.GetBestLanguage.constprop.0
                0x0000000000003980      0x1bc /tmp/DisplayEngine.dll.j7PVhG.ltrans0.ltrans.o
 .text.ProcessHelpString.constprop.0
                0x0000000000003b3c      0x160 /tmp/DisplayEngine.dll.j7PVhG.ltrans0.ltrans.o
 .text.HiiGetSupportedLanguages
                0x0000000000003c9c       0xe4 /tmp/DisplayEngine.dll.j7PVhG.ltrans0.ltrans.o
 .text.HiiGetString.constprop.0
                0x0000000000003d80      0x250 /tmp/DisplayEngine.dll.j7PVhG.ltrans0.ltrans.o
                0x0000000000003d80                HiiGetString.constprop.0
 .text.HiiSetString.constprop.0
                0x0000000000003fd0      0x160 /tmp/DisplayEngine.dll.j7PVhG.ltrans0.ltrans.o
 .text.HiiAddPackages
                0x0000000000004130      0x1c4 /tmp/DisplayEngine.dll.j7PVhG.ltrans0.ltrans.o
                0x0000000000004130                HiiAddPackages
 .text.ParseMessageString.part.0
                0x00000000000042f4      0x114 /tmp/DisplayEngine.dll.j7PVhG.ltrans0.ltrans.o
 .text.CompareGuid
                0x0000000000004408       0x44 /tmp/DisplayEngine.dll.j7PVhG.ltrans0.ltrans.o
                0x0000000000004408                CompareGuid
 .text.ProcessUserOpcode
                0x000000000000444c      0x15c /tmp/DisplayEngine.dll.j7PVhG.ltrans0.ltrans.o
 .text.StrLen   0x00000000000045a8       0xa4 /tmp/DisplayEngine.dll.j7PVhG.ltrans0.ltrans.o
                0x00000000000045a8                StrLen
 .text.PrintAt  0x000000000000464c      0x2f0 /tmp/DisplayEngine.dll.j7PVhG.ltrans0.ltrans.o
 .text.PrintCharAt
                0x000000000000493c       0x1c /tmp/DisplayEngine.dll.j7PVhG.ltrans0.ltrans.o
                0x000000000000493c                PrintCharAt
 .text.PrintStringAtWithWidth
                0x0000000000004958       0x20 /tmp/DisplayEngine.dll.j7PVhG.ltrans0.ltrans.o
                0x0000000000004958                PrintStringAtWithWidth
 .text.PrintStringAt
                0x0000000000004978       0x1c /tmp/DisplayEngine.dll.j7PVhG.ltrans0.ltrans.o
                0x0000000000004978                PrintStringAt
 .text.ClearLines
                0x0000000000004994       0xdc /tmp/DisplayEngine.dll.j7PVhG.ltrans0.ltrans.o
 .text.CreateMultiStringPopUp.constprop.0
                0x0000000000004a70      0x310 /tmp/DisplayEngine.dll.j7PVhG.ltrans0.ltrans.o
 .text.CreateDialog
                0x0000000000004d80      0x454 /tmp/DisplayEngine.dll.j7PVhG.ltrans0.ltrans.o
                0x0000000000004d80                CreateDialog
 .text.ConfirmDataChange
                0x00000000000051d4       0xe8 /tmp/DisplayEngine.dll.j7PVhG.ltrans0.ltrans.o
                0x00000000000051d4                ConfirmDataChange
 .text.RefreshTimeOutProcess
                0x00000000000052bc       0xc8 /tmp/DisplayEngine.dll.j7PVhG.ltrans0.ltrans.o
                0x00000000000052bc                RefreshTimeOutProcess
 .text.UpdateStatusBar
                0x0000000000005384      0x164 /tmp/DisplayEngine.dll.j7PVhG.ltrans0.ltrans.o
 .text.GetNumericInput
                0x00000000000054e8      0xe5c /tmp/DisplayEngine.dll.j7PVhG.ltrans0.ltrans.o
 .text.ReadString
                0x0000000000006344      0x814 /tmp/DisplayEngine.dll.j7PVhG.ltrans0.ltrans.o
 .text.PrintHotKeyHelpString
                0x0000000000006b58      0x248 /tmp/DisplayEngine.dll.j7PVhG.ltrans0.ltrans.o
 .text.RefreshKeyHelp
                0x0000000000006da0      0x660 /tmp/DisplayEngine.dll.j7PVhG.ltrans0.ltrans.o
 .text.StrSize  0x0000000000007400       0x1c /tmp/DisplayEngine.dll.j7PVhG.ltrans0.ltrans.o
                0x0000000000007400                StrSize
 .text.LibGetToken
                0x000000000000741c       0x74 /tmp/DisplayEngine.dll.j7PVhG.ltrans0.ltrans.o
                0x000000000000741c                LibGetToken
 .text.StrCmp   0x0000000000007490       0x88 /tmp/DisplayEngine.dll.j7PVhG.ltrans0.ltrans.o
 .text.CompareHiiValue.constprop.0
                0x0000000000007518      0x244 /tmp/DisplayEngine.dll.j7PVhG.ltrans0.ltrans.o
 .text.ValueToOption
                0x000000000000775c      0x130 /tmp/DisplayEngine.dll.j7PVhG.ltrans0.ltrans.o
 .text.IsListEmpty
                0x000000000000788c       0x4c /tmp/DisplayEngine.dll.j7PVhG.ltrans0.ltrans.o
                0x000000000000788c                IsListEmpty
 .text.RemoveEntryList
                0x00000000000078d8       0x50 /tmp/DisplayEngine.dll.j7PVhG.ltrans0.ltrans.o
 .text.InsertTailList
                0x0000000000007928       0x5c /tmp/DisplayEngine.dll.j7PVhG.ltrans0.ltrans.o
                0x0000000000007928                InsertTailList
 .text.SwapListEntries
                0x0000000000007984       0xb0 /tmp/DisplayEngine.dll.j7PVhG.ltrans0.ltrans.o
 .text.AddOneSelectableOption
                0x0000000000007a34       0xf0 /tmp/DisplayEngine.dll.j7PVhG.ltrans0.ltrans.o
 .text.CreatePopup
                0x0000000000007b24      0xbec /tmp/DisplayEngine.dll.j7PVhG.ltrans0.ltrans.o
                0x0000000000007b24                CreatePopup
 .text.GetSelectionInputPopUp
                0x0000000000008710      0xcd8 /tmp/DisplayEngine.dll.j7PVhG.ltrans0.ltrans.o
 .text.ProcessOptions
                0x00000000000093e8     0x1108 /tmp/DisplayEngine.dll.j7PVhG.ltrans0.ltrans.o
                0x00000000000093e8                ProcessOptions
 .text.FormDisplay
                0x000000000000a4f0     0x2fe8 /tmp/DisplayEngine.dll.j7PVhG.ltrans0.ltrans.o
                0x000000000000a4f0                FormDisplay
 .text.SetDisplayAttribute
                0x000000000000d4d8       0x5c /tmp/DisplayEngine.dll.j7PVhG.ltrans1.ltrans.o
 .text.DisplayMenuString
                0x000000000000d534       0x94 /tmp/DisplayEngine.dll.j7PVhG.ltrans1.ltrans.o
 .text.ProcessLibraryDestructorList
                0x000000000000d5c8       0xfc /tmp/DisplayEngine.dll.j7PVhG.ltrans1.ltrans.o
 .text._DriverUnloadHandler
                0x000000000000d6c4      0x2c0 /tmp/DisplayEngine.dll.j7PVhG.ltrans1.ltrans.o
 .text.GetIndexInfoForOpcode
                0x000000000000d984       0xd4 /tmp/DisplayEngine.dll.j7PVhG.ltrans1.ltrans.o
                0x000000000000d984                GetIndexInfoForOpcode
 .text.UpdateHighlightMenuInfo
                0x000000000000da58      0x21c /tmp/DisplayEngine.dll.j7PVhG.ltrans1.ltrans.o
                0x000000000000da58                UpdateHighlightMenuInfo
 .text.FindHighLightMenuOption
                0x000000000000dc74      0x1fc /tmp/DisplayEngine.dll.j7PVhG.ltrans1.ltrans.o
                0x000000000000dc74                FindHighLightMenuOption
 .text.AdjustDateAndTimePosition
                0x000000000000de70      0x130 /tmp/DisplayEngine.dll.j7PVhG.ltrans1.ltrans.o
                0x000000000000de70                AdjustDateAndTimePosition
 .text.GetStringWidth
                0x000000000000dfa0       0x5c /tmp/DisplayEngine.dll.j7PVhG.ltrans1.ltrans.o
                0x000000000000dfa0                GetStringWidth
 .text.GetLineByWidth
                0x000000000000dffc      0x234 /tmp/DisplayEngine.dll.j7PVhG.ltrans1.ltrans.o
                0x000000000000dffc                GetLineByWidth
 .text.UpdateSkipInfoForMenu
                0x000000000000e230       0xe4 /tmp/DisplayEngine.dll.j7PVhG.ltrans1.ltrans.o
 .text.GetToken
                0x000000000000e314       0x74 /tmp/DisplayEngine.dll.j7PVhG.ltrans1.ltrans.o
                0x000000000000e314                GetToken
 .text.BrowserStatusProcess
                0x000000000000e388      0x5b4 /tmp/DisplayEngine.dll.j7PVhG.ltrans1.ltrans.o
                0x000000000000e388                BrowserStatusProcess
 .text.IsSelectable
                0x000000000000e93c      0x110 /tmp/DisplayEngine.dll.j7PVhG.ltrans1.ltrans.o
                0x000000000000e93c                IsSelectable
 .text.UpdateOptionSkipLines
                0x000000000000ea4c       0xb4 /tmp/DisplayEngine.dll.j7PVhG.ltrans1.ltrans.o
                0x000000000000ea4c                UpdateOptionSkipLines
 .text.FindTopOfScreenMenuOption
                0x000000000000eb00      0x1e8 /tmp/DisplayEngine.dll.j7PVhG.ltrans1.ltrans.o
                0x000000000000eb00                FindTopOfScreenMenuOption
 .text.FindTopOfScreenMenu
                0x000000000000ece8       0xf0 /tmp/DisplayEngine.dll.j7PVhG.ltrans1.ltrans.o
                0x000000000000ece8                FindTopOfScreenMenu
 .text.MoveToNextStatement
                0x000000000000edd8      0x174 /tmp/DisplayEngine.dll.j7PVhG.ltrans1.ltrans.o
                0x000000000000edd8                MoveToNextStatement
 .text.GetWidth
                0x000000000000ef4c      0x13c /tmp/DisplayEngine.dll.j7PVhG.ltrans1.ltrans.o
 .text.DisplayOneMenu
                0x000000000000f088      0x668 /tmp/DisplayEngine.dll.j7PVhG.ltrans1.ltrans.o
                0x000000000000f088                DisplayOneMenu
 .text.UiAddMenuOption
                0x000000000000f6f0      0x2d4 /tmp/DisplayEngine.dll.j7PVhG.ltrans1.ltrans.o
                0x000000000000f6f0                UiAddMenuOption
 .text.__stack_chk_fail
                0x000000000000f9c4       0x44 /tmp/DisplayEngine.dll.j7PVhG.ltrans1.ltrans.o
                0x000000000000f9c4                __stack_chk_fail
 .text._ModuleEntryPoint
                0x000000000000fa08      0xc70 /tmp/DisplayEngine.dll.j7PVhG.ltrans1.ltrans.o
                0x000000000000fa08                _ModuleEntryPoint
 .text.memcpy   0x0000000000010678       0x20 /tmp/DisplayEngine.dll.j7PVhG.ltrans1.ltrans.o
                0x0000000000010678                memcpy
 *fill*         0x0000000000010698        0x8 
 .text          0x00000000000106a0      0x200 /home/j0sh1x/Lg_G7_ThinQ_Edk2/edk2_LG_G7_THINQ/workspace/Build/LgG7ThinQPkg/DEBUG_GCC5/AARCH64/MdePkg/Library/BaseMemoryLibOptDxe/BaseMemoryLibOptDxe/OUTPUT/BaseMemoryLibOptDxe.lib(SetMem.obj)
                0x00000000000106a0                InternalMemSetMem16
                0x00000000000106ac                InternalMemSetMem32
                0x00000000000106b8                InternalMemSetMem64
                0x00000000000106c4                InternalMemZeroMem
                0x00000000000106cc                InternalMemSetMem
 .text          0x00000000000108a0      0x218 /home/j0sh1x/Lg_G7_ThinQ_Edk2/edk2_LG_G7_THINQ/workspace/Build/LgG7ThinQPkg/DEBUG_GCC5/AARCH64/MdePkg/Library/BaseMemoryLibOptDxe/BaseMemoryLibOptDxe/OUTPUT/BaseMemoryLibOptDxe.lib(CopyMem.obj)
                0x0000000000010a0c                InternalMemCopyMem
 *fill*         0x0000000000010ab8        0x8 
 .text          0x0000000000010ac0       0xe0 /home/j0sh1x/Lg_G7_ThinQ_Edk2/edk2_LG_G7_THINQ/workspace/Build/LgG7ThinQPkg/DEBUG_GCC5/AARCH64/MdePkg/Library/BaseMemoryLibOptDxe/BaseMemoryLibOptDxe/OUTPUT/BaseMemoryLibOptDxe.lib(CompareMem.obj)
                0x0000000000010ac0                InternalMemCompareMem
 .text          0x0000000000010ba0       0x20 /home/j0sh1x/Lg_G7_ThinQ_Edk2/edk2_LG_G7_THINQ/workspace/Build/LgG7ThinQPkg/DEBUG_GCC5/AARCH64/MdePkg/Library/BaseMemoryLibOptDxe/BaseMemoryLibOptDxe/OUTPUT/BaseMemoryLibOptDxe.lib(CompareGuid.obj)
                0x0000000000010ba0                InternalMemCompareGuid
 .text.ArmCacheInfo
                0x0000000000010bc0        0x8 /home/j0sh1x/Lg_G7_ThinQ_Edk2/edk2_LG_G7_THINQ/workspace/Build/LgG7ThinQPkg/DEBUG_GCC5/AARCH64/ArmPkg/Library/ArmLib/ArmBaseLib/OUTPUT/ArmBaseLib.lib(ArmLibSupport.obj)
                0x0000000000010bc0                ArmCacheInfo
 .text.ArmGetInterruptState
                0x0000000000010bc8       0x10 /home/j0sh1x/Lg_G7_ThinQ_Edk2/edk2_LG_G7_THINQ/workspace/Build/LgG7ThinQPkg/DEBUG_GCC5/AARCH64/ArmPkg/Library/ArmLib/ArmBaseLib/OUTPUT/ArmBaseLib.lib(ArmLibSupport.obj)
                0x0000000000010bc8                ArmGetInterruptState
 .text.ArmEnableInterrupts
[...]

.debug_info     0x0000000000000000    0x43948
 .debug_info    0x0000000000000000     0xcaf3 /tmp/DisplayEngine.dll.j7PVhG.ltrans0.ltrans.o
 .debug_info    0x000000000000caf3     0x39ea /tmp/DisplayEngine.dll.j7PVhG.ltrans1.ltrans.o
 .debug_info    0x00000000000104dd      0x289 /tmp/ccwSrBwG.debug.temp.o
                0x00000000000104dd                memcpy.c.1e1e787a
 .debug_info    0x0000000000010766      0x23a /tmp/ccz6ProI.debug.temp.o
                0x0000000000010766                memset.c.cbb55926
 .debug_info    0x00000000000109a0     0x1b08 /tmp/ccOKBVcF.debug.temp.o
                0x00000000000109a0                DriverEntryPoint.c.602fee3c
 .debug_info    0x00000000000124a8      0x239 /tmp/ccZZKFkH.debug.temp.o
                0x00000000000124a8                BaseStackCheckGcc.c.7c8230a6
 .debug_info    0x00000000000126e1     0x1fab /tmp/ccRwtZhG.debug.temp.o
                0x00000000000126e1                AutoGen.c.73a7716e
 .debug_info    0x000000000001468c     0x41da /tmp/ccINTYpG.debug.temp.o
                0x000000000001468c                FormDisplay.c.c965e3eb
 .debug_info    0x0000000000018866     0x2fa5 /tmp/ccowIChF.debug.temp.o
                0x0000000000018866                ProcessOptions.c.07ebf328
 .debug_info    0x000000000001b80b     0x2ef2 /tmp/ccJKJ0iI.debug.temp.o
                0x000000000001b80b                InputHandler.c.f1dafa29
 .debug_info    0x000000000001e6fd     0x28fc /tmp/ccKTCt2I.debug.temp.o
                0x000000000001e6fd                Popup.c.09a55720
 .debug_info    0x0000000000020ff9      0x27c /tmp/ccKQzZDJ.debug.temp.o
                0x0000000000020ff9                MultU64x32.c.71505004
 .debug_info    0x0000000000021275      0x27c /tmp/cc7DMRqF.debug.temp.o
                0x0000000000021275                LShiftU64.c.982cdeda
 .debug_info    0x00000000000214f1      0x271 /tmp/ccmWe8MJ.debug.temp.o
                0x00000000000214f1                CpuDeadLoop.c.b22f2262
 .debug_info    0x0000000000021762      0x4ca /tmp/cccTXK3I.debug.temp.o
                0x0000000000021762                LinkedList.c.fe9ca1b6
 .debug_info    0x0000000000021c2c      0xe6f /tmp/ccC3ZsjG.debug.temp.o
                0x0000000000021c2c                SafeString.c.e0d6f670
 .debug_info    0x0000000000022a9b      0xafd /tmp/ccY0UpGJ.debug.temp.o
                0x0000000000022a9b                String.c.8fee0045
 .debug_info    0x0000000000023598      0x4dd /tmp/ccyFmmKF.debug.temp.o
                0x0000000000023598                Math64.c.083e34f2
 .debug_info    0x0000000000023a75      0x2cf /tmp/ccdpAt5G.debug.temp.o
                0x0000000000023a75                MemLibGuid.c.01726354
 .debug_info    0x0000000000023d44      0x22c /tmp/ccm1AX5H.debug.temp.o
                0x0000000000023d44                ZeroMemWrapper.c.f64356c5
 .debug_info    0x0000000000023f70      0x259 /tmp/ccwjvF6G.debug.temp.o
                0x0000000000023f70                CompareMemWrapper.c.f12ae324
 .debug_info    0x00000000000241c9      0x243 /tmp/ccP1iV1I.debug.temp.o
                0x00000000000241c9                CopyMemWrapper.c.f2c49a7f
 .debug_info    0x000000000002440c      0x7cd /tmp/ccwWWLnH.debug.temp.o
                0x000000000002440c                PrintLib.c.8c5ec511
 .debug_info    0x0000000000024bd9      0x824 /tmp/ccVRqznJ.debug.temp.o
                0x0000000000024bd9                PrintLibInternal.c.4595abda
 .debug_info    0x00000000000253fd      0x497 /tmp/ccmUazqI.debug.temp.o
                0x00000000000253fd                DebugLib.c.6a384b5e
 .debug_info    0x0000000000025894     0x1992 /tmp/cc1T06dI.debug.temp.o
                0x0000000000025894                UefiBootServicesTableLib.c.b2c21aa1
 .debug_info    0x0000000000027226     0x1e91 /tmp/ccb9JCIF.debug.temp.o
                0x0000000000027226                MemoryAllocationLib.c.9b2360f8
 .debug_info    0x00000000000290b7     0x1963 /tmp/cclsd9KI.debug.temp.o
                0x00000000000290b7                UefiRuntimeServicesTableLib.c.d5c0fac4
 .debug_info    0x000000000002aa1a     0x2896 /tmp/ccSd3tDG.debug.temp.o
                0x000000000002aa1a                UefiLib.c.a867074c
 .debug_info    0x000000000002d2b0     0x23af /tmp/ccRe8MAF.debug.temp.o
                0x000000000002d2b0                HobLib.c.8a381ba7
 .debug_info    0x000000000002f65f     0x2a0a /tmp/cc9WE9EH.debug.temp.o
                0x000000000002f65f                UefiHiiServicesLib.c.3d4058a3
 .debug_info    0x0000000000032069     0x514a /tmp/ccRvu1NJ.debug.temp.o
                0x0000000000032069                HiiLib.c.31889650
 .debug_info    0x00000000000371b3     0x2bb6 /tmp/ccWbY9PG.debug.temp.o
                0x00000000000371b3                HiiString.c.e19504dd
 .debug_info    0x0000000000039d69     0x2ab3 /tmp/ccHr8chJ.debug.temp.o
                0x0000000000039d69                HiiLanguage.c.5e207fb9
 .debug_info    0x000000000003c81c     0x2a7d /tmp/ccyUqehJ.debug.temp.o
                0x000000000003c81c                CustomizedDisplayLib.c.9565245d
 .debug_info    0x000000000003f299     0x2c0c /tmp/ccUh4L2G.debug.temp.o
                0x000000000003f299                CustomizedDisplayLibInternal.c.65c2f813
 .debug_info    0x0000000000041ea5      0x355 /tmp/ccKSzUqF.debug.temp.o
                0x0000000000041ea5                AutoGen.c.304b5af5
 .debug_info    0x00000000000421fa      0x286 /tmp/ccfVgxdI.debug.temp.o
                0x00000000000421fa                DivU64x32Remainder.c.fd6219e5
 .debug_info    0x0000000000042480      0x3de /tmp/ccbtkXyF.debug.temp.o
                0x0000000000042480                Unaligned.c.007f7ff3
 .debug_info    0x000000000004285e      0x23f /tmp/ccjW5mMG.debug.temp.o
                0x000000000004285e                BaseDebugPrintErrorLevelLib.c.4c0da260
 .debug_info    0x0000000000042a9d      0x89c /tmp/cck4vJNJ.debug.temp.o
                0x0000000000042a9d                FrameBufferSerialPortLib.c.7984acb7
 .debug_info    0x0000000000043339      0x345 /tmp/ccl99ufI.debug.temp.o
                0x0000000000043339                ArmCacheMaintenanceLib.c.52724bd9
 .debug_info    0x000000000004367e      0x2ca /tmp/ccRBFKEG.debug.temp.o
                0x000000000004367e                ArmLib.c.3f59dbc1

.debug_abbrev   0x0000000000000000     0x462c
 .debug_abbrev  0x0000000000000000      0x2fd /tmp/DisplayEngine.dll.j7PVhG.ltrans0.ltrans.o
 .debug_abbrev  0x00000000000002fd      0x20e /tmp/DisplayEngine.dll.j7PVhG.ltrans1.ltrans.o
 .debug_abbrev  0x000000000000050b       0xfd /tmp/ccwSrBwG.debug.temp.o
 .debug_abbrev  0x0000000000000608       0xcf /tmp/ccz6ProI.debug.temp.o
 .debug_abbrev  0x00000000000006d7      0x1e9 /tmp/ccOKBVcF.debug.temp.o
 .debug_abbrev  0x00000000000008c0       0xd6 /tmp/ccZZKFkH.debug.temp.o
 .debug_abbrev  0x0000000000000996      0x236 /tmp/ccRwtZhG.debug.temp.o
 .debug_abbrev  0x0000000000000bcc      0x2cc /tmp/ccINTYpG.debug.temp.o
 .debug_abbrev  0x0000000000000e98      0x2cd /tmp/ccowIChF.debug.temp.o
 .debug_abbrev  0x0000000000001165      0x29e /tmp/ccJKJ0iI.debug.temp.o
 .debug_abbrev  0x0000000000001403      0x2a2 /tmp/ccKTCt2I.debug.temp.o
 .debug_abbrev  0x00000000000016a5       0xcf /tmp/ccKQzZDJ.debug.temp.o
 .debug_abbrev  0x0000000000001774       0xc0 /tmp/cc7DMRqF.debug.temp.o
 .debug_abbrev  0x0000000000001834       0xc5 /tmp/ccmWe8MJ.debug.temp.o
 .debug_abbrev  0x00000000000018f9      0x137 /tmp/cccTXK3I.debug.temp.o
 .debug_abbrev  0x0000000000001a30      0x12d /tmp/ccC3ZsjG.debug.temp.o
 .debug_abbrev  0x0000000000001b5d      0x135 /tmp/ccY0UpGJ.debug.temp.o
 .debug_abbrev  0x0000000000001c92      0x108 /tmp/ccyFmmKF.debug.temp.o
 .debug_abbrev  0x0000000000001d9a       0xdd /tmp/ccdpAt5G.debug.temp.o
 .debug_abbrev  0x0000000000001e77       0xc0 /tmp/ccm1AX5H.debug.temp.o
 .debug_abbrev  0x0000000000001f37       0xc0 /tmp/ccwjvF6G.debug.temp.o
 .debug_abbrev  0x0000000000001ff7       0xc7 /tmp/ccP1iV1I.debug.temp.o
 .debug_abbrev  0x00000000000020be      0x150 /tmp/ccwWWLnH.debug.temp.o
 .debug_abbrev  0x000000000000220e      0x181 /tmp/ccVRqznJ.debug.temp.o
 .debug_abbrev  0x000000000000238f      0x165 /tmp/ccmUazqI.debug.temp.o
 .debug_abbrev  0x00000000000024f4      0x1dd /tmp/cc1T06dI.debug.temp.o
 .debug_abbrev  0x00000000000026d1      0x242 /tmp/ccb9JCIF.debug.temp.o
 .debug_abbrev  0x0000000000002913      0x1c3 /tmp/cclsd9KI.debug.temp.o
 .debug_abbrev  0x0000000000002ad6      0x267 /tmp/ccSd3tDG.debug.temp.o
 .debug_abbrev  0x0000000000002d3d      0x25a /tmp/ccRe8MAF.debug.temp.o
 .debug_abbrev  0x0000000000002f97      0x216 /tmp/cc9WE9EH.debug.temp.o
 .debug_abbrev  0x00000000000031ad      0x315 /tmp/ccRvu1NJ.debug.temp.o
 .debug_abbrev  0x00000000000034c2      0x22b /tmp/ccWbY9PG.debug.temp.o
 .debug_abbrev  0x00000000000036ed      0x209 /tmp/ccHr8chJ.debug.temp.o
 .debug_abbrev  0x00000000000038f6      0x2ed /tmp/ccyUqehJ.debug.temp.o
 .debug_abbrev  0x0000000000003be3      0x2e7 /tmp/ccUh4L2G.debug.temp.o
 .debug_abbrev  0x0000000000003eca       0xbe /tmp/ccKSzUqF.debug.temp.o
 .debug_abbrev  0x0000000000003f88       0xc2 /tmp/ccfVgxdI.debug.temp.o
 .debug_abbrev  0x000000000000404a       0xd8 /tmp/ccbtkXyF.debug.temp.o
 .debug_abbrev  0x0000000000004122       0xd5 /tmp/ccjW5mMG.debug.temp.o
 .debug_abbrev  0x00000000000041f7      0x224 /tmp/cck4vJNJ.debug.temp.o
 .debug_abbrev  0x000000000000441b      0x101 /tmp/ccl99ufI.debug.temp.o
 .debug_abbrev  0x000000000000451c      0x110 /tmp/ccRBFKEG.debug.temp.o

.debug_loc      0x0000000000000000    0x1b84a
 .debug_loc     0x0000000000000000    0x16ee0 /tmp/DisplayEngine.dll.j7PVhG.ltrans0.ltrans.o
 .debug_loc     0x0000000000016ee0     0x496a /tmp/DisplayEngine.dll.j7PVhG.ltrans1.ltrans.o

.debug_aranges  0x0000000000000000      0x7a0
 .debug_aranges
                0x0000000000000000      0x5f0 /tmp/DisplayEngine.dll.j7PVhG.ltrans0.ltrans.o
 .debug_aranges
                0x00000000000005f0      0x1b0 /tmp/DisplayEngine.dll.j7PVhG.ltrans1.ltrans.o

.debug_ranges   0x0000000000000000     0x2ad0
 .debug_ranges  0x0000000000000000     0x21a0 /tmp/DisplayEngine.dll.j7PVhG.ltrans0.ltrans.o
 .debug_ranges  0x00000000000021a0      0x930 /tmp/DisplayEngine.dll.j7PVhG.ltrans1.ltrans.o

.debug_line     0x0000000000000000    0x130e7
 .debug_line    0x0000000000000000     0x90ec /tmp/DisplayEngine.dll.j7PVhG.ltrans0.ltrans.o
 .debug_line    0x00000000000090ec     0x294b /tmp/DisplayEngine.dll.j7PVhG.ltrans1.ltrans.o
 .debug_line    0x000000000000ba37      0x1a8 /tmp/ccwSrBwG.debug.temp.o
 .debug_line    0x000000000000bbdf      0x1a8 /tmp/ccz6ProI.debug.temp.o
 .debug_line    0x000000000000bd87      0x392 /tmp/ccOKBVcF.debug.temp.o
 .debug_line    0x000000000000c119      0x1a7 /tmp/ccZZKFkH.debug.temp.o
 .debug_line    0x000000000000c2c0      0x35d /tmp/ccRwtZhG.debug.temp.o
 .debug_line    0x000000000000c61d      0x4d0 /tmp/ccINTYpG.debug.temp.o
 .debug_line    0x000000000000caed      0x4bf /tmp/ccowIChF.debug.temp.o
 .debug_line    0x000000000000cfac      0x4af /tmp/ccJKJ0iI.debug.temp.o
 .debug_line    0x000000000000d45b      0x4b6 /tmp/ccKTCt2I.debug.temp.o
 .debug_line    0x000000000000d911      0x182 /tmp/ccKQzZDJ.debug.temp.o
 .debug_line    0x000000000000da93      0x181 /tmp/cc7DMRqF.debug.temp.o
 .debug_line    0x000000000000dc14      0x183 /tmp/ccmWe8MJ.debug.temp.o
 .debug_line    0x000000000000dd97      0x182 /tmp/cccTXK3I.debug.temp.o
 .debug_line    0x000000000000df19      0x182 /tmp/ccC3ZsjG.debug.temp.o
 .debug_line    0x000000000000e09b      0x17e /tmp/ccY0UpGJ.debug.temp.o
 .debug_line    0x000000000000e219      0x17e /tmp/ccyFmmKF.debug.temp.o
 .debug_line    0x000000000000e397      0x1aa /tmp/ccdpAt5G.debug.temp.o
 .debug_line    0x000000000000e541      0x1aa /tmp/ccm1AX5H.debug.temp.o
 .debug_line    0x000000000000e6eb      0x1ad /tmp/ccwjvF6G.debug.temp.o
 .debug_line    0x000000000000e898      0x1aa /tmp/ccP1iV1I.debug.temp.o
 .debug_line    0x000000000000ea42      0x19d /tmp/ccwWWLnH.debug.temp.o
 .debug_line    0x000000000000ebdf      0x1bb /tmp/ccVRqznJ.debug.temp.o
 .debug_line    0x000000000000ed9a      0x24d /tmp/ccmUazqI.debug.temp.o
 .debug_line    0x000000000000efe7      0x37b /tmp/cc1T06dI.debug.temp.o
 .debug_line    0x000000000000f362      0x373 /tmp/ccb9JCIF.debug.temp.o
 .debug_line    0x000000000000f6d5      0x32f /tmp/cclsd9KI.debug.temp.o
 .debug_line    0x000000000000fa04      0x3b8 /tmp/ccSd3tDG.debug.temp.o
 .debug_line    0x000000000000fdbc      0x40c /tmp/ccRe8MAF.debug.temp.o
 .debug_line    0x00000000000101c8      0x450 /tmp/cc9WE9EH.debug.temp.o
 .debug_line    0x0000000000010618      0x56a /tmp/ccRvu1NJ.debug.temp.o
 .debug_line    0x0000000000010b82      0x54d /tmp/ccWbY9PG.debug.temp.o
 .debug_line    0x00000000000110cf      0x54f /tmp/ccHr8chJ.debug.temp.o
 .debug_line    0x000000000001161e      0x5ed /tmp/ccyUqehJ.debug.temp.o
 .debug_line    0x0000000000011c0b      0x5f5 /tmp/ccUh4L2G.debug.temp.o
 .debug_line    0x0000000000012200      0x2d6 /tmp/ccKSzUqF.debug.temp.o
 .debug_line    0x00000000000124d6      0x18a /tmp/ccfVgxdI.debug.temp.o
 .debug_line    0x0000000000012660      0x185 /tmp/ccbtkXyF.debug.temp.o
 .debug_line    0x00000000000127e5      0x1cf /tmp/ccjW5mMG.debug.temp.o
 .debug_line    0x00000000000129b4      0x3b3 /tmp/cck4vJNJ.debug.temp.o
 .debug_line    0x0000000000012d67      0x201 /tmp/ccl99ufI.debug.temp.o
 .debug_line    0x0000000000012f68      0x17f /tmp/ccRBFKEG.debug.temp.o

.debug_str      0x0000000000000000     0x9e8e
 .debug_str     0x0000000000000000      0x3e0 /tmp/DisplayEngine.dll.j7PVhG.ltrans0.ltrans.o
                                        0x3f9 (size before relaxing)
 .debug_str     0x00000000000003e0       0x86 /tmp/DisplayEngine.dll.j7PVhG.ltrans1.ltrans.o
                                        0x350 (size before relaxing)
 .debug_str     0x0000000000000466      0x445 /tmp/ccwSrBwG.debug.temp.o
                                        0x4b4 (size before relaxing)
 .debug_str     0x00000000000008ab       0x5a /tmp/ccz6ProI.debug.temp.o
                                        0x4a8 (size before relaxing)
 .debug_str     0x0000000000000905     0x1495 /tmp/ccOKBVcF.debug.temp.o
                                       0x17f6 (size before relaxing)
 .debug_str     0x0000000000001d9a      0x13d /tmp/ccZZKFkH.debug.temp.o
                                        0x515 (size before relaxing)
 .debug_str     0x0000000000001ed7      0xa5a /tmp/ccRwtZhG.debug.temp.o
                                       0x2146 (size before relaxing)
 .debug_str     0x0000000000002931     0x1751 /tmp/ccINTYpG.debug.temp.o
                                       0x35b4 (size before relaxing)
 .debug_str     0x0000000000004082      0x38c /tmp/ccowIChF.debug.temp.o
                                       0x27dd (size before relaxing)
 .debug_str     0x000000000000440e      0x2cf /tmp/ccJKJ0iI.debug.temp.o
                                       0x2745 (size before relaxing)
 .debug_str     0x00000000000046dd      0x2b0 /tmp/ccKTCt2I.debug.temp.o
                                       0x25fa (size before relaxing)
 .debug_str     0x000000000000498d       0xdd /tmp/ccKQzZDJ.debug.temp.o
                                        0x5ab (size before relaxing)
 .debug_str     0x0000000000004a6a       0x4e /tmp/cc7DMRqF.debug.temp.o
                                        0x59e (size before relaxing)
 .debug_str     0x0000000000004ab8       0x54 /tmp/ccmWe8MJ.debug.temp.o
                                        0x59a (size before relaxing)
 .debug_str     0x0000000000004b0c      0x11f /tmp/cccTXK3I.debug.temp.o
                                        0x6aa (size before relaxing)
 .debug_str     0x0000000000004c2b      0x2c8 /tmp/ccC3ZsjG.debug.temp.o
                                        0x959 (size before relaxing)
 .debug_str     0x0000000000004ef3      0x302 /tmp/ccY0UpGJ.debug.temp.o
                                        0x97b (size before relaxing)
 .debug_str     0x00000000000051f5      0x19d /tmp/ccyFmmKF.debug.temp.o
                                        0x718 (size before relaxing)
 .debug_str     0x0000000000005392      0x139 /tmp/ccdpAt5G.debug.temp.o
                                        0x513 (size before relaxing)
 .debug_str     0x00000000000054cb       0x57 /tmp/ccm1AX5H.debug.temp.o
                                        0x4be (size before relaxing)
 .debug_str     0x0000000000005522       0x79 /tmp/ccwjvF6G.debug.temp.o
                                        0x4e7 (size before relaxing)
 .debug_str     0x000000000000559b       0x57 /tmp/ccP1iV1I.debug.temp.o
                                        0x4d6 (size before relaxing)
 .debug_str     0x00000000000055f2      0x276 /tmp/ccwWWLnH.debug.temp.o
                                        0x730 (size before relaxing)
 .debug_str     0x0000000000005868      0x235 /tmp/ccVRqznJ.debug.temp.o
                                        0x864 (size before relaxing)
 .debug_str     0x0000000000005a9d      0x1f6 /tmp/ccmUazqI.debug.temp.o
                                        0x709 (size before relaxing)
 .debug_str     0x0000000000005c93      0x12a /tmp/cc1T06dI.debug.temp.o
                                       0x16d3 (size before relaxing)
 .debug_str     0x0000000000005dbd      0x329 /tmp/ccb9JCIF.debug.temp.o
                                       0x193f (size before relaxing)
 .debug_str     0x00000000000060e6      0x139 /tmp/cclsd9KI.debug.temp.o
                                       0x16d5 (size before relaxing)
 .debug_str     0x000000000000621f      0x76f /tmp/ccSd3tDG.debug.temp.o
                                       0x2209 (size before relaxing)
 .debug_str     0x000000000000698e      0x60f /tmp/ccRe8MAF.debug.temp.o
                                       0x1d79 (size before relaxing)
 .debug_str     0x0000000000006f9d      0xb3c /tmp/cc9WE9EH.debug.temp.o
                                       0x2330 (size before relaxing)
 .debug_str     0x0000000000007ad9      0xcf7 /tmp/ccRvu1NJ.debug.temp.o
                                       0x3722 (size before relaxing)
 .debug_str     0x00000000000087d0       0xac /tmp/ccWbY9PG.debug.temp.o
                                       0x256a (size before relaxing)
 .debug_str     0x000000000000887c       0x8e /tmp/ccHr8chJ.debug.temp.o
                                       0x24fb (size before relaxing)
 .debug_str     0x000000000000890a      0x74c /tmp/ccyUqehJ.debug.temp.o
                                       0x2621 (size before relaxing)
 .debug_str     0x0000000000009056      0x2f5 /tmp/ccUh4L2G.debug.temp.o
                                       0x263c (size before relaxing)
 .debug_str     0x000000000000934b       0xae /tmp/ccKSzUqF.debug.temp.o
                                        0x7b7 (size before relaxing)
 .debug_str     0x00000000000093f9       0x62 /tmp/ccfVgxdI.debug.temp.o
                                        0x5b7 (size before relaxing)
 .debug_str     0x000000000000945b       0xe3 /tmp/ccbtkXyF.debug.temp.o
                                        0x641 (size before relaxing)
 .debug_str     0x000000000000953e      0x142 /tmp/ccjW5mMG.debug.temp.o
                                        0x546 (size before relaxing)
 .debug_str     0x0000000000009680      0x4b0 /tmp/cck4vJNJ.debug.temp.o
                                        0xbf8 (size before relaxing)
 .debug_str     0x0000000000009b30      0x208 /tmp/ccl99ufI.debug.temp.o
                                        0x610 (size before relaxing)
 .debug_str     0x0000000000009d38      0x156 /tmp/ccRBFKEG.debug.temp.o
                                        0x52c (size before relaxing)

.debug_frame    0x0000000000000000     0x1828
 .debug_frame   0x0000000000000000     0x1278 /tmp/DisplayEngine.dll.j7PVhG.ltrans0.ltrans.o
 .debug_frame   0x0000000000001278      0x5b0 /tmp/DisplayEngine.dll.j7PVhG.ltrans1.ltrans.o
