Archive member included to satisfy reference by file (symbol)

/home/j0sh1x/Lg_G7_ThinQ_Edk2/edk2_LG_G7_THINQ/workspace/Build/LgG7ThinQPkg/DEBUG_GCC5/AARCH64/ArmPkg/Library/CompilerIntrinsicsLib/CompilerIntrinsicsLib/OUTPUT/CompilerIntrinsicsLib.lib(memcpy.obj)
                              /home/j0sh1x/Lg_G7_ThinQ_Edk2/edk2/ArmPkg/Library/GccLto/liblto-aarch64.a (memcpy)
/home/j0sh1x/Lg_G7_ThinQ_Edk2/edk2_LG_G7_THINQ/workspace/Build/LgG7ThinQPkg/DEBUG_GCC5/AARCH64/ArmPkg/Library/CompilerIntrinsicsLib/CompilerIntrinsicsLib/OUTPUT/CompilerIntrinsicsLib.lib(memset.obj)
                              /home/j0sh1x/Lg_G7_ThinQ_Edk2/edk2/ArmPkg/Library/GccLto/liblto-aarch64.a (memset)
/home/j0sh1x/Lg_G7_ThinQ_Edk2/edk2_LG_G7_THINQ/workspace/Build/LgG7ThinQPkg/DEBUG_GCC5/AARCH64/MdePkg/Library/UefiApplicationEntryPoint/UefiApplicationEntryPoint/OUTPUT/UefiApplicationEntryPoint.lib(ApplicationEntryPoint.obj)
                              (_ModuleEntryPoint)
/home/j0sh1x/Lg_G7_ThinQ_Edk2/edk2_LG_G7_THINQ/workspace/Build/LgG7ThinQPkg/DEBUG_GCC5/AARCH64/MdePkg/Library/BaseStackCheckLib/BaseStackCheckLib/OUTPUT/BaseStackCheckLib.lib(BaseStackCheckGcc.obj)
                              /home/j0sh1x/Lg_G7_ThinQ_Edk2/edk2/ArmPkg/Library/GccLto/liblto-aarch64.a (__stack_chk_fail)
/home/j0sh1x/Lg_G7_ThinQ_Edk2/edk2_LG_G7_THINQ/workspace/Build/LgG7ThinQPkg/DEBUG_GCC5/AARCH64/MdeModulePkg/Application/UiApp/UiApp/OUTPUT/UiApp.lib(AutoGen.obj)
                              ApplicationEntryPoint.obj (symbol from plugin) (ProcessLibraryConstructorList)
/home/j0sh1x/Lg_G7_ThinQ_Edk2/edk2_LG_G7_THINQ/workspace/Build/LgG7ThinQPkg/DEBUG_GCC5/AARCH64/MdeModulePkg/Application/UiApp/UiApp/OUTPUT/UiApp.lib(FrontPage.obj)
                              AutoGen.obj (symbol from plugin) (InitializeUserInterface)
/home/j0sh1x/Lg_G7_ThinQ_Edk2/edk2_LG_G7_THINQ/workspace/Build/LgG7ThinQPkg/DEBUG_GCC5/AARCH64/MdeModulePkg/Application/UiApp/UiApp/OUTPUT/UiApp.lib(String.obj)
                              FrontPage.obj (symbol from plugin) (InitializeStringSupport)
/home/j0sh1x/Lg_G7_ThinQ_Edk2/edk2_LG_G7_THINQ/workspace/Build/LgG7ThinQPkg/DEBUG_GCC5/AARCH64/MdeModulePkg/Application/UiApp/UiApp/OUTPUT/UiApp.lib(FrontPageCustomizedUi.obj)
                              FrontPage.obj (symbol from plugin) (UiCustomizeFrontPage)
/home/j0sh1x/Lg_G7_ThinQ_Edk2/edk2_LG_G7_THINQ/workspace/Build/LgG7ThinQPkg/DEBUG_GCC5/AARCH64/MdeModulePkg/Application/UiApp/UiApp/OUTPUT/UiApp.lib(FrontPageCustomizedUiSupport.obj)
                              FrontPageCustomizedUi.obj (symbol from plugin) (UiSupportLibCallbackHandler)
/home/j0sh1x/Lg_G7_ThinQ_Edk2/edk2_LG_G7_THINQ/workspace/Build/LgG7ThinQPkg/DEBUG_GCC5/AARCH64/MdeModulePkg/Application/UiApp/UiApp/OUTPUT/UiApp.lib(FrontPageVfr.obj)
                              FrontPage.obj (symbol from plugin) (FrontPageVfrBin)
/home/j0sh1x/Lg_G7_ThinQ_Edk2/edk2_LG_G7_THINQ/workspace/Build/LgG7ThinQPkg/DEBUG_GCC5/AARCH64/MdePkg/Library/DxePcdLib/DxePcdLib/OUTPUT/DxePcdLib.lib(DxePcdLib.obj)
                              FrontPageCustomizedUi.obj (symbol from plugin) (LibPcdGetBool)
/home/j0sh1x/Lg_G7_ThinQ_Edk2/edk2_LG_G7_THINQ/workspace/Build/LgG7ThinQPkg/DEBUG_GCC5/AARCH64/MdePkg/Library/BaseMemoryLibOptDxe/BaseMemoryLibOptDxe/OUTPUT/BaseMemoryLibOptDxe.lib(MemLibGuid.obj)
                              FrontPageCustomizedUiSupport.obj (symbol from plugin) (CompareGuid)
/home/j0sh1x/Lg_G7_ThinQ_Edk2/edk2_LG_G7_THINQ/workspace/Build/LgG7ThinQPkg/DEBUG_GCC5/AARCH64/MdePkg/Library/BaseMemoryLibOptDxe/BaseMemoryLibOptDxe/OUTPUT/BaseMemoryLibOptDxe.lib(CopyMemWrapper.obj)
                              FrontPageCustomizedUiSupport.obj (symbol from plugin) (CopyMem)
/home/j0sh1x/Lg_G7_ThinQ_Edk2/edk2_LG_G7_THINQ/workspace/Build/LgG7ThinQPkg/DEBUG_GCC5/AARCH64/MdePkg/Library/BaseMemoryLibOptDxe/BaseMemoryLibOptDxe/OUTPUT/BaseMemoryLibOptDxe.lib(CopyMem.obj)
                              MemLibGuid.obj (symbol from plugin) (InternalMemCopyMem)
/home/j0sh1x/Lg_G7_ThinQ_Edk2/edk2_LG_G7_THINQ/workspace/Build/LgG7ThinQPkg/DEBUG_GCC5/AARCH64/MdePkg/Library/BaseMemoryLibOptDxe/BaseMemoryLibOptDxe/OUTPUT/BaseMemoryLibOptDxe.lib(CompareGuid.obj)
                              MemLibGuid.obj (symbol from plugin) (InternalMemCompareGuid)
/home/j0sh1x/Lg_G7_ThinQ_Edk2/edk2_LG_G7_THINQ/workspace/Build/LgG7ThinQPkg/DEBUG_GCC5/AARCH64/MdePkg/Library/BaseLib/BaseLib/OUTPUT/BaseLib.lib(RShiftU64.obj)
                              FrontPage.obj (symbol from plugin) (RShiftU64)
/home/j0sh1x/Lg_G7_ThinQ_Edk2/edk2_LG_G7_THINQ/workspace/Build/LgG7ThinQPkg/DEBUG_GCC5/AARCH64/MdePkg/Library/BaseLib/BaseLib/OUTPUT/BaseLib.lib(CpuDeadLoop.obj)
                              BaseStackCheckGcc.obj (symbol from plugin) (CpuDeadLoop)
/home/j0sh1x/Lg_G7_ThinQ_Edk2/edk2_LG_G7_THINQ/workspace/Build/LgG7ThinQPkg/DEBUG_GCC5/AARCH64/MdePkg/Library/BaseLib/BaseLib/OUTPUT/BaseLib.lib(SafeString.obj)
                              FrontPage.obj (symbol from plugin) (StrnLenS)
/home/j0sh1x/Lg_G7_ThinQ_Edk2/edk2_LG_G7_THINQ/workspace/Build/LgG7ThinQPkg/DEBUG_GCC5/AARCH64/MdePkg/Library/BaseLib/BaseLib/OUTPUT/BaseLib.lib(String.obj)
                              SafeString.obj (symbol from plugin) (InternalIsDecimalDigitCharacter)
/home/j0sh1x/Lg_G7_ThinQ_Edk2/edk2_LG_G7_THINQ/workspace/Build/LgG7ThinQPkg/DEBUG_GCC5/AARCH64/MdePkg/Library/BaseLib/BaseLib/OUTPUT/BaseLib.lib(Math64.obj)
                              RShiftU64.obj (symbol from plugin) (InternalMathRShiftU64)
/home/j0sh1x/Lg_G7_ThinQ_Edk2/edk2_LG_G7_THINQ/workspace/Build/LgG7ThinQPkg/DEBUG_GCC5/AARCH64/MdePkg/Library/BaseLib/BaseLib/OUTPUT/BaseLib.lib(CpuBreakpoint.obj)
                              BaseStackCheckGcc.obj (symbol from plugin) (CpuBreakpoint)
/home/j0sh1x/Lg_G7_ThinQ_Edk2/edk2_LG_G7_THINQ/workspace/Build/LgG7ThinQPkg/DEBUG_GCC5/AARCH64/MdePkg/Library/BaseLib/BaseLib/OUTPUT/BaseLib.lib(SwapBytes32.obj)
                              SafeString.obj (symbol from plugin) (SwapBytes32)
/home/j0sh1x/Lg_G7_ThinQ_Edk2/edk2_LG_G7_THINQ/workspace/Build/LgG7ThinQPkg/DEBUG_GCC5/AARCH64/MdePkg/Library/BaseLib/BaseLib/OUTPUT/BaseLib.lib(SwapBytes16.obj)
                              SafeString.obj (symbol from plugin) (SwapBytes16)
/home/j0sh1x/Lg_G7_ThinQ_Edk2/edk2_LG_G7_THINQ/workspace/Build/LgG7ThinQPkg/DEBUG_GCC5/AARCH64/MdePkg/Library/BaseLib/BaseLib/OUTPUT/BaseLib.lib(MultU64x32.obj)
                              SafeString.obj (symbol from plugin) (MultU64x32)
/home/j0sh1x/Lg_G7_ThinQ_Edk2/edk2_LG_G7_THINQ/workspace/Build/LgG7ThinQPkg/DEBUG_GCC5/AARCH64/MdePkg/Library/BaseLib/BaseLib/OUTPUT/BaseLib.lib(LShiftU64.obj)
                              SafeString.obj (symbol from plugin) (LShiftU64)
/home/j0sh1x/Lg_G7_ThinQ_Edk2/edk2_LG_G7_THINQ/workspace/Build/LgG7ThinQPkg/DEBUG_GCC5/AARCH64/MdePkg/Library/BaseLib/BaseLib/OUTPUT/BaseLib.lib(DivU64x32.obj)
                              SafeString.obj (symbol from plugin) (DivU64x32)
/home/j0sh1x/Lg_G7_ThinQ_Edk2/edk2_LG_G7_THINQ/workspace/Build/LgG7ThinQPkg/DEBUG_GCC5/AARCH64/MdePkg/Library/BasePrintLib/BasePrintLib/OUTPUT/BasePrintLib.lib(PrintLib.obj)
                              FrontPage.obj (symbol from plugin) (UnicodeValueToStringS)
/home/j0sh1x/Lg_G7_ThinQ_Edk2/edk2_LG_G7_THINQ/workspace/Build/LgG7ThinQPkg/DEBUG_GCC5/AARCH64/MdePkg/Library/BasePrintLib/BasePrintLib/OUTPUT/BasePrintLib.lib(PrintLibInternal.obj)
                              PrintLib.obj (symbol from plugin) (BasePrintLibConvertValueToString)
/home/j0sh1x/Lg_G7_ThinQ_Edk2/edk2_LG_G7_THINQ/workspace/Build/LgG7ThinQPkg/DEBUG_GCC5/AARCH64/MdePkg/Library/BaseDebugLibSerialPort/BaseDebugLibSerialPort/OUTPUT/BaseDebugLibSerialPort.lib(DebugLib.obj)
                              AutoGen.obj (symbol from plugin) (BaseDebugLibSerialPortConstructor)
/home/j0sh1x/Lg_G7_ThinQ_Edk2/edk2_LG_G7_THINQ/workspace/Build/LgG7ThinQPkg/DEBUG_GCC5/AARCH64/MdePkg/Library/UefiMemoryAllocationLib/UefiMemoryAllocationLib/OUTPUT/UefiMemoryAllocationLib.lib(MemoryAllocationLib.obj)
                              FrontPage.obj (symbol from plugin) (AllocatePool)
/home/j0sh1x/Lg_G7_ThinQ_Edk2/edk2_LG_G7_THINQ/workspace/Build/LgG7ThinQPkg/DEBUG_GCC5/AARCH64/MdePkg/Library/UefiBootServicesTableLib/UefiBootServicesTableLib/OUTPUT/UefiBootServicesTableLib.lib(UefiBootServicesTableLib.obj)
                              AutoGen.obj (symbol from plugin) (UefiBootServicesTableLibConstructor)
/home/j0sh1x/Lg_G7_ThinQ_Edk2/edk2_LG_G7_THINQ/workspace/Build/LgG7ThinQPkg/DEBUG_GCC5/AARCH64/MdePkg/Library/UefiRuntimeServicesTableLib/UefiRuntimeServicesTableLib/OUTPUT/UefiRuntimeServicesTableLib.lib(UefiRuntimeServicesTableLib.obj)
                              AutoGen.obj (symbol from plugin) (UefiRuntimeServicesTableLibConstructor)
/home/j0sh1x/Lg_G7_ThinQ_Edk2/edk2_LG_G7_THINQ/workspace/Build/LgG7ThinQPkg/DEBUG_GCC5/AARCH64/MdePkg/Library/UefiDevicePathLib/UefiDevicePathLib/OUTPUT/UefiDevicePathLib.lib(DevicePathUtilities.obj)
                              FrontPageCustomizedUiSupport.obj (symbol from plugin) (DevicePathFromHandle)
/home/j0sh1x/Lg_G7_ThinQ_Edk2/edk2_LG_G7_THINQ/workspace/Build/LgG7ThinQPkg/DEBUG_GCC5/AARCH64/MdePkg/Library/UefiDevicePathLib/UefiDevicePathLib/OUTPUT/UefiDevicePathLib.lib(UefiDevicePathLib.obj)
                              DevicePathUtilities.obj (symbol from plugin) (GetDevicePathSize)
/home/j0sh1x/Lg_G7_ThinQ_Edk2/edk2_LG_G7_THINQ/workspace/Build/LgG7ThinQPkg/DEBUG_GCC5/AARCH64/MdePkg/Library/UefiDevicePathLib/UefiDevicePathLib/OUTPUT/UefiDevicePathLib.lib(DevicePathToText.obj)
                              UefiDevicePathLib.obj (symbol from plugin) (UefiDevicePathLibConvertDeviceNodeToText)
/home/j0sh1x/Lg_G7_ThinQ_Edk2/edk2_LG_G7_THINQ/workspace/Build/LgG7ThinQPkg/DEBUG_GCC5/AARCH64/MdePkg/Library/UefiDevicePathLib/UefiDevicePathLib/OUTPUT/UefiDevicePathLib.lib(DevicePathFromText.obj)
                              UefiDevicePathLib.obj (symbol from plugin) (UefiDevicePathLibConvertTextToDeviceNode)
/home/j0sh1x/Lg_G7_ThinQ_Edk2/edk2_LG_G7_THINQ/workspace/Build/LgG7ThinQPkg/DEBUG_GCC5/AARCH64/MdePkg/Library/UefiLib/UefiLib/OUTPUT/UefiLib.lib(Console.obj)
                              FrontPage.obj (symbol from plugin) (CreatePopUp)
/home/j0sh1x/Lg_G7_ThinQ_Edk2/edk2_LG_G7_THINQ/workspace/Build/LgG7ThinQPkg/DEBUG_GCC5/AARCH64/MdePkg/Library/UefiLib/UefiLib/OUTPUT/UefiLib.lib(UefiLib.obj)
                              AutoGen.obj (symbol from plugin) (UefiLibConstructor)
/home/j0sh1x/Lg_G7_ThinQ_Edk2/edk2_LG_G7_THINQ/workspace/Build/LgG7ThinQPkg/DEBUG_GCC5/AARCH64/MdePkg/Library/DxeHobLib/DxeHobLib/OUTPUT/DxeHobLib.lib(HobLib.obj)
                              AutoGen.obj (symbol from plugin) (HobLibConstructor)
/home/j0sh1x/Lg_G7_ThinQ_Edk2/edk2_LG_G7_THINQ/workspace/Build/LgG7ThinQPkg/DEBUG_GCC5/AARCH64/MdeModulePkg/Library/UefiHiiServicesLib/UefiHiiServicesLib/OUTPUT/UefiHiiServicesLib.lib(UefiHiiServicesLib.obj)
                              AutoGen.obj (symbol from plugin) (UefiHiiServicesLibConstructor)
/home/j0sh1x/Lg_G7_ThinQ_Edk2/edk2_LG_G7_THINQ/workspace/Build/LgG7ThinQPkg/DEBUG_GCC5/AARCH64/MdePkg/Library/DxeServicesTableLib/DxeServicesTableLib/OUTPUT/DxeServicesTableLib.lib(DxeServicesTableLib.obj)
                              AutoGen.obj (symbol from plugin) (DxeServicesTableLibConstructor)
/home/j0sh1x/Lg_G7_ThinQ_Edk2/edk2_LG_G7_THINQ/workspace/Build/LgG7ThinQPkg/DEBUG_GCC5/AARCH64/MdeModulePkg/Library/UefiHiiLib/UefiHiiLib/OUTPUT/UefiHiiLib.lib(HiiLib.obj)
                              FrontPage.obj (symbol from plugin) (HiiAddPackages)
/home/j0sh1x/Lg_G7_ThinQ_Edk2/edk2_LG_G7_THINQ/workspace/Build/LgG7ThinQPkg/DEBUG_GCC5/AARCH64/MdeModulePkg/Library/UefiHiiLib/UefiHiiLib/OUTPUT/UefiHiiLib.lib(HiiString.obj)
                              FrontPage.obj (symbol from plugin) (HiiSetString)
/home/j0sh1x/Lg_G7_ThinQ_Edk2/edk2_LG_G7_THINQ/workspace/Build/LgG7ThinQPkg/DEBUG_GCC5/AARCH64/MdeModulePkg/Library/UefiHiiLib/UefiHiiLib/OUTPUT/UefiHiiLib.lib(HiiLanguage.obj)
                              HiiString.obj (symbol from plugin) (HiiGetSupportedLanguages)
/home/j0sh1x/Lg_G7_ThinQ_Edk2/edk2_LG_G7_THINQ/workspace/Build/LgG7ThinQPkg/DEBUG_GCC5/AARCH64/MdeModulePkg/Library/DxeReportStatusCodeLib/DxeReportStatusCodeLib/OUTPUT/DxeReportStatusCodeLib.lib(ReportStatusCodeLib.obj)
                              FrontPage.obj (symbol from plugin) (ReportProgressCodeEnabled)
/home/j0sh1x/Lg_G7_ThinQ_Edk2/edk2_LG_G7_THINQ/workspace/Build/LgG7ThinQPkg/DEBUG_GCC5/AARCH64/MdeModulePkg/Library/UefiBootManagerLib/UefiBootManagerLib/OUTPUT/UefiBootManagerLib.lib(BmConnect.obj)
                              FrontPage.obj (symbol from plugin) (EfiBootManagerConnectAll)
/home/j0sh1x/Lg_G7_ThinQ_Edk2/edk2_LG_G7_THINQ/workspace/Build/LgG7ThinQPkg/DEBUG_GCC5/AARCH64/MdeModulePkg/Library/UefiBootManagerLib/UefiBootManagerLib/OUTPUT/UefiBootManagerLib.lib(BmConsole.obj)
                              BmConnect.obj (symbol from plugin) (EfiBootManagerConnectAllDefaultConsoles)
/home/j0sh1x/Lg_G7_ThinQ_Edk2/edk2_LG_G7_THINQ/workspace/Build/LgG7ThinQPkg/DEBUG_GCC5/AARCH64/MdeModulePkg/Library/UefiBootManagerLib/UefiBootManagerLib/OUTPUT/UefiBootManagerLib.lib(BmBoot.obj)
                              FrontPage.obj (symbol from plugin) (EfiBootManagerRefreshAllBootOption)
/home/j0sh1x/Lg_G7_ThinQ_Edk2/edk2_LG_G7_THINQ/workspace/Build/LgG7ThinQPkg/DEBUG_GCC5/AARCH64/MdeModulePkg/Library/UefiBootManagerLib/UefiBootManagerLib/OUTPUT/UefiBootManagerLib.lib(BmBootDescription.obj)
                              BmBoot.obj (symbol from plugin) (BmGetBootDescription)
/home/j0sh1x/Lg_G7_ThinQ_Edk2/edk2_LG_G7_THINQ/workspace/Build/LgG7ThinQPkg/DEBUG_GCC5/AARCH64/MdeModulePkg/Library/UefiBootManagerLib/UefiBootManagerLib/OUTPUT/UefiBootManagerLib.lib(BmLoadOption.obj)
                              BmBoot.obj (symbol from plugin) (mBmLoadOptionName)
/home/j0sh1x/Lg_G7_ThinQ_Edk2/edk2_LG_G7_THINQ/workspace/Build/LgG7ThinQPkg/DEBUG_GCC5/AARCH64/MdeModulePkg/Library/UefiBootManagerLib/UefiBootManagerLib/OUTPUT/UefiBootManagerLib.lib(BmHotkey.obj)
                              BmBoot.obj (symbol from plugin) (BmStopHotkeyService)
/home/j0sh1x/Lg_G7_ThinQ_Edk2/edk2_LG_G7_THINQ/workspace/Build/LgG7ThinQPkg/DEBUG_GCC5/AARCH64/MdeModulePkg/Library/UefiBootManagerLib/UefiBootManagerLib/OUTPUT/UefiBootManagerLib.lib(BmDriverHealth.obj)
                              BmBoot.obj (symbol from plugin) (BmRepairAllControllers)
/home/j0sh1x/Lg_G7_ThinQ_Edk2/edk2_LG_G7_THINQ/workspace/Build/LgG7ThinQPkg/DEBUG_GCC5/AARCH64/MdeModulePkg/Library/UefiBootManagerLib/UefiBootManagerLib/OUTPUT/UefiBootManagerLib.lib(BmMisc.obj)
                              BmConsole.obj (symbol from plugin) (BmDelPartMatchInstance)
/home/j0sh1x/Lg_G7_ThinQ_Edk2/edk2_LG_G7_THINQ/workspace/Build/LgG7ThinQPkg/DEBUG_GCC5/AARCH64/MdeModulePkg/Library/FileExplorerLib/FileExplorerLib/OUTPUT/FileExplorerLib.lib(FileExplorer.obj)
                              AutoGen.obj (symbol from plugin) (FileExplorerLibConstructor)
/home/j0sh1x/Lg_G7_ThinQ_Edk2/edk2_LG_G7_THINQ/workspace/Build/LgG7ThinQPkg/DEBUG_GCC5/AARCH64/MdeModulePkg/Library/FileExplorerLib/FileExplorerLib/OUTPUT/FileExplorerLib.lib(AutoGen.obj)
                              FileExplorer.obj (symbol from plugin) (FileExplorerLibStrings)
/home/j0sh1x/Lg_G7_ThinQ_Edk2/edk2_LG_G7_THINQ/workspace/Build/LgG7ThinQPkg/DEBUG_GCC5/AARCH64/MdeModulePkg/Library/FileExplorerLib/FileExplorerLib/OUTPUT/FileExplorerLib.lib(FileExplorerVfr.obj)
                              FileExplorer.obj (symbol from plugin) (FileExplorerVfrBin)
/home/j0sh1x/Lg_G7_ThinQ_Edk2/edk2_LG_G7_THINQ/workspace/Build/LgG7ThinQPkg/DEBUG_GCC5/AARCH64/MdeModulePkg/Library/DeviceManagerUiLib/DeviceManagerUiLib/OUTPUT/DeviceManagerUiLib.lib(DeviceManager.obj)
                              AutoGen.obj (symbol from plugin) (DeviceManagerUiLibConstructor)
/home/j0sh1x/Lg_G7_ThinQ_Edk2/edk2_LG_G7_THINQ/workspace/Build/LgG7ThinQPkg/DEBUG_GCC5/AARCH64/MdeModulePkg/Library/DeviceManagerUiLib/DeviceManagerUiLib/OUTPUT/DeviceManagerUiLib.lib(AutoGen.obj)
                              DeviceManager.obj (symbol from plugin) (DeviceManagerUiLibStrings)
/home/j0sh1x/Lg_G7_ThinQ_Edk2/edk2_LG_G7_THINQ/workspace/Build/LgG7ThinQPkg/DEBUG_GCC5/AARCH64/MdeModulePkg/Library/DeviceManagerUiLib/DeviceManagerUiLib/OUTPUT/DeviceManagerUiLib.lib(DeviceManagerVfr.obj)
                              DeviceManager.obj (symbol from plugin) (DeviceManagerVfrBin)
/home/j0sh1x/Lg_G7_ThinQ_Edk2/edk2_LG_G7_THINQ/workspace/Build/LgG7ThinQPkg/DEBUG_GCC5/AARCH64/MdeModulePkg/Library/BootManagerUiLib/BootManagerUiLib/OUTPUT/BootManagerUiLib.lib(BootManager.obj)
                              AutoGen.obj (symbol from plugin) (BootManagerUiLibConstructor)
/home/j0sh1x/Lg_G7_ThinQ_Edk2/edk2_LG_G7_THINQ/workspace/Build/LgG7ThinQPkg/DEBUG_GCC5/AARCH64/MdeModulePkg/Library/BootManagerUiLib/BootManagerUiLib/OUTPUT/BootManagerUiLib.lib(AutoGen.obj)
                              BootManager.obj (symbol from plugin) (BootManagerUiLibStrings)
/home/j0sh1x/Lg_G7_ThinQ_Edk2/edk2_LG_G7_THINQ/workspace/Build/LgG7ThinQPkg/DEBUG_GCC5/AARCH64/MdeModulePkg/Library/BootManagerUiLib/BootManagerUiLib/OUTPUT/BootManagerUiLib.lib(BootManagerVfr.obj)
                              BootManager.obj (symbol from plugin) (BootManagerVfrBin)
/home/j0sh1x/Lg_G7_ThinQ_Edk2/edk2_LG_G7_THINQ/workspace/Build/LgG7ThinQPkg/DEBUG_GCC5/AARCH64/MdeModulePkg/Library/BootMaintenanceManagerUiLib/BootMaintenanceManagerUiLib/OUTPUT/BootMaintenanceManagerUiLib.lib(BootMaintenance.obj)
                              AutoGen.obj (symbol from plugin) (BootMaintenanceManagerUiLibConstructor)
/home/j0sh1x/Lg_G7_ThinQ_Edk2/edk2_LG_G7_THINQ/workspace/Build/LgG7ThinQPkg/DEBUG_GCC5/AARCH64/MdeModulePkg/Library/BootMaintenanceManagerUiLib/BootMaintenanceManagerUiLib/OUTPUT/BootMaintenanceManagerUiLib.lib(BootOption.obj)
                              BootMaintenance.obj (symbol from plugin) (BOpt_GetMenuEntry)
/home/j0sh1x/Lg_G7_ThinQ_Edk2/edk2_LG_G7_THINQ/workspace/Build/LgG7ThinQPkg/DEBUG_GCC5/AARCH64/MdeModulePkg/Library/BootMaintenanceManagerUiLib/BootMaintenanceManagerUiLib/OUTPUT/BootMaintenanceManagerUiLib.lib(ConsoleOption.obj)
                              BootMaintenance.obj (symbol from plugin) (ChangeTerminalDevicePath)
/home/j0sh1x/Lg_G7_ThinQ_Edk2/edk2_LG_G7_THINQ/workspace/Build/LgG7ThinQPkg/DEBUG_GCC5/AARCH64/MdeModulePkg/Library/BootMaintenanceManagerUiLib/BootMaintenanceManagerUiLib/OUTPUT/BootMaintenanceManagerUiLib.lib(Data.obj)
                              ConsoleOption.obj (symbol from plugin) (TerminalTypeGuid)
/home/j0sh1x/Lg_G7_ThinQ_Edk2/edk2_LG_G7_THINQ/workspace/Build/LgG7ThinQPkg/DEBUG_GCC5/AARCH64/MdeModulePkg/Library/BootMaintenanceManagerUiLib/BootMaintenanceManagerUiLib/OUTPUT/BootMaintenanceManagerUiLib.lib(Variable.obj)
                              BootMaintenance.obj (symbol from plugin) (Var_DelBootOption)
/home/j0sh1x/Lg_G7_ThinQ_Edk2/edk2_LG_G7_THINQ/workspace/Build/LgG7ThinQPkg/DEBUG_GCC5/AARCH64/MdeModulePkg/Library/BootMaintenanceManagerUiLib/BootMaintenanceManagerUiLib/OUTPUT/BootMaintenanceManagerUiLib.lib(UpdatePage.obj)
                              BootMaintenance.obj (symbol from plugin) (CreateUpdateData)
/home/j0sh1x/Lg_G7_ThinQ_Edk2/edk2_LG_G7_THINQ/workspace/Build/LgG7ThinQPkg/DEBUG_GCC5/AARCH64/MdeModulePkg/Library/BootMaintenanceManagerUiLib/BootMaintenanceManagerUiLib/OUTPUT/BootMaintenanceManagerUiLib.lib(BmLib.obj)
                              Variable.obj (symbol from plugin) (EfiLibDeleteVariable)
/home/j0sh1x/Lg_G7_ThinQ_Edk2/edk2_LG_G7_THINQ/workspace/Build/LgG7ThinQPkg/DEBUG_GCC5/AARCH64/MdeModulePkg/Library/BootMaintenanceManagerUiLib/BootMaintenanceManagerUiLib/OUTPUT/BootMaintenanceManagerUiLib.lib(BootMaintenanceManagerCustomizedUi.obj)
                              BootMaintenance.obj (symbol from plugin) (UiCustomizeBMMPage)
/home/j0sh1x/Lg_G7_ThinQ_Edk2/edk2_LG_G7_THINQ/workspace/Build/LgG7ThinQPkg/DEBUG_GCC5/AARCH64/MdeModulePkg/Library/BootMaintenanceManagerUiLib/BootMaintenanceManagerUiLib/OUTPUT/BootMaintenanceManagerUiLib.lib(BootMaintenanceManagerCustomizedUiSupport.obj)
                              BootMaintenanceManagerCustomizedUi.obj (symbol from plugin) (BmmCreateBootNextMenu)
/home/j0sh1x/Lg_G7_ThinQ_Edk2/edk2_LG_G7_THINQ/workspace/Build/LgG7ThinQPkg/DEBUG_GCC5/AARCH64/MdeModulePkg/Library/BootMaintenanceManagerUiLib/BootMaintenanceManagerUiLib/OUTPUT/BootMaintenanceManagerUiLib.lib(AutoGen.obj)
                              BootMaintenance.obj (symbol from plugin) (BootMaintenanceManagerUiLibStrings)
/home/j0sh1x/Lg_G7_ThinQ_Edk2/edk2_LG_G7_THINQ/workspace/Build/LgG7ThinQPkg/DEBUG_GCC5/AARCH64/MdeModulePkg/Library/BootMaintenanceManagerUiLib/BootMaintenanceManagerUiLib/OUTPUT/BootMaintenanceManagerUiLib.lib(BootMaintenanceManager.obj)
                              BootMaintenance.obj (symbol from plugin) (BootMaintenanceManagerBin)
/home/j0sh1x/Lg_G7_ThinQ_Edk2/edk2_LG_G7_THINQ/workspace/Build/LgG7ThinQPkg/DEBUG_GCC5/AARCH64/MdePkg/Library/BaseMemoryLibOptDxe/BaseMemoryLibOptDxe/OUTPUT/BaseMemoryLibOptDxe.lib(ZeroMemWrapper.obj)
                              SafeString.obj (symbol from plugin) (ZeroMem)
/home/j0sh1x/Lg_G7_ThinQ_Edk2/edk2_LG_G7_THINQ/workspace/Build/LgG7ThinQPkg/DEBUG_GCC5/AARCH64/MdePkg/Library/BaseMemoryLibOptDxe/BaseMemoryLibOptDxe/OUTPUT/BaseMemoryLibOptDxe.lib(CompareMemWrapper.obj)
                              HiiLib.obj (symbol from plugin) (CompareMem)
/home/j0sh1x/Lg_G7_ThinQ_Edk2/edk2_LG_G7_THINQ/workspace/Build/LgG7ThinQPkg/DEBUG_GCC5/AARCH64/MdePkg/Library/BaseMemoryLibOptDxe/BaseMemoryLibOptDxe/OUTPUT/BaseMemoryLibOptDxe.lib(SetMem16Wrapper.obj)
                              Console.obj (symbol from plugin) (SetMem16)
/home/j0sh1x/Lg_G7_ThinQ_Edk2/edk2_LG_G7_THINQ/workspace/Build/LgG7ThinQPkg/DEBUG_GCC5/AARCH64/MdePkg/Library/BaseMemoryLibOptDxe/BaseMemoryLibOptDxe/OUTPUT/BaseMemoryLibOptDxe.lib(SetMemWrapper.obj)
                              DebugLib.obj (symbol from plugin) (SetMem)
/home/j0sh1x/Lg_G7_ThinQ_Edk2/edk2_LG_G7_THINQ/workspace/Build/LgG7ThinQPkg/DEBUG_GCC5/AARCH64/MdePkg/Library/BaseMemoryLibOptDxe/BaseMemoryLibOptDxe/OUTPUT/BaseMemoryLibOptDxe.lib(IsZeroBufferWrapper.obj)
                              FileExplorer.obj (symbol from plugin) (IsZeroBuffer)
/home/j0sh1x/Lg_G7_ThinQ_Edk2/edk2_LG_G7_THINQ/workspace/Build/LgG7ThinQPkg/DEBUG_GCC5/AARCH64/MdePkg/Library/BaseMemoryLibOptDxe/BaseMemoryLibOptDxe/OUTPUT/BaseMemoryLibOptDxe.lib(SetMem.obj)
                              SetMem16Wrapper.obj (symbol from plugin) (InternalMemSetMem16)
/home/j0sh1x/Lg_G7_ThinQ_Edk2/edk2_LG_G7_THINQ/workspace/Build/LgG7ThinQPkg/DEBUG_GCC5/AARCH64/MdePkg/Library/BaseMemoryLibOptDxe/BaseMemoryLibOptDxe/OUTPUT/BaseMemoryLibOptDxe.lib(CompareMem.obj)
                              CompareMemWrapper.obj (symbol from plugin) (InternalMemCompareMem)
/home/j0sh1x/Lg_G7_ThinQ_Edk2/edk2_LG_G7_THINQ/workspace/Build/LgG7ThinQPkg/DEBUG_GCC5/AARCH64/MdePkg/Library/BaseMemoryLibOptDxe/BaseMemoryLibOptDxe/OUTPUT/BaseMemoryLibOptDxe.lib(ScanMemGeneric.obj)
                              IsZeroBufferWrapper.obj (symbol from plugin) (InternalMemIsZeroBuffer)
/home/j0sh1x/Lg_G7_ThinQ_Edk2/edk2_LG_G7_THINQ/workspace/Build/LgG7ThinQPkg/DEBUG_GCC5/AARCH64/MdePkg/Library/BaseMemoryLibOptDxe/BaseMemoryLibOptDxe/OUTPUT/BaseMemoryLibOptDxe.lib(SetMem64Wrapper.obj)
                              SetMemWrapper.obj (symbol from plugin) (SetMem64)
/home/j0sh1x/Lg_G7_ThinQ_Edk2/edk2_LG_G7_THINQ/workspace/Build/LgG7ThinQPkg/DEBUG_GCC5/AARCH64/MdePkg/Library/BaseLib/BaseLib/OUTPUT/BaseLib.lib(SwapBytes64.obj)
                              DevicePathFromText.obj (symbol from plugin) (SwapBytes64)
/home/j0sh1x/Lg_G7_ThinQ_Edk2/edk2_LG_G7_THINQ/workspace/Build/LgG7ThinQPkg/DEBUG_GCC5/AARCH64/MdePkg/Library/BaseLib/BaseLib/OUTPUT/BaseLib.lib(LowBitSet32.obj)
                              BmHotkey.obj (symbol from plugin) (LowBitSet32)
/home/j0sh1x/Lg_G7_ThinQ_Edk2/edk2_LG_G7_THINQ/workspace/Build/LgG7ThinQPkg/DEBUG_GCC5/AARCH64/MdePkg/Library/BaseLib/BaseLib/OUTPUT/BaseLib.lib(DivU64x32Remainder.obj)
                              PrintLibInternal.obj (symbol from plugin) (DivU64x32Remainder)
/home/j0sh1x/Lg_G7_ThinQ_Edk2/edk2_LG_G7_THINQ/workspace/Build/LgG7ThinQPkg/DEBUG_GCC5/AARCH64/MdePkg/Library/BaseLib/BaseLib/OUTPUT/BaseLib.lib(BitField.obj)
                              HiiLib.obj (symbol from plugin) (BitFieldRead32)
/home/j0sh1x/Lg_G7_ThinQ_Edk2/edk2_LG_G7_THINQ/workspace/Build/LgG7ThinQPkg/DEBUG_GCC5/AARCH64/MdePkg/Library/BaseLib/BaseLib/OUTPUT/BaseLib.lib(LinkedList.obj)
                              HiiLib.obj (symbol from plugin) (InitializeListHead)
/home/j0sh1x/Lg_G7_ThinQ_Edk2/edk2_LG_G7_THINQ/workspace/Build/LgG7ThinQPkg/DEBUG_GCC5/AARCH64/MdePkg/Library/BaseLib/BaseLib/OUTPUT/BaseLib.lib(Unaligned.obj)
                              PrintLibInternal.obj (symbol from plugin) (ReadUnaligned16)
/home/j0sh1x/Lg_G7_ThinQ_Edk2/edk2_LG_G7_THINQ/workspace/Build/LgG7ThinQPkg/DEBUG_GCC5/AARCH64/MdePkg/Library/BaseDebugPrintErrorLevelLib/BaseDebugPrintErrorLevelLib/OUTPUT/BaseDebugPrintErrorLevelLib.lib(BaseDebugPrintErrorLevelLib.obj)
                              DebugLib.obj (symbol from plugin) (GetDebugPrintErrorLevel)
/home/j0sh1x/Lg_G7_ThinQ_Edk2/edk2_LG_G7_THINQ/workspace/Build/LgG7ThinQPkg/DEBUG_GCC5/AARCH64/LgG7ThinQPkg/Library/FrameBufferSerialPortLib/FrameBufferSerialPortLib/OUTPUT/FrameBufferSerialPortLib.lib(FrameBufferSerialPortLib.obj)
                              DebugLib.obj (symbol from plugin) (SerialPortInitialize)
/home/j0sh1x/Lg_G7_ThinQ_Edk2/edk2_LG_G7_THINQ/workspace/Build/LgG7ThinQPkg/DEBUG_GCC5/AARCH64/MdePkg/Library/UefiLib/UefiLib/OUTPUT/UefiLib.lib(UefiLibPrint.obj)
                              BmDriverHealth.obj (symbol from plugin) (Print)
/home/j0sh1x/Lg_G7_ThinQ_Edk2/edk2_LG_G7_THINQ/workspace/Build/LgG7ThinQPkg/DEBUG_GCC5/AARCH64/MdePkg/Library/UefiLib/UefiLib/OUTPUT/UefiLib.lib(UefiNotTiano.obj)
                              BmBoot.obj (symbol from plugin) (EfiCreateEventLegacyBootEx)
/home/j0sh1x/Lg_G7_ThinQ_Edk2/edk2_LG_G7_THINQ/workspace/Build/LgG7ThinQPkg/DEBUG_GCC5/AARCH64/MdeModulePkg/Library/UefiSortLib/UefiSortLib/OUTPUT/UefiSortLib.lib(UefiSortLib.obj)
                              BmLoadOption.obj (symbol from plugin) (PerformQuickSort)
/home/j0sh1x/Lg_G7_ThinQ_Edk2/edk2_LG_G7_THINQ/workspace/Build/LgG7ThinQPkg/DEBUG_GCC5/AARCH64/MdePkg/Library/DxeServicesLib/DxeServicesLib/OUTPUT/DxeServicesLib.lib(DxeServicesLib.obj)
                              BmBoot.obj (symbol from plugin) (GetSectionFromFv)
/home/j0sh1x/Lg_G7_ThinQ_Edk2/edk2_LG_G7_THINQ/workspace/Build/LgG7ThinQPkg/DEBUG_GCC5/AARCH64/MdeModulePkg/Library/DxePerformanceLib/DxePerformanceLib/OUTPUT/DxePerformanceLib.lib(DxePerformanceLib.obj)
                              BmBoot.obj (symbol from plugin) (StartPerformanceMeasurementEx)
/home/j0sh1x/Lg_G7_ThinQ_Edk2/edk2_LG_G7_THINQ/workspace/Build/LgG7ThinQPkg/DEBUG_GCC5/AARCH64/ArmPkg/Library/ArmLib/ArmBaseLib/OUTPUT/ArmBaseLib.lib(ArmLibSupport.obj)
                              FrameBufferSerialPortLib.obj (symbol from plugin) (ArmGetInterruptState)
/home/j0sh1x/Lg_G7_ThinQ_Edk2/edk2_LG_G7_THINQ/workspace/Build/LgG7ThinQPkg/DEBUG_GCC5/AARCH64/ArmPkg/Library/ArmLib/ArmBaseLib/OUTPUT/ArmBaseLib.lib(ArmLibSupportV8.obj)
                              FrameBufferSerialPortLib.obj (symbol from plugin) (ArmEnableInterrupts)
/home/j0sh1x/Lg_G7_ThinQ_Edk2/edk2_LG_G7_THINQ/workspace/Build/LgG7ThinQPkg/DEBUG_GCC5/AARCH64/ArmPkg/Library/ArmCacheMaintenanceLib/ArmCacheMaintenanceLib/OUTPUT/ArmCacheMaintenanceLib.lib(ArmCacheMaintenanceLib.obj)
                              FrameBufferSerialPortLib.obj (symbol from plugin) (WriteBackInvalidateDataCacheRange)
/home/j0sh1x/Lg_G7_ThinQ_Edk2/edk2_LG_G7_THINQ/workspace/Build/LgG7ThinQPkg/DEBUG_GCC5/AARCH64/ArmPkg/Library/ArmLib/ArmBaseLib/OUTPUT/ArmBaseLib.lib(ArmLib.obj)
                              ArmCacheMaintenanceLib.obj (symbol from plugin) (ArmDataCacheLineLength)
/home/j0sh1x/Lg_G7_ThinQ_Edk2/edk2_LG_G7_THINQ/workspace/Build/LgG7ThinQPkg/DEBUG_GCC5/AARCH64/ArmPkg/Library/ArmLib/ArmBaseLib/OUTPUT/ArmBaseLib.lib(AArch64Support.obj)
                              ArmCacheMaintenanceLib.obj (symbol from plugin) (ArmInvalidateDataCacheEntryByMVA)

Discarded input sections

 .text          0x0000000000000000       0x10 /home/j0sh1x/Lg_G7_ThinQ_Edk2/edk2/ArmPkg/Library/GccLto/liblto-aarch64.a
 .data          0x0000000000000000        0x0 /home/j0sh1x/Lg_G7_ThinQ_Edk2/edk2/ArmPkg/Library/GccLto/liblto-aarch64.a
 .bss           0x0000000000000000        0x0 /home/j0sh1x/Lg_G7_ThinQ_Edk2/edk2/ArmPkg/Library/GccLto/liblto-aarch64.a
 .text          0x0000000000000000        0x0 /tmp/UiApp.dll.XMj2sU.ltrans0.ltrans.o
 .data          0x0000000000000000        0x0 /tmp/UiApp.dll.XMj2sU.ltrans0.ltrans.o
 .bss           0x0000000000000000        0x0 /tmp/UiApp.dll.XMj2sU.ltrans0.ltrans.o
 .rodata.IsNodeInList.str1.1
                0x0000000000000000       0x44 /tmp/UiApp.dll.XMj2sU.ltrans0.ltrans.o
 .text.IsNodeInList
                0x0000000000000000       0xa0 /tmp/UiApp.dll.XMj2sU.ltrans0.ltrans.o
 .text.ReportStatusCode.constprop.0
                0x0000000000000000        0x8 /tmp/UiApp.dll.XMj2sU.ltrans0.ltrans.o
 .rodata._gPcd_FixedAtBuild_PcdDebugPropertyMask
                0x0000000000000000        0x1 /tmp/UiApp.dll.XMj2sU.ltrans0.ltrans.o
 .rodata._gPcd_FixedAtBuild_PcdMaximumUnicodeStringLength
                0x0000000000000000        0x4 /tmp/UiApp.dll.XMj2sU.ltrans0.ltrans.o
 .rodata._gPcd_FixedAtBuild_PcdPerformanceLibraryPropertyMask
                0x0000000000000000        0x1 /tmp/UiApp.dll.XMj2sU.ltrans0.ltrans.o
 .rodata._gPcd_FixedAtBuild_PcdReportStatusCodePropertyMask
                0x0000000000000000        0x1 /tmp/UiApp.dll.XMj2sU.ltrans0.ltrans.o
 .rodata._gPcd_FixedAtBuild_PcdResetOnMemoryTypeInformationChange
                0x0000000000000000        0x1 /tmp/UiApp.dll.XMj2sU.ltrans0.ltrans.o
 .rodata.gHeight
                0x0000000000000000        0x8 /tmp/UiApp.dll.XMj2sU.ltrans0.ltrans.o
 .rodata.gWidth
                0x0000000000000000        0x8 /tmp/UiApp.dll.XMj2sU.ltrans0.ltrans.o
 .rodata.mBmmCallbackInfo
                0x0000000000000000        0x8 /tmp/UiApp.dll.XMj2sU.ltrans0.ltrans.o
 .comment       0x0000000000000000       0x2d /tmp/UiApp.dll.XMj2sU.ltrans0.ltrans.o
 .note.GNU-stack
                0x0000000000000000        0x0 /tmp/UiApp.dll.XMj2sU.ltrans0.ltrans.o
 .text          0x0000000000000000        0x0 /tmp/UiApp.dll.XMj2sU.ltrans1.ltrans.o
 .data          0x0000000000000000        0x0 /tmp/UiApp.dll.XMj2sU.ltrans1.ltrans.o
 .bss           0x0000000000000000        0x0 /tmp/UiApp.dll.XMj2sU.ltrans1.ltrans.o
 .rodata.BmCollectLoadOptions.str1.1
                0x0000000000000000       0x1f /tmp/UiApp.dll.XMj2sU.ltrans1.ltrans.o
 .text.BmCollectLoadOptions
                0x0000000000000000      0x164 /tmp/UiApp.dll.XMj2sU.ltrans1.ltrans.o
 .text.ReportDebugCodeEnabled
                0x0000000000000000        0x8 /tmp/UiApp.dll.XMj2sU.ltrans1.ltrans.o
 .rodata._gUefiDriverRevision
                0x0000000000000000        0x4 /tmp/UiApp.dll.XMj2sU.ltrans1.ltrans.o
 .comment       0x0000000000000000       0x2d /tmp/UiApp.dll.XMj2sU.ltrans1.ltrans.o
 .note.GNU-stack
                0x0000000000000000        0x0 /tmp/UiApp.dll.XMj2sU.ltrans1.ltrans.o
 .text          0x0000000000000000        0x0 /tmp/UiApp.dll.XMj2sU.ltrans2.ltrans.o
 .data          0x0000000000000000        0x0 /tmp/UiApp.dll.XMj2sU.ltrans2.ltrans.o
 .bss           0x0000000000000000        0x0 /tmp/UiApp.dll.XMj2sU.ltrans2.ltrans.o
 .text.__memset
                0x0000000000000000       0x1c /tmp/UiApp.dll.XMj2sU.ltrans2.ltrans.o
 .comment       0x0000000000000000       0x2d /tmp/UiApp.dll.XMj2sU.ltrans2.ltrans.o
 .note.GNU-stack
                0x0000000000000000        0x0 /tmp/UiApp.dll.XMj2sU.ltrans2.ltrans.o
 .comment       0x0000000000000000       0x2d /tmp/ccXLiP8S.debug.temp.o
 .note.GNU-stack
                0x0000000000000000        0x0 /tmp/ccXLiP8S.debug.temp.o
 .comment       0x0000000000000000       0x2d /tmp/ccHI6sZU.debug.temp.o
 .note.GNU-stack
                0x0000000000000000        0x0 /tmp/ccHI6sZU.debug.temp.o
 .comment       0x0000000000000000       0x2d /tmp/ccbZWGAS.debug.temp.o
 .note.GNU-stack
                0x0000000000000000        0x0 /tmp/ccbZWGAS.debug.temp.o
 .comment       0x0000000000000000       0x2d /tmp/ccjj85FU.debug.temp.o
 .note.GNU-stack
                0x0000000000000000        0x0 /tmp/ccjj85FU.debug.temp.o
 .comment       0x0000000000000000       0x2d /tmp/ccvZjDvR.debug.temp.o
 .note.GNU-stack
                0x0000000000000000        0x0 /tmp/ccvZjDvR.debug.temp.o
 .comment       0x0000000000000000       0x2d /tmp/ccdkOiRQ.debug.temp.o
 .note.GNU-stack
                0x0000000000000000        0x0 /tmp/ccdkOiRQ.debug.temp.o
 .comment       0x0000000000000000       0x2d /tmp/ccgCqmwU.debug.temp.o
 .note.GNU-stack
                0x0000000000000000        0x0 /tmp/ccgCqmwU.debug.temp.o
 .comment       0x0000000000000000       0x2d /tmp/ccPsHtGU.debug.temp.o
 .note.GNU-stack
                0x0000000000000000        0x0 /tmp/ccPsHtGU.debug.temp.o
 .comment       0x0000000000000000       0x2d /tmp/ccS6TKZU.debug.temp.o
 .note.GNU-stack
                0x0000000000000000        0x0 /tmp/ccS6TKZU.debug.temp.o
 .comment       0x0000000000000000       0x2d /tmp/cc66O6fR.debug.temp.o
 .note.GNU-stack
                0x0000000000000000        0x0 /tmp/cc66O6fR.debug.temp.o
 .comment       0x0000000000000000       0x2d /tmp/ccXlCKRU.debug.temp.o
 .note.GNU-stack
                0x0000000000000000        0x0 /tmp/ccXlCKRU.debug.temp.o
 .comment       0x0000000000000000       0x2d /tmp/ccaPmWDQ.debug.temp.o
 .note.GNU-stack
                0x0000000000000000        0x0 /tmp/ccaPmWDQ.debug.temp.o
 .comment       0x0000000000000000       0x2d /tmp/cccZLibS.debug.temp.o
 .note.GNU-stack
                0x0000000000000000        0x0 /tmp/cccZLibS.debug.temp.o
 .comment       0x0000000000000000       0x2d /tmp/ccWZsIWU.debug.temp.o
 .note.GNU-stack
                0x0000000000000000        0x0 /tmp/ccWZsIWU.debug.temp.o
 .comment       0x0000000000000000       0x2d /tmp/ccm2PzcV.debug.temp.o
 .note.GNU-stack
                0x0000000000000000        0x0 /tmp/ccm2PzcV.debug.temp.o
 .comment       0x0000000000000000       0x2d /tmp/ccceNeTU.debug.temp.o
 .note.GNU-stack
                0x0000000000000000        0x0 /tmp/ccceNeTU.debug.temp.o
 .comment       0x0000000000000000       0x2d /tmp/ccW9ed8S.debug.temp.o
 .note.GNU-stack
                0x0000000000000000        0x0 /tmp/ccW9ed8S.debug.temp.o
 .comment       0x0000000000000000       0x2d /tmp/ccm31qhR.debug.temp.o
 .note.GNU-stack
                0x0000000000000000        0x0 /tmp/ccm31qhR.debug.temp.o
 .debug_info    0x0000000000000000      0x27c /tmp/ccte6NFR.debug.temp.o
 .debug_abbrev  0x0000000000000000       0xcf /tmp/ccte6NFR.debug.temp.o
 .debug_line    0x0000000000000000      0x183 /tmp/ccte6NFR.debug.temp.o
 .debug_str     0x0000000000000000      0x5ab /tmp/ccte6NFR.debug.temp.o
 .comment       0x0000000000000000       0x2d /tmp/ccte6NFR.debug.temp.o
 .note.GNU-stack
                0x0000000000000000        0x0 /tmp/ccte6NFR.debug.temp.o
 .debug_info    0x0000000000000000      0x264 /tmp/cc58XuXQ.debug.temp.o
 .debug_abbrev  0x0000000000000000       0xc0 /tmp/cc58XuXQ.debug.temp.o
 .debug_line    0x0000000000000000      0x183 /tmp/cc58XuXQ.debug.temp.o
 .debug_str     0x0000000000000000      0x594 /tmp/cc58XuXQ.debug.temp.o
 .comment       0x0000000000000000       0x2d /tmp/cc58XuXQ.debug.temp.o
 .note.GNU-stack
                0x0000000000000000        0x0 /tmp/cc58XuXQ.debug.temp.o
 .comment       0x0000000000000000       0x2d /tmp/ccJJN2YR.debug.temp.o
 .note.GNU-stack
                0x0000000000000000        0x0 /tmp/ccJJN2YR.debug.temp.o
 .comment       0x0000000000000000       0x2d /tmp/ccJmC5ST.debug.temp.o
 .note.GNU-stack
                0x0000000000000000        0x0 /tmp/ccJmC5ST.debug.temp.o
 .debug_info    0x0000000000000000      0x270 /tmp/ccTwufMT.debug.temp.o
 .debug_abbrev  0x0000000000000000       0xc0 /tmp/ccTwufMT.debug.temp.o
 .debug_line    0x0000000000000000      0x181 /tmp/ccTwufMT.debug.temp.o
 .debug_str     0x0000000000000000      0x59b /tmp/ccTwufMT.debug.temp.o
 .comment       0x0000000000000000       0x2d /tmp/ccTwufMT.debug.temp.o
 .note.GNU-stack
                0x0000000000000000        0x0 /tmp/ccTwufMT.debug.temp.o
 .comment       0x0000000000000000       0x2d /tmp/ccOuQ4KT.debug.temp.o
 .note.GNU-stack
                0x0000000000000000        0x0 /tmp/ccOuQ4KT.debug.temp.o
 .comment       0x0000000000000000       0x2d /tmp/ccM2xJwU.debug.temp.o
 .note.GNU-stack
                0x0000000000000000        0x0 /tmp/ccM2xJwU.debug.temp.o
 .comment       0x0000000000000000       0x2d /tmp/cczy6ObT.debug.temp.o
 .note.GNU-stack
                0x0000000000000000        0x0 /tmp/cczy6ObT.debug.temp.o
 .comment       0x0000000000000000       0x2d /tmp/ccFcJpRR.debug.temp.o
 .note.GNU-stack
                0x0000000000000000        0x0 /tmp/ccFcJpRR.debug.temp.o
 .comment       0x0000000000000000       0x2d /tmp/ccXG1aHR.debug.temp.o
 .note.GNU-stack
                0x0000000000000000        0x0 /tmp/ccXG1aHR.debug.temp.o
 .comment       0x0000000000000000       0x2d /tmp/ccsmktNQ.debug.temp.o
 .note.GNU-stack
                0x0000000000000000        0x0 /tmp/ccsmktNQ.debug.temp.o
 .comment       0x0000000000000000       0x2d /tmp/ccjGG10Q.debug.temp.o
 .note.GNU-stack
                0x0000000000000000        0x0 /tmp/ccjGG10Q.debug.temp.o
 .comment       0x0000000000000000       0x2d /tmp/ccEM87ZS.debug.temp.o
 .note.GNU-stack
                0x0000000000000000        0x0 /tmp/ccEM87ZS.debug.temp.o
 .comment       0x0000000000000000       0x2d /tmp/ccPo6V8U.debug.temp.o
 .note.GNU-stack
                0x0000000000000000        0x0 /tmp/ccPo6V8U.debug.temp.o
 .debug_info    0x0000000000000000     0x468b /tmp/ccBuBGiU.debug.temp.o
 .debug_abbrev  0x0000000000000000      0x2b0 /tmp/ccBuBGiU.debug.temp.o
 .debug_line    0x0000000000000000      0x41f /tmp/ccBuBGiU.debug.temp.o
 .debug_str     0x0000000000000000     0x3077 /tmp/ccBuBGiU.debug.temp.o
 .comment       0x0000000000000000       0x2d /tmp/ccBuBGiU.debug.temp.o
 .note.GNU-stack
                0x0000000000000000        0x0 /tmp/ccBuBGiU.debug.temp.o
 .comment       0x0000000000000000       0x2d /tmp/ccBpDpES.debug.temp.o
 .note.GNU-stack
                0x0000000000000000        0x0 /tmp/ccBpDpES.debug.temp.o
 .comment       0x0000000000000000       0x2d /tmp/ccrdz0RS.debug.temp.o
 .note.GNU-stack
                0x0000000000000000        0x0 /tmp/ccrdz0RS.debug.temp.o
 .comment       0x0000000000000000       0x2d /tmp/ccekzuFS.debug.temp.o
 .note.GNU-stack
                0x0000000000000000        0x0 /tmp/ccekzuFS.debug.temp.o
 .comment       0x0000000000000000       0x2d /tmp/ccYslnBT.debug.temp.o
 .note.GNU-stack
                0x0000000000000000        0x0 /tmp/ccYslnBT.debug.temp.o
 .comment       0x0000000000000000       0x2d /tmp/cc0LOACS.debug.temp.o
 .note.GNU-stack
                0x0000000000000000        0x0 /tmp/cc0LOACS.debug.temp.o
 .comment       0x0000000000000000       0x2d /tmp/ccEskqoR.debug.temp.o
 .note.GNU-stack
                0x0000000000000000        0x0 /tmp/ccEskqoR.debug.temp.o
 .comment       0x0000000000000000       0x2d /tmp/ccHeV3DT.debug.temp.o
 .note.GNU-stack
                0x0000000000000000        0x0 /tmp/ccHeV3DT.debug.temp.o
 .comment       0x0000000000000000       0x2d /tmp/cc2mNBZT.debug.temp.o
 .note.GNU-stack
                0x0000000000000000        0x0 /tmp/cc2mNBZT.debug.temp.o
 .comment       0x0000000000000000       0x2d /tmp/ccS0JqQT.debug.temp.o
 .note.GNU-stack
                0x0000000000000000        0x0 /tmp/ccS0JqQT.debug.temp.o
 .comment       0x0000000000000000       0x2d /tmp/cc8peQEQ.debug.temp.o
 .note.GNU-stack
                0x0000000000000000        0x0 /tmp/cc8peQEQ.debug.temp.o
 .comment       0x0000000000000000       0x2d /tmp/ccyMiI0S.debug.temp.o
 .note.GNU-stack
                0x0000000000000000        0x0 /tmp/ccyMiI0S.debug.temp.o
 .comment       0x0000000000000000       0x2d /tmp/cc2WlFER.debug.temp.o
 .note.GNU-stack
                0x0000000000000000        0x0 /tmp/cc2WlFER.debug.temp.o
 .comment       0x0000000000000000       0x2d /tmp/ccLojDwR.debug.temp.o
 .note.GNU-stack
                0x0000000000000000        0x0 /tmp/ccLojDwR.debug.temp.o
 .comment       0x0000000000000000       0x2d /tmp/ccbgtkuR.debug.temp.o
 .note.GNU-stack
                0x0000000000000000        0x0 /tmp/ccbgtkuR.debug.temp.o
 .comment       0x0000000000000000       0x2d /tmp/ccw2XMyR.debug.temp.o
 .note.GNU-stack
                0x0000000000000000        0x0 /tmp/ccw2XMyR.debug.temp.o
 .comment       0x0000000000000000       0x2d /tmp/ccScQ5TT.debug.temp.o
 .note.GNU-stack
                0x0000000000000000        0x0 /tmp/ccScQ5TT.debug.temp.o
 .comment       0x0000000000000000       0x2d /tmp/cck1YTvR.debug.temp.o
 .note.GNU-stack
                0x0000000000000000        0x0 /tmp/cck1YTvR.debug.temp.o
 .comment       0x0000000000000000       0x2d /tmp/ccpMjIOQ.debug.temp.o
 .note.GNU-stack
                0x0000000000000000        0x0 /tmp/ccpMjIOQ.debug.temp.o
 .comment       0x0000000000000000       0x2d /tmp/ccv4Zh4S.debug.temp.o
 .note.GNU-stack
                0x0000000000000000        0x0 /tmp/ccv4Zh4S.debug.temp.o
 .comment       0x0000000000000000       0x2d /tmp/ccJEni1T.debug.temp.o
 .note.GNU-stack
                0x0000000000000000        0x0 /tmp/ccJEni1T.debug.temp.o
 .comment       0x0000000000000000       0x2d /tmp/ccCsTHgT.debug.temp.o
 .note.GNU-stack
                0x0000000000000000        0x0 /tmp/ccCsTHgT.debug.temp.o
 .comment       0x0000000000000000       0x2d /tmp/ccV91cCT.debug.temp.o
 .note.GNU-stack
                0x0000000000000000        0x0 /tmp/ccV91cCT.debug.temp.o
 .comment       0x0000000000000000       0x2d /tmp/cc2HUEyU.debug.temp.o
 .note.GNU-stack
                0x0000000000000000        0x0 /tmp/cc2HUEyU.debug.temp.o
 .comment       0x0000000000000000       0x2d /tmp/cce1JztT.debug.temp.o
 .note.GNU-stack
                0x0000000000000000        0x0 /tmp/cce1JztT.debug.temp.o
 .comment       0x0000000000000000       0x2d /tmp/ccrFTh4U.debug.temp.o
 .note.GNU-stack
                0x0000000000000000        0x0 /tmp/ccrFTh4U.debug.temp.o
 .comment       0x0000000000000000       0x2d /tmp/ccInoOOQ.debug.temp.o
 .note.GNU-stack
                0x0000000000000000        0x0 /tmp/ccInoOOQ.debug.temp.o
 .comment       0x0000000000000000       0x2d /tmp/cc2chVAS.debug.temp.o
 .note.GNU-stack
                0x0000000000000000        0x0 /tmp/cc2chVAS.debug.temp.o
 .comment       0x0000000000000000       0x2d /tmp/ccO4li8S.debug.temp.o
 .note.GNU-stack
                0x0000000000000000        0x0 /tmp/ccO4li8S.debug.temp.o
 .comment       0x0000000000000000       0x2d /tmp/ccSZCavR.debug.temp.o
 .note.GNU-stack
                0x0000000000000000        0x0 /tmp/ccSZCavR.debug.temp.o
 .comment       0x0000000000000000       0x2d /tmp/ccewbZ9R.debug.temp.o
 .note.GNU-stack
                0x0000000000000000        0x0 /tmp/ccewbZ9R.debug.temp.o
 .comment       0x0000000000000000       0x2d /tmp/ccetwARS.debug.temp.o
 .note.GNU-stack
                0x0000000000000000        0x0 /tmp/ccetwARS.debug.temp.o
 .comment       0x0000000000000000       0x2d /tmp/ccAREOzT.debug.temp.o
 .note.GNU-stack
                0x0000000000000000        0x0 /tmp/ccAREOzT.debug.temp.o
 .comment       0x0000000000000000       0x2d /tmp/ccpEIRxU.debug.temp.o
 .note.GNU-stack
                0x0000000000000000        0x0 /tmp/ccpEIRxU.debug.temp.o
 .comment       0x0000000000000000       0x2d /tmp/ccTCICPS.debug.temp.o
 .note.GNU-stack
                0x0000000000000000        0x0 /tmp/ccTCICPS.debug.temp.o
 .comment       0x0000000000000000       0x2d /tmp/ccqutFuR.debug.temp.o
 .note.GNU-stack
                0x0000000000000000        0x0 /tmp/ccqutFuR.debug.temp.o
 .comment       0x0000000000000000       0x2d /tmp/ccIYQUNR.debug.temp.o
 .note.GNU-stack
                0x0000000000000000        0x0 /tmp/ccIYQUNR.debug.temp.o
 .comment       0x0000000000000000       0x2d /tmp/ccTw1qWQ.debug.temp.o
 .note.GNU-stack
                0x0000000000000000        0x0 /tmp/ccTw1qWQ.debug.temp.o
 .comment       0x0000000000000000       0x2d /tmp/ccAwWaIQ.debug.temp.o
 .note.GNU-stack
                0x0000000000000000        0x0 /tmp/ccAwWaIQ.debug.temp.o
 .comment       0x0000000000000000       0x2d /tmp/ccjRYKcR.debug.temp.o
 .note.GNU-stack
                0x0000000000000000        0x0 /tmp/ccjRYKcR.debug.temp.o
 .comment       0x0000000000000000       0x2d /tmp/ccPe9rXU.debug.temp.o
 .note.GNU-stack
                0x0000000000000000        0x0 /tmp/ccPe9rXU.debug.temp.o
 .comment       0x0000000000000000       0x2d /tmp/cca5TRcU.debug.temp.o
 .note.GNU-stack
                0x0000000000000000        0x0 /tmp/cca5TRcU.debug.temp.o
 .comment       0x0000000000000000       0x2d /tmp/ccKnqrhT.debug.temp.o
 .note.GNU-stack
                0x0000000000000000        0x0 /tmp/ccKnqrhT.debug.temp.o
 .comment       0x0000000000000000       0x2d /tmp/ccb82HeS.debug.temp.o
 .note.GNU-stack
                0x0000000000000000        0x0 /tmp/ccb82HeS.debug.temp.o
 .debug_info    0x0000000000000000      0x238 /tmp/cc6y9yIS.debug.temp.o
 .debug_abbrev  0x0000000000000000       0xc0 /tmp/cc6y9yIS.debug.temp.o
 .debug_line    0x0000000000000000      0x1ab /tmp/cc6y9yIS.debug.temp.o
 .debug_str     0x0000000000000000      0x4c6 /tmp/cc6y9yIS.debug.temp.o
 .comment       0x0000000000000000       0x2d /tmp/cc6y9yIS.debug.temp.o
 .note.GNU-stack
                0x0000000000000000        0x0 /tmp/cc6y9yIS.debug.temp.o
 .debug_info    0x0000000000000000      0x264 /tmp/ccEZFS4R.debug.temp.o
 .debug_abbrev  0x0000000000000000       0xc0 /tmp/ccEZFS4R.debug.temp.o
 .debug_line    0x0000000000000000      0x183 /tmp/ccEZFS4R.debug.temp.o
 .debug_str     0x0000000000000000      0x594 /tmp/ccEZFS4R.debug.temp.o
 .comment       0x0000000000000000       0x2d /tmp/ccEZFS4R.debug.temp.o
 .note.GNU-stack
                0x0000000000000000        0x0 /tmp/ccEZFS4R.debug.temp.o
 .debug_info    0x0000000000000000      0x288 /tmp/ccWi2E2R.debug.temp.o
 .debug_abbrev  0x0000000000000000       0xcf /tmp/ccWi2E2R.debug.temp.o
 .debug_line    0x0000000000000000      0x183 /tmp/ccWi2E2R.debug.temp.o
 .debug_str     0x0000000000000000      0x5aa /tmp/ccWi2E2R.debug.temp.o
 .comment       0x0000000000000000       0x2d /tmp/ccWi2E2R.debug.temp.o
 .note.GNU-stack
                0x0000000000000000        0x0 /tmp/ccWi2E2R.debug.temp.o
 .comment       0x0000000000000000       0x2d /tmp/ccMkDz1R.debug.temp.o
 .note.GNU-stack
                0x0000000000000000        0x0 /tmp/ccMkDz1R.debug.temp.o
 .debug_info    0x0000000000000000      0x940 /tmp/ccgHvdYR.debug.temp.o
 .debug_abbrev  0x0000000000000000      0x108 /tmp/ccgHvdYR.debug.temp.o
 .debug_line    0x0000000000000000      0x180 /tmp/ccgHvdYR.debug.temp.o
 .debug_str     0x0000000000000000      0x787 /tmp/ccgHvdYR.debug.temp.o
 .comment       0x0000000000000000       0x2d /tmp/ccgHvdYR.debug.temp.o
 .note.GNU-stack
                0x0000000000000000        0x0 /tmp/ccgHvdYR.debug.temp.o
 .comment       0x0000000000000000       0x2d /tmp/cc9Q5zIU.debug.temp.o
 .note.GNU-stack
                0x0000000000000000        0x0 /tmp/cc9Q5zIU.debug.temp.o
 .comment       0x0000000000000000       0x2d /tmp/ccPjCGAU.debug.temp.o
 .note.GNU-stack
                0x0000000000000000        0x0 /tmp/ccPjCGAU.debug.temp.o
 .comment       0x0000000000000000       0x2d /tmp/cc9cQLlR.debug.temp.o
 .note.GNU-stack
                0x0000000000000000        0x0 /tmp/cc9cQLlR.debug.temp.o
 .comment       0x0000000000000000       0x2d /tmp/ccpY3HmT.debug.temp.o
 .note.GNU-stack
                0x0000000000000000        0x0 /tmp/ccpY3HmT.debug.temp.o
 .comment       0x0000000000000000       0x2d /tmp/ccPgV1IS.debug.temp.o
 .note.GNU-stack
                0x0000000000000000        0x0 /tmp/ccPgV1IS.debug.temp.o
 .comment       0x0000000000000000       0x2d /tmp/ccAZHEoS.debug.temp.o
 .note.GNU-stack
                0x0000000000000000        0x0 /tmp/ccAZHEoS.debug.temp.o
 .debug_info    0x0000000000000000     0x1ca0 /tmp/ccTnPpwU.debug.temp.o
 .debug_abbrev  0x0000000000000000      0x22d /tmp/ccTnPpwU.debug.temp.o
 .debug_line    0x0000000000000000      0x3b6 /tmp/ccTnPpwU.debug.temp.o
 .debug_str     0x0000000000000000     0x1910 /tmp/ccTnPpwU.debug.temp.o
 .comment       0x0000000000000000       0x2d /tmp/ccTnPpwU.debug.temp.o
 .note.GNU-stack
                0x0000000000000000        0x0 /tmp/ccTnPpwU.debug.temp.o
 .comment       0x0000000000000000       0x2d /tmp/ccWXLb3R.debug.temp.o
 .note.GNU-stack
                0x0000000000000000        0x0 /tmp/ccWXLb3R.debug.temp.o
 .comment       0x0000000000000000       0x2d /tmp/ccvl1Y7U.debug.temp.o
 .note.GNU-stack
                0x0000000000000000        0x0 /tmp/ccvl1Y7U.debug.temp.o
 .comment       0x0000000000000000       0x2d /tmp/ccUGi1pS.debug.temp.o
 .note.GNU-stack
                0x0000000000000000        0x0 /tmp/ccUGi1pS.debug.temp.o
 .comment       0x0000000000000000       0x2d /tmp/ccaWLOnS.debug.temp.o
 .note.GNU-stack
                0x0000000000000000        0x0 /tmp/ccaWLOnS.debug.temp.o
 .data          0x0000000000000000        0x0 /home/j0sh1x/Lg_G7_ThinQ_Edk2/edk2_LG_G7_THINQ/workspace/Build/LgG7ThinQPkg/DEBUG_GCC5/AARCH64/MdePkg/Library/BaseMemoryLibOptDxe/BaseMemoryLibOptDxe/OUTPUT/BaseMemoryLibOptDxe.lib(CopyMem.obj)
 .bss           0x0000000000000000        0x0 /home/j0sh1x/Lg_G7_ThinQ_Edk2/edk2_LG_G7_THINQ/workspace/Build/LgG7ThinQPkg/DEBUG_GCC5/AARCH64/MdePkg/Library/BaseMemoryLibOptDxe/BaseMemoryLibOptDxe/OUTPUT/BaseMemoryLibOptDxe.lib(CopyMem.obj)
 .data          0x0000000000000000        0x0 /home/j0sh1x/Lg_G7_ThinQ_Edk2/edk2_LG_G7_THINQ/workspace/Build/LgG7ThinQPkg/DEBUG_GCC5/AARCH64/MdePkg/Library/BaseMemoryLibOptDxe/BaseMemoryLibOptDxe/OUTPUT/BaseMemoryLibOptDxe.lib(CompareGuid.obj)
 .bss           0x0000000000000000        0x0 /home/j0sh1x/Lg_G7_ThinQ_Edk2/edk2_LG_G7_THINQ/workspace/Build/LgG7ThinQPkg/DEBUG_GCC5/AARCH64/MdePkg/Library/BaseMemoryLibOptDxe/BaseMemoryLibOptDxe/OUTPUT/BaseMemoryLibOptDxe.lib(CompareGuid.obj)
 .text          0x0000000000000000        0x8 /home/j0sh1x/Lg_G7_ThinQ_Edk2/edk2_LG_G7_THINQ/workspace/Build/LgG7ThinQPkg/DEBUG_GCC5/AARCH64/MdePkg/Library/BaseLib/BaseLib/OUTPUT/BaseLib.lib(CpuBreakpoint.obj)
 .data          0x0000000000000000        0x0 /home/j0sh1x/Lg_G7_ThinQ_Edk2/edk2_LG_G7_THINQ/workspace/Build/LgG7ThinQPkg/DEBUG_GCC5/AARCH64/MdePkg/Library/BaseLib/BaseLib/OUTPUT/BaseLib.lib(CpuBreakpoint.obj)
 .bss           0x0000000000000000        0x0 /home/j0sh1x/Lg_G7_ThinQ_Edk2/edk2_LG_G7_THINQ/workspace/Build/LgG7ThinQPkg/DEBUG_GCC5/AARCH64/MdePkg/Library/BaseLib/BaseLib/OUTPUT/BaseLib.lib(CpuBreakpoint.obj)
 .data          0x0000000000000000        0x0 /home/j0sh1x/Lg_G7_ThinQ_Edk2/edk2_LG_G7_THINQ/workspace/Build/LgG7ThinQPkg/DEBUG_GCC5/AARCH64/MdePkg/Library/BaseMemoryLibOptDxe/BaseMemoryLibOptDxe/OUTPUT/BaseMemoryLibOptDxe.lib(SetMem.obj)
 .bss           0x0000000000000000        0x0 /home/j0sh1x/Lg_G7_ThinQ_Edk2/edk2_LG_G7_THINQ/workspace/Build/LgG7ThinQPkg/DEBUG_GCC5/AARCH64/MdePkg/Library/BaseMemoryLibOptDxe/BaseMemoryLibOptDxe/OUTPUT/BaseMemoryLibOptDxe.lib(SetMem.obj)
 .data          0x0000000000000000        0x0 /home/j0sh1x/Lg_G7_ThinQ_Edk2/edk2_LG_G7_THINQ/workspace/Build/LgG7ThinQPkg/DEBUG_GCC5/AARCH64/MdePkg/Library/BaseMemoryLibOptDxe/BaseMemoryLibOptDxe/OUTPUT/BaseMemoryLibOptDxe.lib(CompareMem.obj)
 .bss           0x0000000000000000        0x0 /home/j0sh1x/Lg_G7_ThinQ_Edk2/edk2_LG_G7_THINQ/workspace/Build/LgG7ThinQPkg/DEBUG_GCC5/AARCH64/MdePkg/Library/BaseMemoryLibOptDxe/BaseMemoryLibOptDxe/OUTPUT/BaseMemoryLibOptDxe.lib(CompareMem.obj)
 .text          0x0000000000000000        0x0 /home/j0sh1x/Lg_G7_ThinQ_Edk2/edk2_LG_G7_THINQ/workspace/Build/LgG7ThinQPkg/DEBUG_GCC5/AARCH64/ArmPkg/Library/ArmLib/ArmBaseLib/OUTPUT/ArmBaseLib.lib(ArmLibSupport.obj)
 .data          0x0000000000000000        0x0 /home/j0sh1x/Lg_G7_ThinQ_Edk2/edk2_LG_G7_THINQ/workspace/Build/LgG7ThinQPkg/DEBUG_GCC5/AARCH64/ArmPkg/Library/ArmLib/ArmBaseLib/OUTPUT/ArmBaseLib.lib(ArmLibSupport.obj)
 .bss           0x0000000000000000        0x0 /home/j0sh1x/Lg_G7_ThinQ_Edk2/edk2_LG_G7_THINQ/workspace/Build/LgG7ThinQPkg/DEBUG_GCC5/AARCH64/ArmPkg/Library/ArmLib/ArmBaseLib/OUTPUT/ArmBaseLib.lib(ArmLibSupport.obj)
 .text.ArmReadMidr
                0x0000000000000000        0x8 /home/j0sh1x/Lg_G7_ThinQ_Edk2/edk2_LG_G7_THINQ/workspace/Build/LgG7ThinQPkg/DEBUG_GCC5/AARCH64/ArmPkg/Library/ArmLib/ArmBaseLib/OUTPUT/ArmBaseLib.lib(ArmLibSupport.obj)
 .text.ArmGetFiqState
                0x0000000000000000       0x10 /home/j0sh1x/Lg_G7_ThinQ_Edk2/edk2_LG_G7_THINQ/workspace/Build/LgG7ThinQPkg/DEBUG_GCC5/AARCH64/ArmPkg/Library/ArmLib/ArmBaseLib/OUTPUT/ArmBaseLib.lib(ArmLibSupport.obj)
 .text.ArmWriteCpacr
                0x0000000000000000        0x8 /home/j0sh1x/Lg_G7_ThinQ_Edk2/edk2_LG_G7_THINQ/workspace/Build/LgG7ThinQPkg/DEBUG_GCC5/AARCH64/ArmPkg/Library/ArmLib/ArmBaseLib/OUTPUT/ArmBaseLib.lib(ArmLibSupport.obj)
 .text.ArmWriteAuxCr
                0x0000000000000000       0x28 /home/j0sh1x/Lg_G7_ThinQ_Edk2/edk2_LG_G7_THINQ/workspace/Build/LgG7ThinQPkg/DEBUG_GCC5/AARCH64/ArmPkg/Library/ArmLib/ArmBaseLib/OUTPUT/ArmBaseLib.lib(ArmLibSupport.obj)
 .text.ArmReadAuxCr
                0x0000000000000000       0x28 /home/j0sh1x/Lg_G7_ThinQ_Edk2/edk2_LG_G7_THINQ/workspace/Build/LgG7ThinQPkg/DEBUG_GCC5/AARCH64/ArmPkg/Library/ArmLib/ArmBaseLib/OUTPUT/ArmBaseLib.lib(ArmLibSupport.obj)
 .text.ArmSetTTBR0
                0x0000000000000000       0x34 /home/j0sh1x/Lg_G7_ThinQ_Edk2/edk2_LG_G7_THINQ/workspace/Build/LgG7ThinQPkg/DEBUG_GCC5/AARCH64/ArmPkg/Library/ArmLib/ArmBaseLib/OUTPUT/ArmBaseLib.lib(ArmLibSupport.obj)
 .text.ArmGetTTBR0BaseAddress
                0x0000000000000000       0x30 /home/j0sh1x/Lg_G7_ThinQ_Edk2/edk2_LG_G7_THINQ/workspace/Build/LgG7ThinQPkg/DEBUG_GCC5/AARCH64/ArmPkg/Library/ArmLib/ArmBaseLib/OUTPUT/ArmBaseLib.lib(ArmLibSupport.obj)
 .text.ArmGetTCR
                0x0000000000000000       0x34 /home/j0sh1x/Lg_G7_ThinQ_Edk2/edk2_LG_G7_THINQ/workspace/Build/LgG7ThinQPkg/DEBUG_GCC5/AARCH64/ArmPkg/Library/ArmLib/ArmBaseLib/OUTPUT/ArmBaseLib.lib(ArmLibSupport.obj)
 .text.ArmSetTCR
                0x0000000000000000       0x34 /home/j0sh1x/Lg_G7_ThinQ_Edk2/edk2_LG_G7_THINQ/workspace/Build/LgG7ThinQPkg/DEBUG_GCC5/AARCH64/ArmPkg/Library/ArmLib/ArmBaseLib/OUTPUT/ArmBaseLib.lib(ArmLibSupport.obj)
 .text.ArmGetMAIR
                0x0000000000000000       0x34 /home/j0sh1x/Lg_G7_ThinQ_Edk2/edk2_LG_G7_THINQ/workspace/Build/LgG7ThinQPkg/DEBUG_GCC5/AARCH64/ArmPkg/Library/ArmLib/ArmBaseLib/OUTPUT/ArmBaseLib.lib(ArmLibSupport.obj)
 .text.ArmSetMAIR
                0x0000000000000000       0x34 /home/j0sh1x/Lg_G7_ThinQ_Edk2/edk2_LG_G7_THINQ/workspace/Build/LgG7ThinQPkg/DEBUG_GCC5/AARCH64/ArmPkg/Library/ArmLib/ArmBaseLib/OUTPUT/ArmBaseLib.lib(ArmLibSupport.obj)
 .text.ArmUpdateTranslationTableEntry
                0x0000000000000000       0x40 /home/j0sh1x/Lg_G7_ThinQ_Edk2/edk2_LG_G7_THINQ/workspace/Build/LgG7ThinQPkg/DEBUG_GCC5/AARCH64/ArmPkg/Library/ArmLib/ArmBaseLib/OUTPUT/ArmBaseLib.lib(ArmLibSupport.obj)
 .text.ArmInvalidateTlb
                0x0000000000000000       0x38 /home/j0sh1x/Lg_G7_ThinQ_Edk2/edk2_LG_G7_THINQ/workspace/Build/LgG7ThinQPkg/DEBUG_GCC5/AARCH64/ArmPkg/Library/ArmLib/ArmBaseLib/OUTPUT/ArmBaseLib.lib(ArmLibSupport.obj)
 .text.ArmWriteCptr
                0x0000000000000000        0x8 /home/j0sh1x/Lg_G7_ThinQ_Edk2/edk2_LG_G7_THINQ/workspace/Build/LgG7ThinQPkg/DEBUG_GCC5/AARCH64/ArmPkg/Library/ArmLib/ArmBaseLib/OUTPUT/ArmBaseLib.lib(ArmLibSupport.obj)
 .text.ArmWriteScr
                0x0000000000000000        0xc /home/j0sh1x/Lg_G7_ThinQ_Edk2/edk2_LG_G7_THINQ/workspace/Build/LgG7ThinQPkg/DEBUG_GCC5/AARCH64/ArmPkg/Library/ArmLib/ArmBaseLib/OUTPUT/ArmBaseLib.lib(ArmLibSupport.obj)
 .text.ArmWriteMVBar
                0x0000000000000000        0x8 /home/j0sh1x/Lg_G7_ThinQ_Edk2/edk2_LG_G7_THINQ/workspace/Build/LgG7ThinQPkg/DEBUG_GCC5/AARCH64/ArmPkg/Library/ArmLib/ArmBaseLib/OUTPUT/ArmBaseLib.lib(ArmLibSupport.obj)
 .text.ArmCallWFE
                0x0000000000000000        0x8 /home/j0sh1x/Lg_G7_ThinQ_Edk2/edk2_LG_G7_THINQ/workspace/Build/LgG7ThinQPkg/DEBUG_GCC5/AARCH64/ArmPkg/Library/ArmLib/ArmBaseLib/OUTPUT/ArmBaseLib.lib(ArmLibSupport.obj)
 .text.ArmCallSEV
                0x0000000000000000        0x8 /home/j0sh1x/Lg_G7_ThinQ_Edk2/edk2_LG_G7_THINQ/workspace/Build/LgG7ThinQPkg/DEBUG_GCC5/AARCH64/ArmPkg/Library/ArmLib/ArmBaseLib/OUTPUT/ArmBaseLib.lib(ArmLibSupport.obj)
 .text.ArmReadCpuActlr
                0x0000000000000000        0x8 /home/j0sh1x/Lg_G7_ThinQ_Edk2/edk2_LG_G7_THINQ/workspace/Build/LgG7ThinQPkg/DEBUG_GCC5/AARCH64/ArmPkg/Library/ArmLib/ArmBaseLib/OUTPUT/ArmBaseLib.lib(ArmLibSupport.obj)
 .text.ArmWriteCpuActlr
                0x0000000000000000       0x10 /home/j0sh1x/Lg_G7_ThinQ_Edk2/edk2_LG_G7_THINQ/workspace/Build/LgG7ThinQPkg/DEBUG_GCC5/AARCH64/ArmPkg/Library/ArmLib/ArmBaseLib/OUTPUT/ArmBaseLib.lib(ArmLibSupport.obj)
 .text.ArmReadSctlr
                0x0000000000000000       0x30 /home/j0sh1x/Lg_G7_ThinQ_Edk2/edk2_LG_G7_THINQ/workspace/Build/LgG7ThinQPkg/DEBUG_GCC5/AARCH64/ArmPkg/Library/ArmLib/ArmBaseLib/OUTPUT/ArmBaseLib.lib(ArmLibSupport.obj)
 .text.ArmWriteSctlr
                0x0000000000000000       0x30 /home/j0sh1x/Lg_G7_ThinQ_Edk2/edk2_LG_G7_THINQ/workspace/Build/LgG7ThinQPkg/DEBUG_GCC5/AARCH64/ArmPkg/Library/ArmLib/ArmBaseLib/OUTPUT/ArmBaseLib.lib(ArmLibSupport.obj)
 .text.ArmGetPhysicalAddressBits
                0x0000000000000000       0x24 /home/j0sh1x/Lg_G7_ThinQ_Edk2/edk2_LG_G7_THINQ/workspace/Build/LgG7ThinQPkg/DEBUG_GCC5/AARCH64/ArmPkg/Library/ArmLib/ArmBaseLib/OUTPUT/ArmBaseLib.lib(ArmLibSupport.obj)
 .text          0x0000000000000000        0x0 /home/j0sh1x/Lg_G7_ThinQ_Edk2/edk2_LG_G7_THINQ/workspace/Build/LgG7ThinQPkg/DEBUG_GCC5/AARCH64/ArmPkg/Library/ArmLib/ArmBaseLib/OUTPUT/ArmBaseLib.lib(ArmLibSupportV8.obj)
 .data          0x0000000000000000        0x0 /home/j0sh1x/Lg_G7_ThinQ_Edk2/edk2_LG_G7_THINQ/workspace/Build/LgG7ThinQPkg/DEBUG_GCC5/AARCH64/ArmPkg/Library/ArmLib/ArmBaseLib/OUTPUT/ArmBaseLib.lib(ArmLibSupportV8.obj)
 .bss           0x0000000000000000        0x0 /home/j0sh1x/Lg_G7_ThinQ_Edk2/edk2_LG_G7_THINQ/workspace/Build/LgG7ThinQPkg/DEBUG_GCC5/AARCH64/ArmPkg/Library/ArmLib/ArmBaseLib/OUTPUT/ArmBaseLib.lib(ArmLibSupportV8.obj)
 .text.ArmIsMpCore
                0x0000000000000000       0x14 /home/j0sh1x/Lg_G7_ThinQ_Edk2/edk2_LG_G7_THINQ/workspace/Build/LgG7ThinQPkg/DEBUG_GCC5/AARCH64/ArmPkg/Library/ArmLib/ArmBaseLib/OUTPUT/ArmBaseLib.lib(ArmLibSupportV8.obj)
 .text.ArmEnableAsynchronousAbort
                0x0000000000000000        0xc /home/j0sh1x/Lg_G7_ThinQ_Edk2/edk2_LG_G7_THINQ/workspace/Build/LgG7ThinQPkg/DEBUG_GCC5/AARCH64/ArmPkg/Library/ArmLib/ArmBaseLib/OUTPUT/ArmBaseLib.lib(ArmLibSupportV8.obj)
 .text.ArmDisableAsynchronousAbort
                0x0000000000000000        0xc /home/j0sh1x/Lg_G7_ThinQ_Edk2/edk2_LG_G7_THINQ/workspace/Build/LgG7ThinQPkg/DEBUG_GCC5/AARCH64/ArmPkg/Library/ArmLib/ArmBaseLib/OUTPUT/ArmBaseLib.lib(ArmLibSupportV8.obj)
 .text.ArmEnableIrq
                0x0000000000000000        0xc /home/j0sh1x/Lg_G7_ThinQ_Edk2/edk2_LG_G7_THINQ/workspace/Build/LgG7ThinQPkg/DEBUG_GCC5/AARCH64/ArmPkg/Library/ArmLib/ArmBaseLib/OUTPUT/ArmBaseLib.lib(ArmLibSupportV8.obj)
 .text.ArmDisableIrq
                0x0000000000000000        0xc /home/j0sh1x/Lg_G7_ThinQ_Edk2/edk2_LG_G7_THINQ/workspace/Build/LgG7ThinQPkg/DEBUG_GCC5/AARCH64/ArmPkg/Library/ArmLib/ArmBaseLib/OUTPUT/ArmBaseLib.lib(ArmLibSupportV8.obj)
 .text.ArmEnableFiq
                0x0000000000000000        0xc /home/j0sh1x/Lg_G7_ThinQ_Edk2/edk2_LG_G7_THINQ/workspace/Build/LgG7ThinQPkg/DEBUG_GCC5/AARCH64/ArmPkg/Library/ArmLib/ArmBaseLib/OUTPUT/ArmBaseLib.lib(ArmLibSupportV8.obj)
 .text.ArmDisableFiq
                0x0000000000000000        0xc /home/j0sh1x/Lg_G7_ThinQ_Edk2/edk2_LG_G7_THINQ/workspace/Build/LgG7ThinQPkg/DEBUG_GCC5/AARCH64/ArmPkg/Library/ArmLib/ArmBaseLib/OUTPUT/ArmBaseLib.lib(ArmLibSupportV8.obj)
 .text.ArmDisableAllExceptions
                0x0000000000000000        0xc /home/j0sh1x/Lg_G7_ThinQ_Edk2/edk2_LG_G7_THINQ/workspace/Build/LgG7ThinQPkg/DEBUG_GCC5/AARCH64/ArmPkg/Library/ArmLib/ArmBaseLib/OUTPUT/ArmBaseLib.lib(ArmLibSupportV8.obj)
 .text.ReadCCSIDR
                0x0000000000000000       0x10 /home/j0sh1x/Lg_G7_ThinQ_Edk2/edk2_LG_G7_THINQ/workspace/Build/LgG7ThinQPkg/DEBUG_GCC5/AARCH64/ArmPkg/Library/ArmLib/ArmBaseLib/OUTPUT/ArmBaseLib.lib(ArmLibSupportV8.obj)
 .text.ReadCLIDR
                0x0000000000000000        0x8 /home/j0sh1x/Lg_G7_ThinQ_Edk2/edk2_LG_G7_THINQ/workspace/Build/LgG7ThinQPkg/DEBUG_GCC5/AARCH64/ArmPkg/Library/ArmLib/ArmBaseLib/OUTPUT/ArmBaseLib.lib(ArmLibSupportV8.obj)
 .text          0x0000000000000000        0x0 /home/j0sh1x/Lg_G7_ThinQ_Edk2/edk2_LG_G7_THINQ/workspace/Build/LgG7ThinQPkg/DEBUG_GCC5/AARCH64/ArmPkg/Library/ArmLib/ArmBaseLib/OUTPUT/ArmBaseLib.lib(AArch64Support.obj)
 .data          0x0000000000000000        0x0 /home/j0sh1x/Lg_G7_ThinQ_Edk2/edk2_LG_G7_THINQ/workspace/Build/LgG7ThinQPkg/DEBUG_GCC5/AARCH64/ArmPkg/Library/ArmLib/ArmBaseLib/OUTPUT/ArmBaseLib.lib(AArch64Support.obj)
 .bss           0x0000000000000000        0x0 /home/j0sh1x/Lg_G7_ThinQ_Edk2/edk2_LG_G7_THINQ/workspace/Build/LgG7ThinQPkg/DEBUG_GCC5/AARCH64/ArmPkg/Library/ArmLib/ArmBaseLib/OUTPUT/ArmBaseLib.lib(AArch64Support.obj)
 .text.ArmInvalidateDataCacheEntryByMVA
                0x0000000000000000        0x8 /home/j0sh1x/Lg_G7_ThinQ_Edk2/edk2_LG_G7_THINQ/workspace/Build/LgG7ThinQPkg/DEBUG_GCC5/AARCH64/ArmPkg/Library/ArmLib/ArmBaseLib/OUTPUT/ArmBaseLib.lib(AArch64Support.obj)
 .text.ArmCleanDataCacheEntryByMVA
                0x0000000000000000        0x8 /home/j0sh1x/Lg_G7_ThinQ_Edk2/edk2_LG_G7_THINQ/workspace/Build/LgG7ThinQPkg/DEBUG_GCC5/AARCH64/ArmPkg/Library/ArmLib/ArmBaseLib/OUTPUT/ArmBaseLib.lib(AArch64Support.obj)
 .text.ArmCleanDataCacheEntryToPoUByMVA
                0x0000000000000000        0x8 /home/j0sh1x/Lg_G7_ThinQ_Edk2/edk2_LG_G7_THINQ/workspace/Build/LgG7ThinQPkg/DEBUG_GCC5/AARCH64/ArmPkg/Library/ArmLib/ArmBaseLib/OUTPUT/ArmBaseLib.lib(AArch64Support.obj)
 .text.ArmInvalidateInstructionCacheEntryToPoUByMVA
                0x0000000000000000        0x8 /home/j0sh1x/Lg_G7_ThinQ_Edk2/edk2_LG_G7_THINQ/workspace/Build/LgG7ThinQPkg/DEBUG_GCC5/AARCH64/ArmPkg/Library/ArmLib/ArmBaseLib/OUTPUT/ArmBaseLib.lib(AArch64Support.obj)
 .text.ArmInvalidateDataCacheEntryBySetWay
                0x0000000000000000        0x8 /home/j0sh1x/Lg_G7_ThinQ_Edk2/edk2_LG_G7_THINQ/workspace/Build/LgG7ThinQPkg/DEBUG_GCC5/AARCH64/ArmPkg/Library/ArmLib/ArmBaseLib/OUTPUT/ArmBaseLib.lib(AArch64Support.obj)
 .text.ArmCleanInvalidateDataCacheEntryBySetWay
                0x0000000000000000        0x8 /home/j0sh1x/Lg_G7_ThinQ_Edk2/edk2_LG_G7_THINQ/workspace/Build/LgG7ThinQPkg/DEBUG_GCC5/AARCH64/ArmPkg/Library/ArmLib/ArmBaseLib/OUTPUT/ArmBaseLib.lib(AArch64Support.obj)
 .text.ArmCleanDataCacheEntryBySetWay
                0x0000000000000000        0x8 /home/j0sh1x/Lg_G7_ThinQ_Edk2/edk2_LG_G7_THINQ/workspace/Build/LgG7ThinQPkg/DEBUG_GCC5/AARCH64/ArmPkg/Library/ArmLib/ArmBaseLib/OUTPUT/ArmBaseLib.lib(AArch64Support.obj)
 .text.ArmInvalidateInstructionCache
                0x0000000000000000       0x10 /home/j0sh1x/Lg_G7_ThinQ_Edk2/edk2_LG_G7_THINQ/workspace/Build/LgG7ThinQPkg/DEBUG_GCC5/AARCH64/ArmPkg/Library/ArmLib/ArmBaseLib/OUTPUT/ArmBaseLib.lib(AArch64Support.obj)
 .text.ArmEnableMmu
                0x0000000000000000       0x88 /home/j0sh1x/Lg_G7_ThinQ_Edk2/edk2_LG_G7_THINQ/workspace/Build/LgG7ThinQPkg/DEBUG_GCC5/AARCH64/ArmPkg/Library/ArmLib/ArmBaseLib/OUTPUT/ArmBaseLib.lib(AArch64Support.obj)
 .text.ArmDisableMmu
                0x0000000000000000       0x74 /home/j0sh1x/Lg_G7_ThinQ_Edk2/edk2_LG_G7_THINQ/workspace/Build/LgG7ThinQPkg/DEBUG_GCC5/AARCH64/ArmPkg/Library/ArmLib/ArmBaseLib/OUTPUT/ArmBaseLib.lib(AArch64Support.obj)
 .text.ArmDisableCachesAndMmu
                0x0000000000000000       0x6c /home/j0sh1x/Lg_G7_ThinQ_Edk2/edk2_LG_G7_THINQ/workspace/Build/LgG7ThinQPkg/DEBUG_GCC5/AARCH64/ArmPkg/Library/ArmLib/ArmBaseLib/OUTPUT/ArmBaseLib.lib(AArch64Support.obj)
 .text.ArmMmuEnabled
                0x0000000000000000       0x34 /home/j0sh1x/Lg_G7_ThinQ_Edk2/edk2_LG_G7_THINQ/workspace/Build/LgG7ThinQPkg/DEBUG_GCC5/AARCH64/ArmPkg/Library/ArmLib/ArmBaseLib/OUTPUT/ArmBaseLib.lib(AArch64Support.obj)
 .text.ArmEnableDataCache
                0x0000000000000000       0x68 /home/j0sh1x/Lg_G7_ThinQ_Edk2/edk2_LG_G7_THINQ/workspace/Build/LgG7ThinQPkg/DEBUG_GCC5/AARCH64/ArmPkg/Library/ArmLib/ArmBaseLib/OUTPUT/ArmBaseLib.lib(AArch64Support.obj)
 .text.ArmDisableDataCache
                0x0000000000000000       0x68 /home/j0sh1x/Lg_G7_ThinQ_Edk2/edk2_LG_G7_THINQ/workspace/Build/LgG7ThinQPkg/DEBUG_GCC5/AARCH64/ArmPkg/Library/ArmLib/ArmBaseLib/OUTPUT/ArmBaseLib.lib(AArch64Support.obj)
 .text.ArmEnableInstructionCache
                0x0000000000000000       0x68 /home/j0sh1x/Lg_G7_ThinQ_Edk2/edk2_LG_G7_THINQ/workspace/Build/LgG7ThinQPkg/DEBUG_GCC5/AARCH64/ArmPkg/Library/ArmLib/ArmBaseLib/OUTPUT/ArmBaseLib.lib(AArch64Support.obj)
 .text.ArmDisableInstructionCache
                0x0000000000000000       0x68 /home/j0sh1x/Lg_G7_ThinQ_Edk2/edk2_LG_G7_THINQ/workspace/Build/LgG7ThinQPkg/DEBUG_GCC5/AARCH64/ArmPkg/Library/ArmLib/ArmBaseLib/OUTPUT/ArmBaseLib.lib(AArch64Support.obj)
 .text.ArmEnableAlignmentCheck
                0x0000000000000000       0x58 /home/j0sh1x/Lg_G7_ThinQ_Edk2/edk2_LG_G7_THINQ/workspace/Build/LgG7ThinQPkg/DEBUG_GCC5/AARCH64/ArmPkg/Library/ArmLib/ArmBaseLib/OUTPUT/ArmBaseLib.lib(AArch64Support.obj)
 .text.ArmDisableAlignmentCheck
                0x0000000000000000       0x68 /home/j0sh1x/Lg_G7_ThinQ_Edk2/edk2_LG_G7_THINQ/workspace/Build/LgG7ThinQPkg/DEBUG_GCC5/AARCH64/ArmPkg/Library/ArmLib/ArmBaseLib/OUTPUT/ArmBaseLib.lib(AArch64Support.obj)
 .text.ArmEnableStackAlignmentCheck
                0x0000000000000000       0x58 /home/j0sh1x/Lg_G7_ThinQ_Edk2/edk2_LG_G7_THINQ/workspace/Build/LgG7ThinQPkg/DEBUG_GCC5/AARCH64/ArmPkg/Library/ArmLib/ArmBaseLib/OUTPUT/ArmBaseLib.lib(AArch64Support.obj)
 .text.ArmDisableStackAlignmentCheck
                0x0000000000000000       0x68 /home/j0sh1x/Lg_G7_ThinQ_Edk2/edk2_LG_G7_THINQ/workspace/Build/LgG7ThinQPkg/DEBUG_GCC5/AARCH64/ArmPkg/Library/ArmLib/ArmBaseLib/OUTPUT/ArmBaseLib.lib(AArch64Support.obj)
 .text.ArmEnableBranchPrediction
                0x0000000000000000        0x4 /home/j0sh1x/Lg_G7_ThinQ_Edk2/edk2_LG_G7_THINQ/workspace/Build/LgG7ThinQPkg/DEBUG_GCC5/AARCH64/ArmPkg/Library/ArmLib/ArmBaseLib/OUTPUT/ArmBaseLib.lib(AArch64Support.obj)
 .text.ArmDisableBranchPrediction
                0x0000000000000000        0x4 /home/j0sh1x/Lg_G7_ThinQ_Edk2/edk2_LG_G7_THINQ/workspace/Build/LgG7ThinQPkg/DEBUG_GCC5/AARCH64/ArmPkg/Library/ArmLib/ArmBaseLib/OUTPUT/ArmBaseLib.lib(AArch64Support.obj)
 .text.AArch64AllDataCachesOperation
                0x0000000000000000       0xa8 /home/j0sh1x/Lg_G7_ThinQ_Edk2/edk2_LG_G7_THINQ/workspace/Build/LgG7ThinQPkg/DEBUG_GCC5/AARCH64/ArmPkg/Library/ArmLib/ArmBaseLib/OUTPUT/ArmBaseLib.lib(AArch64Support.obj)
 .text.ArmDataMemoryBarrier
                0x0000000000000000        0x8 /home/j0sh1x/Lg_G7_ThinQ_Edk2/edk2_LG_G7_THINQ/workspace/Build/LgG7ThinQPkg/DEBUG_GCC5/AARCH64/ArmPkg/Library/ArmLib/ArmBaseLib/OUTPUT/ArmBaseLib.lib(AArch64Support.obj)
 .text.ArmInstructionSynchronizationBarrier
                0x0000000000000000        0x8 /home/j0sh1x/Lg_G7_ThinQ_Edk2/edk2_LG_G7_THINQ/workspace/Build/LgG7ThinQPkg/DEBUG_GCC5/AARCH64/ArmPkg/Library/ArmLib/ArmBaseLib/OUTPUT/ArmBaseLib.lib(AArch64Support.obj)
 .text.ArmWriteVBar
                0x0000000000000000       0x34 /home/j0sh1x/Lg_G7_ThinQ_Edk2/edk2_LG_G7_THINQ/workspace/Build/LgG7ThinQPkg/DEBUG_GCC5/AARCH64/ArmPkg/Library/ArmLib/ArmBaseLib/OUTPUT/ArmBaseLib.lib(AArch64Support.obj)
 .text.ArmReadVBar
                0x0000000000000000       0x30 /home/j0sh1x/Lg_G7_ThinQ_Edk2/edk2_LG_G7_THINQ/workspace/Build/LgG7ThinQPkg/DEBUG_GCC5/AARCH64/ArmPkg/Library/ArmLib/ArmBaseLib/OUTPUT/ArmBaseLib.lib(AArch64Support.obj)
 .text.ArmEnableVFP
                0x0000000000000000       0x64 /home/j0sh1x/Lg_G7_ThinQ_Edk2/edk2_LG_G7_THINQ/workspace/Build/LgG7ThinQPkg/DEBUG_GCC5/AARCH64/ArmPkg/Library/ArmLib/ArmBaseLib/OUTPUT/ArmBaseLib.lib(AArch64Support.obj)
 .text.ArmCallWFI
                0x0000000000000000        0x8 /home/j0sh1x/Lg_G7_ThinQ_Edk2/edk2_LG_G7_THINQ/workspace/Build/LgG7ThinQPkg/DEBUG_GCC5/AARCH64/ArmPkg/Library/ArmLib/ArmBaseLib/OUTPUT/ArmBaseLib.lib(AArch64Support.obj)
 .text.ArmReadMpidr
                0x0000000000000000        0x8 /home/j0sh1x/Lg_G7_ThinQ_Edk2/edk2_LG_G7_THINQ/workspace/Build/LgG7ThinQPkg/DEBUG_GCC5/AARCH64/ArmPkg/Library/ArmLib/ArmBaseLib/OUTPUT/ArmBaseLib.lib(AArch64Support.obj)
 .text.ArmReadTpidrurw
                0x0000000000000000        0x8 /home/j0sh1x/Lg_G7_ThinQ_Edk2/edk2_LG_G7_THINQ/workspace/Build/LgG7ThinQPkg/DEBUG_GCC5/AARCH64/ArmPkg/Library/ArmLib/ArmBaseLib/OUTPUT/ArmBaseLib.lib(AArch64Support.obj)
 .text.ArmWriteTpidrurw
                0x0000000000000000        0x8 /home/j0sh1x/Lg_G7_ThinQ_Edk2/edk2_LG_G7_THINQ/workspace/Build/LgG7ThinQPkg/DEBUG_GCC5/AARCH64/ArmPkg/Library/ArmLib/ArmBaseLib/OUTPUT/ArmBaseLib.lib(AArch64Support.obj)
 .text.ArmIsArchTimerImplemented
                0x0000000000000000        0x8 /home/j0sh1x/Lg_G7_ThinQ_Edk2/edk2_LG_G7_THINQ/workspace/Build/LgG7ThinQPkg/DEBUG_GCC5/AARCH64/ArmPkg/Library/ArmLib/ArmBaseLib/OUTPUT/ArmBaseLib.lib(AArch64Support.obj)
 .text.ArmReadIdPfr0
                0x0000000000000000        0x8 /home/j0sh1x/Lg_G7_ThinQ_Edk2/edk2_LG_G7_THINQ/workspace/Build/LgG7ThinQPkg/DEBUG_GCC5/AARCH64/ArmPkg/Library/ArmLib/ArmBaseLib/OUTPUT/ArmBaseLib.lib(AArch64Support.obj)
 .text.ArmReadIdPfr1
                0x0000000000000000        0x8 /home/j0sh1x/Lg_G7_ThinQ_Edk2/edk2_LG_G7_THINQ/workspace/Build/LgG7ThinQPkg/DEBUG_GCC5/AARCH64/ArmPkg/Library/ArmLib/ArmBaseLib/OUTPUT/ArmBaseLib.lib(AArch64Support.obj)
 .text.ArmWriteHcr
                0x0000000000000000        0x8 /home/j0sh1x/Lg_G7_ThinQ_Edk2/edk2_LG_G7_THINQ/workspace/Build/LgG7ThinQPkg/DEBUG_GCC5/AARCH64/ArmPkg/Library/ArmLib/ArmBaseLib/OUTPUT/ArmBaseLib.lib(AArch64Support.obj)
 .text.ArmReadHcr
                0x0000000000000000        0x8 /home/j0sh1x/Lg_G7_ThinQ_Edk2/edk2_LG_G7_THINQ/workspace/Build/LgG7ThinQPkg/DEBUG_GCC5/AARCH64/ArmPkg/Library/ArmLib/ArmBaseLib/OUTPUT/ArmBaseLib.lib(AArch64Support.obj)
 .text.ArmReadCurrentEL
                0x0000000000000000        0x8 /home/j0sh1x/Lg_G7_ThinQ_Edk2/edk2_LG_G7_THINQ/workspace/Build/LgG7ThinQPkg/DEBUG_GCC5/AARCH64/ArmPkg/Library/ArmLib/ArmBaseLib/OUTPUT/ArmBaseLib.lib(AArch64Support.obj)
 .text.ArmReadCntHctl
                0x0000000000000000        0x8 /home/j0sh1x/Lg_G7_ThinQ_Edk2/edk2_LG_G7_THINQ/workspace/Build/LgG7ThinQPkg/DEBUG_GCC5/AARCH64/ArmPkg/Library/ArmLib/ArmBaseLib/OUTPUT/ArmBaseLib.lib(AArch64Support.obj)
 .text.ArmWriteCntHctl
                0x0000000000000000        0x8 /home/j0sh1x/Lg_G7_ThinQ_Edk2/edk2_LG_G7_THINQ/workspace/Build/LgG7ThinQPkg/DEBUG_GCC5/AARCH64/ArmPkg/Library/ArmLib/ArmBaseLib/OUTPUT/ArmBaseLib.lib(AArch64Support.obj)

Speicherkonfiguration

Name             Ursprung           Länge             Attribute
*default*        0x0000000000000000 0xffffffffffffffff

Linker script and memory map

LOAD /home/j0sh1x/Lg_G7_ThinQ_Edk2/edk2/ArmPkg/Library/GccLto/liblto-aarch64.a
START GROUP
LOAD /tmp/UiApp.dll.XMj2sU.ltrans0.ltrans.o
LOAD /tmp/UiApp.dll.XMj2sU.ltrans1.ltrans.o
LOAD /tmp/UiApp.dll.XMj2sU.ltrans2.ltrans.o
LOAD /tmp/ccXLiP8S.debug.temp.o
LOAD /tmp/ccHI6sZU.debug.temp.o
LOAD /tmp/ccbZWGAS.debug.temp.o
LOAD /tmp/ccjj85FU.debug.temp.o
LOAD /tmp/ccvZjDvR.debug.temp.o
LOAD /tmp/ccdkOiRQ.debug.temp.o
LOAD /tmp/ccgCqmwU.debug.temp.o
LOAD /tmp/ccPsHtGU.debug.temp.o
LOAD /tmp/ccS6TKZU.debug.temp.o
LOAD /tmp/cc66O6fR.debug.temp.o
LOAD /tmp/ccXlCKRU.debug.temp.o
LOAD /tmp/ccaPmWDQ.debug.temp.o
LOAD /tmp/cccZLibS.debug.temp.o
LOAD /tmp/ccWZsIWU.debug.temp.o
LOAD /tmp/ccm2PzcV.debug.temp.o
LOAD /tmp/ccceNeTU.debug.temp.o
LOAD /tmp/ccW9ed8S.debug.temp.o
LOAD /tmp/ccm31qhR.debug.temp.o
LOAD /tmp/ccte6NFR.debug.temp.o
LOAD /tmp/cc58XuXQ.debug.temp.o
LOAD /tmp/ccJJN2YR.debug.temp.o
LOAD /tmp/ccJmC5ST.debug.temp.o
LOAD /tmp/ccTwufMT.debug.temp.o
LOAD /tmp/ccOuQ4KT.debug.temp.o
LOAD /tmp/ccM2xJwU.debug.temp.o
LOAD /tmp/cczy6ObT.debug.temp.o
LOAD /tmp/ccFcJpRR.debug.temp.o
LOAD /tmp/ccXG1aHR.debug.temp.o
LOAD /tmp/ccsmktNQ.debug.temp.o
LOAD /tmp/ccjGG10Q.debug.temp.o
LOAD /tmp/ccEM87ZS.debug.temp.o
LOAD /tmp/ccPo6V8U.debug.temp.o
LOAD /tmp/ccBuBGiU.debug.temp.o
LOAD /tmp/ccBpDpES.debug.temp.o
LOAD /tmp/ccrdz0RS.debug.temp.o
LOAD /tmp/ccekzuFS.debug.temp.o
LOAD /tmp/ccYslnBT.debug.temp.o
LOAD /tmp/cc0LOACS.debug.temp.o
LOAD /tmp/ccEskqoR.debug.temp.o
LOAD /tmp/ccHeV3DT.debug.temp.o
LOAD /tmp/cc2mNBZT.debug.temp.o
LOAD /tmp/ccS0JqQT.debug.temp.o
LOAD /tmp/cc8peQEQ.debug.temp.o
LOAD /tmp/ccyMiI0S.debug.temp.o
LOAD /tmp/cc2WlFER.debug.temp.o
LOAD /tmp/ccLojDwR.debug.temp.o
LOAD /tmp/ccbgtkuR.debug.temp.o
LOAD /tmp/ccw2XMyR.debug.temp.o
LOAD /tmp/ccScQ5TT.debug.temp.o
LOAD /tmp/cck1YTvR.debug.temp.o
LOAD /tmp/ccpMjIOQ.debug.temp.o
LOAD /tmp/ccv4Zh4S.debug.temp.o
LOAD /tmp/ccJEni1T.debug.temp.o
LOAD /tmp/ccCsTHgT.debug.temp.o
LOAD /tmp/ccV91cCT.debug.temp.o
LOAD /tmp/cc2HUEyU.debug.temp.o
LOAD /tmp/cce1JztT.debug.temp.o
LOAD /tmp/ccrFTh4U.debug.temp.o
LOAD /tmp/ccInoOOQ.debug.temp.o
LOAD /tmp/cc2chVAS.debug.temp.o
LOAD /tmp/ccO4li8S.debug.temp.o
LOAD /tmp/ccSZCavR.debug.temp.o
LOAD /tmp/ccewbZ9R.debug.temp.o
LOAD /tmp/ccetwARS.debug.temp.o
LOAD /tmp/ccAREOzT.debug.temp.o
LOAD /tmp/ccpEIRxU.debug.temp.o
LOAD /tmp/ccTCICPS.debug.temp.o
LOAD /tmp/ccqutFuR.debug.temp.o
LOAD /tmp/ccIYQUNR.debug.temp.o
LOAD /tmp/ccTw1qWQ.debug.temp.o
LOAD /tmp/ccAwWaIQ.debug.temp.o
LOAD /tmp/ccjRYKcR.debug.temp.o
LOAD /tmp/ccPe9rXU.debug.temp.o
LOAD /tmp/cca5TRcU.debug.temp.o
LOAD /tmp/ccKnqrhT.debug.temp.o
LOAD /tmp/ccb82HeS.debug.temp.o
LOAD /tmp/cc6y9yIS.debug.temp.o
LOAD /tmp/ccEZFS4R.debug.temp.o
LOAD /tmp/ccWi2E2R.debug.temp.o
LOAD /tmp/ccMkDz1R.debug.temp.o
LOAD /tmp/ccgHvdYR.debug.temp.o
LOAD /tmp/cc9Q5zIU.debug.temp.o
LOAD /tmp/ccPjCGAU.debug.temp.o
LOAD /tmp/cc9cQLlR.debug.temp.o
LOAD /tmp/ccpY3HmT.debug.temp.o
LOAD /tmp/ccPgV1IS.debug.temp.o
LOAD /tmp/ccAZHEoS.debug.temp.o
LOAD /tmp/ccTnPpwU.debug.temp.o
LOAD /tmp/ccWXLb3R.debug.temp.o
LOAD /tmp/ccvl1Y7U.debug.temp.o
LOAD /tmp/ccUGi1pS.debug.temp.o
LOAD /tmp/ccaWLOnS.debug.temp.o
LOAD /home/j0sh1x/Lg_G7_ThinQ_Edk2/edk2_LG_G7_THINQ/workspace/Build/LgG7ThinQPkg/DEBUG_GCC5/AARCH64/MdePkg/Library/DxePcdLib/DxePcdLib/OUTPUT/DxePcdLib.lib
LOAD /home/j0sh1x/Lg_G7_ThinQ_Edk2/edk2_LG_G7_THINQ/workspace/Build/LgG7ThinQPkg/DEBUG_GCC5/AARCH64/MdePkg/Library/BaseMemoryLibOptDxe/BaseMemoryLibOptDxe/OUTPUT/BaseMemoryLibOptDxe.lib
LOAD /home/j0sh1x/Lg_G7_ThinQ_Edk2/edk2_LG_G7_THINQ/workspace/Build/LgG7ThinQPkg/DEBUG_GCC5/AARCH64/MdePkg/Library/BaseLib/BaseLib/OUTPUT/BaseLib.lib
LOAD /home/j0sh1x/Lg_G7_ThinQ_Edk2/edk2_LG_G7_THINQ/workspace/Build/LgG7ThinQPkg/DEBUG_GCC5/AARCH64/ArmPkg/Library/ArmLib/ArmBaseLib/OUTPUT/ArmBaseLib.lib
LOAD /home/j0sh1x/Lg_G7_ThinQ_Edk2/edk2_LG_G7_THINQ/workspace/Build/LgG7ThinQPkg/DEBUG_GCC5/AARCH64/ArmPkg/Library/ArmCacheMaintenanceLib/ArmCacheMaintenanceLib/OUTPUT/ArmCacheMaintenanceLib.lib
LOAD /home/j0sh1x/Lg_G7_ThinQ_Edk2/edk2_LG_G7_THINQ/workspace/Build/LgG7ThinQPkg/DEBUG_GCC5/AARCH64/MdePkg/Library/BaseIoLibIntrinsic/BaseIoLibIntrinsic/OUTPUT/BaseIoLibIntrinsic.lib
LOAD /home/j0sh1x/Lg_G7_ThinQ_Edk2/edk2_LG_G7_THINQ/workspace/Build/LgG7ThinQPkg/DEBUG_GCC5/AARCH64/ArmPkg/Library/CompilerIntrinsicsLib/CompilerIntrinsicsLib/OUTPUT/CompilerIntrinsicsLib.lib
LOAD /home/j0sh1x/Lg_G7_ThinQ_Edk2/edk2_LG_G7_THINQ/workspace/Build/LgG7ThinQPkg/DEBUG_GCC5/AARCH64/MdePkg/Library/BaseDebugPrintErrorLevelLib/BaseDebugPrintErrorLevelLib/OUTPUT/BaseDebugPrintErrorLevelLib.lib
LOAD /home/j0sh1x/Lg_G7_ThinQ_Edk2/edk2_LG_G7_THINQ/workspace/Build/LgG7ThinQPkg/DEBUG_GCC5/AARCH64/LgG7ThinQPkg/Library/FrameBufferSerialPortLib/FrameBufferSerialPortLib/OUTPUT/FrameBufferSerialPortLib.lib
LOAD /home/j0sh1x/Lg_G7_ThinQ_Edk2/edk2_LG_G7_THINQ/workspace/Build/LgG7ThinQPkg/DEBUG_GCC5/AARCH64/MdePkg/Library/BasePrintLib/BasePrintLib/OUTPUT/BasePrintLib.lib
LOAD /home/j0sh1x/Lg_G7_ThinQ_Edk2/edk2_LG_G7_THINQ/workspace/Build/LgG7ThinQPkg/DEBUG_GCC5/AARCH64/MdePkg/Library/BaseDebugLibSerialPort/BaseDebugLibSerialPort/OUTPUT/BaseDebugLibSerialPort.lib
LOAD /home/j0sh1x/Lg_G7_ThinQ_Edk2/edk2_LG_G7_THINQ/workspace/Build/LgG7ThinQPkg/DEBUG_GCC5/AARCH64/MdePkg/Library/UefiMemoryAllocationLib/UefiMemoryAllocationLib/OUTPUT/UefiMemoryAllocationLib.lib
LOAD /home/j0sh1x/Lg_G7_ThinQ_Edk2/edk2_LG_G7_THINQ/workspace/Build/LgG7ThinQPkg/DEBUG_GCC5/AARCH64/MdePkg/Library/UefiBootServicesTableLib/UefiBootServicesTableLib/OUTPUT/UefiBootServicesTableLib.lib
LOAD /home/j0sh1x/Lg_G7_ThinQ_Edk2/edk2_LG_G7_THINQ/workspace/Build/LgG7ThinQPkg/DEBUG_GCC5/AARCH64/MdePkg/Library/UefiRuntimeServicesTableLib/UefiRuntimeServicesTableLib/OUTPUT/UefiRuntimeServicesTableLib.lib
LOAD /home/j0sh1x/Lg_G7_ThinQ_Edk2/edk2_LG_G7_THINQ/workspace/Build/LgG7ThinQPkg/DEBUG_GCC5/AARCH64/MdePkg/Library/UefiDevicePathLib/UefiDevicePathLib/OUTPUT/UefiDevicePathLib.lib
LOAD /home/j0sh1x/Lg_G7_ThinQ_Edk2/edk2_LG_G7_THINQ/workspace/Build/LgG7ThinQPkg/DEBUG_GCC5/AARCH64/MdePkg/Library/UefiLib/UefiLib/OUTPUT/UefiLib.lib
LOAD /home/j0sh1x/Lg_G7_ThinQ_Edk2/edk2_LG_G7_THINQ/workspace/Build/LgG7ThinQPkg/DEBUG_GCC5/AARCH64/MdePkg/Library/DxeHobLib/DxeHobLib/OUTPUT/DxeHobLib.lib
LOAD /home/j0sh1x/Lg_G7_ThinQ_Edk2/edk2_LG_G7_THINQ/workspace/Build/LgG7ThinQPkg/DEBUG_GCC5/AARCH64/MdeModulePkg/Library/UefiHiiServicesLib/UefiHiiServicesLib/OUTPUT/UefiHiiServicesLib.lib
LOAD /home/j0sh1x/Lg_G7_ThinQ_Edk2/edk2_LG_G7_THINQ/workspace/Build/LgG7ThinQPkg/DEBUG_GCC5/AARCH64/MdeModulePkg/Library/UefiSortLib/UefiSortLib/OUTPUT/UefiSortLib.lib
LOAD /home/j0sh1x/Lg_G7_ThinQ_Edk2/edk2_LG_G7_THINQ/workspace/Build/LgG7ThinQPkg/DEBUG_GCC5/AARCH64/MdePkg/Library/DxeServicesLib/DxeServicesLib/OUTPUT/DxeServicesLib.lib
LOAD /home/j0sh1x/Lg_G7_ThinQ_Edk2/edk2_LG_G7_THINQ/workspace/Build/LgG7ThinQPkg/DEBUG_GCC5/AARCH64/MdePkg/Library/DxeServicesTableLib/DxeServicesTableLib/OUTPUT/DxeServicesTableLib.lib
LOAD /home/j0sh1x/Lg_G7_ThinQ_Edk2/edk2_LG_G7_THINQ/workspace/Build/LgG7ThinQPkg/DEBUG_GCC5/AARCH64/MdePkg/Library/BasePeCoffGetEntryPointLib/BasePeCoffGetEntryPointLib/OUTPUT/BasePeCoffGetEntryPointLib.lib
LOAD /home/j0sh1x/Lg_G7_ThinQ_Edk2/edk2_LG_G7_THINQ/workspace/Build/LgG7ThinQPkg/DEBUG_GCC5/AARCH64/MdeModulePkg/Library/DxePerformanceLib/DxePerformanceLib/OUTPUT/DxePerformanceLib.lib
LOAD /home/j0sh1x/Lg_G7_ThinQ_Edk2/edk2_LG_G7_THINQ/workspace/Build/LgG7ThinQPkg/DEBUG_GCC5/AARCH64/MdeModulePkg/Library/UefiHiiLib/UefiHiiLib/OUTPUT/UefiHiiLib.lib
LOAD /home/j0sh1x/Lg_G7_ThinQ_Edk2/edk2_LG_G7_THINQ/workspace/Build/LgG7ThinQPkg/DEBUG_GCC5/AARCH64/MdeModulePkg/Library/DxeReportStatusCodeLib/DxeReportStatusCodeLib/OUTPUT/DxeReportStatusCodeLib.lib
LOAD /home/j0sh1x/Lg_G7_ThinQ_Edk2/edk2_LG_G7_THINQ/workspace/Build/LgG7ThinQPkg/DEBUG_GCC5/AARCH64/MdeModulePkg/Library/UefiBootManagerLib/UefiBootManagerLib/OUTPUT/UefiBootManagerLib.lib
[...]
 .debug_abbrev  0x00000000000099f7      0x110 /tmp/ccaWLOnS.debug.temp.o

.debug_loc      0x0000000000000000    0x336cd
 .debug_loc     0x0000000000000000    0x1365b /tmp/UiApp.dll.XMj2sU.ltrans0.ltrans.o
 .debug_loc     0x000000000001365b     0xeccd /tmp/UiApp.dll.XMj2sU.ltrans1.ltrans.o
 .debug_loc     0x0000000000022328    0x113a5 /tmp/UiApp.dll.XMj2sU.ltrans2.ltrans.o

.debug_aranges  0x0000000000000000     0x1370
 .debug_aranges
                0x0000000000000000      0x640 /tmp/UiApp.dll.XMj2sU.ltrans0.ltrans.o
 .debug_aranges
                0x0000000000000640      0x450 /tmp/UiApp.dll.XMj2sU.ltrans1.ltrans.o
 .debug_aranges
                0x0000000000000a90      0x8e0 /tmp/UiApp.dll.XMj2sU.ltrans2.ltrans.o

.debug_ranges   0x0000000000000000     0x6170
 .debug_ranges  0x0000000000000000     0x24e0 /tmp/UiApp.dll.XMj2sU.ltrans0.ltrans.o
 .debug_ranges  0x00000000000024e0     0x1f90 /tmp/UiApp.dll.XMj2sU.ltrans1.ltrans.o
 .debug_ranges  0x0000000000004470     0x1d00 /tmp/UiApp.dll.XMj2sU.ltrans2.ltrans.o

.debug_line     0x0000000000000000    0x28b6c
 .debug_line    0x0000000000000000     0x7f4a /tmp/UiApp.dll.XMj2sU.ltrans0.ltrans.o
 .debug_line    0x0000000000007f4a     0x6e35 /tmp/UiApp.dll.XMj2sU.ltrans1.ltrans.o
 .debug_line    0x000000000000ed7f     0x6ad1 /tmp/UiApp.dll.XMj2sU.ltrans2.ltrans.o
 .debug_line    0x0000000000015850      0x1a8 /tmp/ccXLiP8S.debug.temp.o
 .debug_line    0x00000000000159f8      0x1a8 /tmp/ccHI6sZU.debug.temp.o
 .debug_line    0x0000000000015ba0      0x39a /tmp/ccbZWGAS.debug.temp.o
 .debug_line    0x0000000000015f3a      0x1a7 /tmp/ccjj85FU.debug.temp.o
 .debug_line    0x00000000000160e1      0x334 /tmp/ccvZjDvR.debug.temp.o
 .debug_line    0x0000000000016415      0x5e7 /tmp/ccdkOiRQ.debug.temp.o
 .debug_line    0x00000000000169fc      0x51d /tmp/ccgCqmwU.debug.temp.o
 .debug_line    0x0000000000016f19      0x541 /tmp/ccPsHtGU.debug.temp.o
 .debug_line    0x000000000001745a      0x523 /tmp/ccS6TKZU.debug.temp.o
 .debug_line    0x000000000001797d      0x2a0 /tmp/cc66O6fR.debug.temp.o
 .debug_line    0x0000000000017c1d      0x3d4 /tmp/ccXlCKRU.debug.temp.o
 .debug_line    0x0000000000017ff1      0x1aa /tmp/ccaPmWDQ.debug.temp.o
 .debug_line    0x000000000001819b      0x1aa /tmp/cccZLibS.debug.temp.o
 .debug_line    0x0000000000018345      0x181 /tmp/ccWZsIWU.debug.temp.o
 .debug_line    0x00000000000184c6      0x183 /tmp/ccm2PzcV.debug.temp.o
 .debug_line    0x0000000000018649      0x182 /tmp/ccceNeTU.debug.temp.o
 .debug_line    0x00000000000187cb      0x17e /tmp/ccW9ed8S.debug.temp.o
 .debug_line    0x0000000000018949      0x17e /tmp/ccm31qhR.debug.temp.o
 .debug_line    0x0000000000018ac7      0x182 /tmp/ccJJN2YR.debug.temp.o
 .debug_line    0x0000000000018c49      0x181 /tmp/ccJmC5ST.debug.temp.o
 .debug_line    0x0000000000018dca      0x19d /tmp/ccOuQ4KT.debug.temp.o
 .debug_line    0x0000000000018f67      0x1bb /tmp/ccM2xJwU.debug.temp.o
 .debug_line    0x0000000000019122      0x24d /tmp/cczy6ObT.debug.temp.o
 .debug_line    0x000000000001936f      0x373 /tmp/ccFcJpRR.debug.temp.o
 .debug_line    0x00000000000196e2      0x37b /tmp/ccXG1aHR.debug.temp.o
 .debug_line    0x0000000000019a5d      0x32f /tmp/ccsmktNQ.debug.temp.o
 .debug_line    0x0000000000019d8c      0x3b7 /tmp/ccjGG10Q.debug.temp.o
 .debug_line    0x000000000001a143      0x3b5 /tmp/ccEM87ZS.debug.temp.o
 .debug_line    0x000000000001a4f8      0x42b /tmp/ccPo6V8U.debug.temp.o
 .debug_line    0x000000000001a923      0x395 /tmp/ccBpDpES.debug.temp.o
 .debug_line    0x000000000001acb8      0x3b8 /tmp/ccrdz0RS.debug.temp.o
 .debug_line    0x000000000001b070      0x40c /tmp/ccekzuFS.debug.temp.o
 .debug_line    0x000000000001b47c      0x450 /tmp/ccYslnBT.debug.temp.o
 .debug_line    0x000000000001b8cc      0x47d /tmp/cc0LOACS.debug.temp.o
 .debug_line    0x000000000001bd49      0x56a /tmp/ccEskqoR.debug.temp.o
 .debug_line    0x000000000001c2b3      0x54d /tmp/ccHeV3DT.debug.temp.o
 .debug_line    0x000000000001c800      0x54f /tmp/cc2mNBZT.debug.temp.o
 .debug_line    0x000000000001cd4f      0x47d /tmp/ccS0JqQT.debug.temp.o
 .debug_line    0x000000000001d1cc      0x527 /tmp/cc8peQEQ.debug.temp.o
 .debug_line    0x000000000001d6f3      0x5cd /tmp/ccyMiI0S.debug.temp.o
 .debug_line    0x000000000001dcc0      0x665 /tmp/cc2WlFER.debug.temp.o
 .debug_line    0x000000000001e325      0x64a /tmp/ccLojDwR.debug.temp.o
 .debug_line    0x000000000001e96f      0x627 /tmp/ccbgtkuR.debug.temp.o
 .debug_line    0x000000000001ef96      0x58e /tmp/ccw2XMyR.debug.temp.o
 .debug_line    0x000000000001f524      0x5c1 /tmp/ccScQ5TT.debug.temp.o
 .debug_line    0x000000000001fae5      0x5c3 /tmp/cck1YTvR.debug.temp.o
 .debug_line    0x00000000000200a8      0x5b3 /tmp/ccpMjIOQ.debug.temp.o
 .debug_line    0x000000000002065b      0x2c7 /tmp/ccv4Zh4S.debug.temp.o
 .debug_line    0x0000000000020922      0x2cf /tmp/ccJEni1T.debug.temp.o
 .debug_line    0x0000000000020bf1      0x52d /tmp/ccCsTHgT.debug.temp.o
 .debug_line    0x000000000002111e      0x2d0 /tmp/ccV91cCT.debug.temp.o
 .debug_line    0x00000000000213ee      0x2d9 /tmp/cc2HUEyU.debug.temp.o
 .debug_line    0x00000000000216c7      0x63c /tmp/cce1JztT.debug.temp.o
 .debug_line    0x0000000000021d03      0x2ca /tmp/ccrFTh4U.debug.temp.o
 .debug_line    0x0000000000021fcd      0x2d1 /tmp/ccInoOOQ.debug.temp.o
 .debug_line    0x000000000002229e      0x6ec /tmp/cc2chVAS.debug.temp.o
 .debug_line    0x000000000002298a      0x70b /tmp/ccO4li8S.debug.temp.o
 .debug_line    0x0000000000023095      0x6e2 /tmp/ccSZCavR.debug.temp.o
 .debug_line    0x0000000000023777      0x6d9 /tmp/ccewbZ9R.debug.temp.o
 .debug_line    0x0000000000023e50      0x6e7 /tmp/ccetwARS.debug.temp.o
 .debug_line    0x0000000000024537      0x6df /tmp/ccAREOzT.debug.temp.o
 .debug_line    0x0000000000024c16      0x6cc /tmp/ccpEIRxU.debug.temp.o
 .debug_line    0x00000000000252e2      0x3c2 /tmp/ccTCICPS.debug.temp.o
 .debug_line    0x00000000000256a4      0x71f /tmp/ccqutFuR.debug.temp.o
 .debug_line    0x0000000000025dc3      0x2eb /tmp/ccIYQUNR.debug.temp.o
 .debug_line    0x00000000000260ae      0x2fa /tmp/ccTw1qWQ.debug.temp.o
 .debug_line    0x00000000000263a8      0x1aa /tmp/ccAwWaIQ.debug.temp.o
 .debug_line    0x0000000000026552      0x1ad /tmp/ccjRYKcR.debug.temp.o
 .debug_line    0x00000000000266ff      0x1ab /tmp/ccPe9rXU.debug.temp.o
 .debug_line    0x00000000000268aa      0x1a9 /tmp/cca5TRcU.debug.temp.o
 .debug_line    0x0000000000026a53      0x1af /tmp/ccKnqrhT.debug.temp.o
 .debug_line    0x0000000000026c02      0x1ae /tmp/ccb82HeS.debug.temp.o
 .debug_line    0x0000000000026db0      0x18a /tmp/ccMkDz1R.debug.temp.o
 .debug_line    0x0000000000026f3a      0x182 /tmp/cc9Q5zIU.debug.temp.o
 .debug_line    0x00000000000270bc      0x185 /tmp/ccPjCGAU.debug.temp.o
 .debug_line    0x0000000000027241      0x1cf /tmp/cc9cQLlR.debug.temp.o
 .debug_line    0x0000000000027410      0x3b3 /tmp/ccpY3HmT.debug.temp.o
 .debug_line    0x00000000000277c3      0x3ec /tmp/ccPgV1IS.debug.temp.o
 .debug_line    0x0000000000027baf      0x38c /tmp/ccAZHEoS.debug.temp.o
 .debug_line    0x0000000000027f3b      0x4db /tmp/ccWXLb3R.debug.temp.o
 .debug_line    0x0000000000028416      0x3d6 /tmp/ccvl1Y7U.debug.temp.o
 .debug_line    0x00000000000287ec      0x201 /tmp/ccUGi1pS.debug.temp.o
 .debug_line    0x00000000000289ed      0x17f /tmp/ccaWLOnS.debug.temp.o

.debug_str      0x0000000000000000    0x134dc
 .debug_str     0x0000000000000000      0x679 /tmp/UiApp.dll.XMj2sU.ltrans0.ltrans.o
                                        0x680 (size before relaxing)
 .debug_str     0x0000000000000679      0x1bf /tmp/UiApp.dll.XMj2sU.ltrans1.ltrans.o
                                        0x5d4 (size before relaxing)
 .debug_str     0x0000000000000838       0xf6 /tmp/UiApp.dll.XMj2sU.ltrans2.ltrans.o
                                        0x61b (size before relaxing)
 .debug_str     0x000000000000092e      0x445 /tmp/ccXLiP8S.debug.temp.o
                                        0x4b4 (size before relaxing)
 .debug_str     0x0000000000000d73       0x5a /tmp/ccHI6sZU.debug.temp.o
                                        0x4a8 (size before relaxing)
 .debug_str     0x0000000000000dcd     0x134e /tmp/ccbZWGAS.debug.temp.o
                                       0x16e5 (size before relaxing)
 .debug_str     0x000000000000211b      0x13d /tmp/ccjj85FU.debug.temp.o
                                        0x515 (size before relaxing)
 .debug_str     0x0000000000002258     0x1251 /tmp/ccvZjDvR.debug.temp.o
                                       0x28e6 (size before relaxing)
 .debug_str     0x00000000000034a9     0x1a7d /tmp/ccdkOiRQ.debug.temp.o
                                       0x4094 (size before relaxing)
 .debug_str     0x0000000000004f26      0x151 /tmp/ccgCqmwU.debug.temp.o
                                       0x2fc7 (size before relaxing)
 .debug_str     0x0000000000005077       0xc5 /tmp/ccPsHtGU.debug.temp.o
                                       0x30fa (size before relaxing)
 .debug_str     0x000000000000513c      0x27f /tmp/ccS6TKZU.debug.temp.o
                                       0x31ab (size before relaxing)
 .debug_str     0x00000000000053bb       0x99 /tmp/cc66O6fR.debug.temp.o
                                       0x1138 (size before relaxing)
 .debug_str     0x0000000000005454      0xa48 /tmp/ccXlCKRU.debug.temp.o
                                       0x2330 (size before relaxing)
 .debug_str     0x0000000000005e9c      0x139 /tmp/ccaPmWDQ.debug.temp.o
                                        0x513 (size before relaxing)
 .debug_str     0x0000000000005fd5       0x76 /tmp/cccZLibS.debug.temp.o
                                        0x4d6 (size before relaxing)
 .debug_str     0x000000000000604b       0xcc /tmp/ccWZsIWU.debug.temp.o
                                        0x59e (size before relaxing)
 .debug_str     0x0000000000006117       0x54 /tmp/ccm2PzcV.debug.temp.o
                                        0x59a (size before relaxing)
 .debug_str     0x000000000000616b      0x2c6 /tmp/ccceNeTU.debug.temp.o
                                        0x959 (size before relaxing)
 .debug_str     0x0000000000006431      0x31a /tmp/ccW9ed8S.debug.temp.o
                                        0x97b (size before relaxing)
 .debug_str     0x000000000000674b      0x1b5 /tmp/ccm31qhR.debug.temp.o
                                        0x718 (size before relaxing)
 .debug_str     0x0000000000006900       0x47 /tmp/ccJJN2YR.debug.temp.o
                                        0x5ab (size before relaxing)
 .debug_str     0x0000000000006947       0x46 /tmp/ccJmC5ST.debug.temp.o
                                        0x59e (size before relaxing)
 .debug_str     0x000000000000698d      0x2b6 /tmp/ccOuQ4KT.debug.temp.o
                                        0x730 (size before relaxing)
 .debug_str     0x0000000000006c43      0x23a /tmp/ccM2xJwU.debug.temp.o
                                        0x864 (size before relaxing)
 .debug_str     0x0000000000006e7d      0x1ce /tmp/cczy6ObT.debug.temp.o
                                        0x709 (size before relaxing)
 .debug_str     0x000000000000704b      0x31f /tmp/ccFcJpRR.debug.temp.o
                                       0x193f (size before relaxing)
 .debug_str     0x000000000000736a      0x12a /tmp/ccXG1aHR.debug.temp.o
                                       0x16d3 (size before relaxing)
 .debug_str     0x0000000000007494      0x139 /tmp/ccsmktNQ.debug.temp.o
                                       0x16d5 (size before relaxing)
 .debug_str     0x00000000000075cd      0x3c1 /tmp/ccjGG10Q.debug.temp.o
                                       0x1b08 (size before relaxing)
 .debug_str     0x000000000000798e       0xc1 /tmp/ccEM87ZS.debug.temp.o
                                       0x193e (size before relaxing)
 .debug_str     0x0000000000007a4f      0xdbb /tmp/ccPo6V8U.debug.temp.o
                                       0x2752 (size before relaxing)
 .debug_str     0x000000000000880a      0x255 /tmp/ccBpDpES.debug.temp.o
                                       0x1ba0 (size before relaxing)
 .debug_str     0x0000000000008a5f      0x5f5 /tmp/ccrdz0RS.debug.temp.o
                                       0x2209 (size before relaxing)
 .debug_str     0x0000000000009054      0x5ee /tmp/ccekzuFS.debug.temp.o
                                       0x1d79 (size before relaxing)
 .debug_str     0x0000000000009642      0x118 /tmp/ccYslnBT.debug.temp.o
                                       0x2330 (size before relaxing)
 .debug_str     0x000000000000975a      0x667 /tmp/cc0LOACS.debug.temp.o
                                       0x1d9a (size before relaxing)
 .debug_str     0x0000000000009dc1      0xd92 /tmp/ccEskqoR.debug.temp.o
                                       0x3722 (size before relaxing)
 .debug_str     0x000000000000ab53       0xac /tmp/ccHeV3DT.debug.temp.o
                                       0x256a (size before relaxing)
 .debug_str     0x000000000000abff       0x8e /tmp/cc2mNBZT.debug.temp.o
                                       0x24fb (size before relaxing)
 .debug_str     0x000000000000ac8d      0x3ea /tmp/ccS0JqQT.debug.temp.o
                                       0x1b78 (size before relaxing)
 .debug_str     0x000000000000b077      0x78d /tmp/cc8peQEQ.debug.temp.o
                                       0x2936 (size before relaxing)
 .debug_str     0x000000000000b804      0x3fa /tmp/ccyMiI0S.debug.temp.o
                                       0x2cb9 (size before relaxing)
 .debug_str     0x000000000000bbfe      0xf0e /tmp/cc2WlFER.debug.temp.o
                                       0x367c (size before relaxing)
 .debug_str     0x000000000000cb0c      0xd56 /tmp/ccLojDwR.debug.temp.o
                                       0x440f (size before relaxing)
 .debug_str     0x000000000000d862      0x8ca /tmp/ccbgtkuR.debug.temp.o
                                       0x2e68 (size before relaxing)
 .debug_str     0x000000000000e12c      0x5f3 /tmp/ccw2XMyR.debug.temp.o
                                       0x2b6f (size before relaxing)
 .debug_str     0x000000000000e71f      0x42f /tmp/ccScQ5TT.debug.temp.o
                                       0x290c (size before relaxing)
 .debug_str     0x000000000000eb4e      0x27f /tmp/cck1YTvR.debug.temp.o
                                       0x2641 (size before relaxing)
 .debug_str     0x000000000000edcd      0x716 /tmp/ccpMjIOQ.debug.temp.o
                                       0x2682 (size before relaxing)
 .debug_str     0x000000000000f4e3       0xa4 /tmp/ccv4Zh4S.debug.temp.o
                                        0x72c (size before relaxing)
 .debug_str     0x000000000000f587       0xac /tmp/ccJEni1T.debug.temp.o
                                        0x747 (size before relaxing)
 .debug_str     0x000000000000f633      0x3d8 /tmp/ccCsTHgT.debug.temp.o
                                       0x2b27 (size before relaxing)
 .debug_str     0x000000000000fa0b       0xaa /tmp/ccV91cCT.debug.temp.o
                                        0x6ed (size before relaxing)
 .debug_str     0x000000000000fab5       0xb3 /tmp/cc2HUEyU.debug.temp.o
                                        0x70a (size before relaxing)
 .debug_str     0x000000000000fb68      0x556 /tmp/cce1JztT.debug.temp.o
                                       0x2a45 (size before relaxing)
 .debug_str     0x00000000000100be       0xa6 /tmp/ccrFTh4U.debug.temp.o
                                        0x9ee (size before relaxing)
 .debug_str     0x0000000000010164       0xad /tmp/ccInoOOQ.debug.temp.o
                                        0xa07 (size before relaxing)
 .debug_str     0x0000000000010211      0xadc /tmp/cc2chVAS.debug.temp.o
                                       0x3c6b (size before relaxing)
 .debug_str     0x0000000000010ced      0x2cb /tmp/ccO4li8S.debug.temp.o
                                       0x3ccd (size before relaxing)
 .debug_str     0x0000000000010fb8      0x479 /tmp/ccSZCavR.debug.temp.o
                                       0x3ba6 (size before relaxing)
 .debug_str     0x0000000000011431       0x5b /tmp/ccewbZ9R.debug.temp.o
                                       0x3632 (size before relaxing)
 .debug_str     0x000000000001148c      0x1c3 /tmp/ccetwARS.debug.temp.o
                                       0x398e (size before relaxing)
 .debug_str     0x000000000001164f      0x1df /tmp/ccAREOzT.debug.temp.o
                                       0x38be (size before relaxing)
 .debug_str     0x000000000001182e       0xa1 /tmp/ccpEIRxU.debug.temp.o
                                       0x3621 (size before relaxing)
 .debug_str     0x00000000000118cf       0xa1 /tmp/ccTCICPS.debug.temp.o
                                        0xc7a (size before relaxing)
 .debug_str     0x0000000000011970      0x175 /tmp/ccqutFuR.debug.temp.o
                                       0x3876 (size before relaxing)
 .debug_str     0x0000000000011ae5       0xbc /tmp/ccIYQUNR.debug.temp.o
                                        0xac3 (size before relaxing)
 .debug_str     0x0000000000011ba1       0xcb /tmp/ccTw1qWQ.debug.temp.o
                                        0xaec (size before relaxing)
 .debug_str     0x0000000000011c6c       0x57 /tmp/ccAwWaIQ.debug.temp.o
                                        0x4be (size before relaxing)
 .debug_str     0x0000000000011cc3       0x5a /tmp/ccjRYKcR.debug.temp.o
                                        0x4e7 (size before relaxing)
 .debug_str     0x0000000000011d1d       0x58 /tmp/ccPe9rXU.debug.temp.o
                                        0x4c6 (size before relaxing)
 .debug_str     0x0000000000011d75       0x5e /tmp/cca5TRcU.debug.temp.o
                                        0x4ca (size before relaxing)
 .debug_str     0x0000000000011dd3       0x5c /tmp/ccKnqrhT.debug.temp.o
                                        0x4c8 (size before relaxing)
 .debug_str     0x0000000000011e2f       0xbd /tmp/ccb82HeS.debug.temp.o
                                        0x530 (size before relaxing)
 .debug_str     0x0000000000011eec       0x62 /tmp/ccMkDz1R.debug.temp.o
                                        0x5b7 (size before relaxing)
 .debug_str     0x0000000000011f4e      0x11f /tmp/cc9Q5zIU.debug.temp.o
                                        0x6aa (size before relaxing)
 .debug_str     0x000000000001206d       0xe3 /tmp/ccPjCGAU.debug.temp.o
                                        0x641 (size before relaxing)
 .debug_str     0x0000000000012150      0x142 /tmp/cc9cQLlR.debug.temp.o
                                        0x546 (size before relaxing)
 .debug_str     0x0000000000012292      0x3f6 /tmp/ccpY3HmT.debug.temp.o
                                        0xbf8 (size before relaxing)
 .debug_str     0x0000000000012688      0x267 /tmp/ccPgV1IS.debug.temp.o
                                       0x22c9 (size before relaxing)
 .debug_str     0x00000000000128ef      0x164 /tmp/ccAZHEoS.debug.temp.o
                                       0x1bd5 (size before relaxing)
 .debug_str     0x0000000000012a53      0x410 /tmp/ccWXLb3R.debug.temp.o
                                       0x2079 (size before relaxing)
 .debug_str     0x0000000000012e63      0x31b /tmp/ccvl1Y7U.debug.temp.o
                                       0x19eb (size before relaxing)
 .debug_str     0x000000000001317e      0x208 /tmp/ccUGi1pS.debug.temp.o
                                        0x610 (size before relaxing)
 .debug_str     0x0000000000013386      0x156 /tmp/ccaWLOnS.debug.temp.o
                                        0x52c (size before relaxing)

.debug_frame    0x0000000000000000     0x3e00
 .debug_frame   0x0000000000000000     0x1570 /tmp/UiApp.dll.XMj2sU.ltrans0.ltrans.o
 .debug_frame   0x0000000000001570      0xff8 /tmp/UiApp.dll.XMj2sU.ltrans1.ltrans.o
 .debug_frame   0x0000000000002568     0x1898 /tmp/UiApp.dll.XMj2sU.ltrans2.ltrans.o
