Archive member included to satisfy reference by file (symbol)

/home/j0sh1x/Lg_G7_ThinQ_Edk2/edk2_LG_G7_THINQ/workspace/Build/LgG7ThinQPkg/DEBUG_GCC5/AARCH64/ArmPkg/Library/CompilerIntrinsicsLib/CompilerIntrinsicsLib/OUTPUT/CompilerIntrinsicsLib.lib(memcpy.obj)
                              /home/j0sh1x/Lg_G7_ThinQ_Edk2/edk2/ArmPkg/Library/GccLto/liblto-aarch64.a (memcpy)
/home/j0sh1x/Lg_G7_ThinQ_Edk2/edk2_LG_G7_THINQ/workspace/Build/LgG7ThinQPkg/DEBUG_GCC5/AARCH64/ArmPkg/Library/CompilerIntrinsicsLib/CompilerIntrinsicsLib/OUTPUT/CompilerIntrinsicsLib.lib(memset.obj)
                              /home/j0sh1x/Lg_G7_ThinQ_Edk2/edk2/ArmPkg/Library/GccLto/liblto-aarch64.a (memset)
/home/j0sh1x/Lg_G7_ThinQ_Edk2/edk2_LG_G7_THINQ/workspace/Build/LgG7ThinQPkg/DEBUG_GCC5/AARCH64/MdePkg/Library/UefiDriverEntryPoint/UefiDriverEntryPoint/OUTPUT/UefiDriverEntryPoint.lib(DriverEntryPoint.obj)
                              (_ModuleEntryPoint)
/home/j0sh1x/Lg_G7_ThinQ_Edk2/edk2_LG_G7_THINQ/workspace/Build/LgG7ThinQPkg/DEBUG_GCC5/AARCH64/MdePkg/Library/BaseStackCheckLib/BaseStackCheckLib/OUTPUT/BaseStackCheckLib.lib(BaseStackCheckGcc.obj)
                              /home/j0sh1x/Lg_G7_ThinQ_Edk2/edk2/ArmPkg/Library/GccLto/liblto-aarch64.a (__stack_chk_fail)
/home/j0sh1x/Lg_G7_ThinQ_Edk2/edk2_LG_G7_THINQ/workspace/Build/LgG7ThinQPkg/DEBUG_GCC5/AARCH64/MdeModulePkg/Universal/HiiDatabaseDxe/HiiDatabaseDxe/OUTPUT/HiiDatabase.lib(AutoGen.obj)
                              DriverEntryPoint.obj (symbol from plugin) (ProcessLibraryConstructorList)
/home/j0sh1x/Lg_G7_ThinQ_Edk2/edk2_LG_G7_THINQ/workspace/Build/LgG7ThinQPkg/DEBUG_GCC5/AARCH64/MdeModulePkg/Universal/HiiDatabaseDxe/HiiDatabaseDxe/OUTPUT/HiiDatabase.lib(HiiDatabaseEntry.obj)
                              AutoGen.obj (symbol from plugin) (InitializeHiiDatabase)
/home/j0sh1x/Lg_G7_ThinQ_Edk2/edk2_LG_G7_THINQ/workspace/Build/LgG7ThinQPkg/DEBUG_GCC5/AARCH64/MdeModulePkg/Universal/HiiDatabaseDxe/HiiDatabaseDxe/OUTPUT/HiiDatabase.lib(Image.obj)
                              HiiDatabaseEntry.obj (symbol from plugin) (HiiNewImage)
/home/j0sh1x/Lg_G7_ThinQ_Edk2/edk2_LG_G7_THINQ/workspace/Build/LgG7ThinQPkg/DEBUG_GCC5/AARCH64/MdeModulePkg/Universal/HiiDatabaseDxe/HiiDatabaseDxe/OUTPUT/HiiDatabase.lib(ImageEx.obj)
                              HiiDatabaseEntry.obj (symbol from plugin) (HiiNewImageEx)
/home/j0sh1x/Lg_G7_ThinQ_Edk2/edk2_LG_G7_THINQ/workspace/Build/LgG7ThinQPkg/DEBUG_GCC5/AARCH64/MdeModulePkg/Universal/HiiDatabaseDxe/HiiDatabaseDxe/OUTPUT/HiiDatabase.lib(ConfigRouting.obj)
                              HiiDatabaseEntry.obj (symbol from plugin) (HiiConfigRoutingExportConfig)
/home/j0sh1x/Lg_G7_ThinQ_Edk2/edk2_LG_G7_THINQ/workspace/Build/LgG7ThinQPkg/DEBUG_GCC5/AARCH64/MdeModulePkg/Universal/HiiDatabaseDxe/HiiDatabaseDxe/OUTPUT/HiiDatabase.lib(String.obj)
                              HiiDatabaseEntry.obj (symbol from plugin) (HiiGetLanguages)
/home/j0sh1x/Lg_G7_ThinQ_Edk2/edk2_LG_G7_THINQ/workspace/Build/LgG7ThinQPkg/DEBUG_GCC5/AARCH64/MdeModulePkg/Universal/HiiDatabaseDxe/HiiDatabaseDxe/OUTPUT/HiiDatabase.lib(Database.obj)
                              String.obj (symbol from plugin) (IsHiiHandleValid)
/home/j0sh1x/Lg_G7_ThinQ_Edk2/edk2_LG_G7_THINQ/workspace/Build/LgG7ThinQPkg/DEBUG_GCC5/AARCH64/MdeModulePkg/Universal/HiiDatabaseDxe/HiiDatabaseDxe/OUTPUT/HiiDatabase.lib(Font.obj)
                              Database.obj (symbol from plugin) (FindGlyphBlock)
/home/j0sh1x/Lg_G7_ThinQ_Edk2/edk2_LG_G7_THINQ/workspace/Build/LgG7ThinQPkg/DEBUG_GCC5/AARCH64/MdeModulePkg/Universal/HiiDatabaseDxe/HiiDatabaseDxe/OUTPUT/HiiDatabase.lib(ConfigKeywordHandler.obj)
                              HiiDatabaseEntry.obj (symbol from plugin) (EfiConfigKeywordHandlerSetData)
/home/j0sh1x/Lg_G7_ThinQ_Edk2/edk2_LG_G7_THINQ/workspace/Build/LgG7ThinQPkg/DEBUG_GCC5/AARCH64/MdePkg/Library/DxePcdLib/DxePcdLib/OUTPUT/DxePcdLib.lib(DxePcdLib.obj)
                              Database.obj (symbol from plugin) (LibPcdGetExPtr)
/home/j0sh1x/Lg_G7_ThinQ_Edk2/edk2_LG_G7_THINQ/workspace/Build/LgG7ThinQPkg/DEBUG_GCC5/AARCH64/MdePkg/Library/BaseMemoryLibOptDxe/BaseMemoryLibOptDxe/OUTPUT/BaseMemoryLibOptDxe.lib(MemLibGuid.obj)
                              ConfigRouting.obj (symbol from plugin) (CopyGuid)
/home/j0sh1x/Lg_G7_ThinQ_Edk2/edk2_LG_G7_THINQ/workspace/Build/LgG7ThinQPkg/DEBUG_GCC5/AARCH64/MdePkg/Library/BaseMemoryLibOptDxe/BaseMemoryLibOptDxe/OUTPUT/BaseMemoryLibOptDxe.lib(ZeroMemWrapper.obj)
                              Image.obj (symbol from plugin) (ZeroMem)
/home/j0sh1x/Lg_G7_ThinQ_Edk2/edk2_LG_G7_THINQ/workspace/Build/LgG7ThinQPkg/DEBUG_GCC5/AARCH64/MdePkg/Library/BaseMemoryLibOptDxe/BaseMemoryLibOptDxe/OUTPUT/BaseMemoryLibOptDxe.lib(CompareMemWrapper.obj)
                              Image.obj (symbol from plugin) (CompareMem)
/home/j0sh1x/Lg_G7_ThinQ_Edk2/edk2_LG_G7_THINQ/workspace/Build/LgG7ThinQPkg/DEBUG_GCC5/AARCH64/MdePkg/Library/BaseMemoryLibOptDxe/BaseMemoryLibOptDxe/OUTPUT/BaseMemoryLibOptDxe.lib(SetMem32Wrapper.obj)
                              Font.obj (symbol from plugin) (SetMem32)
/home/j0sh1x/Lg_G7_ThinQ_Edk2/edk2_LG_G7_THINQ/workspace/Build/LgG7ThinQPkg/DEBUG_GCC5/AARCH64/MdePkg/Library/BaseMemoryLibOptDxe/BaseMemoryLibOptDxe/OUTPUT/BaseMemoryLibOptDxe.lib(CopyMemWrapper.obj)
                              Image.obj (symbol from plugin) (CopyMem)
/home/j0sh1x/Lg_G7_ThinQ_Edk2/edk2_LG_G7_THINQ/workspace/Build/LgG7ThinQPkg/DEBUG_GCC5/AARCH64/MdePkg/Library/BaseMemoryLibOptDxe/BaseMemoryLibOptDxe/OUTPUT/BaseMemoryLibOptDxe.lib(SetMem.obj)
                              SetMem32Wrapper.obj (symbol from plugin) (InternalMemSetMem32)
/home/j0sh1x/Lg_G7_ThinQ_Edk2/edk2_LG_G7_THINQ/workspace/Build/LgG7ThinQPkg/DEBUG_GCC5/AARCH64/MdePkg/Library/BaseMemoryLibOptDxe/BaseMemoryLibOptDxe/OUTPUT/BaseMemoryLibOptDxe.lib(CopyMem.obj)
                              MemLibGuid.obj (symbol from plugin) (InternalMemCopyMem)
/home/j0sh1x/Lg_G7_ThinQ_Edk2/edk2_LG_G7_THINQ/workspace/Build/LgG7ThinQPkg/DEBUG_GCC5/AARCH64/MdePkg/Library/BaseMemoryLibOptDxe/BaseMemoryLibOptDxe/OUTPUT/BaseMemoryLibOptDxe.lib(CompareMem.obj)
                              CompareMemWrapper.obj (symbol from plugin) (InternalMemCompareMem)
/home/j0sh1x/Lg_G7_ThinQ_Edk2/edk2_LG_G7_THINQ/workspace/Build/LgG7ThinQPkg/DEBUG_GCC5/AARCH64/MdePkg/Library/BaseMemoryLibOptDxe/BaseMemoryLibOptDxe/OUTPUT/BaseMemoryLibOptDxe.lib(CompareGuid.obj)
                              MemLibGuid.obj (symbol from plugin) (InternalMemCompareGuid)
/home/j0sh1x/Lg_G7_ThinQ_Edk2/edk2_LG_G7_THINQ/workspace/Build/LgG7ThinQPkg/DEBUG_GCC5/AARCH64/MdePkg/Library/BaseLib/BaseLib/OUTPUT/BaseLib.lib(LShiftU64.obj)
                              ConfigRouting.obj (symbol from plugin) (LShiftU64)
/home/j0sh1x/Lg_G7_ThinQ_Edk2/edk2_LG_G7_THINQ/workspace/Build/LgG7ThinQPkg/DEBUG_GCC5/AARCH64/MdePkg/Library/BaseLib/BaseLib/OUTPUT/BaseLib.lib(BitField.obj)
                              Database.obj (symbol from plugin) (BitFieldRead32)
/home/j0sh1x/Lg_G7_ThinQ_Edk2/edk2_LG_G7_THINQ/workspace/Build/LgG7ThinQPkg/DEBUG_GCC5/AARCH64/MdePkg/Library/BaseLib/BaseLib/OUTPUT/BaseLib.lib(CpuDeadLoop.obj)
                              BaseStackCheckGcc.obj (symbol from plugin) (CpuDeadLoop)
/home/j0sh1x/Lg_G7_ThinQ_Edk2/edk2_LG_G7_THINQ/workspace/Build/LgG7ThinQPkg/DEBUG_GCC5/AARCH64/MdePkg/Library/BaseLib/BaseLib/OUTPUT/BaseLib.lib(LinkedList.obj)
                              HiiDatabaseEntry.obj (symbol from plugin) (InitializeListHead)
/home/j0sh1x/Lg_G7_ThinQ_Edk2/edk2_LG_G7_THINQ/workspace/Build/LgG7ThinQPkg/DEBUG_GCC5/AARCH64/MdePkg/Library/BaseLib/BaseLib/OUTPUT/BaseLib.lib(SafeString.obj)
                              ConfigRouting.obj (symbol from plugin) (StrnLenS)
/home/j0sh1x/Lg_G7_ThinQ_Edk2/edk2_LG_G7_THINQ/workspace/Build/LgG7ThinQPkg/DEBUG_GCC5/AARCH64/MdePkg/Library/BaseLib/BaseLib/OUTPUT/BaseLib.lib(String.obj)
                              ConfigRouting.obj (symbol from plugin) (StrLen)
/home/j0sh1x/Lg_G7_ThinQ_Edk2/edk2_LG_G7_THINQ/workspace/Build/LgG7ThinQPkg/DEBUG_GCC5/AARCH64/MdePkg/Library/BaseLib/BaseLib/OUTPUT/BaseLib.lib(Unaligned.obj)
                              Image.obj (symbol from plugin) (ReadUnaligned16)
/home/j0sh1x/Lg_G7_ThinQ_Edk2/edk2_LG_G7_THINQ/workspace/Build/LgG7ThinQPkg/DEBUG_GCC5/AARCH64/MdePkg/Library/BaseLib/BaseLib/OUTPUT/BaseLib.lib(Math64.obj)
                              LShiftU64.obj (symbol from plugin) (InternalMathLShiftU64)
/home/j0sh1x/Lg_G7_ThinQ_Edk2/edk2_LG_G7_THINQ/workspace/Build/LgG7ThinQPkg/DEBUG_GCC5/AARCH64/MdePkg/Library/BaseLib/BaseLib/OUTPUT/BaseLib.lib(CpuBreakpoint.obj)
                              BaseStackCheckGcc.obj (symbol from plugin) (CpuBreakpoint)
/home/j0sh1x/Lg_G7_ThinQ_Edk2/edk2_LG_G7_THINQ/workspace/Build/LgG7ThinQPkg/DEBUG_GCC5/AARCH64/MdePkg/Library/BaseLib/BaseLib/OUTPUT/BaseLib.lib(SwapBytes32.obj)
                              SafeString.obj (symbol from plugin) (SwapBytes32)
/home/j0sh1x/Lg_G7_ThinQ_Edk2/edk2_LG_G7_THINQ/workspace/Build/LgG7ThinQPkg/DEBUG_GCC5/AARCH64/MdePkg/Library/BaseLib/BaseLib/OUTPUT/BaseLib.lib(SwapBytes16.obj)
                              SafeString.obj (symbol from plugin) (SwapBytes16)
/home/j0sh1x/Lg_G7_ThinQ_Edk2/edk2_LG_G7_THINQ/workspace/Build/LgG7ThinQPkg/DEBUG_GCC5/AARCH64/MdePkg/Library/BaseLib/BaseLib/OUTPUT/BaseLib.lib(RShiftU64.obj)
                              BitField.obj (symbol from plugin) (RShiftU64)
/home/j0sh1x/Lg_G7_ThinQ_Edk2/edk2_LG_G7_THINQ/workspace/Build/LgG7ThinQPkg/DEBUG_GCC5/AARCH64/MdePkg/Library/BaseLib/BaseLib/OUTPUT/BaseLib.lib(MultU64x32.obj)
                              SafeString.obj (symbol from plugin) (MultU64x32)
/home/j0sh1x/Lg_G7_ThinQ_Edk2/edk2_LG_G7_THINQ/workspace/Build/LgG7ThinQPkg/DEBUG_GCC5/AARCH64/MdePkg/Library/BaseLib/BaseLib/OUTPUT/BaseLib.lib(DivU64x32.obj)
                              SafeString.obj (symbol from plugin) (DivU64x32)
/home/j0sh1x/Lg_G7_ThinQ_Edk2/edk2_LG_G7_THINQ/workspace/Build/LgG7ThinQPkg/DEBUG_GCC5/AARCH64/MdePkg/Library/BasePrintLib/BasePrintLib/OUTPUT/BasePrintLib.lib(PrintLib.obj)
                              ConfigRouting.obj (symbol from plugin) (UnicodeSPrint)
/home/j0sh1x/Lg_G7_ThinQ_Edk2/edk2_LG_G7_THINQ/workspace/Build/LgG7ThinQPkg/DEBUG_GCC5/AARCH64/MdePkg/Library/BasePrintLib/BasePrintLib/OUTPUT/BasePrintLib.lib(PrintLibInternal.obj)
                              PrintLib.obj (symbol from plugin) (BasePrintLibConvertValueToString)
/home/j0sh1x/Lg_G7_ThinQ_Edk2/edk2_LG_G7_THINQ/workspace/Build/LgG7ThinQPkg/DEBUG_GCC5/AARCH64/MdePkg/Library/BaseDebugLibSerialPort/BaseDebugLibSerialPort/OUTPUT/BaseDebugLibSerialPort.lib(DebugLib.obj)
                              AutoGen.obj (symbol from plugin) (BaseDebugLibSerialPortConstructor)
/home/j0sh1x/Lg_G7_ThinQ_Edk2/edk2_LG_G7_THINQ/workspace/Build/LgG7ThinQPkg/DEBUG_GCC5/AARCH64/MdePkg/Library/UefiMemoryAllocationLib/UefiMemoryAllocationLib/OUTPUT/UefiMemoryAllocationLib.lib(MemoryAllocationLib.obj)
                              Image.obj (symbol from plugin) (AllocatePool)
/home/j0sh1x/Lg_G7_ThinQ_Edk2/edk2_LG_G7_THINQ/workspace/Build/LgG7ThinQPkg/DEBUG_GCC5/AARCH64/MdePkg/Library/UefiRuntimeServicesTableLib/UefiRuntimeServicesTableLib/OUTPUT/UefiRuntimeServicesTableLib.lib(UefiRuntimeServicesTableLib.obj)
                              AutoGen.obj (symbol from plugin) (UefiRuntimeServicesTableLibConstructor)
/home/j0sh1x/Lg_G7_ThinQ_Edk2/edk2_LG_G7_THINQ/workspace/Build/LgG7ThinQPkg/DEBUG_GCC5/AARCH64/MdePkg/Library/UefiBootServicesTableLib/UefiBootServicesTableLib/OUTPUT/UefiBootServicesTableLib.lib(UefiBootServicesTableLib.obj)
                              AutoGen.obj (symbol from plugin) (UefiBootServicesTableLibConstructor)
/home/j0sh1x/Lg_G7_ThinQ_Edk2/edk2_LG_G7_THINQ/workspace/Build/LgG7ThinQPkg/DEBUG_GCC5/AARCH64/MdePkg/Library/UefiDevicePathLib/UefiDevicePathLib/OUTPUT/UefiDevicePathLib.lib(DevicePathUtilities.obj)
                              ConfigRouting.obj (symbol from plugin) (DevicePathNodeLength)
/home/j0sh1x/Lg_G7_ThinQ_Edk2/edk2_LG_G7_THINQ/workspace/Build/LgG7ThinQPkg/DEBUG_GCC5/AARCH64/MdePkg/Library/UefiDevicePathLib/UefiDevicePathLib/OUTPUT/UefiDevicePathLib.lib(UefiDevicePathLib.obj)
                              ConfigRouting.obj (symbol from plugin) (GetDevicePathSize)
/home/j0sh1x/Lg_G7_ThinQ_Edk2/edk2_LG_G7_THINQ/workspace/Build/LgG7ThinQPkg/DEBUG_GCC5/AARCH64/MdePkg/Library/UefiDevicePathLib/UefiDevicePathLib/OUTPUT/UefiDevicePathLib.lib(DevicePathToText.obj)
                              UefiDevicePathLib.obj (symbol from plugin) (UefiDevicePathLibConvertDeviceNodeToText)
/home/j0sh1x/Lg_G7_ThinQ_Edk2/edk2_LG_G7_THINQ/workspace/Build/LgG7ThinQPkg/DEBUG_GCC5/AARCH64/MdePkg/Library/UefiDevicePathLib/UefiDevicePathLib/OUTPUT/UefiDevicePathLib.lib(DevicePathFromText.obj)
                              UefiDevicePathLib.obj (symbol from plugin) (UefiDevicePathLibConvertTextToDeviceNode)
/home/j0sh1x/Lg_G7_ThinQ_Edk2/edk2_LG_G7_THINQ/workspace/Build/LgG7ThinQPkg/DEBUG_GCC5/AARCH64/MdePkg/Library/UefiLib/UefiLib/OUTPUT/UefiLib.lib(UefiNotTiano.obj)
                              HiiDatabaseEntry.obj (symbol from plugin) (EfiCreateEventReadyToBootEx)
/home/j0sh1x/Lg_G7_ThinQ_Edk2/edk2_LG_G7_THINQ/workspace/Build/LgG7ThinQPkg/DEBUG_GCC5/AARCH64/MdePkg/Library/UefiLib/UefiLib/OUTPUT/UefiLib.lib(UefiLib.obj)
                              UefiNotTiano.obj (symbol from plugin) (EfiEventEmptyFunction)
/home/j0sh1x/Lg_G7_ThinQ_Edk2/edk2_LG_G7_THINQ/workspace/Build/LgG7ThinQPkg/DEBUG_GCC5/AARCH64/MdePkg/Library/DxeHobLib/DxeHobLib/OUTPUT/DxeHobLib.lib(HobLib.obj)
                              AutoGen.obj (symbol from plugin) (HobLibConstructor)
/home/j0sh1x/Lg_G7_ThinQ_Edk2/edk2_LG_G7_THINQ/workspace/Build/LgG7ThinQPkg/DEBUG_GCC5/AARCH64/MdePkg/Library/BaseMemoryLibOptDxe/BaseMemoryLibOptDxe/OUTPUT/BaseMemoryLibOptDxe.lib(SetMemWrapper.obj)
                              DebugLib.obj (symbol from plugin) (SetMem)
/home/j0sh1x/Lg_G7_ThinQ_Edk2/edk2_LG_G7_THINQ/workspace/Build/LgG7ThinQPkg/DEBUG_GCC5/AARCH64/MdePkg/Library/BaseMemoryLibOptDxe/BaseMemoryLibOptDxe/OUTPUT/BaseMemoryLibOptDxe.lib(SetMem64Wrapper.obj)
                              SetMemWrapper.obj (symbol from plugin) (SetMem64)
/home/j0sh1x/Lg_G7_ThinQ_Edk2/edk2_LG_G7_THINQ/workspace/Build/LgG7ThinQPkg/DEBUG_GCC5/AARCH64/MdePkg/Library/BaseLib/BaseLib/OUTPUT/BaseLib.lib(SwapBytes64.obj)
                              DevicePathFromText.obj (symbol from plugin) (SwapBytes64)
/home/j0sh1x/Lg_G7_ThinQ_Edk2/edk2_LG_G7_THINQ/workspace/Build/LgG7ThinQPkg/DEBUG_GCC5/AARCH64/MdePkg/Library/BaseLib/BaseLib/OUTPUT/BaseLib.lib(DivU64x32Remainder.obj)
                              PrintLibInternal.obj (symbol from plugin) (DivU64x32Remainder)
/home/j0sh1x/Lg_G7_ThinQ_Edk2/edk2_LG_G7_THINQ/workspace/Build/LgG7ThinQPkg/DEBUG_GCC5/AARCH64/MdePkg/Library/BaseDebugPrintErrorLevelLib/BaseDebugPrintErrorLevelLib/OUTPUT/BaseDebugPrintErrorLevelLib.lib(BaseDebugPrintErrorLevelLib.obj)
                              DebugLib.obj (symbol from plugin) (GetDebugPrintErrorLevel)
/home/j0sh1x/Lg_G7_ThinQ_Edk2/edk2_LG_G7_THINQ/workspace/Build/LgG7ThinQPkg/DEBUG_GCC5/AARCH64/LgG7ThinQPkg/Library/FrameBufferSerialPortLib/FrameBufferSerialPortLib/OUTPUT/FrameBufferSerialPortLib.lib(FrameBufferSerialPortLib.obj)
                              DebugLib.obj (symbol from plugin) (SerialPortInitialize)
/home/j0sh1x/Lg_G7_ThinQ_Edk2/edk2_LG_G7_THINQ/workspace/Build/LgG7ThinQPkg/DEBUG_GCC5/AARCH64/ArmPkg/Library/ArmLib/ArmBaseLib/OUTPUT/ArmBaseLib.lib(ArmLibSupport.obj)
                              FrameBufferSerialPortLib.obj (symbol from plugin) (ArmGetInterruptState)
/home/j0sh1x/Lg_G7_ThinQ_Edk2/edk2_LG_G7_THINQ/workspace/Build/LgG7ThinQPkg/DEBUG_GCC5/AARCH64/ArmPkg/Library/ArmLib/ArmBaseLib/OUTPUT/ArmBaseLib.lib(ArmLibSupportV8.obj)
                              FrameBufferSerialPortLib.obj (symbol from plugin) (ArmEnableInterrupts)
/home/j0sh1x/Lg_G7_ThinQ_Edk2/edk2_LG_G7_THINQ/workspace/Build/LgG7ThinQPkg/DEBUG_GCC5/AARCH64/ArmPkg/Library/ArmCacheMaintenanceLib/ArmCacheMaintenanceLib/OUTPUT/ArmCacheMaintenanceLib.lib(ArmCacheMaintenanceLib.obj)
                              FrameBufferSerialPortLib.obj (symbol from plugin) (WriteBackInvalidateDataCacheRange)
/home/j0sh1x/Lg_G7_ThinQ_Edk2/edk2_LG_G7_THINQ/workspace/Build/LgG7ThinQPkg/DEBUG_GCC5/AARCH64/ArmPkg/Library/ArmLib/ArmBaseLib/OUTPUT/ArmBaseLib.lib(ArmLib.obj)
                              ArmCacheMaintenanceLib.obj (symbol from plugin) (ArmDataCacheLineLength)
/home/j0sh1x/Lg_G7_ThinQ_Edk2/edk2_LG_G7_THINQ/workspace/Build/LgG7ThinQPkg/DEBUG_GCC5/AARCH64/ArmPkg/Library/ArmLib/ArmBaseLib/OUTPUT/ArmBaseLib.lib(AArch64Support.obj)
                              ArmCacheMaintenanceLib.obj (symbol from plugin) (ArmInvalidateDataCacheEntryByMVA)

Discarded input sections

 .text          0x0000000000000000       0x10 /home/j0sh1x/Lg_G7_ThinQ_Edk2/edk2/ArmPkg/Library/GccLto/liblto-aarch64.a
 .data          0x0000000000000000        0x0 /home/j0sh1x/Lg_G7_ThinQ_Edk2/edk2/ArmPkg/Library/GccLto/liblto-aarch64.a
 .bss           0x0000000000000000        0x0 /home/j0sh1x/Lg_G7_ThinQ_Edk2/edk2/ArmPkg/Library/GccLto/liblto-aarch64.a
 .text          0x0000000000000000        0x0 /tmp/HiiDatabase.dll.RgrLFw.ltrans0.ltrans.o
 .data          0x0000000000000000        0x0 /tmp/HiiDatabase.dll.RgrLFw.ltrans0.ltrans.o
 .bss           0x0000000000000000        0x0 /tmp/HiiDatabase.dll.RgrLFw.ltrans0.ltrans.o
 .text.EfiEventEmptyFunction
                0x0000000000000000        0x4 /tmp/HiiDatabase.dll.RgrLFw.ltrans0.ltrans.o
 .rodata.IsNodeInList.str1.1
                0x0000000000000000       0x44 /tmp/HiiDatabase.dll.RgrLFw.ltrans0.ltrans.o
 .text.IsNodeInList
                0x0000000000000000       0xa0 /tmp/HiiDatabase.dll.RgrLFw.ltrans0.ltrans.o
 .rodata._gDriverUnloadImageCount
                0x0000000000000000        0x1 /tmp/HiiDatabase.dll.RgrLFw.ltrans0.ltrans.o
 .rodata._gPcd_FixedAtBuild_PcdDebugPropertyMask
                0x0000000000000000        0x1 /tmp/HiiDatabase.dll.RgrLFw.ltrans0.ltrans.o
 .rodata._gPcd_FixedAtBuild_PcdFixedDebugPrintErrorLevel
                0x0000000000000000        0x4 /tmp/HiiDatabase.dll.RgrLFw.ltrans0.ltrans.o
 .rodata._gUefiDriverRevision
                0x0000000000000000        0x4 /tmp/HiiDatabase.dll.RgrLFw.ltrans0.ltrans.o
 .comment       0x0000000000000000       0x2d /tmp/HiiDatabase.dll.RgrLFw.ltrans0.ltrans.o
 .note.GNU-stack
                0x0000000000000000        0x0 /tmp/HiiDatabase.dll.RgrLFw.ltrans0.ltrans.o
 .text          0x0000000000000000        0x0 /tmp/HiiDatabase.dll.RgrLFw.ltrans1.ltrans.o
 .data          0x0000000000000000        0x0 /tmp/HiiDatabase.dll.RgrLFw.ltrans1.ltrans.o
 .bss           0x0000000000000000        0x0 /tmp/HiiDatabase.dll.RgrLFw.ltrans1.ltrans.o
 .comment       0x0000000000000000       0x2d /tmp/HiiDatabase.dll.RgrLFw.ltrans1.ltrans.o
 .note.GNU-stack
                0x0000000000000000        0x0 /tmp/HiiDatabase.dll.RgrLFw.ltrans1.ltrans.o
 .text          0x0000000000000000        0x0 /tmp/HiiDatabase.dll.RgrLFw.ltrans2.ltrans.o
 .data          0x0000000000000000        0x0 /tmp/HiiDatabase.dll.RgrLFw.ltrans2.ltrans.o
 .bss           0x0000000000000000        0x0 /tmp/HiiDatabase.dll.RgrLFw.ltrans2.ltrans.o
 .text._DriverUnloadHandler
                0x0000000000000000        0x8 /tmp/HiiDatabase.dll.RgrLFw.ltrans2.ltrans.o
 .text.__memset
                0x0000000000000000       0x1c /tmp/HiiDatabase.dll.RgrLFw.ltrans2.ltrans.o
 .comment       0x0000000000000000       0x2d /tmp/HiiDatabase.dll.RgrLFw.ltrans2.ltrans.o
 .note.GNU-stack
                0x0000000000000000        0x0 /tmp/HiiDatabase.dll.RgrLFw.ltrans2.ltrans.o
 .comment       0x0000000000000000       0x2d /tmp/cc403e5v.debug.temp.o
 .note.GNU-stack
                0x0000000000000000        0x0 /tmp/cc403e5v.debug.temp.o
 .comment       0x0000000000000000       0x2d /tmp/ccE5g3Uv.debug.temp.o
 .note.GNU-stack
                0x0000000000000000        0x0 /tmp/ccE5g3Uv.debug.temp.o
 .comment       0x0000000000000000       0x2d /tmp/ccZioowv.debug.temp.o
 .note.GNU-stack
                0x0000000000000000        0x0 /tmp/ccZioowv.debug.temp.o
 .comment       0x0000000000000000       0x2d /tmp/ccnTQqBw.debug.temp.o
 .note.GNU-stack
                0x0000000000000000        0x0 /tmp/ccnTQqBw.debug.temp.o
 .comment       0x0000000000000000       0x2d /tmp/ccD3Bo8w.debug.temp.o
 .note.GNU-stack
                0x0000000000000000        0x0 /tmp/ccD3Bo8w.debug.temp.o
 .comment       0x0000000000000000       0x2d /tmp/ccDlar5v.debug.temp.o
 .note.GNU-stack
                0x0000000000000000        0x0 /tmp/ccDlar5v.debug.temp.o
 .comment       0x0000000000000000       0x2d /tmp/cciiSE3w.debug.temp.o
 .note.GNU-stack
                0x0000000000000000        0x0 /tmp/cciiSE3w.debug.temp.o
 .comment       0x0000000000000000       0x2d /tmp/ccrJ58xu.debug.temp.o
 .note.GNU-stack
                0x0000000000000000        0x0 /tmp/ccrJ58xu.debug.temp.o
 .comment       0x0000000000000000       0x2d /tmp/ccVBDflt.debug.temp.o
 .note.GNU-stack
                0x0000000000000000        0x0 /tmp/ccVBDflt.debug.temp.o
 .comment       0x0000000000000000       0x2d /tmp/cc7y9cit.debug.temp.o
 .note.GNU-stack
                0x0000000000000000        0x0 /tmp/cc7y9cit.debug.temp.o
 .comment       0x0000000000000000       0x2d /tmp/ccM1gYLu.debug.temp.o
 .note.GNU-stack
                0x0000000000000000        0x0 /tmp/ccM1gYLu.debug.temp.o
 .comment       0x0000000000000000       0x2d /tmp/ccB2Qnmv.debug.temp.o
 .note.GNU-stack
                0x0000000000000000        0x0 /tmp/ccB2Qnmv.debug.temp.o
 .comment       0x0000000000000000       0x2d /tmp/ccUP5rEu.debug.temp.o
 .note.GNU-stack
                0x0000000000000000        0x0 /tmp/ccUP5rEu.debug.temp.o
 .comment       0x0000000000000000       0x2d /tmp/ccAgpG6w.debug.temp.o
 .note.GNU-stack
                0x0000000000000000        0x0 /tmp/ccAgpG6w.debug.temp.o
 .comment       0x0000000000000000       0x2d /tmp/cctH60pu.debug.temp.o
 .note.GNU-stack
                0x0000000000000000        0x0 /tmp/cctH60pu.debug.temp.o
 .comment       0x0000000000000000       0x2d /tmp/ccITwCpt.debug.temp.o
 .note.GNU-stack
                0x0000000000000000        0x0 /tmp/ccITwCpt.debug.temp.o
 .comment       0x0000000000000000       0x2d /tmp/ccKnEg9w.debug.temp.o
 .note.GNU-stack
                0x0000000000000000        0x0 /tmp/ccKnEg9w.debug.temp.o
 .comment       0x0000000000000000       0x2d /tmp/ccBHVokx.debug.temp.o
 .note.GNU-stack
                0x0000000000000000        0x0 /tmp/ccBHVokx.debug.temp.o
 .comment       0x0000000000000000       0x2d /tmp/cceU1cpv.debug.temp.o
 .note.GNU-stack
                0x0000000000000000        0x0 /tmp/cceU1cpv.debug.temp.o
 .comment       0x0000000000000000       0x2d /tmp/ccg3if8u.debug.temp.o
 .note.GNU-stack
                0x0000000000000000        0x0 /tmp/ccg3if8u.debug.temp.o
 .comment       0x0000000000000000       0x2d /tmp/ccqcdxWv.debug.temp.o
 .note.GNU-stack
                0x0000000000000000        0x0 /tmp/ccqcdxWv.debug.temp.o
 .comment       0x0000000000000000       0x2d /tmp/cc2IcFrx.debug.temp.o
 .note.GNU-stack
                0x0000000000000000        0x0 /tmp/cc2IcFrx.debug.temp.o
 .comment       0x0000000000000000       0x2d /tmp/cckXGUVw.debug.temp.o
 .note.GNU-stack
                0x0000000000000000        0x0 /tmp/cckXGUVw.debug.temp.o
 .comment       0x0000000000000000       0x2d /tmp/ccNVS2lv.debug.temp.o
 .note.GNU-stack
                0x0000000000000000        0x0 /tmp/ccNVS2lv.debug.temp.o
 .comment       0x0000000000000000       0x2d /tmp/ccj3HHfw.debug.temp.o
 .note.GNU-stack
                0x0000000000000000        0x0 /tmp/ccj3HHfw.debug.temp.o
 .comment       0x0000000000000000       0x2d /tmp/cc4Xudvv.debug.temp.o
 .note.GNU-stack
                0x0000000000000000        0x0 /tmp/cc4Xudvv.debug.temp.o
 .comment       0x0000000000000000       0x2d /tmp/ccKU6Xtu.debug.temp.o
 .note.GNU-stack
                0x0000000000000000        0x0 /tmp/ccKU6Xtu.debug.temp.o
 .debug_info    0x0000000000000000      0x27c /tmp/ccbLvCMv.debug.temp.o
 .debug_abbrev  0x0000000000000000       0xcf /tmp/ccbLvCMv.debug.temp.o
 .debug_line    0x0000000000000000      0x183 /tmp/ccbLvCMv.debug.temp.o
 .debug_str     0x0000000000000000      0x5ab /tmp/ccbLvCMv.debug.temp.o
 .comment       0x0000000000000000       0x2d /tmp/ccbLvCMv.debug.temp.o
 .note.GNU-stack
                0x0000000000000000        0x0 /tmp/ccbLvCMv.debug.temp.o
 .debug_info    0x0000000000000000      0x264 /tmp/ccqnse3u.debug.temp.o
 .debug_abbrev  0x0000000000000000       0xc0 /tmp/ccqnse3u.debug.temp.o
 .debug_line    0x0000000000000000      0x183 /tmp/ccqnse3u.debug.temp.o
 .debug_str     0x0000000000000000      0x594 /tmp/ccqnse3u.debug.temp.o
 .comment       0x0000000000000000       0x2d /tmp/ccqnse3u.debug.temp.o
 .note.GNU-stack
                0x0000000000000000        0x0 /tmp/ccqnse3u.debug.temp.o
 .comment       0x0000000000000000       0x2d /tmp/ccyw6Lcu.debug.temp.o
 .note.GNU-stack
                0x0000000000000000        0x0 /tmp/ccyw6Lcu.debug.temp.o
 .debug_info    0x0000000000000000      0x27c /tmp/ccAsg6Uu.debug.temp.o
 .debug_abbrev  0x0000000000000000       0xcf /tmp/ccAsg6Uu.debug.temp.o
 .debug_line    0x0000000000000000      0x182 /tmp/ccAsg6Uu.debug.temp.o
 .debug_str     0x0000000000000000      0x5ab /tmp/ccAsg6Uu.debug.temp.o
 .comment       0x0000000000000000       0x2d /tmp/ccAsg6Uu.debug.temp.o
 .note.GNU-stack
                0x0000000000000000        0x0 /tmp/ccAsg6Uu.debug.temp.o
 .debug_info    0x0000000000000000      0x270 /tmp/cc2VZtKt.debug.temp.o
 .debug_abbrev  0x0000000000000000       0xc0 /tmp/cc2VZtKt.debug.temp.o
 .debug_line    0x0000000000000000      0x181 /tmp/cc2VZtKt.debug.temp.o
 .debug_str     0x0000000000000000      0x59b /tmp/cc2VZtKt.debug.temp.o
 .comment       0x0000000000000000       0x2d /tmp/cc2VZtKt.debug.temp.o
 .note.GNU-stack
                0x0000000000000000        0x0 /tmp/cc2VZtKt.debug.temp.o
 .comment       0x0000000000000000       0x2d /tmp/ccxQsVtu.debug.temp.o
 .note.GNU-stack
                0x0000000000000000        0x0 /tmp/ccxQsVtu.debug.temp.o
 .comment       0x0000000000000000       0x2d /tmp/ccGPTogw.debug.temp.o
 .note.GNU-stack
                0x0000000000000000        0x0 /tmp/ccGPTogw.debug.temp.o
 .comment       0x0000000000000000       0x2d /tmp/ccm0J4Xs.debug.temp.o
 .note.GNU-stack
                0x0000000000000000        0x0 /tmp/ccm0J4Xs.debug.temp.o
 .comment       0x0000000000000000       0x2d /tmp/ccdqbCSt.debug.temp.o
 .note.GNU-stack
                0x0000000000000000        0x0 /tmp/ccdqbCSt.debug.temp.o
 .comment       0x0000000000000000       0x2d /tmp/cclD8tou.debug.temp.o
 .note.GNU-stack
                0x0000000000000000        0x0 /tmp/cclD8tou.debug.temp.o
 .comment       0x0000000000000000       0x2d /tmp/cc2ucgmu.debug.temp.o
 .note.GNU-stack
                0x0000000000000000        0x0 /tmp/cc2ucgmu.debug.temp.o
 .comment       0x0000000000000000       0x2d /tmp/cc7REpNt.debug.temp.o
 .note.GNU-stack
                0x0000000000000000        0x0 /tmp/cc7REpNt.debug.temp.o
 .comment       0x0000000000000000       0x2d /tmp/cc3DLI9s.debug.temp.o
 .note.GNU-stack
                0x0000000000000000        0x0 /tmp/cc3DLI9s.debug.temp.o
 .debug_info    0x0000000000000000     0x3e07 /tmp/ccW8iEXw.debug.temp.o
 .debug_abbrev  0x0000000000000000      0x2ca /tmp/ccW8iEXw.debug.temp.o
 .debug_line    0x0000000000000000      0x42b /tmp/ccW8iEXw.debug.temp.o
 .debug_str     0x0000000000000000     0x2752 /tmp/ccW8iEXw.debug.temp.o
 .comment       0x0000000000000000       0x2d /tmp/ccW8iEXw.debug.temp.o
 .note.GNU-stack
                0x0000000000000000        0x0 /tmp/ccW8iEXw.debug.temp.o
 .debug_info    0x0000000000000000     0x468b /tmp/ccpWNL4u.debug.temp.o
 .debug_abbrev  0x0000000000000000      0x2b0 /tmp/ccpWNL4u.debug.temp.o
 .debug_line    0x0000000000000000      0x41f /tmp/ccpWNL4u.debug.temp.o
 .debug_str     0x0000000000000000     0x3077 /tmp/ccpWNL4u.debug.temp.o
 .comment       0x0000000000000000       0x2d /tmp/ccpWNL4u.debug.temp.o
 .note.GNU-stack
                0x0000000000000000        0x0 /tmp/ccpWNL4u.debug.temp.o
 .comment       0x0000000000000000       0x2d /tmp/cc12WRNw.debug.temp.o
 .note.GNU-stack
                0x0000000000000000        0x0 /tmp/cc12WRNw.debug.temp.o
 .comment       0x0000000000000000       0x2d /tmp/ccZ6lVjv.debug.temp.o
 .note.GNU-stack
                0x0000000000000000        0x0 /tmp/ccZ6lVjv.debug.temp.o
 .comment       0x0000000000000000       0x2d /tmp/ccGEmaxu.debug.temp.o
 .note.GNU-stack
                0x0000000000000000        0x0 /tmp/ccGEmaxu.debug.temp.o
 .debug_info    0x0000000000000000      0x26d /tmp/ccWgP58t.debug.temp.o
 .debug_abbrev  0x0000000000000000       0xd5 /tmp/ccWgP58t.debug.temp.o
 .debug_line    0x0000000000000000      0x1a9 /tmp/ccWgP58t.debug.temp.o
 .debug_str     0x0000000000000000      0x4ca /tmp/ccWgP58t.debug.temp.o
 .comment       0x0000000000000000       0x2d /tmp/ccWgP58t.debug.temp.o
 .note.GNU-stack
                0x0000000000000000        0x0 /tmp/ccWgP58t.debug.temp.o
 .debug_info    0x0000000000000000      0x238 /tmp/ccoszB6v.debug.temp.o
 .debug_abbrev  0x0000000000000000       0xc0 /tmp/ccoszB6v.debug.temp.o
 .debug_line    0x0000000000000000      0x1ab /tmp/ccoszB6v.debug.temp.o
 .debug_str     0x0000000000000000      0x4c6 /tmp/ccoszB6v.debug.temp.o
 .comment       0x0000000000000000       0x2d /tmp/ccoszB6v.debug.temp.o
 .note.GNU-stack
                0x0000000000000000        0x0 /tmp/ccoszB6v.debug.temp.o
 .debug_info    0x0000000000000000      0x264 /tmp/cc9JnHTu.debug.temp.o
 .debug_abbrev  0x0000000000000000       0xc0 /tmp/cc9JnHTu.debug.temp.o
 .debug_line    0x0000000000000000      0x183 /tmp/cc9JnHTu.debug.temp.o
 .debug_str     0x0000000000000000      0x594 /tmp/cc9JnHTu.debug.temp.o
 .comment       0x0000000000000000       0x2d /tmp/cc9JnHTu.debug.temp.o
 .note.GNU-stack
                0x0000000000000000        0x0 /tmp/cc9JnHTu.debug.temp.o
 .comment       0x0000000000000000       0x2d /tmp/ccdRA3hw.debug.temp.o
 .note.GNU-stack
                0x0000000000000000        0x0 /tmp/ccdRA3hw.debug.temp.o
 .comment       0x0000000000000000       0x2d /tmp/cckqfuXu.debug.temp.o
 .note.GNU-stack
                0x0000000000000000        0x0 /tmp/cckqfuXu.debug.temp.o
 .comment       0x0000000000000000       0x2d /tmp/ccGBIefu.debug.temp.o
 .note.GNU-stack
                0x0000000000000000        0x0 /tmp/ccGBIefu.debug.temp.o
 .comment       0x0000000000000000       0x2d /tmp/ccLkVabv.debug.temp.o
 .note.GNU-stack
                0x0000000000000000        0x0 /tmp/ccLkVabv.debug.temp.o
 .comment       0x0000000000000000       0x2d /tmp/cchP3SHv.debug.temp.o
 .note.GNU-stack
                0x0000000000000000        0x0 /tmp/cchP3SHv.debug.temp.o
 .data          0x0000000000000000        0x0 /home/j0sh1x/Lg_G7_ThinQ_Edk2/edk2_LG_G7_THINQ/workspace/Build/LgG7ThinQPkg/DEBUG_GCC5/AARCH64/MdePkg/Library/BaseMemoryLibOptDxe/BaseMemoryLibOptDxe/OUTPUT/BaseMemoryLibOptDxe.lib(SetMem.obj)
 .bss           0x0000000000000000        0x0 /home/j0sh1x/Lg_G7_ThinQ_Edk2/edk2_LG_G7_THINQ/workspace/Build/LgG7ThinQPkg/DEBUG_GCC5/AARCH64/MdePkg/Library/BaseMemoryLibOptDxe/BaseMemoryLibOptDxe/OUTPUT/BaseMemoryLibOptDxe.lib(SetMem.obj)
 .data          0x0000000000000000        0x0 /home/j0sh1x/Lg_G7_ThinQ_Edk2/edk2_LG_G7_THINQ/workspace/Build/LgG7ThinQPkg/DEBUG_GCC5/AARCH64/MdePkg/Library/BaseMemoryLibOptDxe/BaseMemoryLibOptDxe/OUTPUT/BaseMemoryLibOptDxe.lib(CopyMem.obj)
 .bss           0x0000000000000000        0x0 /home/j0sh1x/Lg_G7_ThinQ_Edk2/edk2_LG_G7_THINQ/workspace/Build/LgG7ThinQPkg/DEBUG_GCC5/AARCH64/MdePkg/Library/BaseMemoryLibOptDxe/BaseMemoryLibOptDxe/OUTPUT/BaseMemoryLibOptDxe.lib(CopyMem.obj)
 .data          0x0000000000000000        0x0 /home/j0sh1x/Lg_G7_ThinQ_Edk2/edk2_LG_G7_THINQ/workspace/Build/LgG7ThinQPkg/DEBUG_GCC5/AARCH64/MdePkg/Library/BaseMemoryLibOptDxe/BaseMemoryLibOptDxe/OUTPUT/BaseMemoryLibOptDxe.lib(CompareMem.obj)
 .bss           0x0000000000000000        0x0 /home/j0sh1x/Lg_G7_ThinQ_Edk2/edk2_LG_G7_THINQ/workspace/Build/LgG7ThinQPkg/DEBUG_GCC5/AARCH64/MdePkg/Library/BaseMemoryLibOptDxe/BaseMemoryLibOptDxe/OUTPUT/BaseMemoryLibOptDxe.lib(CompareMem.obj)
 .data          0x0000000000000000        0x0 /home/j0sh1x/Lg_G7_ThinQ_Edk2/edk2_LG_G7_THINQ/workspace/Build/LgG7ThinQPkg/DEBUG_GCC5/AARCH64/MdePkg/Library/BaseMemoryLibOptDxe/BaseMemoryLibOptDxe/OUTPUT/BaseMemoryLibOptDxe.lib(CompareGuid.obj)
 .bss           0x0000000000000000        0x0 /home/j0sh1x/Lg_G7_ThinQ_Edk2/edk2_LG_G7_THINQ/workspace/Build/LgG7ThinQPkg/DEBUG_GCC5/AARCH64/MdePkg/Library/BaseMemoryLibOptDxe/BaseMemoryLibOptDxe/OUTPUT/BaseMemoryLibOptDxe.lib(CompareGuid.obj)
 .text          0x0000000000000000        0x8 /home/j0sh1x/Lg_G7_ThinQ_Edk2/edk2_LG_G7_THINQ/workspace/Build/LgG7ThinQPkg/DEBUG_GCC5/AARCH64/MdePkg/Library/BaseLib/BaseLib/OUTPUT/BaseLib.lib(CpuBreakpoint.obj)
 .data          0x0000000000000000        0x0 /home/j0sh1x/Lg_G7_ThinQ_Edk2/edk2_LG_G7_THINQ/workspace/Build/LgG7ThinQPkg/DEBUG_GCC5/AARCH64/MdePkg/Library/BaseLib/BaseLib/OUTPUT/BaseLib.lib(CpuBreakpoint.obj)
 .bss           0x0000000000000000        0x0 /home/j0sh1x/Lg_G7_ThinQ_Edk2/edk2_LG_G7_THINQ/workspace/Build/LgG7ThinQPkg/DEBUG_GCC5/AARCH64/MdePkg/Library/BaseLib/BaseLib/OUTPUT/BaseLib.lib(CpuBreakpoint.obj)
 .text          0x0000000000000000        0x0 /home/j0sh1x/Lg_G7_ThinQ_Edk2/edk2_LG_G7_THINQ/workspace/Build/LgG7ThinQPkg/DEBUG_GCC5/AARCH64/ArmPkg/Library/ArmLib/ArmBaseLib/OUTPUT/ArmBaseLib.lib(ArmLibSupport.obj)
 .data          0x0000000000000000        0x0 /home/j0sh1x/Lg_G7_ThinQ_Edk2/edk2_LG_G7_THINQ/workspace/Build/LgG7ThinQPkg/DEBUG_GCC5/AARCH64/ArmPkg/Library/ArmLib/ArmBaseLib/OUTPUT/ArmBaseLib.lib(ArmLibSupport.obj)
 .bss           0x0000000000000000        0x0 /home/j0sh1x/Lg_G7_ThinQ_Edk2/edk2_LG_G7_THINQ/workspace/Build/LgG7ThinQPkg/DEBUG_GCC5/AARCH64/ArmPkg/Library/ArmLib/ArmBaseLib/OUTPUT/ArmBaseLib.lib(ArmLibSupport.obj)
 .text.ArmReadMidr
                0x0000000000000000        0x8 /home/j0sh1x/Lg_G7_ThinQ_Edk2/edk2_LG_G7_THINQ/workspace/Build/LgG7ThinQPkg/DEBUG_GCC5/AARCH64/ArmPkg/Library/ArmLib/ArmBaseLib/OUTPUT/ArmBaseLib.lib(ArmLibSupport.obj)
 .text.ArmGetFiqState
                0x0000000000000000       0x10 /home/j0sh1x/Lg_G7_ThinQ_Edk2/edk2_LG_G7_THINQ/workspace/Build/LgG7ThinQPkg/DEBUG_GCC5/AARCH64/ArmPkg/Library/ArmLib/ArmBaseLib/OUTPUT/ArmBaseLib.lib(ArmLibSupport.obj)
 .text.ArmWriteCpacr
                0x0000000000000000        0x8 /home/j0sh1x/Lg_G7_ThinQ_Edk2/edk2_LG_G7_THINQ/workspace/Build/LgG7ThinQPkg/DEBUG_GCC5/AARCH64/ArmPkg/Library/ArmLib/ArmBaseLib/OUTPUT/ArmBaseLib.lib(ArmLibSupport.obj)
 .text.ArmWriteAuxCr
                0x0000000000000000       0x28 /home/j0sh1x/Lg_G7_ThinQ_Edk2/edk2_LG_G7_THINQ/workspace/Build/LgG7ThinQPkg/DEBUG_GCC5/AARCH64/ArmPkg/Library/ArmLib/ArmBaseLib/OUTPUT/ArmBaseLib.lib(ArmLibSupport.obj)
 .text.ArmReadAuxCr
                0x0000000000000000       0x28 /home/j0sh1x/Lg_G7_ThinQ_Edk2/edk2_LG_G7_THINQ/workspace/Build/LgG7ThinQPkg/DEBUG_GCC5/AARCH64/ArmPkg/Library/ArmLib/ArmBaseLib/OUTPUT/ArmBaseLib.lib(ArmLibSupport.obj)
 .text.ArmSetTTBR0
                0x0000000000000000       0x34 /home/j0sh1x/Lg_G7_ThinQ_Edk2/edk2_LG_G7_THINQ/workspace/Build/LgG7ThinQPkg/DEBUG_GCC5/AARCH64/ArmPkg/Library/ArmLib/ArmBaseLib/OUTPUT/ArmBaseLib.lib(ArmLibSupport.obj)
 .text.ArmGetTTBR0BaseAddress
                0x0000000000000000       0x30 /home/j0sh1x/Lg_G7_ThinQ_Edk2/edk2_LG_G7_THINQ/workspace/Build/LgG7ThinQPkg/DEBUG_GCC5/AARCH64/ArmPkg/Library/ArmLib/ArmBaseLib/OUTPUT/ArmBaseLib.lib(ArmLibSupport.obj)
 .text.ArmGetTCR
                0x0000000000000000       0x34 /home/j0sh1x/Lg_G7_ThinQ_Edk2/edk2_LG_G7_THINQ/workspace/Build/LgG7ThinQPkg/DEBUG_GCC5/AARCH64/ArmPkg/Library/ArmLib/ArmBaseLib/OUTPUT/ArmBaseLib.lib(ArmLibSupport.obj)
 .text.ArmSetTCR
                0x0000000000000000       0x34 /home/j0sh1x/Lg_G7_ThinQ_Edk2/edk2_LG_G7_THINQ/workspace/Build/LgG7ThinQPkg/DEBUG_GCC5/AARCH64/ArmPkg/Library/ArmLib/ArmBaseLib/OUTPUT/ArmBaseLib.lib(ArmLibSupport.obj)
 .text.ArmGetMAIR
                0x0000000000000000       0x34 /home/j0sh1x/Lg_G7_ThinQ_Edk2/edk2_LG_G7_THINQ/workspace/Build/LgG7ThinQPkg/DEBUG_GCC5/AARCH64/ArmPkg/Library/ArmLib/ArmBaseLib/OUTPUT/ArmBaseLib.lib(ArmLibSupport.obj)
 .text.ArmSetMAIR
                0x0000000000000000       0x34 /home/j0sh1x/Lg_G7_ThinQ_Edk2/edk2_LG_G7_THINQ/workspace/Build/LgG7ThinQPkg/DEBUG_GCC5/AARCH64/ArmPkg/Library/ArmLib/ArmBaseLib/OUTPUT/ArmBaseLib.lib(ArmLibSupport.obj)
 .text.ArmUpdateTranslationTableEntry
                0x0000000000000000       0x40 /home/j0sh1x/Lg_G7_ThinQ_Edk2/edk2_LG_G7_THINQ/workspace/Build/LgG7ThinQPkg/DEBUG_GCC5/AARCH64/ArmPkg/Library/ArmLib/ArmBaseLib/OUTPUT/ArmBaseLib.lib(ArmLibSupport.obj)
 .text.ArmInvalidateTlb
                0x0000000000000000       0x38 /home/j0sh1x/Lg_G7_ThinQ_Edk2/edk2_LG_G7_THINQ/workspace/Build/LgG7ThinQPkg/DEBUG_GCC5/AARCH64/ArmPkg/Library/ArmLib/ArmBaseLib/OUTPUT/ArmBaseLib.lib(ArmLibSupport.obj)
 .text.ArmWriteCptr
                0x0000000000000000        0x8 /home/j0sh1x/Lg_G7_ThinQ_Edk2/edk2_LG_G7_THINQ/workspace/Build/LgG7ThinQPkg/DEBUG_GCC5/AARCH64/ArmPkg/Library/ArmLib/ArmBaseLib/OUTPUT/ArmBaseLib.lib(ArmLibSupport.obj)
 .text.ArmWriteScr
                0x0000000000000000        0xc /home/j0sh1x/Lg_G7_ThinQ_Edk2/edk2_LG_G7_THINQ/workspace/Build/LgG7ThinQPkg/DEBUG_GCC5/AARCH64/ArmPkg/Library/ArmLib/ArmBaseLib/OUTPUT/ArmBaseLib.lib(ArmLibSupport.obj)
 .text.ArmWriteMVBar
                0x0000000000000000        0x8 /home/j0sh1x/Lg_G7_ThinQ_Edk2/edk2_LG_G7_THINQ/workspace/Build/LgG7ThinQPkg/DEBUG_GCC5/AARCH64/ArmPkg/Library/ArmLib/ArmBaseLib/OUTPUT/ArmBaseLib.lib(ArmLibSupport.obj)
 .text.ArmCallWFE
                0x0000000000000000        0x8 /home/j0sh1x/Lg_G7_ThinQ_Edk2/edk2_LG_G7_THINQ/workspace/Build/LgG7ThinQPkg/DEBUG_GCC5/AARCH64/ArmPkg/Library/ArmLib/ArmBaseLib/OUTPUT/ArmBaseLib.lib(ArmLibSupport.obj)
 .text.ArmCallSEV
                0x0000000000000000        0x8 /home/j0sh1x/Lg_G7_ThinQ_Edk2/edk2_LG_G7_THINQ/workspace/Build/LgG7ThinQPkg/DEBUG_GCC5/AARCH64/ArmPkg/Library/ArmLib/ArmBaseLib/OUTPUT/ArmBaseLib.lib(ArmLibSupport.obj)
 .text.ArmReadCpuActlr
                0x0000000000000000        0x8 /home/j0sh1x/Lg_G7_ThinQ_Edk2/edk2_LG_G7_THINQ/workspace/Build/LgG7ThinQPkg/DEBUG_GCC5/AARCH64/ArmPkg/Library/ArmLib/ArmBaseLib/OUTPUT/ArmBaseLib.lib(ArmLibSupport.obj)
 .text.ArmWriteCpuActlr
                0x0000000000000000       0x10 /home/j0sh1x/Lg_G7_ThinQ_Edk2/edk2_LG_G7_THINQ/workspace/Build/LgG7ThinQPkg/DEBUG_GCC5/AARCH64/ArmPkg/Library/ArmLib/ArmBaseLib/OUTPUT/ArmBaseLib.lib(ArmLibSupport.obj)
 .text.ArmReadSctlr
                0x0000000000000000       0x30 /home/j0sh1x/Lg_G7_ThinQ_Edk2/edk2_LG_G7_THINQ/workspace/Build/LgG7ThinQPkg/DEBUG_GCC5/AARCH64/ArmPkg/Library/ArmLib/ArmBaseLib/OUTPUT/ArmBaseLib.lib(ArmLibSupport.obj)
 .text.ArmWriteSctlr
                0x0000000000000000       0x30 /home/j0sh1x/Lg_G7_ThinQ_Edk2/edk2_LG_G7_THINQ/workspace/Build/LgG7ThinQPkg/DEBUG_GCC5/AARCH64/ArmPkg/Library/ArmLib/ArmBaseLib/OUTPUT/ArmBaseLib.lib(ArmLibSupport.obj)
 .text.ArmGetPhysicalAddressBits
                0x0000000000000000       0x24 /home/j0sh1x/Lg_G7_ThinQ_Edk2/edk2_LG_G7_THINQ/workspace/Build/LgG7ThinQPkg/DEBUG_GCC5/AARCH64/ArmPkg/Library/ArmLib/ArmBaseLib/OUTPUT/ArmBaseLib.lib(ArmLibSupport.obj)
 .text          0x0000000000000000        0x0 /home/j0sh1x/Lg_G7_ThinQ_Edk2/edk2_LG_G7_THINQ/workspace/Build/LgG7ThinQPkg/DEBUG_GCC5/AARCH64/ArmPkg/Library/ArmLib/ArmBaseLib/OUTPUT/ArmBaseLib.lib(ArmLibSupportV8.obj)
 .data          0x0000000000000000        0x0 /home/j0sh1x/Lg_G7_ThinQ_Edk2/edk2_LG_G7_THINQ/workspace/Build/LgG7ThinQPkg/DEBUG_GCC5/AARCH64/ArmPkg/Library/ArmLib/ArmBaseLib/OUTPUT/ArmBaseLib.lib(ArmLibSupportV8.obj)
 .bss           0x0000000000000000        0x0 /home/j0sh1x/Lg_G7_ThinQ_Edk2/edk2_LG_G7_THINQ/workspace/Build/LgG7ThinQPkg/DEBUG_GCC5/AARCH64/ArmPkg/Library/ArmLib/ArmBaseLib/OUTPUT/ArmBaseLib.lib(ArmLibSupportV8.obj)
 .text.ArmIsMpCore
                0x0000000000000000       0x14 /home/j0sh1x/Lg_G7_ThinQ_Edk2/edk2_LG_G7_THINQ/workspace/Build/LgG7ThinQPkg/DEBUG_GCC5/AARCH64/ArmPkg/Library/ArmLib/ArmBaseLib/OUTPUT/ArmBaseLib.lib(ArmLibSupportV8.obj)
 .text.ArmEnableAsynchronousAbort
                0x0000000000000000        0xc /home/j0sh1x/Lg_G7_ThinQ_Edk2/edk2_LG_G7_THINQ/workspace/Build/LgG7ThinQPkg/DEBUG_GCC5/AARCH64/ArmPkg/Library/ArmLib/ArmBaseLib/OUTPUT/ArmBaseLib.lib(ArmLibSupportV8.obj)
 .text.ArmDisableAsynchronousAbort
                0x0000000000000000        0xc /home/j0sh1x/Lg_G7_ThinQ_Edk2/edk2_LG_G7_THINQ/workspace/Build/LgG7ThinQPkg/DEBUG_GCC5/AARCH64/ArmPkg/Library/ArmLib/ArmBaseLib/OUTPUT/ArmBaseLib.lib(ArmLibSupportV8.obj)
 .text.ArmEnableIrq
                0x0000000000000000        0xc /home/j0sh1x/Lg_G7_ThinQ_Edk2/edk2_LG_G7_THINQ/workspace/Build/LgG7ThinQPkg/DEBUG_GCC5/AARCH64/ArmPkg/Library/ArmLib/ArmBaseLib/OUTPUT/ArmBaseLib.lib(ArmLibSupportV8.obj)
 .text.ArmDisableIrq
                0x0000000000000000        0xc /home/j0sh1x/Lg_G7_ThinQ_Edk2/edk2_LG_G7_THINQ/workspace/Build/LgG7ThinQPkg/DEBUG_GCC5/AARCH64/ArmPkg/Library/ArmLib/ArmBaseLib/OUTPUT/ArmBaseLib.lib(ArmLibSupportV8.obj)
 .text.ArmEnableFiq
                0x0000000000000000        0xc /home/j0sh1x/Lg_G7_ThinQ_Edk2/edk2_LG_G7_THINQ/workspace/Build/LgG7ThinQPkg/DEBUG_GCC5/AARCH64/ArmPkg/Library/ArmLib/ArmBaseLib/OUTPUT/ArmBaseLib.lib(ArmLibSupportV8.obj)
 .text.ArmDisableFiq
                0x0000000000000000        0xc /home/j0sh1x/Lg_G7_ThinQ_Edk2/edk2_LG_G7_THINQ/workspace/Build/LgG7ThinQPkg/DEBUG_GCC5/AARCH64/ArmPkg/Library/ArmLib/ArmBaseLib/OUTPUT/ArmBaseLib.lib(ArmLibSupportV8.obj)
 .text.ArmDisableAllExceptions
                0x0000000000000000        0xc /home/j0sh1x/Lg_G7_ThinQ_Edk2/edk2_LG_G7_THINQ/workspace/Build/LgG7ThinQPkg/DEBUG_GCC5/AARCH64/ArmPkg/Library/ArmLib/ArmBaseLib/OUTPUT/ArmBaseLib.lib(ArmLibSupportV8.obj)
 .text.ReadCCSIDR
                0x0000000000000000       0x10 /home/j0sh1x/Lg_G7_ThinQ_Edk2/edk2_LG_G7_THINQ/workspace/Build/LgG7ThinQPkg/DEBUG_GCC5/AARCH64/ArmPkg/Library/ArmLib/ArmBaseLib/OUTPUT/ArmBaseLib.lib(ArmLibSupportV8.obj)
 .text.ReadCLIDR
                0x0000000000000000        0x8 /home/j0sh1x/Lg_G7_ThinQ_Edk2/edk2_LG_G7_THINQ/workspace/Build/LgG7ThinQPkg/DEBUG_GCC5/AARCH64/ArmPkg/Library/ArmLib/ArmBaseLib/OUTPUT/ArmBaseLib.lib(ArmLibSupportV8.obj)
 .text          0x0000000000000000        0x0 /home/j0sh1x/Lg_G7_ThinQ_Edk2/edk2_LG_G7_THINQ/workspace/Build/LgG7ThinQPkg/DEBUG_GCC5/AARCH64/ArmPkg/Library/ArmLib/ArmBaseLib/OUTPUT/ArmBaseLib.lib(AArch64Support.obj)
 .data          0x0000000000000000        0x0 /home/j0sh1x/Lg_G7_ThinQ_Edk2/edk2_LG_G7_THINQ/workspace/Build/LgG7ThinQPkg/DEBUG_GCC5/AARCH64/ArmPkg/Library/ArmLib/ArmBaseLib/OUTPUT/ArmBaseLib.lib(AArch64Support.obj)
 .bss           0x0000000000000000        0x0 /home/j0sh1x/Lg_G7_ThinQ_Edk2/edk2_LG_G7_THINQ/workspace/Build/LgG7ThinQPkg/DEBUG_GCC5/AARCH64/ArmPkg/Library/ArmLib/ArmBaseLib/OUTPUT/ArmBaseLib.lib(AArch64Support.obj)
 .text.ArmInvalidateDataCacheEntryByMVA
                0x0000000000000000        0x8 /home/j0sh1x/Lg_G7_ThinQ_Edk2/edk2_LG_G7_THINQ/workspace/Build/LgG7ThinQPkg/DEBUG_GCC5/AARCH64/ArmPkg/Library/ArmLib/ArmBaseLib/OUTPUT/ArmBaseLib.lib(AArch64Support.obj)
 .text.ArmCleanDataCacheEntryByMVA
                0x0000000000000000        0x8 /home/j0sh1x/Lg_G7_ThinQ_Edk2/edk2_LG_G7_THINQ/workspace/Build/LgG7ThinQPkg/DEBUG_GCC5/AARCH64/ArmPkg/Library/ArmLib/ArmBaseLib/OUTPUT/ArmBaseLib.lib(AArch64Support.obj)
 .text.ArmCleanDataCacheEntryToPoUByMVA
                0x0000000000000000        0x8 /home/j0sh1x/Lg_G7_ThinQ_Edk2/edk2_LG_G7_THINQ/workspace/Build/LgG7ThinQPkg/DEBUG_GCC5/AARCH64/ArmPkg/Library/ArmLib/ArmBaseLib/OUTPUT/ArmBaseLib.lib(AArch64Support.obj)
 .text.ArmInvalidateInstructionCacheEntryToPoUByMVA
                0x0000000000000000        0x8 /home/j0sh1x/Lg_G7_ThinQ_Edk2/edk2_LG_G7_THINQ/workspace/Build/LgG7ThinQPkg/DEBUG_GCC5/AARCH64/ArmPkg/Library/ArmLib/ArmBaseLib/OUTPUT/ArmBaseLib.lib(AArch64Support.obj)
 .text.ArmInvalidateDataCacheEntryBySetWay
                0x0000000000000000        0x8 /home/j0sh1x/Lg_G7_ThinQ_Edk2/edk2_LG_G7_THINQ/workspace/Build/LgG7ThinQPkg/DEBUG_GCC5/AARCH64/ArmPkg/Library/ArmLib/ArmBaseLib/OUTPUT/ArmBaseLib.lib(AArch64Support.obj)
 .text.ArmCleanInvalidateDataCacheEntryBySetWay
                0x0000000000000000        0x8 /home/j0sh1x/Lg_G7_ThinQ_Edk2/edk2_LG_G7_THINQ/workspace/Build/LgG7ThinQPkg/DEBUG_GCC5/AARCH64/ArmPkg/Library/ArmLib/ArmBaseLib/OUTPUT/ArmBaseLib.lib(AArch64Support.obj)
 .text.ArmCleanDataCacheEntryBySetWay
                0x0000000000000000        0x8 /home/j0sh1x/Lg_G7_ThinQ_Edk2/edk2_LG_G7_THINQ/workspace/Build/LgG7ThinQPkg/DEBUG_GCC5/AARCH64/ArmPkg/Library/ArmLib/ArmBaseLib/OUTPUT/ArmBaseLib.lib(AArch64Support.obj)
 .text.ArmInvalidateInstructionCache
                0x0000000000000000       0x10 /home/j0sh1x/Lg_G7_ThinQ_Edk2/edk2_LG_G7_THINQ/workspace/Build/LgG7ThinQPkg/DEBUG_GCC5/AARCH64/ArmPkg/Library/ArmLib/ArmBaseLib/OUTPUT/ArmBaseLib.lib(AArch64Support.obj)
 .text.ArmEnableMmu
                0x0000000000000000       0x88 /home/j0sh1x/Lg_G7_ThinQ_Edk2/edk2_LG_G7_THINQ/workspace/Build/LgG7ThinQPkg/DEBUG_GCC5/AARCH64/ArmPkg/Library/ArmLib/ArmBaseLib/OUTPUT/ArmBaseLib.lib(AArch64Support.obj)
 .text.ArmDisableMmu
                0x0000000000000000       0x74 /home/j0sh1x/Lg_G7_ThinQ_Edk2/edk2_LG_G7_THINQ/workspace/Build/LgG7ThinQPkg/DEBUG_GCC5/AARCH64/ArmPkg/Library/ArmLib/ArmBaseLib/OUTPUT/ArmBaseLib.lib(AArch64Support.obj)
 .text.ArmDisableCachesAndMmu
                0x0000000000000000       0x6c /home/j0sh1x/Lg_G7_ThinQ_Edk2/edk2_LG_G7_THINQ/workspace/Build/LgG7ThinQPkg/DEBUG_GCC5/AARCH64/ArmPkg/Library/ArmLib/ArmBaseLib/OUTPUT/ArmBaseLib.lib(AArch64Support.obj)
 .text.ArmMmuEnabled
                0x0000000000000000       0x34 /home/j0sh1x/Lg_G7_ThinQ_Edk2/edk2_LG_G7_THINQ/workspace/Build/LgG7ThinQPkg/DEBUG_GCC5/AARCH64/ArmPkg/Library/ArmLib/ArmBaseLib/OUTPUT/ArmBaseLib.lib(AArch64Support.obj)
 .text.ArmEnableDataCache
                0x0000000000000000       0x68 /home/j0sh1x/Lg_G7_ThinQ_Edk2/edk2_LG_G7_THINQ/workspace/Build/LgG7ThinQPkg/DEBUG_GCC5/AARCH64/ArmPkg/Library/ArmLib/ArmBaseLib/OUTPUT/ArmBaseLib.lib(AArch64Support.obj)
 .text.ArmDisableDataCache
                0x0000000000000000       0x68 /home/j0sh1x/Lg_G7_ThinQ_Edk2/edk2_LG_G7_THINQ/workspace/Build/LgG7ThinQPkg/DEBUG_GCC5/AARCH64/ArmPkg/Library/ArmLib/ArmBaseLib/OUTPUT/ArmBaseLib.lib(AArch64Support.obj)
 .text.ArmEnableInstructionCache
                0x0000000000000000       0x68 /home/j0sh1x/Lg_G7_ThinQ_Edk2/edk2_LG_G7_THINQ/workspace/Build/LgG7ThinQPkg/DEBUG_GCC5/AARCH64/ArmPkg/Library/ArmLib/ArmBaseLib/OUTPUT/ArmBaseLib.lib(AArch64Support.obj)
 .text.ArmDisableInstructionCache
                0x0000000000000000       0x68 /home/j0sh1x/Lg_G7_ThinQ_Edk2/edk2_LG_G7_THINQ/workspace/Build/LgG7ThinQPkg/DEBUG_GCC5/AARCH64/ArmPkg/Library/ArmLib/ArmBaseLib/OUTPUT/ArmBaseLib.lib(AArch64Support.obj)
 .text.ArmEnableAlignmentCheck
                0x0000000000000000       0x58 /home/j0sh1x/Lg_G7_ThinQ_Edk2/edk2_LG_G7_THINQ/workspace/Build/LgG7ThinQPkg/DEBUG_GCC5/AARCH64/ArmPkg/Library/ArmLib/ArmBaseLib/OUTPUT/ArmBaseLib.lib(AArch64Support.obj)
 .text.ArmDisableAlignmentCheck
                0x0000000000000000       0x68 /home/j0sh1x/Lg_G7_ThinQ_Edk2/edk2_LG_G7_THINQ/workspace/Build/LgG7ThinQPkg/DEBUG_GCC5/AARCH64/ArmPkg/Library/ArmLib/ArmBaseLib/OUTPUT/ArmBaseLib.lib(AArch64Support.obj)
 .text.ArmEnableStackAlignmentCheck
                0x0000000000000000       0x58 /home/j0sh1x/Lg_G7_ThinQ_Edk2/edk2_LG_G7_THINQ/workspace/Build/LgG7ThinQPkg/DEBUG_GCC5/AARCH64/ArmPkg/Library/ArmLib/ArmBaseLib/OUTPUT/ArmBaseLib.lib(AArch64Support.obj)
 .text.ArmDisableStackAlignmentCheck
                0x0000000000000000       0x68 /home/j0sh1x/Lg_G7_ThinQ_Edk2/edk2_LG_G7_THINQ/workspace/Build/LgG7ThinQPkg/DEBUG_GCC5/AARCH64/ArmPkg/Library/ArmLib/ArmBaseLib/OUTPUT/ArmBaseLib.lib(AArch64Support.obj)
 .text.ArmEnableBranchPrediction
                0x0000000000000000        0x4 /home/j0sh1x/Lg_G7_ThinQ_Edk2/edk2_LG_G7_THINQ/workspace/Build/LgG7ThinQPkg/DEBUG_GCC5/AARCH64/ArmPkg/Library/ArmLib/ArmBaseLib/OUTPUT/ArmBaseLib.lib(AArch64Support.obj)
 .text.ArmDisableBranchPrediction
                0x0000000000000000        0x4 /home/j0sh1x/Lg_G7_ThinQ_Edk2/edk2_LG_G7_THINQ/workspace/Build/LgG7ThinQPkg/DEBUG_GCC5/AARCH64/ArmPkg/Library/ArmLib/ArmBaseLib/OUTPUT/ArmBaseLib.lib(AArch64Support.obj)
 .text.AArch64AllDataCachesOperation
                0x0000000000000000       0xa8 /home/j0sh1x/Lg_G7_ThinQ_Edk2/edk2_LG_G7_THINQ/workspace/Build/LgG7ThinQPkg/DEBUG_GCC5/AARCH64/ArmPkg/Library/ArmLib/ArmBaseLib/OUTPUT/ArmBaseLib.lib(AArch64Support.obj)
 .text.ArmDataMemoryBarrier
                0x0000000000000000        0x8 /home/j0sh1x/Lg_G7_ThinQ_Edk2/edk2_LG_G7_THINQ/workspace/Build/LgG7ThinQPkg/DEBUG_GCC5/AARCH64/ArmPkg/Library/ArmLib/ArmBaseLib/OUTPUT/ArmBaseLib.lib(AArch64Support.obj)
 .text.ArmInstructionSynchronizationBarrier
                0x0000000000000000        0x8 /home/j0sh1x/Lg_G7_ThinQ_Edk2/edk2_LG_G7_THINQ/workspace/Build/LgG7ThinQPkg/DEBUG_GCC5/AARCH64/ArmPkg/Library/ArmLib/ArmBaseLib/OUTPUT/ArmBaseLib.lib(AArch64Support.obj)
 .text.ArmWriteVBar
                0x0000000000000000       0x34 /home/j0sh1x/Lg_G7_ThinQ_Edk2/edk2_LG_G7_THINQ/workspace/Build/LgG7ThinQPkg/DEBUG_GCC5/AARCH64/ArmPkg/Library/ArmLib/ArmBaseLib/OUTPUT/ArmBaseLib.lib(AArch64Support.obj)
 .text.ArmReadVBar
                0x0000000000000000       0x30 /home/j0sh1x/Lg_G7_ThinQ_Edk2/edk2_LG_G7_THINQ/workspace/Build/LgG7ThinQPkg/DEBUG_GCC5/AARCH64/ArmPkg/Library/ArmLib/ArmBaseLib/OUTPUT/ArmBaseLib.lib(AArch64Support.obj)
 .text.ArmEnableVFP
                0x0000000000000000       0x64 /home/j0sh1x/Lg_G7_ThinQ_Edk2/edk2_LG_G7_THINQ/workspace/Build/LgG7ThinQPkg/DEBUG_GCC5/AARCH64/ArmPkg/Library/ArmLib/ArmBaseLib/OUTPUT/ArmBaseLib.lib(AArch64Support.obj)
 .text.ArmCallWFI
                0x0000000000000000        0x8 /home/j0sh1x/Lg_G7_ThinQ_Edk2/edk2_LG_G7_THINQ/workspace/Build/LgG7ThinQPkg/DEBUG_GCC5/AARCH64/ArmPkg/Library/ArmLib/ArmBaseLib/OUTPUT/ArmBaseLib.lib(AArch64Support.obj)
 .text.ArmReadMpidr
                0x0000000000000000        0x8 /home/j0sh1x/Lg_G7_ThinQ_Edk2/edk2_LG_G7_THINQ/workspace/Build/LgG7ThinQPkg/DEBUG_GCC5/AARCH64/ArmPkg/Library/ArmLib/ArmBaseLib/OUTPUT/ArmBaseLib.lib(AArch64Support.obj)
 .text.ArmReadTpidrurw
                0x0000000000000000        0x8 /home/j0sh1x/Lg_G7_ThinQ_Edk2/edk2_LG_G7_THINQ/workspace/Build/LgG7ThinQPkg/DEBUG_GCC5/AARCH64/ArmPkg/Library/ArmLib/ArmBaseLib/OUTPUT/ArmBaseLib.lib(AArch64Support.obj)
 .text.ArmWriteTpidrurw
                0x0000000000000000        0x8 /home/j0sh1x/Lg_G7_ThinQ_Edk2/edk2_LG_G7_THINQ/workspace/Build/LgG7ThinQPkg/DEBUG_GCC5/AARCH64/ArmPkg/Library/ArmLib/ArmBaseLib/OUTPUT/ArmBaseLib.lib(AArch64Support.obj)
 .text.ArmIsArchTimerImplemented
                0x0000000000000000        0x8 /home/j0sh1x/Lg_G7_ThinQ_Edk2/edk2_LG_G7_THINQ/workspace/Build/LgG7ThinQPkg/DEBUG_GCC5/AARCH64/ArmPkg/Library/ArmLib/ArmBaseLib/OUTPUT/ArmBaseLib.lib(AArch64Support.obj)
 .text.ArmReadIdPfr0
                0x0000000000000000        0x8 /home/j0sh1x/Lg_G7_ThinQ_Edk2/edk2_LG_G7_THINQ/workspace/Build/LgG7ThinQPkg/DEBUG_GCC5/AARCH64/ArmPkg/Library/ArmLib/ArmBaseLib/OUTPUT/ArmBaseLib.lib(AArch64Support.obj)
 .text.ArmReadIdPfr1
                0x0000000000000000        0x8 /home/j0sh1x/Lg_G7_ThinQ_Edk2/edk2_LG_G7_THINQ/workspace/Build/LgG7ThinQPkg/DEBUG_GCC5/AARCH64/ArmPkg/Library/ArmLib/ArmBaseLib/OUTPUT/ArmBaseLib.lib(AArch64Support.obj)
 .text.ArmWriteHcr
                0x0000000000000000        0x8 /home/j0sh1x/Lg_G7_ThinQ_Edk2/edk2_LG_G7_THINQ/workspace/Build/LgG7ThinQPkg/DEBUG_GCC5/AARCH64/ArmPkg/Library/ArmLib/ArmBaseLib/OUTPUT/ArmBaseLib.lib(AArch64Support.obj)
 .text.ArmReadHcr
                0x0000000000000000        0x8 /home/j0sh1x/Lg_G7_ThinQ_Edk2/edk2_LG_G7_THINQ/workspace/Build/LgG7ThinQPkg/DEBUG_GCC5/AARCH64/ArmPkg/Library/ArmLib/ArmBaseLib/OUTPUT/ArmBaseLib.lib(AArch64Support.obj)
 .text.ArmReadCurrentEL
                0x0000000000000000        0x8 /home/j0sh1x/Lg_G7_ThinQ_Edk2/edk2_LG_G7_THINQ/workspace/Build/LgG7ThinQPkg/DEBUG_GCC5/AARCH64/ArmPkg/Library/ArmLib/ArmBaseLib/OUTPUT/ArmBaseLib.lib(AArch64Support.obj)
 .text.ArmReadCntHctl
                0x0000000000000000        0x8 /home/j0sh1x/Lg_G7_ThinQ_Edk2/edk2_LG_G7_THINQ/workspace/Build/LgG7ThinQPkg/DEBUG_GCC5/AARCH64/ArmPkg/Library/ArmLib/ArmBaseLib/OUTPUT/ArmBaseLib.lib(AArch64Support.obj)
 .text.ArmWriteCntHctl
                0x0000000000000000        0x8 /home/j0sh1x/Lg_G7_ThinQ_Edk2/edk2_LG_G7_THINQ/workspace/Build/LgG7ThinQPkg/DEBUG_GCC5/AARCH64/ArmPkg/Library/ArmLib/ArmBaseLib/OUTPUT/ArmBaseLib.lib(AArch64Support.obj)

Speicherkonfiguration

Name             Ursprung           Länge             Attribute
*default*        0x0000000000000000 0xffffffffffffffff

Linker script and memory map

LOAD /home/j0sh1x/Lg_G7_ThinQ_Edk2/edk2/ArmPkg/Library/GccLto/liblto-aarch64.a
START GROUP
LOAD /tmp/HiiDatabase.dll.RgrLFw.ltrans0.ltrans.o
LOAD /tmp/HiiDatabase.dll.RgrLFw.ltrans1.ltrans.o
LOAD /tmp/HiiDatabase.dll.RgrLFw.ltrans2.ltrans.o
LOAD /tmp/cc403e5v.debug.temp.o
LOAD /tmp/ccE5g3Uv.debug.temp.o
LOAD /tmp/ccZioowv.debug.temp.o
LOAD /tmp/ccnTQqBw.debug.temp.o
LOAD /tmp/ccD3Bo8w.debug.temp.o
LOAD /tmp/ccDlar5v.debug.temp.o
LOAD /tmp/cciiSE3w.debug.temp.o
LOAD /tmp/ccrJ58xu.debug.temp.o
LOAD /tmp/ccVBDflt.debug.temp.o
LOAD /tmp/cc7y9cit.debug.temp.o
LOAD /tmp/ccM1gYLu.debug.temp.o
LOAD /tmp/ccB2Qnmv.debug.temp.o
LOAD /tmp/ccUP5rEu.debug.temp.o
LOAD /tmp/ccAgpG6w.debug.temp.o
LOAD /tmp/cctH60pu.debug.temp.o
LOAD /tmp/ccITwCpt.debug.temp.o
LOAD /tmp/ccKnEg9w.debug.temp.o
LOAD /tmp/ccBHVokx.debug.temp.o
LOAD /tmp/cceU1cpv.debug.temp.o
LOAD /tmp/ccg3if8u.debug.temp.o
LOAD /tmp/ccqcdxWv.debug.temp.o
LOAD /tmp/cc2IcFrx.debug.temp.o
LOAD /tmp/cckXGUVw.debug.temp.o
LOAD /tmp/ccNVS2lv.debug.temp.o
LOAD /tmp/ccj3HHfw.debug.temp.o
LOAD /tmp/cc4Xudvv.debug.temp.o
LOAD /tmp/ccKU6Xtu.debug.temp.o
LOAD /tmp/ccbLvCMv.debug.temp.o
LOAD /tmp/ccqnse3u.debug.temp.o
LOAD /tmp/ccyw6Lcu.debug.temp.o
LOAD /tmp/ccAsg6Uu.debug.temp.o
LOAD /tmp/cc2VZtKt.debug.temp.o
LOAD /tmp/ccxQsVtu.debug.temp.o
LOAD /tmp/ccGPTogw.debug.temp.o
LOAD /tmp/ccm0J4Xs.debug.temp.o
LOAD /tmp/ccdqbCSt.debug.temp.o
LOAD /tmp/cclD8tou.debug.temp.o
LOAD /tmp/cc2ucgmu.debug.temp.o
LOAD /tmp/cc7REpNt.debug.temp.o
LOAD /tmp/cc3DLI9s.debug.temp.o
LOAD /tmp/ccW8iEXw.debug.temp.o
LOAD /tmp/ccpWNL4u.debug.temp.o
LOAD /tmp/cc12WRNw.debug.temp.o
LOAD /tmp/ccZ6lVjv.debug.temp.o
LOAD /tmp/ccGEmaxu.debug.temp.o
LOAD /tmp/ccWgP58t.debug.temp.o
LOAD /tmp/ccoszB6v.debug.temp.o
LOAD /tmp/cc9JnHTu.debug.temp.o
LOAD /tmp/ccdRA3hw.debug.temp.o
LOAD /tmp/cckqfuXu.debug.temp.o
LOAD /tmp/ccGBIefu.debug.temp.o
LOAD /tmp/ccLkVabv.debug.temp.o
LOAD /tmp/cchP3SHv.debug.temp.o
LOAD /home/j0sh1x/Lg_G7_ThinQ_Edk2/edk2_LG_G7_THINQ/workspace/Build/LgG7ThinQPkg/DEBUG_GCC5/AARCH64/MdePkg/Library/DxePcdLib/DxePcdLib/OUTPUT/DxePcdLib.lib
LOAD /home/j0sh1x/Lg_G7_ThinQ_Edk2/edk2_LG_G7_THINQ/workspace/Build/LgG7ThinQPkg/DEBUG_GCC5/AARCH64/MdePkg/Library/BaseMemoryLibOptDxe/BaseMemoryLibOptDxe/OUTPUT/BaseMemoryLibOptDxe.lib
LOAD /home/j0sh1x/Lg_G7_ThinQ_Edk2/edk2_LG_G7_THINQ/workspace/Build/LgG7ThinQPkg/DEBUG_GCC5/AARCH64/MdePkg/Library/BaseLib/BaseLib/OUTPUT/BaseLib.lib
LOAD /home/j0sh1x/Lg_G7_ThinQ_Edk2/edk2_LG_G7_THINQ/workspace/Build/LgG7ThinQPkg/DEBUG_GCC5/AARCH64/ArmPkg/Library/ArmLib/ArmBaseLib/OUTPUT/ArmBaseLib.lib
LOAD /home/j0sh1x/Lg_G7_ThinQ_Edk2/edk2_LG_G7_THINQ/workspace/Build/LgG7ThinQPkg/DEBUG_GCC5/AARCH64/ArmPkg/Library/ArmCacheMaintenanceLib/ArmCacheMaintenanceLib/OUTPUT/ArmCacheMaintenanceLib.lib
LOAD /home/j0sh1x/Lg_G7_ThinQ_Edk2/edk2_LG_G7_THINQ/workspace/Build/LgG7ThinQPkg/DEBUG_GCC5/AARCH64/MdePkg/Library/BaseIoLibIntrinsic/BaseIoLibIntrinsic/OUTPUT/BaseIoLibIntrinsic.lib
LOAD /home/j0sh1x/Lg_G7_ThinQ_Edk2/edk2_LG_G7_THINQ/workspace/Build/LgG7ThinQPkg/DEBUG_GCC5/AARCH64/ArmPkg/Library/CompilerIntrinsicsLib/CompilerIntrinsicsLib/OUTPUT/CompilerIntrinsicsLib.lib
LOAD /home/j0sh1x/Lg_G7_ThinQ_Edk2/edk2_LG_G7_THINQ/workspace/Build/LgG7ThinQPkg/DEBUG_GCC5/AARCH64/MdePkg/Library/BaseDebugPrintErrorLevelLib/BaseDebugPrintErrorLevelLib/OUTPUT/BaseDebugPrintErrorLevelLib.lib
LOAD /home/j0sh1x/Lg_G7_ThinQ_Edk2/edk2_LG_G7_THINQ/workspace/Build/LgG7ThinQPkg/DEBUG_GCC5/AARCH64/LgG7ThinQPkg/Library/FrameBufferSerialPortLib/FrameBufferSerialPortLib/OUTPUT/FrameBufferSerialPortLib.lib
LOAD /home/j0sh1x/Lg_G7_ThinQ_Edk2/edk2_LG_G7_THINQ/workspace/Build/LgG7ThinQPkg/DEBUG_GCC5/AARCH64/MdePkg/Library/BasePrintLib/BasePrintLib/OUTPUT/BasePrintLib.lib
LOAD /home/j0sh1x/Lg_G7_ThinQ_Edk2/edk2_LG_G7_THINQ/workspace/Build/LgG7ThinQPkg/DEBUG_GCC5/AARCH64/MdePkg/Library/BaseDebugLibSerialPort/BaseDebugLibSerialPort/OUTPUT/BaseDebugLibSerialPort.lib
LOAD /home/j0sh1x/Lg_G7_ThinQ_Edk2/edk2_LG_G7_THINQ/workspace/Build/LgG7ThinQPkg/DEBUG_GCC5/AARCH64/MdePkg/Library/UefiMemoryAllocationLib/UefiMemoryAllocationLib/OUTPUT/UefiMemoryAllocationLib.lib
LOAD /home/j0sh1x/Lg_G7_ThinQ_Edk2/edk2_LG_G7_THINQ/workspace/Build/LgG7ThinQPkg/DEBUG_GCC5/AARCH64/MdePkg/Library/UefiRuntimeServicesTableLib/UefiRuntimeServicesTableLib/OUTPUT/UefiRuntimeServicesTableLib.lib
LOAD /home/j0sh1x/Lg_G7_ThinQ_Edk2/edk2_LG_G7_THINQ/workspace/Build/LgG7ThinQPkg/DEBUG_GCC5/AARCH64/MdePkg/Library/UefiBootServicesTableLib/UefiBootServicesTableLib/OUTPUT/UefiBootServicesTableLib.lib
LOAD /home/j0sh1x/Lg_G7_ThinQ_Edk2/edk2_LG_G7_THINQ/workspace/Build/LgG7ThinQPkg/DEBUG_GCC5/AARCH64/MdePkg/Library/UefiDevicePathLib/UefiDevicePathLib/OUTPUT/UefiDevicePathLib.lib
LOAD /home/j0sh1x/Lg_G7_ThinQ_Edk2/edk2_LG_G7_THINQ/workspace/Build/LgG7ThinQPkg/DEBUG_GCC5/AARCH64/MdePkg/Library/UefiLib/UefiLib/OUTPUT/UefiLib.lib
LOAD /home/j0sh1x/Lg_G7_ThinQ_Edk2/edk2_LG_G7_THINQ/workspace/Build/LgG7ThinQPkg/DEBUG_GCC5/AARCH64/MdePkg/Library/DxeHobLib/DxeHobLib/OUTPUT/DxeHobLib.lib
LOAD /home/j0sh1x/Lg_G7_ThinQ_Edk2/edk2_LG_G7_THINQ/workspace/Build/LgG7ThinQPkg/DEBUG_GCC5/AARCH64/MdePkg/Library/UefiDriverEntryPoint/UefiDriverEntryPoint/OUTPUT/UefiDriverEntryPoint.lib
LOAD /home/j0sh1x/Lg_G7_ThinQ_Edk2/edk2_LG_G7_THINQ/workspace/Build/LgG7ThinQPkg/DEBUG_GCC5/AARCH64/MdePkg/Library/BaseStackCheckLib/BaseStackCheckLib/OUTPUT/BaseStackCheckLib.lib
LOAD /home/j0sh1x/Lg_G7_ThinQ_Edk2/edk2_LG_G7_THINQ/workspace/Build/LgG7ThinQPkg/DEBUG_GCC5/AARCH64/MdeModulePkg/Universal/HiiDatabaseDxe/HiiDatabaseDxe/OUTPUT/HiiDatabase.lib
END GROUP
                0x0000000000000228                . = PECOFF_HEADER_SIZE

.gnu.version_d  0x0000000000000228        0x0
 .gnu.version_d
                0x0000000000000228        0x0 /home/j0sh1x/Lg_G7_ThinQ_Edk2/edk2/ArmPkg/Library/GccLto/liblto-aarch64.a

.gnu.version    0x0000000000000228        0x0
 .gnu.version   0x0000000000000228        0x0 /home/j0sh1x/Lg_G7_ThinQ_Edk2/edk2/ArmPkg/Library/GccLto/liblto-aarch64.a

.gnu.version_r  0x0000000000000228        0x0
 .gnu.version_r
                0x0000000000000228        0x0 /home/j0sh1x/Lg_G7_ThinQ_Edk2/edk2/ArmPkg/Library/GccLto/liblto-aarch64.a

.text           0x0000000000001000    0x1c5c8
 *(.text .text.* .stub .gnu.linkonce.t.*)
 .text.InternalAllocatePool
                0x0000000000001000       0x60 /tmp/HiiDatabase.dll.RgrLFw.ltrans0.ltrans.o
 .text.BasePrintLibFillBuffer
                0x0000000000001060       0x34 /tmp/HiiDatabase.dll.RgrLFw.ltrans0.ltrans.o
 .text.AsciiStrnLenS
                0x0000000000001094       0x3c /tmp/HiiDatabase.dll.RgrLFw.ltrans0.ltrans.o
 .text.InternalSafeStringIsOverlap
                0x00000000000010d0       0x3c /tmp/HiiDatabase.dll.RgrLFw.ltrans0.ltrans.o
 .text.InternalSafeStringNoStrOverlap
                0x000000000000110c       0x24 /tmp/HiiDatabase.dll.RgrLFw.ltrans0.ltrans.o
 .text.IsLineBreak
                0x0000000000001130       0xf0 /tmp/HiiDatabase.dll.RgrLFw.ltrans0.ltrans.o
 .text.FbConFlush
                0x0000000000001220       0x54 /tmp/HiiDatabase.dll.RgrLFw.ltrans0.ltrans.o
 .text.SerialPortWrite
                0x0000000000001274      0x400 /tmp/HiiDatabase.dll.RgrLFw.ltrans0.ltrans.o
 .text.DebugAssertEnabled
                0x0000000000001674        0x8 /tmp/HiiDatabase.dll.RgrLFw.ltrans0.ltrans.o
                0x0000000000001674                DebugAssertEnabled
 .text.DevicePathFromHandle
                0x000000000000167c       0x68 /tmp/HiiDatabase.dll.RgrLFw.ltrans0.ltrans.o
                0x000000000000167c                DevicePathFromHandle
 .text.AllocatePool
                0x00000000000016e4        0xc /tmp/HiiDatabase.dll.RgrLFw.ltrans0.ltrans.o
                0x00000000000016e4                AllocatePool
 .text.DebugPrintLevelEnabled
                0x00000000000016f0        0x8 /tmp/HiiDatabase.dll.RgrLFw.ltrans0.ltrans.o
                0x00000000000016f0                DebugPrintLevelEnabled
 .text.DebugPrintEnabled
                0x00000000000016f8        0x8 /tmp/HiiDatabase.dll.RgrLFw.ltrans0.ltrans.o
                0x00000000000016f8                DebugPrintEnabled
 .text.BaseDebugLibSerialPortConstructor
                0x0000000000001700       0x84 /tmp/HiiDatabase.dll.RgrLFw.ltrans0.ltrans.o
                0x0000000000001700                BaseDebugLibSerialPortConstructor
 .text.StrnLenS
                0x0000000000001784       0x70 /tmp/HiiDatabase.dll.RgrLFw.ltrans0.ltrans.o
                0x0000000000001784                StrnLenS
 .text.BasePrintLibSPrintMarker.constprop.0
                0x00000000000017f4      0xe1c /tmp/HiiDatabase.dll.RgrLFw.ltrans0.ltrans.o
 .text.BasePrintLibSPrint.constprop.0
                0x0000000000002610       0x9c /tmp/HiiDatabase.dll.RgrLFw.ltrans0.ltrans.o
 .text.AsciiSPrint.constprop.0
                0x00000000000026ac       0xa8 /tmp/HiiDatabase.dll.RgrLFw.ltrans0.ltrans.o
 .text.DebugAssert
                0x0000000000002754       0x7c /tmp/HiiDatabase.dll.RgrLFw.ltrans0.ltrans.o
                0x0000000000002754                DebugAssert
 .text.BitFieldWrite32.constprop.0
                0x00000000000027d0      0x130 /tmp/HiiDatabase.dll.RgrLFw.ltrans0.ltrans.o
                0x00000000000027d0                BitFieldWrite32.constprop.0
 .text.EfiAcquireLock.constprop.0
                0x0000000000002900       0x70 /tmp/HiiDatabase.dll.RgrLFw.ltrans0.ltrans.o
                0x0000000000002900                EfiAcquireLock.constprop.0
 .text.EfiReleaseLock.constprop.0
                0x0000000000002970       0x6c /tmp/HiiDatabase.dll.RgrLFw.ltrans0.ltrans.o
                0x0000000000002970                EfiReleaseLock.constprop.0
 .text.DevicePathSubType
                0x00000000000029dc       0x48 /tmp/HiiDatabase.dll.RgrLFw.ltrans0.ltrans.o
 .text.DevicePathType
                0x0000000000002a24       0x48 /tmp/HiiDatabase.dll.RgrLFw.ltrans0.ltrans.o
 .text.IsDevicePathEnd
                0x0000000000002a6c       0x94 /tmp/HiiDatabase.dll.RgrLFw.ltrans0.ltrans.o
                0x0000000000002a6c                IsDevicePathEnd
 .text.BasePrintLibValueToString
                0x0000000000002b00       0x2c /tmp/HiiDatabase.dll.RgrLFw.ltrans0.ltrans.o
 .text.UnicodeValueToStringS.constprop.0
                0x0000000000002b2c      0x168 /tmp/HiiDatabase.dll.RgrLFw.ltrans0.ltrans.o
                0x0000000000002b2c                UnicodeValueToStringS.constprop.0
 .text.WriteUnaligned16
                0x0000000000002c94       0x50 /tmp/HiiDatabase.dll.RgrLFw.ltrans0.ltrans.o
                0x0000000000002c94                WriteUnaligned16
 .text.ReadUnaligned16
                0x0000000000002ce4       0x5c /tmp/HiiDatabase.dll.RgrLFw.ltrans0.ltrans.o
                0x0000000000002ce4                ReadUnaligned16
 .text.DevicePathNodeLength
                0x0000000000002d40       0x50 /tmp/HiiDatabase.dll.RgrLFw.ltrans0.ltrans.o
                0x0000000000002d40                DevicePathNodeLength
 .text.NextDevicePathNode
                0x0000000000002d90       0x50 /tmp/HiiDatabase.dll.RgrLFw.ltrans0.ltrans.o
                0x0000000000002d90                NextDevicePathNode
 .text.UefiDevicePathLibGetDevicePathSize
                0x0000000000002de0       0xfc /tmp/HiiDatabase.dll.RgrLFw.ltrans0.ltrans.o
                0x0000000000002de0                UefiDevicePathLibGetDevicePathSize
 .text.ReadUnaligned32
                0x0000000000002edc       0x30 /tmp/HiiDatabase.dll.RgrLFw.ltrans0.ltrans.o
                0x0000000000002edc                ReadUnaligned32
 .text.AsciiStrLen
                0x0000000000002f0c       0x90 /tmp/HiiDatabase.dll.RgrLFw.ltrans0.ltrans.o
                0x0000000000002f0c                AsciiStrLen
 .text.DebugPrint
                0x0000000000002f9c       0xb8 /tmp/HiiDatabase.dll.RgrLFw.ltrans0.ltrans.o
                0x0000000000002f9c                DebugPrint
 .text.FreePool
                0x0000000000003054       0x7c /tmp/HiiDatabase.dll.RgrLFw.ltrans0.ltrans.o
                0x0000000000003054                FreePool
 .text.GetFormPackageData.part.0.constprop.0
                0x00000000000030d0       0xf4 /tmp/HiiDatabase.dll.RgrLFw.ltrans0.ltrans.o
                0x00000000000030d0                GetFormPackageData.part.0.constprop.0
 .text.GetVariable2.constprop.0
                0x00000000000031c4      0x124 /tmp/HiiDatabase.dll.RgrLFw.ltrans0.ltrans.o
                0x00000000000031c4                GetVariable2.constprop.0
 .text.AsciiStrSize
                0x00000000000032e8       0x18 /tmp/HiiDatabase.dll.RgrLFw.ltrans0.ltrans.o
                0x00000000000032e8                AsciiStrSize
 .text.AsciiStrStr.constprop.0
                0x0000000000003300       0xac /tmp/HiiDatabase.dll.RgrLFw.ltrans0.ltrans.o
                0x0000000000003300                AsciiStrStr.constprop.0
 .text.AsciiStrnCmp
                0x00000000000033ac       0xd4 /tmp/HiiDatabase.dll.RgrLFw.ltrans0.ltrans.o
 .text.AsciiStrCmp
                0x0000000000003480       0x88 /tmp/HiiDatabase.dll.RgrLFw.ltrans0.ltrans.o
 .text.StrLen   0x0000000000003508       0xa4 /tmp/HiiDatabase.dll.RgrLFw.ltrans0.ltrans.o
                0x0000000000003508                StrLen
 .text.StrSize  0x00000000000035ac       0x1c /tmp/HiiDatabase.dll.RgrLFw.ltrans0.ltrans.o
                0x00000000000035ac                StrSize
 .text.StrStr   0x00000000000035c8       0xac /tmp/HiiDatabase.dll.RgrLFw.ltrans0.ltrans.o
                0x00000000000035c8                StrStr
 .text.StrnCmp  0x0000000000003674       0xd4 /tmp/HiiDatabase.dll.RgrLFw.ltrans0.ltrans.o
                0x0000000000003674                StrnCmp
 .text.StrCmp   0x0000000000003748       0x88 /tmp/HiiDatabase.dll.RgrLFw.ltrans0.ltrans.o
                0x0000000000003748                StrCmp
 .text.AsciiStrToUnicodeStrS
                0x00000000000037d0      0x140 /tmp/HiiDatabase.dll.RgrLFw.ltrans0.ltrans.o
                0x00000000000037d0                AsciiStrToUnicodeStrS
 .text.AsciiStrCpyS
                0x0000000000003910      0x11c /tmp/HiiDatabase.dll.RgrLFw.ltrans0.ltrans.o
                0x0000000000003910                AsciiStrCpyS
 .text.InternalBaseLibIsListValid
                0x0000000000003a2c       0xac /tmp/HiiDatabase.dll.RgrLFw.ltrans0.ltrans.o
 .text.SetMem32
                0x0000000000003ad8       0xa4 /tmp/HiiDatabase.dll.RgrLFw.ltrans0.ltrans.o
 .text.GetWidth
                0x0000000000003b7c      0x19c /tmp/HiiDatabase.dll.RgrLFw.ltrans0.ltrans.o
 .text.FindStorageFromVarId
                0x0000000000003d18       0xb4 /tmp/HiiDatabase.dll.RgrLFw.ltrans0.ltrans.o
 .text.FindQuestionFromStringId
                0x0000000000003dcc       0xe4 /tmp/HiiDatabase.dll.RgrLFw.ltrans0.ltrans.o
 .text.ExtractReadOnlyFromOpCode
                0x0000000000003eb0       0x4c /tmp/HiiDatabase.dll.RgrLFw.ltrans0.ltrans.o
 .text.GlyphToBlt
                0x0000000000003efc      0x218 /tmp/HiiDatabase.dll.RgrLFw.ltrans0.ltrans.o
 .text.NarrowGlyphToBlt
                0x0000000000004114      0x118 /tmp/HiiDatabase.dll.RgrLFw.ltrans0.ltrans.o
 .text.GlyphToImage
                0x000000000000422c      0x1a8 /tmp/HiiDatabase.dll.RgrLFw.ltrans0.ltrans.o
 .text.HiiGetPackageListHandle
                0x00000000000043d4      0x128 /tmp/HiiDatabase.dll.RgrLFw.ltrans0.ltrans.o
 .text.HiiExportPackageLists
                0x00000000000044fc      0x268 /tmp/HiiDatabase.dll.RgrLFw.ltrans0.ltrans.o
                0x00000000000044fc                HiiExportPackageLists
 .text.UnicodeSPrint
                0x0000000000004764       0xec /tmp/HiiDatabase.dll.RgrLFw.ltrans0.ltrans.o
                0x0000000000004764                UnicodeSPrint
 .text.UnicodeStrToAsciiStrS
                0x0000000000004850      0x184 /tmp/HiiDatabase.dll.RgrLFw.ltrans0.ltrans.o
 .text.ExtractNameSpace
                0x00000000000049d4      0x104 /tmp/HiiDatabase.dll.RgrLFw.ltrans0.ltrans.o
 .text.StrnCatS
                0x0000000000004ad8      0x1e8 /tmp/HiiDatabase.dll.RgrLFw.ltrans0.ltrans.o
                0x0000000000004ad8                StrnCatS
 .text.StrCatS  0x0000000000004cc0      0x1ac /tmp/HiiDatabase.dll.RgrLFw.ltrans0.ltrans.o
                0x0000000000004cc0                StrCatS
 .text.StrnCpyS
                0x0000000000004e6c      0x1a4 /tmp/HiiDatabase.dll.RgrLFw.ltrans0.ltrans.o
                0x0000000000004e6c                StrnCpyS
 .text.StrCpyS  0x0000000000005010      0x168 /tmp/HiiDatabase.dll.RgrLFw.ltrans0.ltrans.o
                0x0000000000005010                StrCpyS
 .text.GenerateKeywordResp
                0x0000000000005178      0x1f8 /tmp/HiiDatabase.dll.RgrLFw.ltrans0.ltrans.o
 .text.IsNull   0x0000000000005370       0x4c /tmp/HiiDatabase.dll.RgrLFw.ltrans0.ltrans.o
                0x0000000000005370                IsNull
 .text.IsListEmpty
                0x00000000000053bc       0x4c /tmp/HiiDatabase.dll.RgrLFw.ltrans0.ltrans.o
                0x00000000000053bc                IsListEmpty
 .text.RemoveEntryList
                0x0000000000005408       0x50 /tmp/HiiDatabase.dll.RgrLFw.ltrans0.ltrans.o
                0x0000000000005408                RemoveEntryList
 .text.HiiUnregisterPackageNotify
                0x0000000000005458      0x1b8 /tmp/HiiDatabase.dll.RgrLFw.ltrans0.ltrans.o
 .text.HiiRemovePackageList
                0x0000000000005610      0x29c /tmp/HiiDatabase.dll.RgrLFw.ltrans0.ltrans.o
 .text.GetNextNode
                0x00000000000058ac       0x44 /tmp/HiiDatabase.dll.RgrLFw.ltrans0.ltrans.o
                0x00000000000058ac                GetNextNode
 .text.GetFirstNode
                0x00000000000058f0       0x44 /tmp/HiiDatabase.dll.RgrLFw.ltrans0.ltrans.o
                0x00000000000058f0                GetFirstNode
 .text.InsertTailList
                0x0000000000005934       0x5c /tmp/HiiDatabase.dll.RgrLFw.ltrans0.ltrans.o
                0x0000000000005934                InsertTailList
 .text.InitializeListHead
                0x0000000000005990       0x40 /tmp/HiiDatabase.dll.RgrLFw.ltrans0.ltrans.o
                0x0000000000005990                InitializeListHead
 .text.BitFieldRead32
                0x00000000000059d0       0x74 /tmp/HiiDatabase.dll.RgrLFw.ltrans0.ltrans.o
                0x00000000000059d0                BitFieldRead32
 .text.LShiftU64
                0x0000000000005a44       0x44 /tmp/HiiDatabase.dll.RgrLFw.ltrans0.ltrans.o
                0x0000000000005a44                LShiftU64
 .text.StrHexToUint64
                0x0000000000005a88      0x1b0 /tmp/HiiDatabase.dll.RgrLFw.ltrans0.ltrans.o
                0x0000000000005a88                StrHexToUint64
 .text.BitFieldRead64
                0x0000000000005c38       0xa0 /tmp/HiiDatabase.dll.RgrLFw.ltrans0.ltrans.o
                0x0000000000005c38                BitFieldRead64
 .text.CopyMem  0x0000000000005cd8       0xa4 /tmp/HiiDatabase.dll.RgrLFw.ltrans0.ltrans.o
                0x0000000000005cd8                CopyMem
 .text.AllocateCopyPool
                0x0000000000005d7c       0x90 /tmp/HiiDatabase.dll.RgrLFw.ltrans0.ltrans.o
                0x0000000000005d7c                AllocateCopyPool
 .text.ExtractValueFromDriver
                0x0000000000005e0c      0x130 /tmp/HiiDatabase.dll.RgrLFw.ltrans0.ltrans.o
 .text.ExtractKeyword
                0x0000000000005f3c       0xe4 /tmp/HiiDatabase.dll.RgrLFw.ltrans0.ltrans.o
 .text.GetUnicodeStringTextAndSize
                0x0000000000006020       0xac /tmp/HiiDatabase.dll.RgrLFw.ltrans0.ltrans.o
 .text.GetStringIdFromRecord
                0x00000000000060cc      0x670 /tmp/HiiDatabase.dll.RgrLFw.ltrans0.ltrans.o
 .text.GetCell  0x000000000000673c       0xc4 /tmp/HiiDatabase.dll.RgrLFw.ltrans0.ltrans.o
 .text.HiiFindKeyboardLayouts
                0x0000000000006800      0x234 /tmp/HiiDatabase.dll.RgrLFw.ltrans0.ltrans.o
 .text.HiiUpdatePackageList
                0x0000000000006a34      0x2c8 /tmp/HiiDatabase.dll.RgrLFw.ltrans0.ltrans.o
 .text.CompareMem
                0x0000000000006cfc       0xd0 /tmp/HiiDatabase.dll.RgrLFw.ltrans0.ltrans.o
                0x0000000000006cfc                CompareMem
 .text.GetStringIdFromDatabase
                0x0000000000006dcc      0x280 /tmp/HiiDatabase.dll.RgrLFw.ltrans0.ltrans.o
 .text.HiiGetKeyboardLayout
                0x000000000000704c      0x250 /tmp/HiiDatabase.dll.RgrLFw.ltrans0.ltrans.o
 .text.ZeroMem  0x000000000000729c       0x70 /tmp/HiiDatabase.dll.RgrLFw.ltrans0.ltrans.o
                0x000000000000729c                ZeroMem
 .text.InternalAllocateZeroPool
                0x000000000000730c       0x34 /tmp/HiiDatabase.dll.RgrLFw.ltrans0.ltrans.o
                0x000000000000730c                InternalAllocateZeroPool
 .text.ReallocatePool
                0x0000000000007340       0x60 /tmp/HiiDatabase.dll.RgrLFw.ltrans0.ltrans.o
                0x0000000000007340                ReallocatePool
 .text.MergeToMultiKeywordResp
                0x00000000000073a0       0xac /tmp/HiiDatabase.dll.RgrLFw.ltrans0.ltrans.o
 .text.AllocateZeroPool
                0x000000000000744c        0xc /tmp/HiiDatabase.dll.RgrLFw.ltrans0.ltrans.o
                0x000000000000744c                AllocateZeroPool
 .text.GetBestLanguage.constprop.0
                0x0000000000007458      0x1bc /tmp/HiiDatabase.dll.RgrLFw.ltrans0.ltrans.o
                0x0000000000007458                GetBestLanguage.constprop.0
 .text.WriteOutputParam.constprop.0
                0x0000000000007614       0x84 /tmp/HiiDatabase.dll.RgrLFw.ltrans0.ltrans.o
 .text.GetNameFromId
                0x0000000000007698      0x19c /tmp/HiiDatabase.dll.RgrLFw.ltrans0.ltrans.o
 .text.ConstructRequestElement
                0x0000000000007834       0xc0 /tmp/HiiDatabase.dll.RgrLFw.ltrans0.ltrans.o
 .text.ConstructConfigHdr
                0x00000000000078f4      0x2e4 /tmp/HiiDatabase.dll.RgrLFw.ltrans0.ltrans.o
 .text.ExtractConfigRequest
                0x0000000000007bd8      0x27c /tmp/HiiDatabase.dll.RgrLFw.ltrans0.ltrans.o
 .text.SaveFontName
                0x0000000000007e54       0x60 /tmp/HiiDatabase.dll.RgrLFw.ltrans0.ltrans.o
 .text.NewCell  0x0000000000007eb4       0x88 /tmp/HiiDatabase.dll.RgrLFw.ltrans0.ltrans.o
 .text.FindGlyphBlock.constprop.0
                0x0000000000007f3c      0x560 /tmp/HiiDatabase.dll.RgrLFw.ltrans0.ltrans.o
                0x0000000000007f3c                FindGlyphBlock.constprop.0
 .text.HiiRegisterPackageNotify
                0x000000000000849c      0x180 /tmp/HiiDatabase.dll.RgrLFw.ltrans0.ltrans.o
 .text.ExtractDevicePath
                0x000000000000861c      0x1e0 /tmp/HiiDatabase.dll.RgrLFw.ltrans0.ltrans.o
 .text.EfiConfigKeywordHandlerGetData
                0x00000000000087fc      0xd4c /tmp/HiiDatabase.dll.RgrLFw.ltrans0.ltrans.o
 .text.EfiConfigKeywordHandlerSetData
                0x0000000000009548      0x730 /tmp/HiiDatabase.dll.RgrLFw.ltrans0.ltrans.o
 .text.CompareGuid
                0x0000000000009c78       0x60 /tmp/HiiDatabase.dll.RgrLFw.ltrans0.ltrans.o
                0x0000000000009c78                CompareGuid
 .text.HiiSetKeyboardLayout
                0x0000000000009cd8      0x21c /tmp/HiiDatabase.dll.RgrLFw.ltrans0.ltrans.o
 .text.HiiListPackageLists
                0x0000000000009ef4      0x248 /tmp/HiiDatabase.dll.RgrLFw.ltrans0.ltrans.o
 .text.HiiNewPackageList
                0x000000000000a13c      0x32c /tmp/HiiDatabase.dll.RgrLFw.ltrans0.ltrans.o
 .text.CopyGuid
                0x000000000000a468        0x8 /tmp/HiiDatabase.dll.RgrLFw.ltrans0.ltrans.o
                0x000000000000a468                CopyGuid
 .text.GetPiPcdProtocol
                0x000000000000a470       0xc0 /tmp/HiiDatabase.dll.RgrLFw.ltrans0.ltrans.o
                0x000000000000a470                GetPiPcdProtocol
 .text.GetSystemFont.part.0
                0x000000000000a530       0xc8 /tmp/HiiDatabase.dll.RgrLFw.ltrans0.ltrans.o
                0x000000000000a530                GetSystemFont.part.0
 .text.IsSystemFontInfo
                0x000000000000a5f8      0x240 /tmp/HiiDatabase.dll.RgrLFw.ltrans0.ltrans.o
 .text.IsFontInfoExisted
                0x000000000000a838      0x47c /tmp/HiiDatabase.dll.RgrLFw.ltrans0.ltrans.o
                0x000000000000a838                IsFontInfoExisted
 .text.HiiGetFontInfo
                0x000000000000acb4      0x338 /tmp/HiiDatabase.dll.RgrLFw.ltrans0.ltrans.o
 .text.GetGlyphBuffer
                0x000000000000afec      0x334 /tmp/HiiDatabase.dll.RgrLFw.ltrans0.ltrans.o
 .text.HiiGetGlyph
                0x000000000000b320      0x33c /tmp/HiiDatabase.dll.RgrLFw.ltrans0.ltrans.o
 .text.HiiStringToImage
                0x000000000000b65c      0xcd0 /tmp/HiiDatabase.dll.RgrLFw.ltrans0.ltrans.o
 .text.HiiStringIdToImage
                0x000000000000c32c      0x3c8 /tmp/HiiDatabase.dll.RgrLFw.ltrans0.ltrans.o
 .text.IsEfiVarStoreQuestion
                0x000000000000c6f4       0x30 /tmp/HiiDatabase.dll.RgrLFw.ltrans1.ltrans.o
 .text.AsciiHiiToLower
                0x000000000000c724       0x6c /tmp/HiiDatabase.dll.RgrLFw.ltrans1.ltrans.o
 .text.ReferFontInfoLocally
                0x000000000000c790      0x154 /tmp/HiiDatabase.dll.RgrLFw.ltrans1.ltrans.o
 .text.HiiCompareLanguage
                0x000000000000c8e4      0x128 /tmp/HiiDatabase.dll.RgrLFw.ltrans1.ltrans.o
 .text.FindQuestionDefaultSetting
                0x000000000000ca0c      0x46c /tmp/HiiDatabase.dll.RgrLFw.ltrans1.ltrans.o
 .text.GetUnicodeStringTextOrSize
                0x000000000000ce78       0xbc /tmp/HiiDatabase.dll.RgrLFw.ltrans1.ltrans.o
 .text.FindStringBlock
                0x000000000000cf34      0x7bc /tmp/HiiDatabase.dll.RgrLFw.ltrans1.ltrans.o
 .text.GetStringWorker
                0x000000000000d6f0      0x2e4 /tmp/HiiDatabase.dll.RgrLFw.ltrans1.ltrans.o
 .text.HiiConfigToBlock
                0x000000000000d9d4      0x3a8 /tmp/HiiDatabase.dll.RgrLFw.ltrans1.ltrans.o
                0x000000000000d9d4                HiiConfigToBlock
 .text.HiiGetAltCfg
                0x000000000000dd7c      0x3e0 /tmp/HiiDatabase.dll.RgrLFw.ltrans1.ltrans.o
                0x000000000000dd7c                HiiGetAltCfg
 .text.HiiBlockToConfig
                0x000000000000e15c      0x510 /tmp/HiiDatabase.dll.RgrLFw.ltrans1.ltrans.o
                0x000000000000e15c                HiiBlockToConfig
 .text.HiiGetDatabaseInfo
                0x000000000000e66c      0x1cc /tmp/HiiDatabase.dll.RgrLFw.ltrans1.ltrans.o
                0x000000000000e66c                HiiGetDatabaseInfo
 .text.IsHiiHandleValid
[...]
                0x000000000003c355                Font.c.77bc3d79
 .debug_info    0x0000000000040661     0x4ade /tmp/ccUP5rEu.debug.temp.o
                0x0000000000040661                ConfigKeywordHandler.c.b26e8715
 .debug_info    0x000000000004513f     0x2f48 /tmp/ccAgpG6w.debug.temp.o
                0x000000000004513f                DxePcdLib.c.c6ef4b0a
 .debug_info    0x0000000000048087      0x2cf /tmp/cctH60pu.debug.temp.o
                0x0000000000048087                MemLibGuid.c.01726354
 .debug_info    0x0000000000048356      0x22c /tmp/ccITwCpt.debug.temp.o
                0x0000000000048356                ZeroMemWrapper.c.f64356c5
 .debug_info    0x0000000000048582      0x259 /tmp/ccKnEg9w.debug.temp.o
                0x0000000000048582                CompareMemWrapper.c.f12ae324
 .debug_info    0x00000000000487db      0x238 /tmp/ccBHVokx.debug.temp.o
                0x00000000000487db                SetMem32Wrapper.c.c2aa8fa3
 .debug_info    0x0000000000048a13      0x243 /tmp/cceU1cpv.debug.temp.o
                0x0000000000048a13                CopyMemWrapper.c.f2c49a7f
 .debug_info    0x0000000000048c56      0x27c /tmp/ccg3if8u.debug.temp.o
                0x0000000000048c56                LShiftU64.c.982cdeda
 .debug_info    0x0000000000048ed2      0x940 /tmp/ccqcdxWv.debug.temp.o
                0x0000000000048ed2                BitField.c.f4a6bbca
 .debug_info    0x0000000000049812      0x271 /tmp/cc2IcFrx.debug.temp.o
                0x0000000000049812                CpuDeadLoop.c.b22f2262
 .debug_info    0x0000000000049a83      0x4ca /tmp/cckXGUVw.debug.temp.o
                0x0000000000049a83                LinkedList.c.fe9ca1b6
 .debug_info    0x0000000000049f4d      0xe6f /tmp/ccNVS2lv.debug.temp.o
                0x0000000000049f4d                SafeString.c.e0d6f670
 .debug_info    0x000000000004adbc      0xafd /tmp/ccj3HHfw.debug.temp.o
                0x000000000004adbc                String.c.8fee0045
 .debug_info    0x000000000004b8b9      0x3de /tmp/cc4Xudvv.debug.temp.o
                0x000000000004b8b9                Unaligned.c.007f7ff3
 .debug_info    0x000000000004bc97      0x4dd /tmp/ccKU6Xtu.debug.temp.o
                0x000000000004bc97                Math64.c.083e34f2
 .debug_info    0x000000000004c174      0x27c /tmp/ccyw6Lcu.debug.temp.o
                0x000000000004c174                RShiftU64.c.a33b1828
 .debug_info    0x000000000004c3f0      0x7cd /tmp/ccxQsVtu.debug.temp.o
                0x000000000004c3f0                PrintLib.c.8c5ec511
 .debug_info    0x000000000004cbbd      0x824 /tmp/ccGPTogw.debug.temp.o
                0x000000000004cbbd                PrintLibInternal.c.4595abda
 .debug_info    0x000000000004d3e1      0x497 /tmp/ccm0J4Xs.debug.temp.o
                0x000000000004d3e1                DebugLib.c.6a384b5e
 .debug_info    0x000000000004d878     0x1e91 /tmp/ccdqbCSt.debug.temp.o
                0x000000000004d878                MemoryAllocationLib.c.9b2360f8
 .debug_info    0x000000000004f709     0x1963 /tmp/cclD8tou.debug.temp.o
                0x000000000004f709                UefiRuntimeServicesTableLib.c.d5c0fac4
 .debug_info    0x000000000005106c     0x1992 /tmp/cc2ucgmu.debug.temp.o
                0x000000000005106c                UefiBootServicesTableLib.c.b2c21aa1
 .debug_info    0x00000000000529fe     0x1e7f /tmp/cc7REpNt.debug.temp.o
                0x00000000000529fe                DevicePathUtilities.c.3aa82666
 .debug_info    0x000000000005487d     0x1baf /tmp/cc3DLI9s.debug.temp.o
                0x000000000005487d                UefiDevicePathLib.c.b1b87bec
 .debug_info    0x000000000005642c     0x1cb7 /tmp/cc12WRNw.debug.temp.o
                0x000000000005642c                UefiNotTiano.c.ef2dda6b
 .debug_info    0x00000000000580e3     0x2896 /tmp/ccZ6lVjv.debug.temp.o
                0x00000000000580e3                UefiLib.c.a867074c
 .debug_info    0x000000000005a979     0x23af /tmp/ccGEmaxu.debug.temp.o
                0x000000000005a979                HobLib.c.8a381ba7
 .debug_info    0x000000000005cd28      0x286 /tmp/ccdRA3hw.debug.temp.o
                0x000000000005cd28                DivU64x32Remainder.c.fd6219e5
 .debug_info    0x000000000005cfae      0x23f /tmp/cckqfuXu.debug.temp.o
                0x000000000005cfae                BaseDebugPrintErrorLevelLib.c.4c0da260
 .debug_info    0x000000000005d1ed      0x89c /tmp/ccGBIefu.debug.temp.o
                0x000000000005d1ed                FrameBufferSerialPortLib.c.7984acb7
 .debug_info    0x000000000005da89      0x345 /tmp/ccLkVabv.debug.temp.o
                0x000000000005da89                ArmCacheMaintenanceLib.c.52724bd9
 .debug_info    0x000000000005ddce      0x2ca /tmp/cchP3SHv.debug.temp.o
                0x000000000005ddce                ArmLib.c.3f59dbc1

.debug_abbrev   0x0000000000000000     0x4c1b
 .debug_abbrev  0x0000000000000000      0x2d4 /tmp/HiiDatabase.dll.RgrLFw.ltrans0.ltrans.o
 .debug_abbrev  0x00000000000002d4      0x182 /tmp/HiiDatabase.dll.RgrLFw.ltrans1.ltrans.o
 .debug_abbrev  0x0000000000000456      0x1eb /tmp/HiiDatabase.dll.RgrLFw.ltrans2.ltrans.o
 .debug_abbrev  0x0000000000000641       0xfd /tmp/cc403e5v.debug.temp.o
 .debug_abbrev  0x000000000000073e       0xcf /tmp/ccE5g3Uv.debug.temp.o
 .debug_abbrev  0x000000000000080d      0x1e9 /tmp/ccZioowv.debug.temp.o
 .debug_abbrev  0x00000000000009f6       0xd6 /tmp/ccnTQqBw.debug.temp.o
 .debug_abbrev  0x0000000000000acc      0x236 /tmp/ccD3Bo8w.debug.temp.o
 .debug_abbrev  0x0000000000000d02      0x26a /tmp/ccDlar5v.debug.temp.o
 .debug_abbrev  0x0000000000000f6c      0x282 /tmp/cciiSE3w.debug.temp.o
 .debug_abbrev  0x00000000000011ee      0x271 /tmp/ccrJ58xu.debug.temp.o
 .debug_abbrev  0x000000000000145f      0x306 /tmp/ccVBDflt.debug.temp.o
 .debug_abbrev  0x0000000000001765      0x280 /tmp/cc7y9cit.debug.temp.o
 .debug_abbrev  0x00000000000019e5      0x2d1 /tmp/ccM1gYLu.debug.temp.o
 .debug_abbrev  0x0000000000001cb6      0x2a2 /tmp/ccB2Qnmv.debug.temp.o
 .debug_abbrev  0x0000000000001f58      0x2a7 /tmp/ccUP5rEu.debug.temp.o
 .debug_abbrev  0x00000000000021ff      0x25c /tmp/ccAgpG6w.debug.temp.o
 .debug_abbrev  0x000000000000245b       0xdd /tmp/cctH60pu.debug.temp.o
 .debug_abbrev  0x0000000000002538       0xc0 /tmp/ccITwCpt.debug.temp.o
 .debug_abbrev  0x00000000000025f8       0xc0 /tmp/ccKnEg9w.debug.temp.o
 .debug_abbrev  0x00000000000026b8       0xc0 /tmp/ccBHVokx.debug.temp.o
 .debug_abbrev  0x0000000000002778       0xc7 /tmp/cceU1cpv.debug.temp.o
 .debug_abbrev  0x000000000000283f       0xc0 /tmp/ccg3if8u.debug.temp.o
 .debug_abbrev  0x00000000000028ff      0x108 /tmp/ccqcdxWv.debug.temp.o
 .debug_abbrev  0x0000000000002a07       0xc5 /tmp/cc2IcFrx.debug.temp.o
 .debug_abbrev  0x0000000000002acc      0x137 /tmp/cckXGUVw.debug.temp.o
 .debug_abbrev  0x0000000000002c03      0x12d /tmp/ccNVS2lv.debug.temp.o
 .debug_abbrev  0x0000000000002d30      0x135 /tmp/ccj3HHfw.debug.temp.o
 .debug_abbrev  0x0000000000002e65       0xd8 /tmp/cc4Xudvv.debug.temp.o
 .debug_abbrev  0x0000000000002f3d      0x108 /tmp/ccKU6Xtu.debug.temp.o
 .debug_abbrev  0x0000000000003045       0xc0 /tmp/ccyw6Lcu.debug.temp.o
 .debug_abbrev  0x0000000000003105      0x150 /tmp/ccxQsVtu.debug.temp.o
 .debug_abbrev  0x0000000000003255      0x181 /tmp/ccGPTogw.debug.temp.o
 .debug_abbrev  0x00000000000033d6      0x165 /tmp/ccm0J4Xs.debug.temp.o
 .debug_abbrev  0x000000000000353b      0x242 /tmp/ccdqbCSt.debug.temp.o
 .debug_abbrev  0x000000000000377d      0x1c3 /tmp/cclD8tou.debug.temp.o
 .debug_abbrev  0x0000000000003940      0x1dd /tmp/cc2ucgmu.debug.temp.o
 .debug_abbrev  0x0000000000003b1d      0x240 /tmp/cc7REpNt.debug.temp.o
 .debug_abbrev  0x0000000000003d5d      0x1fe /tmp/cc3DLI9s.debug.temp.o
 .debug_abbrev  0x0000000000003f5b      0x233 /tmp/cc12WRNw.debug.temp.o
 .debug_abbrev  0x000000000000418e      0x267 /tmp/ccZ6lVjv.debug.temp.o
 .debug_abbrev  0x00000000000043f5      0x25a /tmp/ccGEmaxu.debug.temp.o
 .debug_abbrev  0x000000000000464f       0xc2 /tmp/ccdRA3hw.debug.temp.o
 .debug_abbrev  0x0000000000004711       0xd5 /tmp/cckqfuXu.debug.temp.o
 .debug_abbrev  0x00000000000047e6      0x224 /tmp/ccGBIefu.debug.temp.o
 .debug_abbrev  0x0000000000004a0a      0x101 /tmp/ccLkVabv.debug.temp.o
 .debug_abbrev  0x0000000000004b0b      0x110 /tmp/cchP3SHv.debug.temp.o

.debug_loc      0x0000000000000000    0x3cfd3
 .debug_loc     0x0000000000000000    0x1b6c5 /tmp/HiiDatabase.dll.RgrLFw.ltrans0.ltrans.o
 .debug_loc     0x000000000001b6c5    0x15999 /tmp/HiiDatabase.dll.RgrLFw.ltrans1.ltrans.o
 .debug_loc     0x000000000003105e     0xbf75 /tmp/HiiDatabase.dll.RgrLFw.ltrans2.ltrans.o

.debug_aranges  0x0000000000000000      0xd40
 .debug_aranges
                0x0000000000000000      0x800 /tmp/HiiDatabase.dll.RgrLFw.ltrans0.ltrans.o
 .debug_aranges
                0x0000000000000800      0x260 /tmp/HiiDatabase.dll.RgrLFw.ltrans1.ltrans.o
 .debug_aranges
                0x0000000000000a60      0x2e0 /tmp/HiiDatabase.dll.RgrLFw.ltrans2.ltrans.o

.debug_ranges   0x0000000000000000     0x4c00
 .debug_ranges  0x0000000000000000     0x22e0 /tmp/HiiDatabase.dll.RgrLFw.ltrans0.ltrans.o
 .debug_ranges  0x00000000000022e0     0x1b60 /tmp/HiiDatabase.dll.RgrLFw.ltrans1.ltrans.o
 .debug_ranges  0x0000000000003e40      0xdc0 /tmp/HiiDatabase.dll.RgrLFw.ltrans2.ltrans.o

.debug_line     0x0000000000000000    0x1b136
 .debug_line    0x0000000000000000     0x8f3e /tmp/HiiDatabase.dll.RgrLFw.ltrans0.ltrans.o
 .debug_line    0x0000000000008f3e     0x6911 /tmp/HiiDatabase.dll.RgrLFw.ltrans1.ltrans.o
 .debug_line    0x000000000000f84f     0x3cdb /tmp/HiiDatabase.dll.RgrLFw.ltrans2.ltrans.o
 .debug_line    0x000000000001352a      0x1a8 /tmp/cc403e5v.debug.temp.o
 .debug_line    0x00000000000136d2      0x1a8 /tmp/ccE5g3Uv.debug.temp.o
 .debug_line    0x000000000001387a      0x392 /tmp/ccZioowv.debug.temp.o
 .debug_line    0x0000000000013c0c      0x1a7 /tmp/ccnTQqBw.debug.temp.o
 .debug_line    0x0000000000013db3      0x33f /tmp/ccD3Bo8w.debug.temp.o
 .debug_line    0x00000000000140f2      0x52f /tmp/ccDlar5v.debug.temp.o
 .debug_line    0x0000000000014621      0x539 /tmp/cciiSE3w.debug.temp.o
 .debug_line    0x0000000000014b5a      0x53b /tmp/ccrJ58xu.debug.temp.o
 .debug_line    0x0000000000015095      0x541 /tmp/ccVBDflt.debug.temp.o
 .debug_line    0x00000000000155d6      0x525 /tmp/cc7y9cit.debug.temp.o
 .debug_line    0x0000000000015afb      0x527 /tmp/ccM1gYLu.debug.temp.o
 .debug_line    0x0000000000016022      0x523 /tmp/ccB2Qnmv.debug.temp.o
 .debug_line    0x0000000000016545      0x533 /tmp/ccUP5rEu.debug.temp.o
 .debug_line    0x0000000000016a78      0x3d4 /tmp/ccAgpG6w.debug.temp.o
 .debug_line    0x0000000000016e4c      0x1aa /tmp/cctH60pu.debug.temp.o
 .debug_line    0x0000000000016ff6      0x1aa /tmp/ccITwCpt.debug.temp.o
 .debug_line    0x00000000000171a0      0x1ad /tmp/ccKnEg9w.debug.temp.o
 .debug_line    0x000000000001734d      0x1ab /tmp/ccBHVokx.debug.temp.o
 .debug_line    0x00000000000174f8      0x1aa /tmp/cceU1cpv.debug.temp.o
 .debug_line    0x00000000000176a2      0x181 /tmp/ccg3if8u.debug.temp.o
 .debug_line    0x0000000000017823      0x180 /tmp/ccqcdxWv.debug.temp.o
 .debug_line    0x00000000000179a3      0x183 /tmp/cc2IcFrx.debug.temp.o
 .debug_line    0x0000000000017b26      0x182 /tmp/cckXGUVw.debug.temp.o
 .debug_line    0x0000000000017ca8      0x182 /tmp/ccNVS2lv.debug.temp.o
 .debug_line    0x0000000000017e2a      0x17e /tmp/ccj3HHfw.debug.temp.o
 .debug_line    0x0000000000017fa8      0x185 /tmp/cc4Xudvv.debug.temp.o
 .debug_line    0x000000000001812d      0x17e /tmp/ccKU6Xtu.debug.temp.o
 .debug_line    0x00000000000182ab      0x181 /tmp/ccyw6Lcu.debug.temp.o
 .debug_line    0x000000000001842c      0x19d /tmp/ccxQsVtu.debug.temp.o
 .debug_line    0x00000000000185c9      0x1bb /tmp/ccGPTogw.debug.temp.o
 .debug_line    0x0000000000018784      0x24d /tmp/ccm0J4Xs.debug.temp.o
 .debug_line    0x00000000000189d1      0x373 /tmp/ccdqbCSt.debug.temp.o
 .debug_line    0x0000000000018d44      0x32f /tmp/cclD8tou.debug.temp.o
 .debug_line    0x0000000000019073      0x37b /tmp/cc2ucgmu.debug.temp.o
 .debug_line    0x00000000000193ee      0x3b7 /tmp/cc7REpNt.debug.temp.o
 .debug_line    0x00000000000197a5      0x3b5 /tmp/cc3DLI9s.debug.temp.o
 .debug_line    0x0000000000019b5a      0x38c /tmp/cc12WRNw.debug.temp.o
 .debug_line    0x0000000000019ee6      0x3b8 /tmp/ccZ6lVjv.debug.temp.o
 .debug_line    0x000000000001a29e      0x40c /tmp/ccGEmaxu.debug.temp.o
 .debug_line    0x000000000001a6aa      0x18a /tmp/ccdRA3hw.debug.temp.o
 .debug_line    0x000000000001a834      0x1cf /tmp/cckqfuXu.debug.temp.o
 .debug_line    0x000000000001aa03      0x3b3 /tmp/ccGBIefu.debug.temp.o
 .debug_line    0x000000000001adb6      0x201 /tmp/ccLkVabv.debug.temp.o
 .debug_line    0x000000000001afb7      0x17f /tmp/cchP3SHv.debug.temp.o

.debug_str      0x0000000000000000     0xab29
 .debug_str     0x0000000000000000      0x43f /tmp/HiiDatabase.dll.RgrLFw.ltrans0.ltrans.o
                                        0x458 (size before relaxing)
 .debug_str     0x000000000000043f       0x85 /tmp/HiiDatabase.dll.RgrLFw.ltrans1.ltrans.o
                                        0x34a (size before relaxing)
 .debug_str     0x00000000000004c4       0x31 /tmp/HiiDatabase.dll.RgrLFw.ltrans2.ltrans.o
                                        0x346 (size before relaxing)
 .debug_str     0x00000000000004f5      0x445 /tmp/cc403e5v.debug.temp.o
                                        0x4b4 (size before relaxing)
 .debug_str     0x000000000000093a       0x5a /tmp/ccE5g3Uv.debug.temp.o
                                        0x4a8 (size before relaxing)
 .debug_str     0x0000000000000994     0x149f /tmp/ccZioowv.debug.temp.o
                                       0x17f6 (size before relaxing)
 .debug_str     0x0000000000001e33      0x13d /tmp/ccnTQqBw.debug.temp.o
                                        0x515 (size before relaxing)
 .debug_str     0x0000000000001f70      0x9cf /tmp/ccD3Bo8w.debug.temp.o
                                       0x20b7 (size before relaxing)
 .debug_str     0x000000000000293f      0xcc6 /tmp/ccDlar5v.debug.temp.o
                                       0x2c07 (size before relaxing)
 .debug_str     0x0000000000003605      0x7eb /tmp/cciiSE3w.debug.temp.o
                                       0x3635 (size before relaxing)
 .debug_str     0x0000000000003df0       0xff /tmp/ccrJ58xu.debug.temp.o
                                       0x3203 (size before relaxing)
 .debug_str     0x0000000000003eef      0xff6 /tmp/ccVBDflt.debug.temp.o
                                       0x40e6 (size before relaxing)
 .debug_str     0x0000000000004ee5      0x4ca /tmp/cc7y9cit.debug.temp.o
                                       0x3455 (size before relaxing)
 .debug_str     0x00000000000053af      0xa2b /tmp/ccM1gYLu.debug.temp.o
                                       0x4030 (size before relaxing)
 .debug_str     0x0000000000005dda      0x455 /tmp/ccB2Qnmv.debug.temp.o
                                       0x35a9 (size before relaxing)
 .debug_str     0x000000000000622f      0x50b /tmp/ccUP5rEu.debug.temp.o
                                       0x3974 (size before relaxing)
 .debug_str     0x000000000000673a      0xa42 /tmp/ccAgpG6w.debug.temp.o
                                       0x2330 (size before relaxing)
 .debug_str     0x000000000000717c      0x139 /tmp/cctH60pu.debug.temp.o
                                        0x513 (size before relaxing)
 .debug_str     0x00000000000072b5       0x57 /tmp/ccITwCpt.debug.temp.o
                                        0x4be (size before relaxing)
 .debug_str     0x000000000000730c       0x79 /tmp/ccKnEg9w.debug.temp.o
                                        0x4e7 (size before relaxing)
 .debug_str     0x0000000000007385       0x58 /tmp/ccBHVokx.debug.temp.o
                                        0x4c6 (size before relaxing)
 .debug_str     0x00000000000073dd       0x57 /tmp/cceU1cpv.debug.temp.o
                                        0x4d6 (size before relaxing)
 .debug_str     0x0000000000007434       0xc4 /tmp/ccg3if8u.debug.temp.o
                                        0x59e (size before relaxing)
 .debug_str     0x00000000000074f8      0x21a /tmp/ccqcdxWv.debug.temp.o
                                        0x787 (size before relaxing)
 .debug_str     0x0000000000007712       0x54 /tmp/cc2IcFrx.debug.temp.o
                                        0x59a (size before relaxing)
 .debug_str     0x0000000000007766      0x11f /tmp/cckXGUVw.debug.temp.o
                                        0x6aa (size before relaxing)
 .debug_str     0x0000000000007885      0x2e8 /tmp/ccNVS2lv.debug.temp.o
                                        0x959 (size before relaxing)
 .debug_str     0x0000000000007b6d      0x320 /tmp/ccj3HHfw.debug.temp.o
                                        0x97b (size before relaxing)
 .debug_str     0x0000000000007e8d       0xfa /tmp/cc4Xudvv.debug.temp.o
                                        0x641 (size before relaxing)
 .debug_str     0x0000000000007f87      0x19e /tmp/ccKU6Xtu.debug.temp.o
                                        0x718 (size before relaxing)
 .debug_str     0x0000000000008125       0x46 /tmp/ccyw6Lcu.debug.temp.o
                                        0x59e (size before relaxing)
 .debug_str     0x000000000000816b      0x2b6 /tmp/ccxQsVtu.debug.temp.o
                                        0x730 (size before relaxing)
 .debug_str     0x0000000000008421      0x229 /tmp/ccGPTogw.debug.temp.o
                                        0x864 (size before relaxing)
 .debug_str     0x000000000000864a      0x204 /tmp/ccm0J4Xs.debug.temp.o
                                        0x709 (size before relaxing)
 .debug_str     0x000000000000884e      0x329 /tmp/ccdqbCSt.debug.temp.o
                                       0x193f (size before relaxing)
 .debug_str     0x0000000000008b77      0x139 /tmp/cclD8tou.debug.temp.o
                                       0x16d5 (size before relaxing)
 .debug_str     0x0000000000008cb0      0x12a /tmp/cc2ucgmu.debug.temp.o
                                       0x16d3 (size before relaxing)
 .debug_str     0x0000000000008dda      0x421 /tmp/cc7REpNt.debug.temp.o
                                       0x1b08 (size before relaxing)
 .debug_str     0x00000000000091fb       0xf1 /tmp/cc3DLI9s.debug.temp.o
                                       0x193e (size before relaxing)
 .debug_str     0x00000000000092ec      0x2c0 /tmp/cc12WRNw.debug.temp.o
                                       0x1bd5 (size before relaxing)
 .debug_str     0x00000000000095ac      0x5b2 /tmp/ccZ6lVjv.debug.temp.o
                                       0x2209 (size before relaxing)
 .debug_str     0x0000000000009b5e      0x60f /tmp/ccGEmaxu.debug.temp.o
                                       0x1d79 (size before relaxing)
 .debug_str     0x000000000000a16d       0x62 /tmp/ccdRA3hw.debug.temp.o
                                        0x5b7 (size before relaxing)
 .debug_str     0x000000000000a1cf      0x142 /tmp/cckqfuXu.debug.temp.o
                                        0x546 (size before relaxing)
 .debug_str     0x000000000000a311      0x4ba /tmp/ccGBIefu.debug.temp.o
                                        0xbf8 (size before relaxing)
 .debug_str     0x000000000000a7cb      0x208 /tmp/ccLkVabv.debug.temp.o
                                        0x610 (size before relaxing)
 .debug_str     0x000000000000a9d3      0x156 /tmp/cchP3SHv.debug.temp.o
                                        0x52c (size before relaxing)

.debug_frame    0x0000000000000000     0x2fa8
 .debug_frame   0x0000000000000000     0x1b28 /tmp/HiiDatabase.dll.RgrLFw.ltrans0.ltrans.o
 .debug_frame   0x0000000000001b28      0x9d0 /tmp/HiiDatabase.dll.RgrLFw.ltrans1.ltrans.o
 .debug_frame   0x00000000000024f8      0xab0 /tmp/HiiDatabase.dll.RgrLFw.ltrans2.ltrans.o
