Archive member included to satisfy reference by file (symbol)

/home/j0sh1x/Lg_G7_ThinQ_Edk2/edk2_LG_G7_THINQ/workspace/Build/LgG7ThinQPkg/DEBUG_GCC5/AARCH64/ArmPkg/Library/CompilerIntrinsicsLib/CompilerIntrinsicsLib/OUTPUT/CompilerIntrinsicsLib.lib(memcpy.obj)
                              /home/j0sh1x/Lg_G7_ThinQ_Edk2/edk2/ArmPkg/Library/GccLto/liblto-aarch64.a (memcpy)
/home/j0sh1x/Lg_G7_ThinQ_Edk2/edk2_LG_G7_THINQ/workspace/Build/LgG7ThinQPkg/DEBUG_GCC5/AARCH64/ArmPkg/Library/CompilerIntrinsicsLib/CompilerIntrinsicsLib/OUTPUT/CompilerIntrinsicsLib.lib(memset.obj)
                              /home/j0sh1x/Lg_G7_ThinQ_Edk2/edk2/ArmPkg/Library/GccLto/liblto-aarch64.a (memset)
/home/j0sh1x/Lg_G7_ThinQ_Edk2/edk2_LG_G7_THINQ/workspace/Build/LgG7ThinQPkg/DEBUG_GCC5/AARCH64/MdePkg/Library/UefiDriverEntryPoint/UefiDriverEntryPoint/OUTPUT/UefiDriverEntryPoint.lib(DriverEntryPoint.obj)
                              (_ModuleEntryPoint)
/home/j0sh1x/Lg_G7_ThinQ_Edk2/edk2_LG_G7_THINQ/workspace/Build/LgG7ThinQPkg/DEBUG_GCC5/AARCH64/MdePkg/Library/BaseStackCheckLib/BaseStackCheckLib/OUTPUT/BaseStackCheckLib.lib(BaseStackCheckGcc.obj)
                              /home/j0sh1x/Lg_G7_ThinQ_Edk2/edk2/ArmPkg/Library/GccLto/liblto-aarch64.a (__stack_chk_fail)
/home/j0sh1x/Lg_G7_ThinQ_Edk2/edk2_LG_G7_THINQ/workspace/Build/LgG7ThinQPkg/DEBUG_GCC5/AARCH64/MdeModulePkg/Universal/SetupBrowserDxe/SetupBrowserDxe/OUTPUT/SetupBrowser.lib(AutoGen.obj)
                              DriverEntryPoint.obj (symbol from plugin) (ProcessLibraryConstructorList)
/home/j0sh1x/Lg_G7_ThinQ_Edk2/edk2_LG_G7_THINQ/workspace/Build/LgG7ThinQPkg/DEBUG_GCC5/AARCH64/MdeModulePkg/Universal/SetupBrowserDxe/SetupBrowserDxe/OUTPUT/SetupBrowser.lib(Setup.obj)
                              AutoGen.obj (symbol from plugin) (InitializeSetup)
/home/j0sh1x/Lg_G7_ThinQ_Edk2/edk2_LG_G7_THINQ/workspace/Build/LgG7ThinQPkg/DEBUG_GCC5/AARCH64/MdeModulePkg/Universal/SetupBrowserDxe/SetupBrowserDxe/OUTPUT/SetupBrowser.lib(IfrParse.obj)
                              Setup.obj (symbol from plugin) (GetFstStgFromVarId)
/home/j0sh1x/Lg_G7_ThinQ_Edk2/edk2_LG_G7_THINQ/workspace/Build/LgG7ThinQPkg/DEBUG_GCC5/AARCH64/MdeModulePkg/Universal/SetupBrowserDxe/SetupBrowserDxe/OUTPUT/SetupBrowser.lib(Expression.obj)
                              IfrParse.obj (symbol from plugin) (ResetCurrentExpressionStack)
/home/j0sh1x/Lg_G7_ThinQ_Edk2/edk2_LG_G7_THINQ/workspace/Build/LgG7ThinQPkg/DEBUG_GCC5/AARCH64/MdeModulePkg/Universal/SetupBrowserDxe/SetupBrowserDxe/OUTPUT/SetupBrowser.lib(Presentation.obj)
                              Setup.obj (symbol from plugin) (gCurrentSelection)
/home/j0sh1x/Lg_G7_ThinQ_Edk2/edk2_LG_G7_THINQ/workspace/Build/LgG7ThinQPkg/DEBUG_GCC5/AARCH64/MdePkg/Library/BaseMemoryLibOptDxe/BaseMemoryLibOptDxe/OUTPUT/BaseMemoryLibOptDxe.lib(MemLibGuid.obj)
                              Setup.obj (symbol from plugin) (CopyGuid)
/home/j0sh1x/Lg_G7_ThinQ_Edk2/edk2_LG_G7_THINQ/workspace/Build/LgG7ThinQPkg/DEBUG_GCC5/AARCH64/MdePkg/Library/BaseMemoryLibOptDxe/BaseMemoryLibOptDxe/OUTPUT/BaseMemoryLibOptDxe.lib(ZeroMemWrapper.obj)
                              Setup.obj (symbol from plugin) (ZeroMem)
/home/j0sh1x/Lg_G7_ThinQ_Edk2/edk2_LG_G7_THINQ/workspace/Build/LgG7ThinQPkg/DEBUG_GCC5/AARCH64/MdePkg/Library/BaseMemoryLibOptDxe/BaseMemoryLibOptDxe/OUTPUT/BaseMemoryLibOptDxe.lib(CompareMemWrapper.obj)
                              Setup.obj (symbol from plugin) (CompareMem)
/home/j0sh1x/Lg_G7_ThinQ_Edk2/edk2_LG_G7_THINQ/workspace/Build/LgG7ThinQPkg/DEBUG_GCC5/AARCH64/MdePkg/Library/BaseMemoryLibOptDxe/BaseMemoryLibOptDxe/OUTPUT/BaseMemoryLibOptDxe.lib(CopyMemWrapper.obj)
                              Setup.obj (symbol from plugin) (CopyMem)
/home/j0sh1x/Lg_G7_ThinQ_Edk2/edk2_LG_G7_THINQ/workspace/Build/LgG7ThinQPkg/DEBUG_GCC5/AARCH64/MdePkg/Library/BaseMemoryLibOptDxe/BaseMemoryLibOptDxe/OUTPUT/BaseMemoryLibOptDxe.lib(SetMem.obj)
                              ZeroMemWrapper.obj (symbol from plugin) (InternalMemZeroMem)
/home/j0sh1x/Lg_G7_ThinQ_Edk2/edk2_LG_G7_THINQ/workspace/Build/LgG7ThinQPkg/DEBUG_GCC5/AARCH64/MdePkg/Library/BaseMemoryLibOptDxe/BaseMemoryLibOptDxe/OUTPUT/BaseMemoryLibOptDxe.lib(CopyMem.obj)
                              MemLibGuid.obj (symbol from plugin) (InternalMemCopyMem)
/home/j0sh1x/Lg_G7_ThinQ_Edk2/edk2_LG_G7_THINQ/workspace/Build/LgG7ThinQPkg/DEBUG_GCC5/AARCH64/MdePkg/Library/BaseMemoryLibOptDxe/BaseMemoryLibOptDxe/OUTPUT/BaseMemoryLibOptDxe.lib(CompareMem.obj)
                              CompareMemWrapper.obj (symbol from plugin) (InternalMemCompareMem)
/home/j0sh1x/Lg_G7_ThinQ_Edk2/edk2_LG_G7_THINQ/workspace/Build/LgG7ThinQPkg/DEBUG_GCC5/AARCH64/MdePkg/Library/BaseMemoryLibOptDxe/BaseMemoryLibOptDxe/OUTPUT/BaseMemoryLibOptDxe.lib(CompareGuid.obj)
                              MemLibGuid.obj (symbol from plugin) (InternalMemCompareGuid)
/home/j0sh1x/Lg_G7_ThinQ_Edk2/edk2_LG_G7_THINQ/workspace/Build/LgG7ThinQPkg/DEBUG_GCC5/AARCH64/MdePkg/Library/BaseLib/BaseLib/OUTPUT/BaseLib.lib(RShiftU64.obj)
                              Expression.obj (symbol from plugin) (RShiftU64)
/home/j0sh1x/Lg_G7_ThinQ_Edk2/edk2_LG_G7_THINQ/workspace/Build/LgG7ThinQPkg/DEBUG_GCC5/AARCH64/MdePkg/Library/BaseLib/BaseLib/OUTPUT/BaseLib.lib(MultU64x32.obj)
                              Expression.obj (symbol from plugin) (MultU64x32)
/home/j0sh1x/Lg_G7_ThinQ_Edk2/edk2_LG_G7_THINQ/workspace/Build/LgG7ThinQPkg/DEBUG_GCC5/AARCH64/MdePkg/Library/BaseLib/BaseLib/OUTPUT/BaseLib.lib(LShiftU64.obj)
                              Expression.obj (symbol from plugin) (LShiftU64)
/home/j0sh1x/Lg_G7_ThinQ_Edk2/edk2_LG_G7_THINQ/workspace/Build/LgG7ThinQPkg/DEBUG_GCC5/AARCH64/MdePkg/Library/BaseLib/BaseLib/OUTPUT/BaseLib.lib(DivU64x32Remainder.obj)
                              Expression.obj (symbol from plugin) (DivU64x32Remainder)
/home/j0sh1x/Lg_G7_ThinQ_Edk2/edk2_LG_G7_THINQ/workspace/Build/LgG7ThinQPkg/DEBUG_GCC5/AARCH64/MdePkg/Library/BaseLib/BaseLib/OUTPUT/BaseLib.lib(DivU64x32.obj)
                              Expression.obj (symbol from plugin) (DivU64x32)
/home/j0sh1x/Lg_G7_ThinQ_Edk2/edk2_LG_G7_THINQ/workspace/Build/LgG7ThinQPkg/DEBUG_GCC5/AARCH64/MdePkg/Library/BaseLib/BaseLib/OUTPUT/BaseLib.lib(BitField.obj)
                              Setup.obj (symbol from plugin) (BitFieldRead32)
/home/j0sh1x/Lg_G7_ThinQ_Edk2/edk2_LG_G7_THINQ/workspace/Build/LgG7ThinQPkg/DEBUG_GCC5/AARCH64/MdePkg/Library/BaseLib/BaseLib/OUTPUT/BaseLib.lib(CpuDeadLoop.obj)
                              BaseStackCheckGcc.obj (symbol from plugin) (CpuDeadLoop)
/home/j0sh1x/Lg_G7_ThinQ_Edk2/edk2_LG_G7_THINQ/workspace/Build/LgG7ThinQPkg/DEBUG_GCC5/AARCH64/MdePkg/Library/BaseLib/BaseLib/OUTPUT/BaseLib.lib(LinkedList.obj)
                              Setup.obj (symbol from plugin) (InitializeListHead)
/home/j0sh1x/Lg_G7_ThinQ_Edk2/edk2_LG_G7_THINQ/workspace/Build/LgG7ThinQPkg/DEBUG_GCC5/AARCH64/MdePkg/Library/BaseLib/BaseLib/OUTPUT/BaseLib.lib(SafeString.obj)
                              Setup.obj (symbol from plugin) (StrnLenS)
/home/j0sh1x/Lg_G7_ThinQ_Edk2/edk2_LG_G7_THINQ/workspace/Build/LgG7ThinQPkg/DEBUG_GCC5/AARCH64/MdePkg/Library/BaseLib/BaseLib/OUTPUT/BaseLib.lib(String.obj)
                              Setup.obj (symbol from plugin) (StrLen)
/home/j0sh1x/Lg_G7_ThinQ_Edk2/edk2_LG_G7_THINQ/workspace/Build/LgG7ThinQPkg/DEBUG_GCC5/AARCH64/MdePkg/Library/BaseLib/BaseLib/OUTPUT/BaseLib.lib(Math64.obj)
                              LShiftU64.obj (symbol from plugin) (InternalMathLShiftU64)
/home/j0sh1x/Lg_G7_ThinQ_Edk2/edk2_LG_G7_THINQ/workspace/Build/LgG7ThinQPkg/DEBUG_GCC5/AARCH64/MdePkg/Library/BaseLib/BaseLib/OUTPUT/BaseLib.lib(CpuBreakpoint.obj)
                              BaseStackCheckGcc.obj (symbol from plugin) (CpuBreakpoint)
/home/j0sh1x/Lg_G7_ThinQ_Edk2/edk2_LG_G7_THINQ/workspace/Build/LgG7ThinQPkg/DEBUG_GCC5/AARCH64/MdePkg/Library/BaseLib/BaseLib/OUTPUT/BaseLib.lib(SwapBytes32.obj)
                              SafeString.obj (symbol from plugin) (SwapBytes32)
/home/j0sh1x/Lg_G7_ThinQ_Edk2/edk2_LG_G7_THINQ/workspace/Build/LgG7ThinQPkg/DEBUG_GCC5/AARCH64/MdePkg/Library/BaseLib/BaseLib/OUTPUT/BaseLib.lib(SwapBytes16.obj)
                              SafeString.obj (symbol from plugin) (SwapBytes16)
/home/j0sh1x/Lg_G7_ThinQ_Edk2/edk2_LG_G7_THINQ/workspace/Build/LgG7ThinQPkg/DEBUG_GCC5/AARCH64/MdePkg/Library/BasePrintLib/BasePrintLib/OUTPUT/BasePrintLib.lib(PrintLib.obj)
                              Setup.obj (symbol from plugin) (UnicodeSPrint)
/home/j0sh1x/Lg_G7_ThinQ_Edk2/edk2_LG_G7_THINQ/workspace/Build/LgG7ThinQPkg/DEBUG_GCC5/AARCH64/MdePkg/Library/BasePrintLib/BasePrintLib/OUTPUT/BasePrintLib.lib(PrintLibInternal.obj)
                              PrintLib.obj (symbol from plugin) (BasePrintLibConvertValueToString)
/home/j0sh1x/Lg_G7_ThinQ_Edk2/edk2_LG_G7_THINQ/workspace/Build/LgG7ThinQPkg/DEBUG_GCC5/AARCH64/MdePkg/Library/BaseDebugLibSerialPort/BaseDebugLibSerialPort/OUTPUT/BaseDebugLibSerialPort.lib(DebugLib.obj)
                              AutoGen.obj (symbol from plugin) (BaseDebugLibSerialPortConstructor)
/home/j0sh1x/Lg_G7_ThinQ_Edk2/edk2_LG_G7_THINQ/workspace/Build/LgG7ThinQPkg/DEBUG_GCC5/AARCH64/MdePkg/Library/UefiBootServicesTableLib/UefiBootServicesTableLib/OUTPUT/UefiBootServicesTableLib.lib(UefiBootServicesTableLib.obj)
                              AutoGen.obj (symbol from plugin) (UefiBootServicesTableLibConstructor)
/home/j0sh1x/Lg_G7_ThinQ_Edk2/edk2_LG_G7_THINQ/workspace/Build/LgG7ThinQPkg/DEBUG_GCC5/AARCH64/MdePkg/Library/UefiMemoryAllocationLib/UefiMemoryAllocationLib/OUTPUT/UefiMemoryAllocationLib.lib(MemoryAllocationLib.obj)
                              Setup.obj (symbol from plugin) (AllocatePool)
/home/j0sh1x/Lg_G7_ThinQ_Edk2/edk2_LG_G7_THINQ/workspace/Build/LgG7ThinQPkg/DEBUG_GCC5/AARCH64/MdePkg/Library/UefiDevicePathLib/UefiDevicePathLib/OUTPUT/UefiDevicePathLib.lib(DevicePathUtilities.obj)
                              Presentation.obj (symbol from plugin) (IsDevicePathEnd)
/home/j0sh1x/Lg_G7_ThinQ_Edk2/edk2_LG_G7_THINQ/workspace/Build/LgG7ThinQPkg/DEBUG_GCC5/AARCH64/MdePkg/Library/UefiDevicePathLib/UefiDevicePathLib/OUTPUT/UefiDevicePathLib.lib(UefiDevicePathLib.obj)
                              DevicePathUtilities.obj (symbol from plugin) (GetDevicePathSize)
/home/j0sh1x/Lg_G7_ThinQ_Edk2/edk2_LG_G7_THINQ/workspace/Build/LgG7ThinQPkg/DEBUG_GCC5/AARCH64/MdePkg/Library/UefiDevicePathLib/UefiDevicePathLib/OUTPUT/UefiDevicePathLib.lib(DevicePathToText.obj)
                              UefiDevicePathLib.obj (symbol from plugin) (UefiDevicePathLibConvertDeviceNodeToText)
/home/j0sh1x/Lg_G7_ThinQ_Edk2/edk2_LG_G7_THINQ/workspace/Build/LgG7ThinQPkg/DEBUG_GCC5/AARCH64/MdePkg/Library/UefiDevicePathLib/UefiDevicePathLib/OUTPUT/UefiDevicePathLib.lib(DevicePathFromText.obj)
                              UefiDevicePathLib.obj (symbol from plugin) (UefiDevicePathLibConvertTextToDeviceNode)
/home/j0sh1x/Lg_G7_ThinQ_Edk2/edk2_LG_G7_THINQ/workspace/Build/LgG7ThinQPkg/DEBUG_GCC5/AARCH64/MdePkg/Library/UefiRuntimeServicesTableLib/UefiRuntimeServicesTableLib/OUTPUT/UefiRuntimeServicesTableLib.lib(UefiRuntimeServicesTableLib.obj)
                              AutoGen.obj (symbol from plugin) (UefiRuntimeServicesTableLibConstructor)
/home/j0sh1x/Lg_G7_ThinQ_Edk2/edk2_LG_G7_THINQ/workspace/Build/LgG7ThinQPkg/DEBUG_GCC5/AARCH64/MdePkg/Library/UefiLib/UefiLib/OUTPUT/UefiLib.lib(UefiLib.obj)
                              Presentation.obj (symbol from plugin) (EfiEventEmptyFunction)
/home/j0sh1x/Lg_G7_ThinQ_Edk2/edk2_LG_G7_THINQ/workspace/Build/LgG7ThinQPkg/DEBUG_GCC5/AARCH64/MdePkg/Library/DxeHobLib/DxeHobLib/OUTPUT/DxeHobLib.lib(HobLib.obj)
                              AutoGen.obj (symbol from plugin) (HobLibConstructor)
/home/j0sh1x/Lg_G7_ThinQ_Edk2/edk2_LG_G7_THINQ/workspace/Build/LgG7ThinQPkg/DEBUG_GCC5/AARCH64/MdeModulePkg/Library/UefiHiiServicesLib/UefiHiiServicesLib/OUTPUT/UefiHiiServicesLib.lib(UefiHiiServicesLib.obj)
                              AutoGen.obj (symbol from plugin) (UefiHiiServicesLibConstructor)
/home/j0sh1x/Lg_G7_ThinQ_Edk2/edk2_LG_G7_THINQ/workspace/Build/LgG7ThinQPkg/DEBUG_GCC5/AARCH64/MdeModulePkg/Library/UefiHiiLib/UefiHiiLib/OUTPUT/UefiHiiLib.lib(HiiLib.obj)
                              Setup.obj (symbol from plugin) (HiiGetHiiHandles)
/home/j0sh1x/Lg_G7_ThinQ_Edk2/edk2_LG_G7_THINQ/workspace/Build/LgG7ThinQPkg/DEBUG_GCC5/AARCH64/MdeModulePkg/Library/UefiHiiLib/UefiHiiLib/OUTPUT/UefiHiiLib.lib(HiiString.obj)
                              Setup.obj (symbol from plugin) (HiiSetString)
/home/j0sh1x/Lg_G7_ThinQ_Edk2/edk2_LG_G7_THINQ/workspace/Build/LgG7ThinQPkg/DEBUG_GCC5/AARCH64/MdeModulePkg/Library/UefiHiiLib/UefiHiiLib/OUTPUT/UefiHiiLib.lib(HiiLanguage.obj)
                              HiiString.obj (symbol from plugin) (HiiGetSupportedLanguages)
/home/j0sh1x/Lg_G7_ThinQ_Edk2/edk2_LG_G7_THINQ/workspace/Build/LgG7ThinQPkg/DEBUG_GCC5/AARCH64/MdePkg/Library/BaseMemoryLibOptDxe/BaseMemoryLibOptDxe/OUTPUT/BaseMemoryLibOptDxe.lib(SetMemWrapper.obj)
                              DebugLib.obj (symbol from plugin) (SetMem)
/home/j0sh1x/Lg_G7_ThinQ_Edk2/edk2_LG_G7_THINQ/workspace/Build/LgG7ThinQPkg/DEBUG_GCC5/AARCH64/MdePkg/Library/BaseMemoryLibOptDxe/BaseMemoryLibOptDxe/OUTPUT/BaseMemoryLibOptDxe.lib(SetMem64Wrapper.obj)
                              SetMemWrapper.obj (symbol from plugin) (SetMem64)
/home/j0sh1x/Lg_G7_ThinQ_Edk2/edk2_LG_G7_THINQ/workspace/Build/LgG7ThinQPkg/DEBUG_GCC5/AARCH64/MdePkg/Library/BaseLib/BaseLib/OUTPUT/BaseLib.lib(SwapBytes64.obj)
                              DevicePathFromText.obj (symbol from plugin) (SwapBytes64)
/home/j0sh1x/Lg_G7_ThinQ_Edk2/edk2_LG_G7_THINQ/workspace/Build/LgG7ThinQPkg/DEBUG_GCC5/AARCH64/MdePkg/Library/BaseLib/BaseLib/OUTPUT/BaseLib.lib(Unaligned.obj)
                              PrintLibInternal.obj (symbol from plugin) (ReadUnaligned16)
/home/j0sh1x/Lg_G7_ThinQ_Edk2/edk2_LG_G7_THINQ/workspace/Build/LgG7ThinQPkg/DEBUG_GCC5/AARCH64/MdePkg/Library/BaseDebugPrintErrorLevelLib/BaseDebugPrintErrorLevelLib/OUTPUT/BaseDebugPrintErrorLevelLib.lib(BaseDebugPrintErrorLevelLib.obj)
                              DebugLib.obj (symbol from plugin) (GetDebugPrintErrorLevel)
/home/j0sh1x/Lg_G7_ThinQ_Edk2/edk2_LG_G7_THINQ/workspace/Build/LgG7ThinQPkg/DEBUG_GCC5/AARCH64/LgG7ThinQPkg/Library/FrameBufferSerialPortLib/FrameBufferSerialPortLib/OUTPUT/FrameBufferSerialPortLib.lib(FrameBufferSerialPortLib.obj)
                              DebugLib.obj (symbol from plugin) (SerialPortInitialize)
/home/j0sh1x/Lg_G7_ThinQ_Edk2/edk2_LG_G7_THINQ/workspace/Build/LgG7ThinQPkg/DEBUG_GCC5/AARCH64/ArmPkg/Library/ArmLib/ArmBaseLib/OUTPUT/ArmBaseLib.lib(ArmLibSupport.obj)
                              FrameBufferSerialPortLib.obj (symbol from plugin) (ArmGetInterruptState)
/home/j0sh1x/Lg_G7_ThinQ_Edk2/edk2_LG_G7_THINQ/workspace/Build/LgG7ThinQPkg/DEBUG_GCC5/AARCH64/ArmPkg/Library/ArmLib/ArmBaseLib/OUTPUT/ArmBaseLib.lib(ArmLibSupportV8.obj)
                              FrameBufferSerialPortLib.obj (symbol from plugin) (ArmEnableInterrupts)
/home/j0sh1x/Lg_G7_ThinQ_Edk2/edk2_LG_G7_THINQ/workspace/Build/LgG7ThinQPkg/DEBUG_GCC5/AARCH64/ArmPkg/Library/ArmCacheMaintenanceLib/ArmCacheMaintenanceLib/OUTPUT/ArmCacheMaintenanceLib.lib(ArmCacheMaintenanceLib.obj)
                              FrameBufferSerialPortLib.obj (symbol from plugin) (WriteBackInvalidateDataCacheRange)
/home/j0sh1x/Lg_G7_ThinQ_Edk2/edk2_LG_G7_THINQ/workspace/Build/LgG7ThinQPkg/DEBUG_GCC5/AARCH64/ArmPkg/Library/ArmLib/ArmBaseLib/OUTPUT/ArmBaseLib.lib(ArmLib.obj)
                              ArmCacheMaintenanceLib.obj (symbol from plugin) (ArmDataCacheLineLength)
/home/j0sh1x/Lg_G7_ThinQ_Edk2/edk2_LG_G7_THINQ/workspace/Build/LgG7ThinQPkg/DEBUG_GCC5/AARCH64/ArmPkg/Library/ArmLib/ArmBaseLib/OUTPUT/ArmBaseLib.lib(AArch64Support.obj)
                              ArmCacheMaintenanceLib.obj (symbol from plugin) (ArmInvalidateDataCacheEntryByMVA)

Discarded input sections

 .text          0x0000000000000000       0x10 /home/j0sh1x/Lg_G7_ThinQ_Edk2/edk2/ArmPkg/Library/GccLto/liblto-aarch64.a
 .data          0x0000000000000000        0x0 /home/j0sh1x/Lg_G7_ThinQ_Edk2/edk2/ArmPkg/Library/GccLto/liblto-aarch64.a
 .bss           0x0000000000000000        0x0 /home/j0sh1x/Lg_G7_ThinQ_Edk2/edk2/ArmPkg/Library/GccLto/liblto-aarch64.a
 .text          0x0000000000000000        0x0 /tmp/SetupBrowser.dll.CnWscW.ltrans0.ltrans.o
 .data          0x0000000000000000        0x0 /tmp/SetupBrowser.dll.CnWscW.ltrans0.ltrans.o
 .bss           0x0000000000000000        0x0 /tmp/SetupBrowser.dll.CnWscW.ltrans0.ltrans.o
 .rodata.IsNodeInList.str1.1
                0x0000000000000000       0x44 /tmp/SetupBrowser.dll.CnWscW.ltrans0.ltrans.o
 .text.IsNodeInList
                0x0000000000000000       0xa0 /tmp/SetupBrowser.dll.CnWscW.ltrans0.ltrans.o
 .rodata._gDriverUnloadImageCount
                0x0000000000000000        0x1 /tmp/SetupBrowser.dll.CnWscW.ltrans0.ltrans.o
 .rodata._gPcd_FixedAtBuild_PcdDebugPropertyMask
                0x0000000000000000        0x1 /tmp/SetupBrowser.dll.CnWscW.ltrans0.ltrans.o
 .rodata._gPcd_FixedAtBuild_PcdFixedDebugPrintErrorLevel
                0x0000000000000000        0x4 /tmp/SetupBrowser.dll.CnWscW.ltrans0.ltrans.o
 .rodata._gUefiDriverRevision
                0x0000000000000000        0x4 /tmp/SetupBrowser.dll.CnWscW.ltrans0.ltrans.o
 .comment       0x0000000000000000       0x2d /tmp/SetupBrowser.dll.CnWscW.ltrans0.ltrans.o
 .note.GNU-stack
                0x0000000000000000        0x0 /tmp/SetupBrowser.dll.CnWscW.ltrans0.ltrans.o
 .text          0x0000000000000000        0x0 /tmp/SetupBrowser.dll.CnWscW.ltrans1.ltrans.o
 .data          0x0000000000000000        0x0 /tmp/SetupBrowser.dll.CnWscW.ltrans1.ltrans.o
 .bss           0x0000000000000000        0x0 /tmp/SetupBrowser.dll.CnWscW.ltrans1.ltrans.o
 .text._DriverUnloadHandler
                0x0000000000000000        0x8 /tmp/SetupBrowser.dll.CnWscW.ltrans1.ltrans.o
 .text.__memset
                0x0000000000000000       0x1c /tmp/SetupBrowser.dll.CnWscW.ltrans1.ltrans.o
 .comment       0x0000000000000000       0x2d /tmp/SetupBrowser.dll.CnWscW.ltrans1.ltrans.o
 .note.GNU-stack
                0x0000000000000000        0x0 /tmp/SetupBrowser.dll.CnWscW.ltrans1.ltrans.o
 .comment       0x0000000000000000       0x2d /tmp/cc1M4RXY.debug.temp.o
 .note.GNU-stack
                0x0000000000000000        0x0 /tmp/cc1M4RXY.debug.temp.o
 .comment       0x0000000000000000       0x2d /tmp/ccmbRfEV.debug.temp.o
 .note.GNU-stack
                0x0000000000000000        0x0 /tmp/ccmbRfEV.debug.temp.o
 .comment       0x0000000000000000       0x2d /tmp/ccLEjlwV.debug.temp.o
 .note.GNU-stack
                0x0000000000000000        0x0 /tmp/ccLEjlwV.debug.temp.o
 .comment       0x0000000000000000       0x2d /tmp/cczmpJaV.debug.temp.o
 .note.GNU-stack
                0x0000000000000000        0x0 /tmp/cczmpJaV.debug.temp.o
 .comment       0x0000000000000000       0x2d /tmp/ccW6RWmX.debug.temp.o
 .note.GNU-stack
                0x0000000000000000        0x0 /tmp/ccW6RWmX.debug.temp.o
 .comment       0x0000000000000000       0x2d /tmp/cc2uyJ2Y.debug.temp.o
 .note.GNU-stack
                0x0000000000000000        0x0 /tmp/cc2uyJ2Y.debug.temp.o
 .comment       0x0000000000000000       0x2d /tmp/ccb2ue5W.debug.temp.o
 .note.GNU-stack
                0x0000000000000000        0x0 /tmp/ccb2ue5W.debug.temp.o
 .comment       0x0000000000000000       0x2d /tmp/ccxAYCwV.debug.temp.o
 .note.GNU-stack
                0x0000000000000000        0x0 /tmp/ccxAYCwV.debug.temp.o
 .comment       0x0000000000000000       0x2d /tmp/ccBC5poX.debug.temp.o
 .note.GNU-stack
                0x0000000000000000        0x0 /tmp/ccBC5poX.debug.temp.o
 .comment       0x0000000000000000       0x2d /tmp/ccqJoyfV.debug.temp.o
 .note.GNU-stack
                0x0000000000000000        0x0 /tmp/ccqJoyfV.debug.temp.o
 .comment       0x0000000000000000       0x2d /tmp/ccFQMHTW.debug.temp.o
 .note.GNU-stack
                0x0000000000000000        0x0 /tmp/ccFQMHTW.debug.temp.o
 .comment       0x0000000000000000       0x2d /tmp/ccWC2ocX.debug.temp.o
 .note.GNU-stack
                0x0000000000000000        0x0 /tmp/ccWC2ocX.debug.temp.o
 .comment       0x0000000000000000       0x2d /tmp/ccK8tSKY.debug.temp.o
 .note.GNU-stack
                0x0000000000000000        0x0 /tmp/ccK8tSKY.debug.temp.o
 .comment       0x0000000000000000       0x2d /tmp/cck0o2NV.debug.temp.o
 .note.GNU-stack
                0x0000000000000000        0x0 /tmp/cck0o2NV.debug.temp.o
 .comment       0x0000000000000000       0x2d /tmp/ccf671PX.debug.temp.o
 .note.GNU-stack
                0x0000000000000000        0x0 /tmp/ccf671PX.debug.temp.o
 .comment       0x0000000000000000       0x2d /tmp/ccPDEbYV.debug.temp.o
 .note.GNU-stack
                0x0000000000000000        0x0 /tmp/ccPDEbYV.debug.temp.o
 .comment       0x0000000000000000       0x2d /tmp/ccP15ftX.debug.temp.o
 .note.GNU-stack
                0x0000000000000000        0x0 /tmp/ccP15ftX.debug.temp.o
 .comment       0x0000000000000000       0x2d /tmp/ccyzW7DW.debug.temp.o
 .note.GNU-stack
                0x0000000000000000        0x0 /tmp/ccyzW7DW.debug.temp.o
 .comment       0x0000000000000000       0x2d /tmp/cckRO3mW.debug.temp.o
 .note.GNU-stack
                0x0000000000000000        0x0 /tmp/cckRO3mW.debug.temp.o
 .comment       0x0000000000000000       0x2d /tmp/cc3ELZbY.debug.temp.o
 .note.GNU-stack
                0x0000000000000000        0x0 /tmp/cc3ELZbY.debug.temp.o
 .comment       0x0000000000000000       0x2d /tmp/ccImE67W.debug.temp.o
 .note.GNU-stack
                0x0000000000000000        0x0 /tmp/ccImE67W.debug.temp.o
 .comment       0x0000000000000000       0x2d /tmp/cc93u2BY.debug.temp.o
 .note.GNU-stack
                0x0000000000000000        0x0 /tmp/cc93u2BY.debug.temp.o
 .comment       0x0000000000000000       0x2d /tmp/ccNJnaeY.debug.temp.o
 .note.GNU-stack
                0x0000000000000000        0x0 /tmp/ccNJnaeY.debug.temp.o
 .comment       0x0000000000000000       0x2d /tmp/cc2BMTVX.debug.temp.o
 .note.GNU-stack
                0x0000000000000000        0x0 /tmp/cc2BMTVX.debug.temp.o
 .debug_info    0x0000000000000000      0x27c /tmp/cchW7ksX.debug.temp.o
 .debug_abbrev  0x0000000000000000       0xcf /tmp/cchW7ksX.debug.temp.o
 .debug_line    0x0000000000000000      0x183 /tmp/cchW7ksX.debug.temp.o
 .debug_str     0x0000000000000000      0x5ab /tmp/cchW7ksX.debug.temp.o
 .comment       0x0000000000000000       0x2d /tmp/cchW7ksX.debug.temp.o
 .note.GNU-stack
                0x0000000000000000        0x0 /tmp/cchW7ksX.debug.temp.o
 .debug_info    0x0000000000000000      0x264 /tmp/ccKpPRmV.debug.temp.o
 .debug_abbrev  0x0000000000000000       0xc0 /tmp/ccKpPRmV.debug.temp.o
 .debug_line    0x0000000000000000      0x183 /tmp/ccKpPRmV.debug.temp.o
 .debug_str     0x0000000000000000      0x594 /tmp/ccKpPRmV.debug.temp.o
 .comment       0x0000000000000000       0x2d /tmp/ccKpPRmV.debug.temp.o
 .note.GNU-stack
                0x0000000000000000        0x0 /tmp/ccKpPRmV.debug.temp.o
 .comment       0x0000000000000000       0x2d /tmp/cc8ULucW.debug.temp.o
 .note.GNU-stack
                0x0000000000000000        0x0 /tmp/cc8ULucW.debug.temp.o
 .comment       0x0000000000000000       0x2d /tmp/ccwW3SIV.debug.temp.o
 .note.GNU-stack
                0x0000000000000000        0x0 /tmp/ccwW3SIV.debug.temp.o
 .comment       0x0000000000000000       0x2d /tmp/ccHdPJ3W.debug.temp.o
 .note.GNU-stack
                0x0000000000000000        0x0 /tmp/ccHdPJ3W.debug.temp.o
 .comment       0x0000000000000000       0x2d /tmp/cc7SsrWV.debug.temp.o
 .note.GNU-stack
                0x0000000000000000        0x0 /tmp/cc7SsrWV.debug.temp.o
 .comment       0x0000000000000000       0x2d /tmp/ccB785sY.debug.temp.o
 .note.GNU-stack
                0x0000000000000000        0x0 /tmp/ccB785sY.debug.temp.o
 .comment       0x0000000000000000       0x2d /tmp/ccpy3HuY.debug.temp.o
 .note.GNU-stack
                0x0000000000000000        0x0 /tmp/ccpy3HuY.debug.temp.o
 .comment       0x0000000000000000       0x2d /tmp/ccKv4NKW.debug.temp.o
 .note.GNU-stack
                0x0000000000000000        0x0 /tmp/ccKv4NKW.debug.temp.o
 .debug_info    0x0000000000000000     0x3e07 /tmp/ccbbk53W.debug.temp.o
 .debug_abbrev  0x0000000000000000      0x2ca /tmp/ccbbk53W.debug.temp.o
 .debug_line    0x0000000000000000      0x42b /tmp/ccbbk53W.debug.temp.o
 .debug_str     0x0000000000000000     0x2752 /tmp/ccbbk53W.debug.temp.o
 .comment       0x0000000000000000       0x2d /tmp/ccbbk53W.debug.temp.o
 .note.GNU-stack
                0x0000000000000000        0x0 /tmp/ccbbk53W.debug.temp.o
 .debug_info    0x0000000000000000     0x468b /tmp/ccqBH7QV.debug.temp.o
 .debug_abbrev  0x0000000000000000      0x2b0 /tmp/ccqBH7QV.debug.temp.o
 .debug_line    0x0000000000000000      0x41f /tmp/ccqBH7QV.debug.temp.o
 .debug_str     0x0000000000000000     0x3077 /tmp/ccqBH7QV.debug.temp.o
 .comment       0x0000000000000000       0x2d /tmp/ccqBH7QV.debug.temp.o
 .note.GNU-stack
                0x0000000000000000        0x0 /tmp/ccqBH7QV.debug.temp.o
 .comment       0x0000000000000000       0x2d /tmp/ccdBxqZW.debug.temp.o
 .note.GNU-stack
                0x0000000000000000        0x0 /tmp/ccdBxqZW.debug.temp.o
 .comment       0x0000000000000000       0x2d /tmp/ccKpY9TX.debug.temp.o
 .note.GNU-stack
                0x0000000000000000        0x0 /tmp/ccKpY9TX.debug.temp.o
 .comment       0x0000000000000000       0x2d /tmp/ccpoRDHX.debug.temp.o
 .note.GNU-stack
                0x0000000000000000        0x0 /tmp/ccpoRDHX.debug.temp.o
 .comment       0x0000000000000000       0x2d /tmp/ccLQifvW.debug.temp.o
 .note.GNU-stack
                0x0000000000000000        0x0 /tmp/ccLQifvW.debug.temp.o
 .comment       0x0000000000000000       0x2d /tmp/ccslt9MY.debug.temp.o
 .note.GNU-stack
                0x0000000000000000        0x0 /tmp/ccslt9MY.debug.temp.o
 .comment       0x0000000000000000       0x2d /tmp/ccxjZZIU.debug.temp.o
 .note.GNU-stack
                0x0000000000000000        0x0 /tmp/ccxjZZIU.debug.temp.o
 .comment       0x0000000000000000       0x2d /tmp/ccLhdr5W.debug.temp.o
 .note.GNU-stack
                0x0000000000000000        0x0 /tmp/ccLhdr5W.debug.temp.o
 .debug_info    0x0000000000000000      0x26d /tmp/ccCVS1CW.debug.temp.o
 .debug_abbrev  0x0000000000000000       0xd5 /tmp/ccCVS1CW.debug.temp.o
 .debug_line    0x0000000000000000      0x1a9 /tmp/ccCVS1CW.debug.temp.o
 .debug_str     0x0000000000000000      0x4ca /tmp/ccCVS1CW.debug.temp.o
 .comment       0x0000000000000000       0x2d /tmp/ccCVS1CW.debug.temp.o
 .note.GNU-stack
                0x0000000000000000        0x0 /tmp/ccCVS1CW.debug.temp.o
 .debug_info    0x0000000000000000      0x238 /tmp/ccccV8yV.debug.temp.o
 .debug_abbrev  0x0000000000000000       0xc0 /tmp/ccccV8yV.debug.temp.o
 .debug_line    0x0000000000000000      0x1ab /tmp/ccccV8yV.debug.temp.o
 .debug_str     0x0000000000000000      0x4c6 /tmp/ccccV8yV.debug.temp.o
 .comment       0x0000000000000000       0x2d /tmp/ccccV8yV.debug.temp.o
 .note.GNU-stack
                0x0000000000000000        0x0 /tmp/ccccV8yV.debug.temp.o
 .debug_info    0x0000000000000000      0x264 /tmp/ccOxOr4U.debug.temp.o
 .debug_abbrev  0x0000000000000000       0xc0 /tmp/ccOxOr4U.debug.temp.o
 .debug_line    0x0000000000000000      0x183 /tmp/ccOxOr4U.debug.temp.o
 .debug_str     0x0000000000000000      0x594 /tmp/ccOxOr4U.debug.temp.o
 .comment       0x0000000000000000       0x2d /tmp/ccOxOr4U.debug.temp.o
 .note.GNU-stack
                0x0000000000000000        0x0 /tmp/ccOxOr4U.debug.temp.o
 .comment       0x0000000000000000       0x2d /tmp/ccnmp33X.debug.temp.o
 .note.GNU-stack
                0x0000000000000000        0x0 /tmp/ccnmp33X.debug.temp.o
 .comment       0x0000000000000000       0x2d /tmp/ccKJMUjY.debug.temp.o
 .note.GNU-stack
                0x0000000000000000        0x0 /tmp/ccKJMUjY.debug.temp.o
 .comment       0x0000000000000000       0x2d /tmp/cc6iG1uV.debug.temp.o
 .note.GNU-stack
                0x0000000000000000        0x0 /tmp/cc6iG1uV.debug.temp.o
 .comment       0x0000000000000000       0x2d /tmp/ccIFhURY.debug.temp.o
 .note.GNU-stack
                0x0000000000000000        0x0 /tmp/ccIFhURY.debug.temp.o
 .comment       0x0000000000000000       0x2d /tmp/ccCXxtJX.debug.temp.o
 .note.GNU-stack
                0x0000000000000000        0x0 /tmp/ccCXxtJX.debug.temp.o
 .data          0x0000000000000000        0x0 /home/j0sh1x/Lg_G7_ThinQ_Edk2/edk2_LG_G7_THINQ/workspace/Build/LgG7ThinQPkg/DEBUG_GCC5/AARCH64/MdePkg/Library/BaseMemoryLibOptDxe/BaseMemoryLibOptDxe/OUTPUT/BaseMemoryLibOptDxe.lib(SetMem.obj)
 .bss           0x0000000000000000        0x0 /home/j0sh1x/Lg_G7_ThinQ_Edk2/edk2_LG_G7_THINQ/workspace/Build/LgG7ThinQPkg/DEBUG_GCC5/AARCH64/MdePkg/Library/BaseMemoryLibOptDxe/BaseMemoryLibOptDxe/OUTPUT/BaseMemoryLibOptDxe.lib(SetMem.obj)
 .data          0x0000000000000000        0x0 /home/j0sh1x/Lg_G7_ThinQ_Edk2/edk2_LG_G7_THINQ/workspace/Build/LgG7ThinQPkg/DEBUG_GCC5/AARCH64/MdePkg/Library/BaseMemoryLibOptDxe/BaseMemoryLibOptDxe/OUTPUT/BaseMemoryLibOptDxe.lib(CopyMem.obj)
 .bss           0x0000000000000000        0x0 /home/j0sh1x/Lg_G7_ThinQ_Edk2/edk2_LG_G7_THINQ/workspace/Build/LgG7ThinQPkg/DEBUG_GCC5/AARCH64/MdePkg/Library/BaseMemoryLibOptDxe/BaseMemoryLibOptDxe/OUTPUT/BaseMemoryLibOptDxe.lib(CopyMem.obj)
 .data          0x0000000000000000        0x0 /home/j0sh1x/Lg_G7_ThinQ_Edk2/edk2_LG_G7_THINQ/workspace/Build/LgG7ThinQPkg/DEBUG_GCC5/AARCH64/MdePkg/Library/BaseMemoryLibOptDxe/BaseMemoryLibOptDxe/OUTPUT/BaseMemoryLibOptDxe.lib(CompareMem.obj)
 .bss           0x0000000000000000        0x0 /home/j0sh1x/Lg_G7_ThinQ_Edk2/edk2_LG_G7_THINQ/workspace/Build/LgG7ThinQPkg/DEBUG_GCC5/AARCH64/MdePkg/Library/BaseMemoryLibOptDxe/BaseMemoryLibOptDxe/OUTPUT/BaseMemoryLibOptDxe.lib(CompareMem.obj)
 .data          0x0000000000000000        0x0 /home/j0sh1x/Lg_G7_ThinQ_Edk2/edk2_LG_G7_THINQ/workspace/Build/LgG7ThinQPkg/DEBUG_GCC5/AARCH64/MdePkg/Library/BaseMemoryLibOptDxe/BaseMemoryLibOptDxe/OUTPUT/BaseMemoryLibOptDxe.lib(CompareGuid.obj)
 .bss           0x0000000000000000        0x0 /home/j0sh1x/Lg_G7_ThinQ_Edk2/edk2_LG_G7_THINQ/workspace/Build/LgG7ThinQPkg/DEBUG_GCC5/AARCH64/MdePkg/Library/BaseMemoryLibOptDxe/BaseMemoryLibOptDxe/OUTPUT/BaseMemoryLibOptDxe.lib(CompareGuid.obj)
 .text          0x0000000000000000        0x8 /home/j0sh1x/Lg_G7_ThinQ_Edk2/edk2_LG_G7_THINQ/workspace/Build/LgG7ThinQPkg/DEBUG_GCC5/AARCH64/MdePkg/Library/BaseLib/BaseLib/OUTPUT/BaseLib.lib(CpuBreakpoint.obj)
 .data          0x0000000000000000        0x0 /home/j0sh1x/Lg_G7_ThinQ_Edk2/edk2_LG_G7_THINQ/workspace/Build/LgG7ThinQPkg/DEBUG_GCC5/AARCH64/MdePkg/Library/BaseLib/BaseLib/OUTPUT/BaseLib.lib(CpuBreakpoint.obj)
 .bss           0x0000000000000000        0x0 /home/j0sh1x/Lg_G7_ThinQ_Edk2/edk2_LG_G7_THINQ/workspace/Build/LgG7ThinQPkg/DEBUG_GCC5/AARCH64/MdePkg/Library/BaseLib/BaseLib/OUTPUT/BaseLib.lib(CpuBreakpoint.obj)
 .text          0x0000000000000000        0x0 /home/j0sh1x/Lg_G7_ThinQ_Edk2/edk2_LG_G7_THINQ/workspace/Build/LgG7ThinQPkg/DEBUG_GCC5/AARCH64/ArmPkg/Library/ArmLib/ArmBaseLib/OUTPUT/ArmBaseLib.lib(ArmLibSupport.obj)
 .data          0x0000000000000000        0x0 /home/j0sh1x/Lg_G7_ThinQ_Edk2/edk2_LG_G7_THINQ/workspace/Build/LgG7ThinQPkg/DEBUG_GCC5/AARCH64/ArmPkg/Library/ArmLib/ArmBaseLib/OUTPUT/ArmBaseLib.lib(ArmLibSupport.obj)
 .bss           0x0000000000000000        0x0 /home/j0sh1x/Lg_G7_ThinQ_Edk2/edk2_LG_G7_THINQ/workspace/Build/LgG7ThinQPkg/DEBUG_GCC5/AARCH64/ArmPkg/Library/ArmLib/ArmBaseLib/OUTPUT/ArmBaseLib.lib(ArmLibSupport.obj)
 .text.ArmReadMidr
                0x0000000000000000        0x8 /home/j0sh1x/Lg_G7_ThinQ_Edk2/edk2_LG_G7_THINQ/workspace/Build/LgG7ThinQPkg/DEBUG_GCC5/AARCH64/ArmPkg/Library/ArmLib/ArmBaseLib/OUTPUT/ArmBaseLib.lib(ArmLibSupport.obj)
 .text.ArmGetFiqState
                0x0000000000000000       0x10 /home/j0sh1x/Lg_G7_ThinQ_Edk2/edk2_LG_G7_THINQ/workspace/Build/LgG7ThinQPkg/DEBUG_GCC5/AARCH64/ArmPkg/Library/ArmLib/ArmBaseLib/OUTPUT/ArmBaseLib.lib(ArmLibSupport.obj)
 .text.ArmWriteCpacr
                0x0000000000000000        0x8 /home/j0sh1x/Lg_G7_ThinQ_Edk2/edk2_LG_G7_THINQ/workspace/Build/LgG7ThinQPkg/DEBUG_GCC5/AARCH64/ArmPkg/Library/ArmLib/ArmBaseLib/OUTPUT/ArmBaseLib.lib(ArmLibSupport.obj)
 .text.ArmWriteAuxCr
                0x0000000000000000       0x28 /home/j0sh1x/Lg_G7_ThinQ_Edk2/edk2_LG_G7_THINQ/workspace/Build/LgG7ThinQPkg/DEBUG_GCC5/AARCH64/ArmPkg/Library/ArmLib/ArmBaseLib/OUTPUT/ArmBaseLib.lib(ArmLibSupport.obj)
 .text.ArmReadAuxCr
                0x0000000000000000       0x28 /home/j0sh1x/Lg_G7_ThinQ_Edk2/edk2_LG_G7_THINQ/workspace/Build/LgG7ThinQPkg/DEBUG_GCC5/AARCH64/ArmPkg/Library/ArmLib/ArmBaseLib/OUTPUT/ArmBaseLib.lib(ArmLibSupport.obj)
 .text.ArmSetTTBR0
                0x0000000000000000       0x34 /home/j0sh1x/Lg_G7_ThinQ_Edk2/edk2_LG_G7_THINQ/workspace/Build/LgG7ThinQPkg/DEBUG_GCC5/AARCH64/ArmPkg/Library/ArmLib/ArmBaseLib/OUTPUT/ArmBaseLib.lib(ArmLibSupport.obj)
 .text.ArmGetTTBR0BaseAddress
                0x0000000000000000       0x30 /home/j0sh1x/Lg_G7_ThinQ_Edk2/edk2_LG_G7_THINQ/workspace/Build/LgG7ThinQPkg/DEBUG_GCC5/AARCH64/ArmPkg/Library/ArmLib/ArmBaseLib/OUTPUT/ArmBaseLib.lib(ArmLibSupport.obj)
 .text.ArmGetTCR
                0x0000000000000000       0x34 /home/j0sh1x/Lg_G7_ThinQ_Edk2/edk2_LG_G7_THINQ/workspace/Build/LgG7ThinQPkg/DEBUG_GCC5/AARCH64/ArmPkg/Library/ArmLib/ArmBaseLib/OUTPUT/ArmBaseLib.lib(ArmLibSupport.obj)
 .text.ArmSetTCR
                0x0000000000000000       0x34 /home/j0sh1x/Lg_G7_ThinQ_Edk2/edk2_LG_G7_THINQ/workspace/Build/LgG7ThinQPkg/DEBUG_GCC5/AARCH64/ArmPkg/Library/ArmLib/ArmBaseLib/OUTPUT/ArmBaseLib.lib(ArmLibSupport.obj)
 .text.ArmGetMAIR
                0x0000000000000000       0x34 /home/j0sh1x/Lg_G7_ThinQ_Edk2/edk2_LG_G7_THINQ/workspace/Build/LgG7ThinQPkg/DEBUG_GCC5/AARCH64/ArmPkg/Library/ArmLib/ArmBaseLib/OUTPUT/ArmBaseLib.lib(ArmLibSupport.obj)
 .text.ArmSetMAIR
                0x0000000000000000       0x34 /home/j0sh1x/Lg_G7_ThinQ_Edk2/edk2_LG_G7_THINQ/workspace/Build/LgG7ThinQPkg/DEBUG_GCC5/AARCH64/ArmPkg/Library/ArmLib/ArmBaseLib/OUTPUT/ArmBaseLib.lib(ArmLibSupport.obj)
 .text.ArmUpdateTranslationTableEntry
                0x0000000000000000       0x40 /home/j0sh1x/Lg_G7_ThinQ_Edk2/edk2_LG_G7_THINQ/workspace/Build/LgG7ThinQPkg/DEBUG_GCC5/AARCH64/ArmPkg/Library/ArmLib/ArmBaseLib/OUTPUT/ArmBaseLib.lib(ArmLibSupport.obj)
 .text.ArmInvalidateTlb
                0x0000000000000000       0x38 /home/j0sh1x/Lg_G7_ThinQ_Edk2/edk2_LG_G7_THINQ/workspace/Build/LgG7ThinQPkg/DEBUG_GCC5/AARCH64/ArmPkg/Library/ArmLib/ArmBaseLib/OUTPUT/ArmBaseLib.lib(ArmLibSupport.obj)
 .text.ArmWriteCptr
                0x0000000000000000        0x8 /home/j0sh1x/Lg_G7_ThinQ_Edk2/edk2_LG_G7_THINQ/workspace/Build/LgG7ThinQPkg/DEBUG_GCC5/AARCH64/ArmPkg/Library/ArmLib/ArmBaseLib/OUTPUT/ArmBaseLib.lib(ArmLibSupport.obj)
 .text.ArmWriteScr
                0x0000000000000000        0xc /home/j0sh1x/Lg_G7_ThinQ_Edk2/edk2_LG_G7_THINQ/workspace/Build/LgG7ThinQPkg/DEBUG_GCC5/AARCH64/ArmPkg/Library/ArmLib/ArmBaseLib/OUTPUT/ArmBaseLib.lib(ArmLibSupport.obj)
 .text.ArmWriteMVBar
                0x0000000000000000        0x8 /home/j0sh1x/Lg_G7_ThinQ_Edk2/edk2_LG_G7_THINQ/workspace/Build/LgG7ThinQPkg/DEBUG_GCC5/AARCH64/ArmPkg/Library/ArmLib/ArmBaseLib/OUTPUT/ArmBaseLib.lib(ArmLibSupport.obj)
 .text.ArmCallWFE
                0x0000000000000000        0x8 /home/j0sh1x/Lg_G7_ThinQ_Edk2/edk2_LG_G7_THINQ/workspace/Build/LgG7ThinQPkg/DEBUG_GCC5/AARCH64/ArmPkg/Library/ArmLib/ArmBaseLib/OUTPUT/ArmBaseLib.lib(ArmLibSupport.obj)
 .text.ArmCallSEV
                0x0000000000000000        0x8 /home/j0sh1x/Lg_G7_ThinQ_Edk2/edk2_LG_G7_THINQ/workspace/Build/LgG7ThinQPkg/DEBUG_GCC5/AARCH64/ArmPkg/Library/ArmLib/ArmBaseLib/OUTPUT/ArmBaseLib.lib(ArmLibSupport.obj)
 .text.ArmReadCpuActlr
                0x0000000000000000        0x8 /home/j0sh1x/Lg_G7_ThinQ_Edk2/edk2_LG_G7_THINQ/workspace/Build/LgG7ThinQPkg/DEBUG_GCC5/AARCH64/ArmPkg/Library/ArmLib/ArmBaseLib/OUTPUT/ArmBaseLib.lib(ArmLibSupport.obj)
 .text.ArmWriteCpuActlr
                0x0000000000000000       0x10 /home/j0sh1x/Lg_G7_ThinQ_Edk2/edk2_LG_G7_THINQ/workspace/Build/LgG7ThinQPkg/DEBUG_GCC5/AARCH64/ArmPkg/Library/ArmLib/ArmBaseLib/OUTPUT/ArmBaseLib.lib(ArmLibSupport.obj)
 .text.ArmReadSctlr
                0x0000000000000000       0x30 /home/j0sh1x/Lg_G7_ThinQ_Edk2/edk2_LG_G7_THINQ/workspace/Build/LgG7ThinQPkg/DEBUG_GCC5/AARCH64/ArmPkg/Library/ArmLib/ArmBaseLib/OUTPUT/ArmBaseLib.lib(ArmLibSupport.obj)
 .text.ArmWriteSctlr
                0x0000000000000000       0x30 /home/j0sh1x/Lg_G7_ThinQ_Edk2/edk2_LG_G7_THINQ/workspace/Build/LgG7ThinQPkg/DEBUG_GCC5/AARCH64/ArmPkg/Library/ArmLib/ArmBaseLib/OUTPUT/ArmBaseLib.lib(ArmLibSupport.obj)
 .text.ArmGetPhysicalAddressBits
                0x0000000000000000       0x24 /home/j0sh1x/Lg_G7_ThinQ_Edk2/edk2_LG_G7_THINQ/workspace/Build/LgG7ThinQPkg/DEBUG_GCC5/AARCH64/ArmPkg/Library/ArmLib/ArmBaseLib/OUTPUT/ArmBaseLib.lib(ArmLibSupport.obj)
 .text          0x0000000000000000        0x0 /home/j0sh1x/Lg_G7_ThinQ_Edk2/edk2_LG_G7_THINQ/workspace/Build/LgG7ThinQPkg/DEBUG_GCC5/AARCH64/ArmPkg/Library/ArmLib/ArmBaseLib/OUTPUT/ArmBaseLib.lib(ArmLibSupportV8.obj)
 .data          0x0000000000000000        0x0 /home/j0sh1x/Lg_G7_ThinQ_Edk2/edk2_LG_G7_THINQ/workspace/Build/LgG7ThinQPkg/DEBUG_GCC5/AARCH64/ArmPkg/Library/ArmLib/ArmBaseLib/OUTPUT/ArmBaseLib.lib(ArmLibSupportV8.obj)
 .bss           0x0000000000000000        0x0 /home/j0sh1x/Lg_G7_ThinQ_Edk2/edk2_LG_G7_THINQ/workspace/Build/LgG7ThinQPkg/DEBUG_GCC5/AARCH64/ArmPkg/Library/ArmLib/ArmBaseLib/OUTPUT/ArmBaseLib.lib(ArmLibSupportV8.obj)
 .text.ArmIsMpCore
                0x0000000000000000       0x14 /home/j0sh1x/Lg_G7_ThinQ_Edk2/edk2_LG_G7_THINQ/workspace/Build/LgG7ThinQPkg/DEBUG_GCC5/AARCH64/ArmPkg/Library/ArmLib/ArmBaseLib/OUTPUT/ArmBaseLib.lib(ArmLibSupportV8.obj)
 .text.ArmEnableAsynchronousAbort
                0x0000000000000000        0xc /home/j0sh1x/Lg_G7_ThinQ_Edk2/edk2_LG_G7_THINQ/workspace/Build/LgG7ThinQPkg/DEBUG_GCC5/AARCH64/ArmPkg/Library/ArmLib/ArmBaseLib/OUTPUT/ArmBaseLib.lib(ArmLibSupportV8.obj)
 .text.ArmDisableAsynchronousAbort
                0x0000000000000000        0xc /home/j0sh1x/Lg_G7_ThinQ_Edk2/edk2_LG_G7_THINQ/workspace/Build/LgG7ThinQPkg/DEBUG_GCC5/AARCH64/ArmPkg/Library/ArmLib/ArmBaseLib/OUTPUT/ArmBaseLib.lib(ArmLibSupportV8.obj)
 .text.ArmEnableIrq
                0x0000000000000000        0xc /home/j0sh1x/Lg_G7_ThinQ_Edk2/edk2_LG_G7_THINQ/workspace/Build/LgG7ThinQPkg/DEBUG_GCC5/AARCH64/ArmPkg/Library/ArmLib/ArmBaseLib/OUTPUT/ArmBaseLib.lib(ArmLibSupportV8.obj)
 .text.ArmDisableIrq
                0x0000000000000000        0xc /home/j0sh1x/Lg_G7_ThinQ_Edk2/edk2_LG_G7_THINQ/workspace/Build/LgG7ThinQPkg/DEBUG_GCC5/AARCH64/ArmPkg/Library/ArmLib/ArmBaseLib/OUTPUT/ArmBaseLib.lib(ArmLibSupportV8.obj)
 .text.ArmEnableFiq
                0x0000000000000000        0xc /home/j0sh1x/Lg_G7_ThinQ_Edk2/edk2_LG_G7_THINQ/workspace/Build/LgG7ThinQPkg/DEBUG_GCC5/AARCH64/ArmPkg/Library/ArmLib/ArmBaseLib/OUTPUT/ArmBaseLib.lib(ArmLibSupportV8.obj)
 .text.ArmDisableFiq
                0x0000000000000000        0xc /home/j0sh1x/Lg_G7_ThinQ_Edk2/edk2_LG_G7_THINQ/workspace/Build/LgG7ThinQPkg/DEBUG_GCC5/AARCH64/ArmPkg/Library/ArmLib/ArmBaseLib/OUTPUT/ArmBaseLib.lib(ArmLibSupportV8.obj)
 .text.ArmDisableAllExceptions
                0x0000000000000000        0xc /home/j0sh1x/Lg_G7_ThinQ_Edk2/edk2_LG_G7_THINQ/workspace/Build/LgG7ThinQPkg/DEBUG_GCC5/AARCH64/ArmPkg/Library/ArmLib/ArmBaseLib/OUTPUT/ArmBaseLib.lib(ArmLibSupportV8.obj)
 .text.ReadCCSIDR
                0x0000000000000000       0x10 /home/j0sh1x/Lg_G7_ThinQ_Edk2/edk2_LG_G7_THINQ/workspace/Build/LgG7ThinQPkg/DEBUG_GCC5/AARCH64/ArmPkg/Library/ArmLib/ArmBaseLib/OUTPUT/ArmBaseLib.lib(ArmLibSupportV8.obj)
 .text.ReadCLIDR
                0x0000000000000000        0x8 /home/j0sh1x/Lg_G7_ThinQ_Edk2/edk2_LG_G7_THINQ/workspace/Build/LgG7ThinQPkg/DEBUG_GCC5/AARCH64/ArmPkg/Library/ArmLib/ArmBaseLib/OUTPUT/ArmBaseLib.lib(ArmLibSupportV8.obj)
 .text          0x0000000000000000        0x0 /home/j0sh1x/Lg_G7_ThinQ_Edk2/edk2_LG_G7_THINQ/workspace/Build/LgG7ThinQPkg/DEBUG_GCC5/AARCH64/ArmPkg/Library/ArmLib/ArmBaseLib/OUTPUT/ArmBaseLib.lib(AArch64Support.obj)
 .data          0x0000000000000000        0x0 /home/j0sh1x/Lg_G7_ThinQ_Edk2/edk2_LG_G7_THINQ/workspace/Build/LgG7ThinQPkg/DEBUG_GCC5/AARCH64/ArmPkg/Library/ArmLib/ArmBaseLib/OUTPUT/ArmBaseLib.lib(AArch64Support.obj)
 .bss           0x0000000000000000        0x0 /home/j0sh1x/Lg_G7_ThinQ_Edk2/edk2_LG_G7_THINQ/workspace/Build/LgG7ThinQPkg/DEBUG_GCC5/AARCH64/ArmPkg/Library/ArmLib/ArmBaseLib/OUTPUT/ArmBaseLib.lib(AArch64Support.obj)
 .text.ArmInvalidateDataCacheEntryByMVA
                0x0000000000000000        0x8 /home/j0sh1x/Lg_G7_ThinQ_Edk2/edk2_LG_G7_THINQ/workspace/Build/LgG7ThinQPkg/DEBUG_GCC5/AARCH64/ArmPkg/Library/ArmLib/ArmBaseLib/OUTPUT/ArmBaseLib.lib(AArch64Support.obj)
 .text.ArmCleanDataCacheEntryByMVA
                0x0000000000000000        0x8 /home/j0sh1x/Lg_G7_ThinQ_Edk2/edk2_LG_G7_THINQ/workspace/Build/LgG7ThinQPkg/DEBUG_GCC5/AARCH64/ArmPkg/Library/ArmLib/ArmBaseLib/OUTPUT/ArmBaseLib.lib(AArch64Support.obj)
 .text.ArmCleanDataCacheEntryToPoUByMVA
                0x0000000000000000        0x8 /home/j0sh1x/Lg_G7_ThinQ_Edk2/edk2_LG_G7_THINQ/workspace/Build/LgG7ThinQPkg/DEBUG_GCC5/AARCH64/ArmPkg/Library/ArmLib/ArmBaseLib/OUTPUT/ArmBaseLib.lib(AArch64Support.obj)
 .text.ArmInvalidateInstructionCacheEntryToPoUByMVA
                0x0000000000000000        0x8 /home/j0sh1x/Lg_G7_ThinQ_Edk2/edk2_LG_G7_THINQ/workspace/Build/LgG7ThinQPkg/DEBUG_GCC5/AARCH64/ArmPkg/Library/ArmLib/ArmBaseLib/OUTPUT/ArmBaseLib.lib(AArch64Support.obj)
 .text.ArmInvalidateDataCacheEntryBySetWay
                0x0000000000000000        0x8 /home/j0sh1x/Lg_G7_ThinQ_Edk2/edk2_LG_G7_THINQ/workspace/Build/LgG7ThinQPkg/DEBUG_GCC5/AARCH64/ArmPkg/Library/ArmLib/ArmBaseLib/OUTPUT/ArmBaseLib.lib(AArch64Support.obj)
 .text.ArmCleanInvalidateDataCacheEntryBySetWay
                0x0000000000000000        0x8 /home/j0sh1x/Lg_G7_ThinQ_Edk2/edk2_LG_G7_THINQ/workspace/Build/LgG7ThinQPkg/DEBUG_GCC5/AARCH64/ArmPkg/Library/ArmLib/ArmBaseLib/OUTPUT/ArmBaseLib.lib(AArch64Support.obj)
 .text.ArmCleanDataCacheEntryBySetWay
                0x0000000000000000        0x8 /home/j0sh1x/Lg_G7_ThinQ_Edk2/edk2_LG_G7_THINQ/workspace/Build/LgG7ThinQPkg/DEBUG_GCC5/AARCH64/ArmPkg/Library/ArmLib/ArmBaseLib/OUTPUT/ArmBaseLib.lib(AArch64Support.obj)
 .text.ArmInvalidateInstructionCache
                0x0000000000000000       0x10 /home/j0sh1x/Lg_G7_ThinQ_Edk2/edk2_LG_G7_THINQ/workspace/Build/LgG7ThinQPkg/DEBUG_GCC5/AARCH64/ArmPkg/Library/ArmLib/ArmBaseLib/OUTPUT/ArmBaseLib.lib(AArch64Support.obj)
 .text.ArmEnableMmu
                0x0000000000000000       0x88 /home/j0sh1x/Lg_G7_ThinQ_Edk2/edk2_LG_G7_THINQ/workspace/Build/LgG7ThinQPkg/DEBUG_GCC5/AARCH64/ArmPkg/Library/ArmLib/ArmBaseLib/OUTPUT/ArmBaseLib.lib(AArch64Support.obj)
 .text.ArmDisableMmu
                0x0000000000000000       0x74 /home/j0sh1x/Lg_G7_ThinQ_Edk2/edk2_LG_G7_THINQ/workspace/Build/LgG7ThinQPkg/DEBUG_GCC5/AARCH64/ArmPkg/Library/ArmLib/ArmBaseLib/OUTPUT/ArmBaseLib.lib(AArch64Support.obj)
 .text.ArmDisableCachesAndMmu
                0x0000000000000000       0x6c /home/j0sh1x/Lg_G7_ThinQ_Edk2/edk2_LG_G7_THINQ/workspace/Build/LgG7ThinQPkg/DEBUG_GCC5/AARCH64/ArmPkg/Library/ArmLib/ArmBaseLib/OUTPUT/ArmBaseLib.lib(AArch64Support.obj)
 .text.ArmMmuEnabled
                0x0000000000000000       0x34 /home/j0sh1x/Lg_G7_ThinQ_Edk2/edk2_LG_G7_THINQ/workspace/Build/LgG7ThinQPkg/DEBUG_GCC5/AARCH64/ArmPkg/Library/ArmLib/ArmBaseLib/OUTPUT/ArmBaseLib.lib(AArch64Support.obj)
 .text.ArmEnableDataCache
                0x0000000000000000       0x68 /home/j0sh1x/Lg_G7_ThinQ_Edk2/edk2_LG_G7_THINQ/workspace/Build/LgG7ThinQPkg/DEBUG_GCC5/AARCH64/ArmPkg/Library/ArmLib/ArmBaseLib/OUTPUT/ArmBaseLib.lib(AArch64Support.obj)
 .text.ArmDisableDataCache
                0x0000000000000000       0x68 /home/j0sh1x/Lg_G7_ThinQ_Edk2/edk2_LG_G7_THINQ/workspace/Build/LgG7ThinQPkg/DEBUG_GCC5/AARCH64/ArmPkg/Library/ArmLib/ArmBaseLib/OUTPUT/ArmBaseLib.lib(AArch64Support.obj)
 .text.ArmEnableInstructionCache
                0x0000000000000000       0x68 /home/j0sh1x/Lg_G7_ThinQ_Edk2/edk2_LG_G7_THINQ/workspace/Build/LgG7ThinQPkg/DEBUG_GCC5/AARCH64/ArmPkg/Library/ArmLib/ArmBaseLib/OUTPUT/ArmBaseLib.lib(AArch64Support.obj)
 .text.ArmDisableInstructionCache
                0x0000000000000000       0x68 /home/j0sh1x/Lg_G7_ThinQ_Edk2/edk2_LG_G7_THINQ/workspace/Build/LgG7ThinQPkg/DEBUG_GCC5/AARCH64/ArmPkg/Library/ArmLib/ArmBaseLib/OUTPUT/ArmBaseLib.lib(AArch64Support.obj)
 .text.ArmEnableAlignmentCheck
                0x0000000000000000       0x58 /home/j0sh1x/Lg_G7_ThinQ_Edk2/edk2_LG_G7_THINQ/workspace/Build/LgG7ThinQPkg/DEBUG_GCC5/AARCH64/ArmPkg/Library/ArmLib/ArmBaseLib/OUTPUT/ArmBaseLib.lib(AArch64Support.obj)
 .text.ArmDisableAlignmentCheck
                0x0000000000000000       0x68 /home/j0sh1x/Lg_G7_ThinQ_Edk2/edk2_LG_G7_THINQ/workspace/Build/LgG7ThinQPkg/DEBUG_GCC5/AARCH64/ArmPkg/Library/ArmLib/ArmBaseLib/OUTPUT/ArmBaseLib.lib(AArch64Support.obj)
 .text.ArmEnableStackAlignmentCheck
                0x0000000000000000       0x58 /home/j0sh1x/Lg_G7_ThinQ_Edk2/edk2_LG_G7_THINQ/workspace/Build/LgG7ThinQPkg/DEBUG_GCC5/AARCH64/ArmPkg/Library/ArmLib/ArmBaseLib/OUTPUT/ArmBaseLib.lib(AArch64Support.obj)
 .text.ArmDisableStackAlignmentCheck
                0x0000000000000000       0x68 /home/j0sh1x/Lg_G7_ThinQ_Edk2/edk2_LG_G7_THINQ/workspace/Build/LgG7ThinQPkg/DEBUG_GCC5/AARCH64/ArmPkg/Library/ArmLib/ArmBaseLib/OUTPUT/ArmBaseLib.lib(AArch64Support.obj)
 .text.ArmEnableBranchPrediction
                0x0000000000000000        0x4 /home/j0sh1x/Lg_G7_ThinQ_Edk2/edk2_LG_G7_THINQ/workspace/Build/LgG7ThinQPkg/DEBUG_GCC5/AARCH64/ArmPkg/Library/ArmLib/ArmBaseLib/OUTPUT/ArmBaseLib.lib(AArch64Support.obj)
 .text.ArmDisableBranchPrediction
                0x0000000000000000        0x4 /home/j0sh1x/Lg_G7_ThinQ_Edk2/edk2_LG_G7_THINQ/workspace/Build/LgG7ThinQPkg/DEBUG_GCC5/AARCH64/ArmPkg/Library/ArmLib/ArmBaseLib/OUTPUT/ArmBaseLib.lib(AArch64Support.obj)
 .text.AArch64AllDataCachesOperation
                0x0000000000000000       0xa8 /home/j0sh1x/Lg_G7_ThinQ_Edk2/edk2_LG_G7_THINQ/workspace/Build/LgG7ThinQPkg/DEBUG_GCC5/AARCH64/ArmPkg/Library/ArmLib/ArmBaseLib/OUTPUT/ArmBaseLib.lib(AArch64Support.obj)
 .text.ArmDataMemoryBarrier
                0x0000000000000000        0x8 /home/j0sh1x/Lg_G7_ThinQ_Edk2/edk2_LG_G7_THINQ/workspace/Build/LgG7ThinQPkg/DEBUG_GCC5/AARCH64/ArmPkg/Library/ArmLib/ArmBaseLib/OUTPUT/ArmBaseLib.lib(AArch64Support.obj)
 .text.ArmInstructionSynchronizationBarrier
                0x0000000000000000        0x8 /home/j0sh1x/Lg_G7_ThinQ_Edk2/edk2_LG_G7_THINQ/workspace/Build/LgG7ThinQPkg/DEBUG_GCC5/AARCH64/ArmPkg/Library/ArmLib/ArmBaseLib/OUTPUT/ArmBaseLib.lib(AArch64Support.obj)
 .text.ArmWriteVBar
                0x0000000000000000       0x34 /home/j0sh1x/Lg_G7_ThinQ_Edk2/edk2_LG_G7_THINQ/workspace/Build/LgG7ThinQPkg/DEBUG_GCC5/AARCH64/ArmPkg/Library/ArmLib/ArmBaseLib/OUTPUT/ArmBaseLib.lib(AArch64Support.obj)
 .text.ArmReadVBar
                0x0000000000000000       0x30 /home/j0sh1x/Lg_G7_ThinQ_Edk2/edk2_LG_G7_THINQ/workspace/Build/LgG7ThinQPkg/DEBUG_GCC5/AARCH64/ArmPkg/Library/ArmLib/ArmBaseLib/OUTPUT/ArmBaseLib.lib(AArch64Support.obj)
 .text.ArmEnableVFP
                0x0000000000000000       0x64 /home/j0sh1x/Lg_G7_ThinQ_Edk2/edk2_LG_G7_THINQ/workspace/Build/LgG7ThinQPkg/DEBUG_GCC5/AARCH64/ArmPkg/Library/ArmLib/ArmBaseLib/OUTPUT/ArmBaseLib.lib(AArch64Support.obj)
 .text.ArmCallWFI
                0x0000000000000000        0x8 /home/j0sh1x/Lg_G7_ThinQ_Edk2/edk2_LG_G7_THINQ/workspace/Build/LgG7ThinQPkg/DEBUG_GCC5/AARCH64/ArmPkg/Library/ArmLib/ArmBaseLib/OUTPUT/ArmBaseLib.lib(AArch64Support.obj)
 .text.ArmReadMpidr
                0x0000000000000000        0x8 /home/j0sh1x/Lg_G7_ThinQ_Edk2/edk2_LG_G7_THINQ/workspace/Build/LgG7ThinQPkg/DEBUG_GCC5/AARCH64/ArmPkg/Library/ArmLib/ArmBaseLib/OUTPUT/ArmBaseLib.lib(AArch64Support.obj)
 .text.ArmReadTpidrurw
                0x0000000000000000        0x8 /home/j0sh1x/Lg_G7_ThinQ_Edk2/edk2_LG_G7_THINQ/workspace/Build/LgG7ThinQPkg/DEBUG_GCC5/AARCH64/ArmPkg/Library/ArmLib/ArmBaseLib/OUTPUT/ArmBaseLib.lib(AArch64Support.obj)
 .text.ArmWriteTpidrurw
                0x0000000000000000        0x8 /home/j0sh1x/Lg_G7_ThinQ_Edk2/edk2_LG_G7_THINQ/workspace/Build/LgG7ThinQPkg/DEBUG_GCC5/AARCH64/ArmPkg/Library/ArmLib/ArmBaseLib/OUTPUT/ArmBaseLib.lib(AArch64Support.obj)
 .text.ArmIsArchTimerImplemented
                0x0000000000000000        0x8 /home/j0sh1x/Lg_G7_ThinQ_Edk2/edk2_LG_G7_THINQ/workspace/Build/LgG7ThinQPkg/DEBUG_GCC5/AARCH64/ArmPkg/Library/ArmLib/ArmBaseLib/OUTPUT/ArmBaseLib.lib(AArch64Support.obj)
 .text.ArmReadIdPfr0
                0x0000000000000000        0x8 /home/j0sh1x/Lg_G7_ThinQ_Edk2/edk2_LG_G7_THINQ/workspace/Build/LgG7ThinQPkg/DEBUG_GCC5/AARCH64/ArmPkg/Library/ArmLib/ArmBaseLib/OUTPUT/ArmBaseLib.lib(AArch64Support.obj)
 .text.ArmReadIdPfr1
                0x0000000000000000        0x8 /home/j0sh1x/Lg_G7_ThinQ_Edk2/edk2_LG_G7_THINQ/workspace/Build/LgG7ThinQPkg/DEBUG_GCC5/AARCH64/ArmPkg/Library/ArmLib/ArmBaseLib/OUTPUT/ArmBaseLib.lib(AArch64Support.obj)
 .text.ArmWriteHcr
                0x0000000000000000        0x8 /home/j0sh1x/Lg_G7_ThinQ_Edk2/edk2_LG_G7_THINQ/workspace/Build/LgG7ThinQPkg/DEBUG_GCC5/AARCH64/ArmPkg/Library/ArmLib/ArmBaseLib/OUTPUT/ArmBaseLib.lib(AArch64Support.obj)
 .text.ArmReadHcr
                0x0000000000000000        0x8 /home/j0sh1x/Lg_G7_ThinQ_Edk2/edk2_LG_G7_THINQ/workspace/Build/LgG7ThinQPkg/DEBUG_GCC5/AARCH64/ArmPkg/Library/ArmLib/ArmBaseLib/OUTPUT/ArmBaseLib.lib(AArch64Support.obj)
 .text.ArmReadCurrentEL
                0x0000000000000000        0x8 /home/j0sh1x/Lg_G7_ThinQ_Edk2/edk2_LG_G7_THINQ/workspace/Build/LgG7ThinQPkg/DEBUG_GCC5/AARCH64/ArmPkg/Library/ArmLib/ArmBaseLib/OUTPUT/ArmBaseLib.lib(AArch64Support.obj)
 .text.ArmReadCntHctl
                0x0000000000000000        0x8 /home/j0sh1x/Lg_G7_ThinQ_Edk2/edk2_LG_G7_THINQ/workspace/Build/LgG7ThinQPkg/DEBUG_GCC5/AARCH64/ArmPkg/Library/ArmLib/ArmBaseLib/OUTPUT/ArmBaseLib.lib(AArch64Support.obj)
 .text.ArmWriteCntHctl
                0x0000000000000000        0x8 /home/j0sh1x/Lg_G7_ThinQ_Edk2/edk2_LG_G7_THINQ/workspace/Build/LgG7ThinQPkg/DEBUG_GCC5/AARCH64/ArmPkg/Library/ArmLib/ArmBaseLib/OUTPUT/ArmBaseLib.lib(AArch64Support.obj)

Speicherkonfiguration

Name             Ursprung           Länge             Attribute
*default*        0x0000000000000000 0xffffffffffffffff

Linker script and memory map

LOAD /home/j0sh1x/Lg_G7_ThinQ_Edk2/edk2/ArmPkg/Library/GccLto/liblto-aarch64.a
START GROUP
LOAD /tmp/SetupBrowser.dll.CnWscW.ltrans0.ltrans.o
LOAD /tmp/SetupBrowser.dll.CnWscW.ltrans1.ltrans.o
LOAD /tmp/cc1M4RXY.debug.temp.o
LOAD /tmp/ccmbRfEV.debug.temp.o
LOAD /tmp/ccLEjlwV.debug.temp.o
LOAD /tmp/cczmpJaV.debug.temp.o
LOAD /tmp/ccW6RWmX.debug.temp.o
LOAD /tmp/cc2uyJ2Y.debug.temp.o
LOAD /tmp/ccb2ue5W.debug.temp.o
LOAD /tmp/ccxAYCwV.debug.temp.o
LOAD /tmp/ccBC5poX.debug.temp.o
LOAD /tmp/ccqJoyfV.debug.temp.o
LOAD /tmp/ccFQMHTW.debug.temp.o
LOAD /tmp/ccWC2ocX.debug.temp.o
LOAD /tmp/ccK8tSKY.debug.temp.o
LOAD /tmp/cck0o2NV.debug.temp.o
LOAD /tmp/ccf671PX.debug.temp.o
LOAD /tmp/ccPDEbYV.debug.temp.o
LOAD /tmp/ccP15ftX.debug.temp.o
LOAD /tmp/ccyzW7DW.debug.temp.o
LOAD /tmp/cckRO3mW.debug.temp.o
LOAD /tmp/cc3ELZbY.debug.temp.o
LOAD /tmp/ccImE67W.debug.temp.o
LOAD /tmp/cc93u2BY.debug.temp.o
LOAD /tmp/ccNJnaeY.debug.temp.o
LOAD /tmp/cc2BMTVX.debug.temp.o
LOAD /tmp/cchW7ksX.debug.temp.o
LOAD /tmp/ccKpPRmV.debug.temp.o
LOAD /tmp/cc8ULucW.debug.temp.o
LOAD /tmp/ccwW3SIV.debug.temp.o
LOAD /tmp/ccHdPJ3W.debug.temp.o
LOAD /tmp/cc7SsrWV.debug.temp.o
LOAD /tmp/ccB785sY.debug.temp.o
LOAD /tmp/ccpy3HuY.debug.temp.o
LOAD /tmp/ccKv4NKW.debug.temp.o
LOAD /tmp/ccbbk53W.debug.temp.o
LOAD /tmp/ccqBH7QV.debug.temp.o
LOAD /tmp/ccdBxqZW.debug.temp.o
LOAD /tmp/ccKpY9TX.debug.temp.o
LOAD /tmp/ccpoRDHX.debug.temp.o
LOAD /tmp/ccLQifvW.debug.temp.o
LOAD /tmp/ccslt9MY.debug.temp.o
LOAD /tmp/ccxjZZIU.debug.temp.o
LOAD /tmp/ccLhdr5W.debug.temp.o
LOAD /tmp/ccCVS1CW.debug.temp.o
LOAD /tmp/ccccV8yV.debug.temp.o
LOAD /tmp/ccOxOr4U.debug.temp.o
LOAD /tmp/ccnmp33X.debug.temp.o
LOAD /tmp/ccKJMUjY.debug.temp.o
LOAD /tmp/cc6iG1uV.debug.temp.o
LOAD /tmp/ccIFhURY.debug.temp.o
LOAD /tmp/ccCXxtJX.debug.temp.o
LOAD /home/j0sh1x/Lg_G7_ThinQ_Edk2/edk2_LG_G7_THINQ/workspace/Build/LgG7ThinQPkg/DEBUG_GCC5/AARCH64/MdePkg/Library/DxePcdLib/DxePcdLib/OUTPUT/DxePcdLib.lib
LOAD /home/j0sh1x/Lg_G7_ThinQ_Edk2/edk2_LG_G7_THINQ/workspace/Build/LgG7ThinQPkg/DEBUG_GCC5/AARCH64/MdePkg/Library/BaseMemoryLibOptDxe/BaseMemoryLibOptDxe/OUTPUT/BaseMemoryLibOptDxe.lib
LOAD /home/j0sh1x/Lg_G7_ThinQ_Edk2/edk2_LG_G7_THINQ/workspace/Build/LgG7ThinQPkg/DEBUG_GCC5/AARCH64/MdePkg/Library/BaseLib/BaseLib/OUTPUT/BaseLib.lib
LOAD /home/j0sh1x/Lg_G7_ThinQ_Edk2/edk2_LG_G7_THINQ/workspace/Build/LgG7ThinQPkg/DEBUG_GCC5/AARCH64/ArmPkg/Library/ArmLib/ArmBaseLib/OUTPUT/ArmBaseLib.lib
LOAD /home/j0sh1x/Lg_G7_ThinQ_Edk2/edk2_LG_G7_THINQ/workspace/Build/LgG7ThinQPkg/DEBUG_GCC5/AARCH64/ArmPkg/Library/ArmCacheMaintenanceLib/ArmCacheMaintenanceLib/OUTPUT/ArmCacheMaintenanceLib.lib
LOAD /home/j0sh1x/Lg_G7_ThinQ_Edk2/edk2_LG_G7_THINQ/workspace/Build/LgG7ThinQPkg/DEBUG_GCC5/AARCH64/MdePkg/Library/BaseIoLibIntrinsic/BaseIoLibIntrinsic/OUTPUT/BaseIoLibIntrinsic.lib
LOAD /home/j0sh1x/Lg_G7_ThinQ_Edk2/edk2_LG_G7_THINQ/workspace/Build/LgG7ThinQPkg/DEBUG_GCC5/AARCH64/ArmPkg/Library/CompilerIntrinsicsLib/CompilerIntrinsicsLib/OUTPUT/CompilerIntrinsicsLib.lib
LOAD /home/j0sh1x/Lg_G7_ThinQ_Edk2/edk2_LG_G7_THINQ/workspace/Build/LgG7ThinQPkg/DEBUG_GCC5/AARCH64/MdePkg/Library/BaseDebugPrintErrorLevelLib/BaseDebugPrintErrorLevelLib/OUTPUT/BaseDebugPrintErrorLevelLib.lib
LOAD /home/j0sh1x/Lg_G7_ThinQ_Edk2/edk2_LG_G7_THINQ/workspace/Build/LgG7ThinQPkg/DEBUG_GCC5/AARCH64/LgG7ThinQPkg/Library/FrameBufferSerialPortLib/FrameBufferSerialPortLib/OUTPUT/FrameBufferSerialPortLib.lib
LOAD /home/j0sh1x/Lg_G7_ThinQ_Edk2/edk2_LG_G7_THINQ/workspace/Build/LgG7ThinQPkg/DEBUG_GCC5/AARCH64/MdePkg/Library/BasePrintLib/BasePrintLib/OUTPUT/BasePrintLib.lib
LOAD /home/j0sh1x/Lg_G7_ThinQ_Edk2/edk2_LG_G7_THINQ/workspace/Build/LgG7ThinQPkg/DEBUG_GCC5/AARCH64/MdePkg/Library/BaseDebugLibSerialPort/BaseDebugLibSerialPort/OUTPUT/BaseDebugLibSerialPort.lib
LOAD /home/j0sh1x/Lg_G7_ThinQ_Edk2/edk2_LG_G7_THINQ/workspace/Build/LgG7ThinQPkg/DEBUG_GCC5/AARCH64/MdePkg/Library/UefiBootServicesTableLib/UefiBootServicesTableLib/OUTPUT/UefiBootServicesTableLib.lib
LOAD /home/j0sh1x/Lg_G7_ThinQ_Edk2/edk2_LG_G7_THINQ/workspace/Build/LgG7ThinQPkg/DEBUG_GCC5/AARCH64/MdePkg/Library/UefiMemoryAllocationLib/UefiMemoryAllocationLib/OUTPUT/UefiMemoryAllocationLib.lib
LOAD /home/j0sh1x/Lg_G7_ThinQ_Edk2/edk2_LG_G7_THINQ/workspace/Build/LgG7ThinQPkg/DEBUG_GCC5/AARCH64/MdePkg/Library/UefiDevicePathLib/UefiDevicePathLib/OUTPUT/UefiDevicePathLib.lib
LOAD /home/j0sh1x/Lg_G7_ThinQ_Edk2/edk2_LG_G7_THINQ/workspace/Build/LgG7ThinQPkg/DEBUG_GCC5/AARCH64/MdePkg/Library/UefiRuntimeServicesTableLib/UefiRuntimeServicesTableLib/OUTPUT/UefiRuntimeServicesTableLib.lib
LOAD /home/j0sh1x/Lg_G7_ThinQ_Edk2/edk2_LG_G7_THINQ/workspace/Build/LgG7ThinQPkg/DEBUG_GCC5/AARCH64/MdePkg/Library/UefiLib/UefiLib/OUTPUT/UefiLib.lib
LOAD /home/j0sh1x/Lg_G7_ThinQ_Edk2/edk2_LG_G7_THINQ/workspace/Build/LgG7ThinQPkg/DEBUG_GCC5/AARCH64/MdePkg/Library/DxeHobLib/DxeHobLib/OUTPUT/DxeHobLib.lib
LOAD /home/j0sh1x/Lg_G7_ThinQ_Edk2/edk2_LG_G7_THINQ/workspace/Build/LgG7ThinQPkg/DEBUG_GCC5/AARCH64/MdeModulePkg/Library/UefiHiiServicesLib/UefiHiiServicesLib/OUTPUT/UefiHiiServicesLib.lib
LOAD /home/j0sh1x/Lg_G7_ThinQ_Edk2/edk2_LG_G7_THINQ/workspace/Build/LgG7ThinQPkg/DEBUG_GCC5/AARCH64/MdePkg/Library/UefiDriverEntryPoint/UefiDriverEntryPoint/OUTPUT/UefiDriverEntryPoint.lib
LOAD /home/j0sh1x/Lg_G7_ThinQ_Edk2/edk2_LG_G7_THINQ/workspace/Build/LgG7ThinQPkg/DEBUG_GCC5/AARCH64/MdeModulePkg/Library/UefiHiiLib/UefiHiiLib/OUTPUT/UefiHiiLib.lib
LOAD /home/j0sh1x/Lg_G7_ThinQ_Edk2/edk2_LG_G7_THINQ/workspace/Build/LgG7ThinQPkg/DEBUG_GCC5/AARCH64/MdePkg/Library/BaseStackCheckLib/BaseStackCheckLib/OUTPUT/BaseStackCheckLib.lib
LOAD /home/j0sh1x/Lg_G7_ThinQ_Edk2/edk2_LG_G7_THINQ/workspace/Build/LgG7ThinQPkg/DEBUG_GCC5/AARCH64/MdeModulePkg/Universal/SetupBrowserDxe/SetupBrowserDxe/OUTPUT/SetupBrowser.lib
END GROUP
                0x0000000000000228                . = PECOFF_HEADER_SIZE

.gnu.version_d  0x0000000000000228        0x0
 .gnu.version_d
                0x0000000000000228        0x0 /home/j0sh1x/Lg_G7_ThinQ_Edk2/edk2/ArmPkg/Library/GccLto/liblto-aarch64.a

.gnu.version    0x0000000000000228        0x0
 .gnu.version   0x0000000000000228        0x0 /home/j0sh1x/Lg_G7_ThinQ_Edk2/edk2/ArmPkg/Library/GccLto/liblto-aarch64.a

.gnu.version_r  0x0000000000000228        0x0
 .gnu.version_r
                0x0000000000000228        0x0 /home/j0sh1x/Lg_G7_ThinQ_Edk2/edk2/ArmPkg/Library/GccLto/liblto-aarch64.a

.text           0x0000000000001000    0x188d0
 *(.text .text.* .stub .gnu.linkonce.t.*)
 .text.InternalAllocatePool.constprop.0
                0x0000000000001000       0x68 /tmp/SetupBrowser.dll.CnWscW.ltrans0.ltrans.o
 .text.BasePrintLibFillBuffer
                0x0000000000001068       0x34 /tmp/SetupBrowser.dll.CnWscW.ltrans0.ltrans.o
 .text.MultU64x32
                0x000000000000109c        0xc /tmp/SetupBrowser.dll.CnWscW.ltrans0.ltrans.o
 .text.AsciiStrnLenS
                0x00000000000010a8       0x3c /tmp/SetupBrowser.dll.CnWscW.ltrans0.ltrans.o
 .text.InternalSafeStringNoStrOverlap
                0x00000000000010e4       0x3c /tmp/SetupBrowser.dll.CnWscW.ltrans0.ltrans.o
 .text.FormUpdateNotify
                0x0000000000001120       0x14 /tmp/SetupBrowser.dll.CnWscW.ltrans0.ltrans.o
                0x0000000000001120                FormUpdateNotify
 .text.RefreshEventNotifyForForm
                0x0000000000001134       0x2c /tmp/SetupBrowser.dll.CnWscW.ltrans0.ltrans.o
                0x0000000000001134                RefreshEventNotifyForForm
 .text.HiiValueToUINT64
                0x0000000000001160       0x50 /tmp/SetupBrowser.dll.CnWscW.ltrans0.ltrans.o
 .text.GetLengthForValue
                0x00000000000011b0       0x50 /tmp/SetupBrowser.dll.CnWscW.ltrans0.ltrans.o
 .text.GetBufferForValue
                0x0000000000001200       0x40 /tmp/SetupBrowser.dll.CnWscW.ltrans0.ltrans.o
 .text.IsTypeInBuffer
                0x0000000000001240       0x2c /tmp/SetupBrowser.dll.CnWscW.ltrans0.ltrans.o
 .text.IfrStrToUpper
                0x000000000000126c       0x2c /tmp/SetupBrowser.dll.CnWscW.ltrans0.ltrans.o
 .text.InitializeUnicodeCollationProtocol
                0x0000000000001298       0x38 /tmp/SetupBrowser.dll.CnWscW.ltrans0.ltrans.o
 .text.IsResetRequired
                0x00000000000012d0        0xc /tmp/SetupBrowser.dll.CnWscW.ltrans0.ltrans.o
 .text.ProcessChangedData
                0x00000000000012dc       0x80 /tmp/SetupBrowser.dll.CnWscW.ltrans0.ltrans.o
 .text.FbConFlush
                0x000000000000135c       0x54 /tmp/SetupBrowser.dll.CnWscW.ltrans0.ltrans.o
 .text.SerialPortWrite
                0x00000000000013b0      0x400 /tmp/SetupBrowser.dll.CnWscW.ltrans0.ltrans.o
 .text.DebugAssertEnabled
                0x00000000000017b0        0x8 /tmp/SetupBrowser.dll.CnWscW.ltrans0.ltrans.o
                0x00000000000017b0                DebugAssertEnabled
 .text.DebugPrintLevelEnabled.constprop.0
                0x00000000000017b8        0x8 /tmp/SetupBrowser.dll.CnWscW.ltrans0.ltrans.o
                0x00000000000017b8                DebugPrintLevelEnabled.constprop.0
 .text.ProcessLibraryDestructorList
                0x00000000000017c0        0x4 /tmp/SetupBrowser.dll.CnWscW.ltrans0.ltrans.o
                0x00000000000017c0                EfiEventEmptyFunction
                0x00000000000017c0                ProcessLibraryDestructorList
 .text.AllocatePool
                0x00000000000017c4        0x4 /tmp/SetupBrowser.dll.CnWscW.ltrans0.ltrans.o
                0x00000000000017c4                AllocatePool
 .text.DebugPrintEnabled
                0x00000000000017c8        0x8 /tmp/SetupBrowser.dll.CnWscW.ltrans0.ltrans.o
                0x00000000000017c8                DebugPrintEnabled
 .text.BaseDebugLibSerialPortConstructor
                0x00000000000017d0       0x84 /tmp/SetupBrowser.dll.CnWscW.ltrans0.ltrans.o
                0x00000000000017d0                BaseDebugLibSerialPortConstructor
 .text.StrnLenS
                0x0000000000001854       0x70 /tmp/SetupBrowser.dll.CnWscW.ltrans0.ltrans.o
                0x0000000000001854                StrnLenS
 .text.BasePrintLibSPrintMarker.constprop.0
                0x00000000000018c4      0xe34 /tmp/SetupBrowser.dll.CnWscW.ltrans0.ltrans.o
 .text.BasePrintLibSPrint.constprop.0
                0x00000000000026f8       0x9c /tmp/SetupBrowser.dll.CnWscW.ltrans0.ltrans.o
 .text.AsciiSPrint.constprop.0
                0x0000000000002794       0xa8 /tmp/SetupBrowser.dll.CnWscW.ltrans0.ltrans.o
 .text.DebugAssert
                0x000000000000283c       0x7c /tmp/SetupBrowser.dll.CnWscW.ltrans0.ltrans.o
                0x000000000000283c                DebugAssert
 .text.ReadUnaligned16
                0x00000000000028b8       0x5c /tmp/SetupBrowser.dll.CnWscW.ltrans0.ltrans.o
 .text.DevicePathNodeLength
                0x0000000000002914       0x50 /tmp/SetupBrowser.dll.CnWscW.ltrans0.ltrans.o
 .text.NextDevicePathNode
                0x0000000000002964       0x50 /tmp/SetupBrowser.dll.CnWscW.ltrans0.ltrans.o
 .text.DevicePathSubType
                0x00000000000029b4       0x48 /tmp/SetupBrowser.dll.CnWscW.ltrans0.ltrans.o
 .text.DevicePathType
                0x00000000000029fc       0x48 /tmp/SetupBrowser.dll.CnWscW.ltrans0.ltrans.o
 .text.IsDevicePathEnd
                0x0000000000002a44       0x94 /tmp/SetupBrowser.dll.CnWscW.ltrans0.ltrans.o
 .text.AsciiStrLen
                0x0000000000002ad8       0x90 /tmp/SetupBrowser.dll.CnWscW.ltrans0.ltrans.o
 .text.DebugPrint.constprop.0
                0x0000000000002b68       0xb8 /tmp/SetupBrowser.dll.CnWscW.ltrans0.ltrans.o
                0x0000000000002b68                DebugPrint.constprop.0
 .text.FreePool
                0x0000000000002c20       0x78 /tmp/SetupBrowser.dll.CnWscW.ltrans0.ltrans.o
                0x0000000000002c20                FreePool
 .text.AsciiStrSize
                0x0000000000002c98       0x18 /tmp/SetupBrowser.dll.CnWscW.ltrans0.ltrans.o
 .text.AsciiStrnCmp
                0x0000000000002cb0       0xd4 /tmp/SetupBrowser.dll.CnWscW.ltrans0.ltrans.o
 .text.StrLen   0x0000000000002d84       0xa4 /tmp/SetupBrowser.dll.CnWscW.ltrans0.ltrans.o
                0x0000000000002d84                StrLen
 .text.StrSize  0x0000000000002e28       0x1c /tmp/SetupBrowser.dll.CnWscW.ltrans0.ltrans.o
                0x0000000000002e28                StrSize
 .text.StrStr   0x0000000000002e44       0xac /tmp/SetupBrowser.dll.CnWscW.ltrans0.ltrans.o
                0x0000000000002e44                StrStr
 .text.StrCmp   0x0000000000002ef0       0x88 /tmp/SetupBrowser.dll.CnWscW.ltrans0.ltrans.o
                0x0000000000002ef0                StrCmp
 .text.InternalBaseLibIsListValid
                0x0000000000002f78       0xac /tmp/SetupBrowser.dll.CnWscW.ltrans0.ltrans.o
 .text.DivU64x32
                0x0000000000003024       0x40 /tmp/SetupBrowser.dll.CnWscW.ltrans0.ltrans.o
 .text.DivU64x32Remainder
                0x0000000000003064       0x54 /tmp/SetupBrowser.dll.CnWscW.ltrans0.ltrans.o
 .text.BasePrintLibValueToString
                0x00000000000030b8       0x80 /tmp/SetupBrowser.dll.CnWscW.ltrans0.ltrans.o
 .text.UnicodeValueToStringS
                0x0000000000003138      0x1c8 /tmp/SetupBrowser.dll.CnWscW.ltrans0.ltrans.o
                0x0000000000003138                UnicodeValueToStringS
 .text.LShiftU64
                0x0000000000003300       0x44 /tmp/SetupBrowser.dll.CnWscW.ltrans0.ltrans.o
 .text.RShiftU64
                0x0000000000003344       0x44 /tmp/SetupBrowser.dll.CnWscW.ltrans0.ltrans.o
 .text.UnicodeSPrint
                0x0000000000003388       0xec /tmp/SetupBrowser.dll.CnWscW.ltrans0.ltrans.o
                0x0000000000003388                UnicodeSPrint
 .text.StrHexToUint64
                0x0000000000003474      0x1d8 /tmp/SetupBrowser.dll.CnWscW.ltrans0.ltrans.o
                0x0000000000003474                StrHexToUint64
 .text.StrDecimalToUint64
                0x000000000000364c      0x134 /tmp/SetupBrowser.dll.CnWscW.ltrans0.ltrans.o
 .text.StrCatS  0x0000000000003780      0x1ac /tmp/SetupBrowser.dll.CnWscW.ltrans0.ltrans.o
                0x0000000000003780                StrCatS
 .text.StrnCpyS
                0x000000000000392c      0x1a4 /tmp/SetupBrowser.dll.CnWscW.ltrans0.ltrans.o
                0x000000000000392c                StrnCpyS
 .text.StrCpyS  0x0000000000003ad0      0x168 /tmp/SetupBrowser.dll.CnWscW.ltrans0.ltrans.o
                0x0000000000003ad0                StrCpyS
 .text.IsNull   0x0000000000003c38       0x4c /tmp/SetupBrowser.dll.CnWscW.ltrans0.ltrans.o
                0x0000000000003c38                IsNull
 .text.IsListEmpty
                0x0000000000003c84       0x4c /tmp/SetupBrowser.dll.CnWscW.ltrans0.ltrans.o
                0x0000000000003c84                IsListEmpty
 .text.RemoveEntryList
                0x0000000000003cd0       0x50 /tmp/SetupBrowser.dll.CnWscW.ltrans0.ltrans.o
                0x0000000000003cd0                RemoveEntryList
 .text.GetNextNode
                0x0000000000003d20       0x44 /tmp/SetupBrowser.dll.CnWscW.ltrans0.ltrans.o
                0x0000000000003d20                GetNextNode
 .text.GetFirstNode
                0x0000000000003d64       0x44 /tmp/SetupBrowser.dll.CnWscW.ltrans0.ltrans.o
                0x0000000000003d64                GetFirstNode
 .text.UpdateStatementStatusForForm
                0x0000000000003da8       0xd8 /tmp/SetupBrowser.dll.CnWscW.ltrans0.ltrans.o
 .text.FreeStatementData
                0x0000000000003e80      0x138 /tmp/SetupBrowser.dll.CnWscW.ltrans0.ltrans.o
 .text.IdToQuestion2
                0x0000000000003fb8       0xc4 /tmp/SetupBrowser.dll.CnWscW.ltrans0.ltrans.o
 .text.IdToQuestion
                0x000000000000407c      0x114 /tmp/SetupBrowser.dll.CnWscW.ltrans0.ltrans.o
 .text.InsertTailList
                0x0000000000004190       0x5c /tmp/SetupBrowser.dll.CnWscW.ltrans0.ltrans.o
                0x0000000000004190                InsertTailList
 .text.InsertHeadList
                0x00000000000041ec       0x58 /tmp/SetupBrowser.dll.CnWscW.ltrans0.ltrans.o
                0x00000000000041ec                InsertHeadList
 .text.InitializeListHead
                0x0000000000004244       0x40 /tmp/SetupBrowser.dll.CnWscW.ltrans0.ltrans.o
                0x0000000000004244                InitializeListHead
 .text.BitFieldWrite32
                0x0000000000004284      0x154 /tmp/SetupBrowser.dll.CnWscW.ltrans0.ltrans.o
                0x0000000000004284                BitFieldWrite32
 .text.BitFieldRead32
                0x00000000000043d8       0x74 /tmp/SetupBrowser.dll.CnWscW.ltrans0.ltrans.o
                0x00000000000043d8                BitFieldRead32
 .text.CopyMem  0x000000000000444c       0xa4 /tmp/SetupBrowser.dll.CnWscW.ltrans0.ltrans.o
                0x000000000000444c                CopyMem
 .text.AllocateCopyPool
                0x00000000000044f0       0x8c /tmp/SetupBrowser.dll.CnWscW.ltrans0.ltrans.o
                0x00000000000044f0                AllocateCopyPool
 .text.FindParentFormSet
                0x000000000000457c       0x78 /tmp/SetupBrowser.dll.CnWscW.ltrans0.ltrans.o
 .text.PopExpression
                0x00000000000045f4       0x50 /tmp/SetupBrowser.dll.CnWscW.ltrans0.ltrans.o
 .text.PushConditionalStack
                0x0000000000004644       0xe4 /tmp/SetupBrowser.dll.CnWscW.ltrans0.ltrans.o
 .text.CompareMem
                0x0000000000004728       0xd0 /tmp/SetupBrowser.dll.CnWscW.ltrans0.ltrans.o
                0x0000000000004728                CompareMem
 .text.ZeroMem  0x00000000000047f8       0x70 /tmp/SetupBrowser.dll.CnWscW.ltrans0.ltrans.o
                0x00000000000047f8                ZeroMem
 .text.AllocateZeroPool
                0x0000000000004868       0x34 /tmp/SetupBrowser.dll.CnWscW.ltrans0.ltrans.o
                0x0000000000004868                AllocateZeroPool
 .text.HiiGetHiiHandles.constprop.0
                0x000000000000489c       0xc4 /tmp/SetupBrowser.dll.CnWscW.ltrans0.ltrans.o
 .text.GetBestLanguage.constprop.0
                0x0000000000004960      0x1bc /tmp/SetupBrowser.dll.CnWscW.ltrans0.ltrans.o
 .text.CreateExpression.constprop.0
                0x0000000000004b1c       0x6c /tmp/SetupBrowser.dll.CnWscW.ltrans0.ltrans.o
                0x0000000000004b1c                CreateExpression.constprop.0
 .text.HiiGetSupportedLanguages
                0x0000000000004b88       0xe4 /tmp/SetupBrowser.dll.CnWscW.ltrans0.ltrans.o
 .text.HiiGetString.constprop.0
                0x0000000000004c6c      0x250 /tmp/SetupBrowser.dll.CnWscW.ltrans0.ltrans.o
                0x0000000000004c6c                HiiGetString.constprop.0
 .text.HiiSetString.constprop.0
                0x0000000000004ebc      0x160 /tmp/SetupBrowser.dll.CnWscW.ltrans0.ltrans.o
                0x0000000000004ebc                HiiSetString.constprop.0
 .text.IsZeroGuid
                0x000000000000501c       0x40 /tmp/SetupBrowser.dll.CnWscW.ltrans0.ltrans.o
                0x000000000000501c                IsZeroGuid
 .text.CompareGuid
                0x000000000000505c       0x60 /tmp/SetupBrowser.dll.CnWscW.ltrans0.ltrans.o
                0x000000000000505c                CompareGuid
 .text.GetFormsetGuidFromHiiHandle
                0x00000000000050bc      0x1a0 /tmp/SetupBrowser.dll.CnWscW.ltrans0.ltrans.o
 .text.DevicePathToHiiHandle
                0x000000000000525c      0x12c /tmp/SetupBrowser.dll.CnWscW.ltrans0.ltrans.o
 .text.CopyGuid
                0x0000000000005388       0x64 /tmp/SetupBrowser.dll.CnWscW.ltrans0.ltrans.o
                0x0000000000005388                CopyGuid
 .text.IsNvUpdateRequiredForForm
                0x00000000000053ec       0xbc /tmp/SetupBrowser.dll.CnWscW.ltrans0.ltrans.o
                0x00000000000053ec                IsNvUpdateRequiredForForm
 .text.IsNvUpdateRequiredForFormSet
                0x00000000000054a8       0xc8 /tmp/SetupBrowser.dll.CnWscW.ltrans0.ltrans.o
                0x00000000000054a8                IsNvUpdateRequiredForFormSet
 .text.SaveReminder
                0x0000000000005570      0x120 /tmp/SetupBrowser.dll.CnWscW.ltrans0.ltrans.o
 .text.UpdateStatementStatusForFormSet
                0x0000000000005690       0xc0 /tmp/SetupBrowser.dll.CnWscW.ltrans0.ltrans.o
                0x0000000000005690                UpdateStatementStatusForFormSet
 .text.UpdateStatementStatus
                0x0000000000005750       0xe4 /tmp/SetupBrowser.dll.CnWscW.ltrans0.ltrans.o
                0x0000000000005750                UpdateStatementStatus
 .text.GetBrowserStatement
                0x0000000000005834       0xd8 /tmp/SetupBrowser.dll.CnWscW.ltrans0.ltrans.o
                0x0000000000005834                GetBrowserStatement
 .text.FreeDisplayFormData
                0x000000000000590c      0x118 /tmp/SetupBrowser.dll.CnWscW.ltrans0.ltrans.o
                0x000000000000590c                FreeDisplayFormData
 .text.IsTrue   0x0000000000005a24       0x60 /tmp/SetupBrowser.dll.CnWscW.ltrans0.ltrans.o
                0x0000000000005a24                IsTrue
 .text.CompareHiiValue
                0x0000000000005a84      0x1a0 /tmp/SetupBrowser.dll.CnWscW.ltrans0.ltrans.o
                0x0000000000005a84                CompareHiiValue
 .text.ExtendValueToU64
                0x0000000000005c24       0x4c /tmp/SetupBrowser.dll.CnWscW.ltrans0.ltrans.o
                0x0000000000005c24                ExtendValueToU64
 .text.IdToForm
                0x0000000000005c70       0xbc /tmp/SetupBrowser.dll.CnWscW.ltrans0.ltrans.o
                0x0000000000005c70                IdToForm
 .text.PopScope
                0x0000000000005d2c       0x84 /tmp/SetupBrowser.dll.CnWscW.ltrans0.ltrans.o
                0x0000000000005d2c                PopScope
 .text.PopConditionalExpression
                0x0000000000005db0       0xd0 /tmp/SetupBrowser.dll.CnWscW.ltrans0.ltrans.o
                0x0000000000005db0                PopConditionalExpression
 .text.PushConditionalExpression
                0x0000000000005e80       0x7c /tmp/SetupBrowser.dll.CnWscW.ltrans0.ltrans.o
                0x0000000000005e80                PushConditionalExpression
 .text.GetConditionalExpressionList
                0x0000000000005efc       0x30 /tmp/SetupBrowser.dll.CnWscW.ltrans0.ltrans.o
                0x0000000000005efc                GetConditionalExpressionList
 .text.GetConditionalExpressionCount
                0x0000000000005f2c       0x54 /tmp/SetupBrowser.dll.CnWscW.ltrans0.ltrans.o
                0x0000000000005f2c                GetConditionalExpressionCount
 .text.PushStack
                0x0000000000005f80      0x144 /tmp/SetupBrowser.dll.CnWscW.ltrans0.ltrans.o
                0x0000000000005f80                PushStack
 .text.PushScope
                0x00000000000060c4       0x68 /tmp/SetupBrowser.dll.CnWscW.ltrans0.ltrans.o
                0x00000000000060c4                PushScope
 .text.IsStatementOpCode
                0x000000000000612c       0x68 /tmp/SetupBrowser.dll.CnWscW.ltrans0.ltrans.o
                0x000000000000612c                IsStatementOpCode
 .text.IsExpressionOpCode
                0x0000000000006194       0x74 /tmp/SetupBrowser.dll.CnWscW.ltrans0.ltrans.o
                0x0000000000006194                IsExpressionOpCode
 .text.DestroyExpression
                0x0000000000006208      0x13c /tmp/SetupBrowser.dll.CnWscW.ltrans0.ltrans.o
                0x0000000000006208                DestroyExpression
 .text.DestroyFormSet
                0x0000000000006344      0x6c0 /tmp/SetupBrowser.dll.CnWscW.ltrans0.ltrans.o
                0x0000000000006344                DestroyFormSet
 .text.GetQuestionValueFromForm
                0x0000000000006a04      0x21c /tmp/SetupBrowser.dll.CnWscW.ltrans0.ltrans.o
 .text.GetFstStgFromBrsStg
                0x0000000000006c20      0x144 /tmp/SetupBrowser.dll.CnWscW.ltrans0.ltrans.o
                0x0000000000006c20                GetFstStgFromBrsStg
 .text.StorageToConfigResp.constprop.0
                0x0000000000006d64      0x1bc /tmp/SetupBrowser.dll.CnWscW.ltrans0.ltrans.o
                0x0000000000006d64                StorageToConfigResp.constprop.0
 .text.GetFstStgFromVarId
                0x0000000000006f20       0xbc /tmp/SetupBrowser.dll.CnWscW.ltrans0.ltrans.o
                0x0000000000006f20                GetFstStgFromVarId
 .text.InitializeRequestElement
                0x0000000000006fdc      0x3b4 /tmp/SetupBrowser.dll.CnWscW.ltrans0.ltrans.o
                0x0000000000006fdc                InitializeRequestElement
 .text.CreateStorage
                0x0000000000007390      0x664 /tmp/SetupBrowser.dll.CnWscW.ltrans0.ltrans.o
                0x0000000000007390                CreateStorage
 .text.CreateStatement
                0x00000000000079f4      0x194 /tmp/SetupBrowser.dll.CnWscW.ltrans0.ltrans.o
                0x00000000000079f4                CreateStatement
 .text.CreateQuestion
                0x0000000000007b88      0x314 /tmp/SetupBrowser.dll.CnWscW.ltrans0.ltrans.o
                0x0000000000007b88                CreateQuestion
 .text.IsHiiHandleInBrowserContext.part.0
                0x0000000000007e9c       0xc8 /tmp/SetupBrowser.dll.CnWscW.ltrans0.ltrans.o
                0x0000000000007e9c                IsHiiHandleInBrowserContext.part.0
 .text.ValueChangeResetFlagUpdate.part.0
                0x0000000000007f64       0xc8 /tmp/SetupBrowser.dll.CnWscW.ltrans0.ltrans.o
                0x0000000000007f64                ValueChangeResetFlagUpdate.part.0
 .text.ValidateHiiHandle.part.0
                0x000000000000802c       0x7c /tmp/SetupBrowser.dll.CnWscW.ltrans0.ltrans.o
                0x000000000000802c                ValidateHiiHandle.part.0
 .text.FindNextMenu
                0x00000000000080a8      0x138 /tmp/SetupBrowser.dll.CnWscW.ltrans0.ltrans.o
                0x00000000000080a8                FindNextMenu
 .text.SubmitCallbackForForm.part.0
                0x00000000000081e0      0x138 /tmp/SetupBrowser.dll.CnWscW.ltrans0.ltrans.o
                0x00000000000081e0                SubmitCallbackForForm.part.0
 .text.SubmitCallback.part.0
                0x0000000000008318       0xc8 /tmp/SetupBrowser.dll.CnWscW.ltrans0.ltrans.o
                0x0000000000008318                SubmitCallback.part.0
 .text.SubmitForFormSet.part.0
                0x00000000000083e0      0x814 /tmp/SetupBrowser.dll.CnWscW.ltrans0.ltrans.o
                0x00000000000083e0                SubmitForFormSet.part.0
 .text.SetValueByName.part.0
                0x0000000000008bf4      0x150 /tmp/SetupBrowser.dll.CnWscW.ltrans0.ltrans.o
                0x0000000000008bf4                SetValueByName.part.0
 .text.GetValueByName.part.0
                0x0000000000008d44      0x100 /tmp/SetupBrowser.dll.CnWscW.ltrans0.ltrans.o
                0x0000000000008d44                GetValueByName.part.0
 .text.EvaluateExpression
                0x0000000000008e44     0x2488 /tmp/SetupBrowser.dll.CnWscW.ltrans0.ltrans.o
                0x0000000000008e44                EvaluateExpression
 .text.EvaluateExpressionList
                0x000000000000b2cc      0x10c /tmp/SetupBrowser.dll.CnWscW.ltrans0.ltrans.o
                0x000000000000b2cc                EvaluateExpressionList
 .text.ProcessCallBackFunction.constprop.0
                0x000000000000b3d8      0x5ac /tmp/SetupBrowser.dll.CnWscW.ltrans0.ltrans.o
                0x000000000000b3d8                ProcessCallBackFunction.constprop.0
 .text.UpdateStatement
                0x000000000000b984       0x74 /tmp/SetupBrowser.dll.CnWscW.ltrans0.ltrans.o
 .text.RefreshIntervalProcess
                0x000000000000b9f8       0xe8 /tmp/SetupBrowser.dll.CnWscW.ltrans0.ltrans.o
                0x000000000000b9f8                RefreshIntervalProcess
 .text.RefreshEventNotifyForStatement
                0x000000000000bae0       0x30 /tmp/SetupBrowser.dll.CnWscW.ltrans0.ltrans.o
                0x000000000000bae0                RefreshEventNotifyForStatement
 .text.ProcessGotoOpCode
                0x000000000000bb10      0x2e8 /tmp/SetupBrowser.dll.CnWscW.ltrans0.ltrans.o
                0x000000000000bb10                ProcessGotoOpCode
 .text.ExtractDefault.part.0
                0x000000000000bdf8      0x994 /tmp/SetupBrowser.dll.CnWscW.ltrans0.ltrans.o
                0x000000000000bdf8                ExtractDefault.part.0
 .text.RegiserExitHandler
                0x000000000000c78c        0xc /tmp/SetupBrowser.dll.CnWscW.ltrans1.ltrans.o
                0x000000000000c78c                RegiserExitHandler
 .text.FormDisplayCallback
                0x000000000000c798       0x34 /tmp/SetupBrowser.dll.CnWscW.ltrans1.ltrans.o
 .text.RegisterHotKey
                0x000000000000c7cc      0x1cc /tmp/SetupBrowser.dll.CnWscW.ltrans1.ltrans.o
                0x000000000000c7cc                RegisterHotKey
 .text.SetScope
                0x000000000000c998       0x80 /tmp/SetupBrowser.dll.CnWscW.ltrans1.ltrans.o
                0x000000000000c998                SetScope
 .text.ConfigRequestAdjust
[...]
 .debug_info    0x000000000001c63e     0x1f97 /tmp/ccW6RWmX.debug.temp.o
                0x000000000001c63e                AutoGen.c.f46244be
 .debug_info    0x000000000001e5d5     0x6203 /tmp/cc2uyJ2Y.debug.temp.o
                0x000000000001e5d5                Setup.c.00aad9bf
 .debug_info    0x00000000000247d8     0x542a /tmp/ccb2ue5W.debug.temp.o
                0x00000000000247d8                IfrParse.c.da69d917
 .debug_info    0x0000000000029c02     0x4f54 /tmp/ccxAYCwV.debug.temp.o
                0x0000000000029c02                Expression.c.e1f12785
 .debug_info    0x000000000002eb56     0x46e4 /tmp/ccBC5poX.debug.temp.o
                0x000000000002eb56                Presentation.c.63bbd869
 .debug_info    0x000000000003323a      0x2cf /tmp/ccqJoyfV.debug.temp.o
                0x000000000003323a                MemLibGuid.c.01726354
 .debug_info    0x0000000000033509      0x22c /tmp/ccFQMHTW.debug.temp.o
                0x0000000000033509                ZeroMemWrapper.c.f64356c5
 .debug_info    0x0000000000033735      0x259 /tmp/ccWC2ocX.debug.temp.o
                0x0000000000033735                CompareMemWrapper.c.f12ae324
 .debug_info    0x000000000003398e      0x243 /tmp/ccK8tSKY.debug.temp.o
                0x000000000003398e                CopyMemWrapper.c.f2c49a7f
 .debug_info    0x0000000000033bd1      0x27c /tmp/cck0o2NV.debug.temp.o
                0x0000000000033bd1                RShiftU64.c.a33b1828
 .debug_info    0x0000000000033e4d      0x27c /tmp/ccf671PX.debug.temp.o
                0x0000000000033e4d                MultU64x32.c.71505004
 .debug_info    0x00000000000340c9      0x27c /tmp/ccPDEbYV.debug.temp.o
                0x00000000000340c9                LShiftU64.c.982cdeda
 .debug_info    0x0000000000034345      0x286 /tmp/ccP15ftX.debug.temp.o
                0x0000000000034345                DivU64x32Remainder.c.fd6219e5
 .debug_info    0x00000000000345cb      0x270 /tmp/ccyzW7DW.debug.temp.o
                0x00000000000345cb                DivU64x32.c.fc9493dc
 .debug_info    0x000000000003483b      0x940 /tmp/cckRO3mW.debug.temp.o
                0x000000000003483b                BitField.c.f4a6bbca
 .debug_info    0x000000000003517b      0x271 /tmp/cc3ELZbY.debug.temp.o
                0x000000000003517b                CpuDeadLoop.c.b22f2262
 .debug_info    0x00000000000353ec      0x4ca /tmp/ccImE67W.debug.temp.o
                0x00000000000353ec                LinkedList.c.fe9ca1b6
 .debug_info    0x00000000000358b6      0xe6f /tmp/cc93u2BY.debug.temp.o
                0x00000000000358b6                SafeString.c.e0d6f670
 .debug_info    0x0000000000036725      0xafd /tmp/ccNJnaeY.debug.temp.o
                0x0000000000036725                String.c.8fee0045
 .debug_info    0x0000000000037222      0x4dd /tmp/cc2BMTVX.debug.temp.o
                0x0000000000037222                Math64.c.083e34f2
 .debug_info    0x00000000000376ff      0x7cd /tmp/cc8ULucW.debug.temp.o
                0x00000000000376ff                PrintLib.c.8c5ec511
 .debug_info    0x0000000000037ecc      0x824 /tmp/ccwW3SIV.debug.temp.o
                0x0000000000037ecc                PrintLibInternal.c.4595abda
 .debug_info    0x00000000000386f0      0x497 /tmp/ccHdPJ3W.debug.temp.o
                0x00000000000386f0                DebugLib.c.6a384b5e
 .debug_info    0x0000000000038b87     0x1992 /tmp/cc7SsrWV.debug.temp.o
                0x0000000000038b87                UefiBootServicesTableLib.c.b2c21aa1
 .debug_info    0x000000000003a519     0x1e91 /tmp/ccB785sY.debug.temp.o
                0x000000000003a519                MemoryAllocationLib.c.9b2360f8
 .debug_info    0x000000000003c3aa     0x1e7f /tmp/ccpy3HuY.debug.temp.o
                0x000000000003c3aa                DevicePathUtilities.c.3aa82666
 .debug_info    0x000000000003e229     0x1baf /tmp/ccKv4NKW.debug.temp.o
                0x000000000003e229                UefiDevicePathLib.c.b1b87bec
 .debug_info    0x000000000003fdd8     0x1963 /tmp/ccdBxqZW.debug.temp.o
                0x000000000003fdd8                UefiRuntimeServicesTableLib.c.d5c0fac4
 .debug_info    0x000000000004173b     0x2896 /tmp/ccKpY9TX.debug.temp.o
                0x000000000004173b                UefiLib.c.a867074c
 .debug_info    0x0000000000043fd1     0x23af /tmp/ccpoRDHX.debug.temp.o
                0x0000000000043fd1                HobLib.c.8a381ba7
 .debug_info    0x0000000000046380     0x2a0a /tmp/ccLQifvW.debug.temp.o
                0x0000000000046380                UefiHiiServicesLib.c.3d4058a3
 .debug_info    0x0000000000048d8a     0x514a /tmp/ccslt9MY.debug.temp.o
                0x0000000000048d8a                HiiLib.c.31889650
 .debug_info    0x000000000004ded4     0x2bb6 /tmp/ccxjZZIU.debug.temp.o
                0x000000000004ded4                HiiString.c.e19504dd
 .debug_info    0x0000000000050a8a     0x2ab3 /tmp/ccLhdr5W.debug.temp.o
                0x0000000000050a8a                HiiLanguage.c.5e207fb9
 .debug_info    0x000000000005353d      0x3de /tmp/ccnmp33X.debug.temp.o
                0x000000000005353d                Unaligned.c.007f7ff3
 .debug_info    0x000000000005391b      0x23f /tmp/ccKJMUjY.debug.temp.o
                0x000000000005391b                BaseDebugPrintErrorLevelLib.c.4c0da260
 .debug_info    0x0000000000053b5a      0x89c /tmp/cc6iG1uV.debug.temp.o
                0x0000000000053b5a                FrameBufferSerialPortLib.c.7984acb7
 .debug_info    0x00000000000543f6      0x345 /tmp/ccIFhURY.debug.temp.o
                0x00000000000543f6                ArmCacheMaintenanceLib.c.52724bd9
 .debug_info    0x000000000005473b      0x2ca /tmp/ccCXxtJX.debug.temp.o
                0x000000000005473b                ArmLib.c.3f59dbc1

.debug_abbrev   0x0000000000000000     0x47a7
 .debug_abbrev  0x0000000000000000      0x2d8 /tmp/SetupBrowser.dll.CnWscW.ltrans0.ltrans.o
 .debug_abbrev  0x00000000000002d8      0x228 /tmp/SetupBrowser.dll.CnWscW.ltrans1.ltrans.o
 .debug_abbrev  0x0000000000000500       0xfd /tmp/cc1M4RXY.debug.temp.o
 .debug_abbrev  0x00000000000005fd       0xcf /tmp/ccmbRfEV.debug.temp.o
 .debug_abbrev  0x00000000000006cc      0x1e9 /tmp/ccLEjlwV.debug.temp.o
 .debug_abbrev  0x00000000000008b5       0xd6 /tmp/cczmpJaV.debug.temp.o
 .debug_abbrev  0x000000000000098b      0x236 /tmp/ccW6RWmX.debug.temp.o
 .debug_abbrev  0x0000000000000bc1      0x325 /tmp/cc2uyJ2Y.debug.temp.o
 .debug_abbrev  0x0000000000000ee6      0x2d6 /tmp/ccb2ue5W.debug.temp.o
 .debug_abbrev  0x00000000000011bc      0x318 /tmp/ccxAYCwV.debug.temp.o
 .debug_abbrev  0x00000000000014d4      0x318 /tmp/ccBC5poX.debug.temp.o
 .debug_abbrev  0x00000000000017ec       0xdd /tmp/ccqJoyfV.debug.temp.o
 .debug_abbrev  0x00000000000018c9       0xc0 /tmp/ccFQMHTW.debug.temp.o
 .debug_abbrev  0x0000000000001989       0xc0 /tmp/ccWC2ocX.debug.temp.o
 .debug_abbrev  0x0000000000001a49       0xc7 /tmp/ccK8tSKY.debug.temp.o
 .debug_abbrev  0x0000000000001b10       0xc0 /tmp/cck0o2NV.debug.temp.o
 .debug_abbrev  0x0000000000001bd0       0xcf /tmp/ccf671PX.debug.temp.o
 .debug_abbrev  0x0000000000001c9f       0xc0 /tmp/ccPDEbYV.debug.temp.o
 .debug_abbrev  0x0000000000001d5f       0xc2 /tmp/ccP15ftX.debug.temp.o
 .debug_abbrev  0x0000000000001e21       0xc0 /tmp/ccyzW7DW.debug.temp.o
 .debug_abbrev  0x0000000000001ee1      0x108 /tmp/cckRO3mW.debug.temp.o
 .debug_abbrev  0x0000000000001fe9       0xc5 /tmp/cc3ELZbY.debug.temp.o
 .debug_abbrev  0x00000000000020ae      0x137 /tmp/ccImE67W.debug.temp.o
 .debug_abbrev  0x00000000000021e5      0x12d /tmp/cc93u2BY.debug.temp.o
 .debug_abbrev  0x0000000000002312      0x135 /tmp/ccNJnaeY.debug.temp.o
 .debug_abbrev  0x0000000000002447      0x108 /tmp/cc2BMTVX.debug.temp.o
 .debug_abbrev  0x000000000000254f      0x150 /tmp/cc8ULucW.debug.temp.o
 .debug_abbrev  0x000000000000269f      0x181 /tmp/ccwW3SIV.debug.temp.o
 .debug_abbrev  0x0000000000002820      0x165 /tmp/ccHdPJ3W.debug.temp.o
 .debug_abbrev  0x0000000000002985      0x1dd /tmp/cc7SsrWV.debug.temp.o
 .debug_abbrev  0x0000000000002b62      0x242 /tmp/ccB785sY.debug.temp.o
 .debug_abbrev  0x0000000000002da4      0x240 /tmp/ccpy3HuY.debug.temp.o
 .debug_abbrev  0x0000000000002fe4      0x1fe /tmp/ccKv4NKW.debug.temp.o
 .debug_abbrev  0x00000000000031e2      0x1c3 /tmp/ccdBxqZW.debug.temp.o
 .debug_abbrev  0x00000000000033a5      0x267 /tmp/ccKpY9TX.debug.temp.o
 .debug_abbrev  0x000000000000360c      0x25a /tmp/ccpoRDHX.debug.temp.o
 .debug_abbrev  0x0000000000003866      0x216 /tmp/ccLQifvW.debug.temp.o
 .debug_abbrev  0x0000000000003a7c      0x315 /tmp/ccslt9MY.debug.temp.o
 .debug_abbrev  0x0000000000003d91      0x22b /tmp/ccxjZZIU.debug.temp.o
 .debug_abbrev  0x0000000000003fbc      0x209 /tmp/ccLhdr5W.debug.temp.o
 .debug_abbrev  0x00000000000041c5       0xd8 /tmp/ccnmp33X.debug.temp.o
 .debug_abbrev  0x000000000000429d       0xd5 /tmp/ccKJMUjY.debug.temp.o
 .debug_abbrev  0x0000000000004372      0x224 /tmp/cc6iG1uV.debug.temp.o
 .debug_abbrev  0x0000000000004596      0x101 /tmp/ccIFhURY.debug.temp.o
 .debug_abbrev  0x0000000000004697      0x110 /tmp/ccCXxtJX.debug.temp.o

.debug_loc      0x0000000000000000    0x28481
 .debug_loc     0x0000000000000000    0x174d7 /tmp/SetupBrowser.dll.CnWscW.ltrans0.ltrans.o
 .debug_loc     0x00000000000174d7    0x10faa /tmp/SetupBrowser.dll.CnWscW.ltrans1.ltrans.o

.debug_aranges  0x0000000000000000      0xc10
 .debug_aranges
                0x0000000000000000      0x8b0 /tmp/SetupBrowser.dll.CnWscW.ltrans0.ltrans.o
 .debug_aranges
                0x00000000000008b0      0x360 /tmp/SetupBrowser.dll.CnWscW.ltrans1.ltrans.o

.debug_ranges   0x0000000000000000     0x3c40
 .debug_ranges  0x0000000000000000     0x2140 /tmp/SetupBrowser.dll.CnWscW.ltrans0.ltrans.o
 .debug_ranges  0x0000000000002140     0x1b00 /tmp/SetupBrowser.dll.CnWscW.ltrans1.ltrans.o

.debug_line     0x0000000000000000    0x17ea1
 .debug_line    0x0000000000000000     0x926d /tmp/SetupBrowser.dll.CnWscW.ltrans0.ltrans.o
 .debug_line    0x000000000000926d     0x7597 /tmp/SetupBrowser.dll.CnWscW.ltrans1.ltrans.o
 .debug_line    0x0000000000010804      0x1a8 /tmp/cc1M4RXY.debug.temp.o
 .debug_line    0x00000000000109ac      0x1a8 /tmp/ccmbRfEV.debug.temp.o
 .debug_line    0x0000000000010b54      0x392 /tmp/ccLEjlwV.debug.temp.o
 .debug_line    0x0000000000010ee6      0x1a7 /tmp/cczmpJaV.debug.temp.o
 .debug_line    0x000000000001108d      0x341 /tmp/ccW6RWmX.debug.temp.o
 .debug_line    0x00000000000113ce      0x56e /tmp/cc2uyJ2Y.debug.temp.o
 .debug_line    0x000000000001193c      0x571 /tmp/ccb2ue5W.debug.temp.o
 .debug_line    0x0000000000011ead      0x573 /tmp/ccxAYCwV.debug.temp.o
 .debug_line    0x0000000000012420      0x575 /tmp/ccBC5poX.debug.temp.o
 .debug_line    0x0000000000012995      0x1aa /tmp/ccqJoyfV.debug.temp.o
 .debug_line    0x0000000000012b3f      0x1aa /tmp/ccFQMHTW.debug.temp.o
 .debug_line    0x0000000000012ce9      0x1ad /tmp/ccWC2ocX.debug.temp.o
 .debug_line    0x0000000000012e96      0x1aa /tmp/ccK8tSKY.debug.temp.o
 .debug_line    0x0000000000013040      0x181 /tmp/cck0o2NV.debug.temp.o
 .debug_line    0x00000000000131c1      0x182 /tmp/ccf671PX.debug.temp.o
 .debug_line    0x0000000000013343      0x181 /tmp/ccPDEbYV.debug.temp.o
 .debug_line    0x00000000000134c4      0x18a /tmp/ccP15ftX.debug.temp.o
 .debug_line    0x000000000001364e      0x181 /tmp/ccyzW7DW.debug.temp.o
 .debug_line    0x00000000000137cf      0x180 /tmp/cckRO3mW.debug.temp.o
 .debug_line    0x000000000001394f      0x183 /tmp/cc3ELZbY.debug.temp.o
 .debug_line    0x0000000000013ad2      0x182 /tmp/ccImE67W.debug.temp.o
 .debug_line    0x0000000000013c54      0x182 /tmp/cc93u2BY.debug.temp.o
 .debug_line    0x0000000000013dd6      0x17e /tmp/ccNJnaeY.debug.temp.o
 .debug_line    0x0000000000013f54      0x17e /tmp/cc2BMTVX.debug.temp.o
 .debug_line    0x00000000000140d2      0x19d /tmp/cc8ULucW.debug.temp.o
 .debug_line    0x000000000001426f      0x1bb /tmp/ccwW3SIV.debug.temp.o
 .debug_line    0x000000000001442a      0x24d /tmp/ccHdPJ3W.debug.temp.o
 .debug_line    0x0000000000014677      0x37b /tmp/cc7SsrWV.debug.temp.o
 .debug_line    0x00000000000149f2      0x373 /tmp/ccB785sY.debug.temp.o
 .debug_line    0x0000000000014d65      0x3b7 /tmp/ccpy3HuY.debug.temp.o
 .debug_line    0x000000000001511c      0x3b5 /tmp/ccKv4NKW.debug.temp.o
 .debug_line    0x00000000000154d1      0x32f /tmp/ccdBxqZW.debug.temp.o
 .debug_line    0x0000000000015800      0x3b8 /tmp/ccKpY9TX.debug.temp.o
 .debug_line    0x0000000000015bb8      0x40c /tmp/ccpoRDHX.debug.temp.o
 .debug_line    0x0000000000015fc4      0x450 /tmp/ccLQifvW.debug.temp.o
 .debug_line    0x0000000000016414      0x56a /tmp/ccslt9MY.debug.temp.o
 .debug_line    0x000000000001697e      0x54d /tmp/ccxjZZIU.debug.temp.o
 .debug_line    0x0000000000016ecb      0x54f /tmp/ccLhdr5W.debug.temp.o
 .debug_line    0x000000000001741a      0x185 /tmp/ccnmp33X.debug.temp.o
 .debug_line    0x000000000001759f      0x1cf /tmp/ccKJMUjY.debug.temp.o
 .debug_line    0x000000000001776e      0x3b3 /tmp/cc6iG1uV.debug.temp.o
 .debug_line    0x0000000000017b21      0x201 /tmp/ccIFhURY.debug.temp.o
 .debug_line    0x0000000000017d22      0x17f /tmp/ccCXxtJX.debug.temp.o

.debug_str      0x0000000000000000     0xae4c
 .debug_str     0x0000000000000000      0x3f8 /tmp/SetupBrowser.dll.CnWscW.ltrans0.ltrans.o
                                        0x3ff (size before relaxing)
 .debug_str     0x00000000000003f8       0x80 /tmp/SetupBrowser.dll.CnWscW.ltrans1.ltrans.o
                                        0x342 (size before relaxing)
 .debug_str     0x0000000000000478      0x445 /tmp/cc1M4RXY.debug.temp.o
                                        0x4b4 (size before relaxing)
 .debug_str     0x00000000000008bd       0x5a /tmp/ccmbRfEV.debug.temp.o
                                        0x4a8 (size before relaxing)
 .debug_str     0x0000000000000917     0x149a /tmp/ccLEjlwV.debug.temp.o
                                       0x17f6 (size before relaxing)
 .debug_str     0x0000000000001db1      0x13d /tmp/cczmpJaV.debug.temp.o
                                        0x515 (size before relaxing)
 .debug_str     0x0000000000001eee      0x9c7 /tmp/ccW6RWmX.debug.temp.o
                                       0x20b1 (size before relaxing)
 .debug_str     0x00000000000028b5     0x2018 /tmp/cc2uyJ2Y.debug.temp.o
                                       0x41bd (size before relaxing)
 .debug_str     0x00000000000048cd      0x892 /tmp/ccb2ue5W.debug.temp.o
                                       0x3f61 (size before relaxing)
 .debug_str     0x000000000000515f      0xbf6 /tmp/ccxAYCwV.debug.temp.o
                                       0x3f6c (size before relaxing)
 .debug_str     0x0000000000005d55      0x563 /tmp/ccBC5poX.debug.temp.o
                                       0x39cc (size before relaxing)
 .debug_str     0x00000000000062b8      0x139 /tmp/ccqJoyfV.debug.temp.o
                                        0x513 (size before relaxing)
 .debug_str     0x00000000000063f1       0x57 /tmp/ccFQMHTW.debug.temp.o
                                        0x4be (size before relaxing)
 .debug_str     0x0000000000006448       0x79 /tmp/ccWC2ocX.debug.temp.o
                                        0x4e7 (size before relaxing)
 .debug_str     0x00000000000064c1       0x57 /tmp/ccK8tSKY.debug.temp.o
                                        0x4d6 (size before relaxing)
 .debug_str     0x0000000000006518       0xc4 /tmp/cck0o2NV.debug.temp.o
                                        0x59e (size before relaxing)
 .debug_str     0x00000000000065dc       0x5f /tmp/ccf671PX.debug.temp.o
                                        0x5ab (size before relaxing)
 .debug_str     0x000000000000663b       0x46 /tmp/ccPDEbYV.debug.temp.o
                                        0x59e (size before relaxing)
 .debug_str     0x0000000000006681       0x73 /tmp/ccP15ftX.debug.temp.o
                                        0x5b7 (size before relaxing)
 .debug_str     0x00000000000066f4       0x46 /tmp/ccyzW7DW.debug.temp.o
                                        0x59b (size before relaxing)
 .debug_str     0x000000000000673a      0x20c /tmp/cckRO3mW.debug.temp.o
                                        0x787 (size before relaxing)
 .debug_str     0x0000000000006946       0x54 /tmp/cc3ELZbY.debug.temp.o
                                        0x59a (size before relaxing)
 .debug_str     0x000000000000699a      0x11f /tmp/ccImE67W.debug.temp.o
                                        0x6aa (size before relaxing)
 .debug_str     0x0000000000006ab9      0x2e3 /tmp/cc93u2BY.debug.temp.o
                                        0x959 (size before relaxing)
 .debug_str     0x0000000000006d9c      0x313 /tmp/ccNJnaeY.debug.temp.o
                                        0x97b (size before relaxing)
 .debug_str     0x00000000000070af      0x18c /tmp/cc2BMTVX.debug.temp.o
                                        0x718 (size before relaxing)
 .debug_str     0x000000000000723b      0x2b6 /tmp/cc8ULucW.debug.temp.o
                                        0x730 (size before relaxing)
 .debug_str     0x00000000000074f1      0x235 /tmp/ccwW3SIV.debug.temp.o
                                        0x864 (size before relaxing)
 .debug_str     0x0000000000007726      0x202 /tmp/ccHdPJ3W.debug.temp.o
                                        0x709 (size before relaxing)
 .debug_str     0x0000000000007928      0x12a /tmp/cc7SsrWV.debug.temp.o
                                       0x16d3 (size before relaxing)
 .debug_str     0x0000000000007a52      0x329 /tmp/ccB785sY.debug.temp.o
                                       0x193f (size before relaxing)
 .debug_str     0x0000000000007d7b      0x41d /tmp/ccpy3HuY.debug.temp.o
                                       0x1b08 (size before relaxing)
 .debug_str     0x0000000000008198       0xc1 /tmp/ccKv4NKW.debug.temp.o
                                       0x193e (size before relaxing)
 .debug_str     0x0000000000008259      0x139 /tmp/ccdBxqZW.debug.temp.o
                                       0x16d5 (size before relaxing)
 .debug_str     0x0000000000008392      0x731 /tmp/ccKpY9TX.debug.temp.o
                                       0x2209 (size before relaxing)
 .debug_str     0x0000000000008ac3      0x60f /tmp/ccpoRDHX.debug.temp.o
                                       0x1d79 (size before relaxing)
 .debug_str     0x00000000000090d2      0x75d /tmp/ccLQifvW.debug.temp.o
                                       0x2330 (size before relaxing)
 .debug_str     0x000000000000982f      0xa9b /tmp/ccslt9MY.debug.temp.o
                                       0x3722 (size before relaxing)
 .debug_str     0x000000000000a2ca       0xac /tmp/ccxjZZIU.debug.temp.o
                                       0x256a (size before relaxing)
 .debug_str     0x000000000000a376       0x8e /tmp/ccLhdr5W.debug.temp.o
                                       0x24fb (size before relaxing)
 .debug_str     0x000000000000a404       0xe3 /tmp/ccnmp33X.debug.temp.o
                                        0x641 (size before relaxing)
 .debug_str     0x000000000000a4e7      0x142 /tmp/ccKJMUjY.debug.temp.o
                                        0x546 (size before relaxing)
 .debug_str     0x000000000000a629      0x4c5 /tmp/cc6iG1uV.debug.temp.o
                                        0xbf8 (size before relaxing)
 .debug_str     0x000000000000aaee      0x208 /tmp/ccIFhURY.debug.temp.o
                                        0x610 (size before relaxing)
 .debug_str     0x000000000000acf6      0x156 /tmp/ccCXxtJX.debug.temp.o
                                        0x52c (size before relaxing)

.debug_frame    0x0000000000000000     0x2808
 .debug_frame   0x0000000000000000     0x1b58 /tmp/SetupBrowser.dll.CnWscW.ltrans0.ltrans.o
 .debug_frame   0x0000000000001b58      0xcb0 /tmp/SetupBrowser.dll.CnWscW.ltrans1.ltrans.o
