Archive member included to satisfy reference by file (symbol)

/home/j0sh1x/Lg_G7_ThinQ_Edk2/edk2_LG_G7_THINQ/workspace/Build/LgG7ThinQPkg/DEBUG_GCC5/AARCH64/ArmPkg/Library/CompilerIntrinsicsLib/CompilerIntrinsicsLib/OUTPUT/CompilerIntrinsicsLib.lib(memcpy.obj)
                              /home/j0sh1x/Lg_G7_ThinQ_Edk2/edk2/ArmPkg/Library/GccLto/liblto-aarch64.a (memcpy)
/home/j0sh1x/Lg_G7_ThinQ_Edk2/edk2_LG_G7_THINQ/workspace/Build/LgG7ThinQPkg/DEBUG_GCC5/AARCH64/ArmPkg/Library/CompilerIntrinsicsLib/CompilerIntrinsicsLib/OUTPUT/CompilerIntrinsicsLib.lib(memset.obj)
                              /home/j0sh1x/Lg_G7_ThinQ_Edk2/edk2/ArmPkg/Library/GccLto/liblto-aarch64.a (memset)
/home/j0sh1x/Lg_G7_ThinQ_Edk2/edk2_LG_G7_THINQ/workspace/Build/LgG7ThinQPkg/DEBUG_GCC5/AARCH64/MdePkg/Library/UefiDriverEntryPoint/UefiDriverEntryPoint/OUTPUT/UefiDriverEntryPoint.lib(DriverEntryPoint.obj)
                              (_ModuleEntryPoint)
/home/j0sh1x/Lg_G7_ThinQ_Edk2/edk2_LG_G7_THINQ/workspace/Build/LgG7ThinQPkg/DEBUG_GCC5/AARCH64/MdePkg/Library/BaseStackCheckLib/BaseStackCheckLib/OUTPUT/BaseStackCheckLib.lib(BaseStackCheckGcc.obj)
                              /home/j0sh1x/Lg_G7_ThinQ_Edk2/edk2/ArmPkg/Library/GccLto/liblto-aarch64.a (__stack_chk_fail)
/home/j0sh1x/Lg_G7_ThinQ_Edk2/edk2_LG_G7_THINQ/workspace/Build/LgG7ThinQPkg/DEBUG_GCC5/AARCH64/MdeModulePkg/Universal/BdsDxe/BdsDxe/OUTPUT/BdsDxe.lib(AutoGen.obj)
                              DriverEntryPoint.obj (symbol from plugin) (ProcessLibraryConstructorList)
/home/j0sh1x/Lg_G7_ThinQ_Edk2/edk2_LG_G7_THINQ/workspace/Build/LgG7ThinQPkg/DEBUG_GCC5/AARCH64/MdeModulePkg/Universal/BdsDxe/BdsDxe/OUTPUT/BdsDxe.lib(BdsEntry.obj)
                              AutoGen.obj (symbol from plugin) (BdsInitialize)
/home/j0sh1x/Lg_G7_ThinQ_Edk2/edk2_LG_G7_THINQ/workspace/Build/LgG7ThinQPkg/DEBUG_GCC5/AARCH64/MdeModulePkg/Universal/BdsDxe/BdsDxe/OUTPUT/BdsDxe.lib(HwErrRecSupport.obj)
                              BdsEntry.obj (symbol from plugin) (InitializeHwErrRecSupport)
/home/j0sh1x/Lg_G7_ThinQ_Edk2/edk2_LG_G7_THINQ/workspace/Build/LgG7ThinQPkg/DEBUG_GCC5/AARCH64/MdeModulePkg/Universal/BdsDxe/BdsDxe/OUTPUT/BdsDxe.lib(Language.obj)
                              BdsEntry.obj (symbol from plugin) (InitializeLanguage)
/home/j0sh1x/Lg_G7_ThinQ_Edk2/edk2_LG_G7_THINQ/workspace/Build/LgG7ThinQPkg/DEBUG_GCC5/AARCH64/MdePkg/Library/DxePcdLib/DxePcdLib/OUTPUT/DxePcdLib.lib(DxePcdLib.obj)
                              BdsEntry.obj (symbol from plugin) (LibPcdGet16)
/home/j0sh1x/Lg_G7_ThinQ_Edk2/edk2_LG_G7_THINQ/workspace/Build/LgG7ThinQPkg/DEBUG_GCC5/AARCH64/MdePkg/Library/BaseMemoryLibOptDxe/BaseMemoryLibOptDxe/OUTPUT/BaseMemoryLibOptDxe.lib(MemLibGuid.obj)
                              BdsEntry.obj (symbol from plugin) (CopyGuid)
/home/j0sh1x/Lg_G7_ThinQ_Edk2/edk2_LG_G7_THINQ/workspace/Build/LgG7ThinQPkg/DEBUG_GCC5/AARCH64/MdePkg/Library/BaseMemoryLibOptDxe/BaseMemoryLibOptDxe/OUTPUT/BaseMemoryLibOptDxe.lib(CopyMemWrapper.obj)
                              BdsEntry.obj (symbol from plugin) (CopyMem)
/home/j0sh1x/Lg_G7_ThinQ_Edk2/edk2_LG_G7_THINQ/workspace/Build/LgG7ThinQPkg/DEBUG_GCC5/AARCH64/MdePkg/Library/BaseMemoryLibOptDxe/BaseMemoryLibOptDxe/OUTPUT/BaseMemoryLibOptDxe.lib(CopyMem.obj)
                              MemLibGuid.obj (symbol from plugin) (InternalMemCopyMem)
/home/j0sh1x/Lg_G7_ThinQ_Edk2/edk2_LG_G7_THINQ/workspace/Build/LgG7ThinQPkg/DEBUG_GCC5/AARCH64/MdePkg/Library/BaseMemoryLibOptDxe/BaseMemoryLibOptDxe/OUTPUT/BaseMemoryLibOptDxe.lib(CompareGuid.obj)
                              MemLibGuid.obj (symbol from plugin) (InternalMemCompareGuid)
/home/j0sh1x/Lg_G7_ThinQ_Edk2/edk2_LG_G7_THINQ/workspace/Build/LgG7ThinQPkg/DEBUG_GCC5/AARCH64/MdePkg/Library/BaseLib/BaseLib/OUTPUT/BaseLib.lib(MultU64x32.obj)
                              BdsEntry.obj (symbol from plugin) (MultU64x32)
/home/j0sh1x/Lg_G7_ThinQ_Edk2/edk2_LG_G7_THINQ/workspace/Build/LgG7ThinQPkg/DEBUG_GCC5/AARCH64/MdePkg/Library/BaseLib/BaseLib/OUTPUT/BaseLib.lib(LowBitSet32.obj)
                              BdsEntry.obj (symbol from plugin) (LowBitSet32)
/home/j0sh1x/Lg_G7_ThinQ_Edk2/edk2_LG_G7_THINQ/workspace/Build/LgG7ThinQPkg/DEBUG_GCC5/AARCH64/MdePkg/Library/BaseLib/BaseLib/OUTPUT/BaseLib.lib(CpuDeadLoop.obj)
                              BaseStackCheckGcc.obj (symbol from plugin) (CpuDeadLoop)
/home/j0sh1x/Lg_G7_ThinQ_Edk2/edk2_LG_G7_THINQ/workspace/Build/LgG7ThinQPkg/DEBUG_GCC5/AARCH64/MdePkg/Library/BaseLib/BaseLib/OUTPUT/BaseLib.lib(String.obj)
                              BdsEntry.obj (symbol from plugin) (StrSize)
/home/j0sh1x/Lg_G7_ThinQ_Edk2/edk2_LG_G7_THINQ/workspace/Build/LgG7ThinQPkg/DEBUG_GCC5/AARCH64/MdePkg/Library/BaseLib/BaseLib/OUTPUT/BaseLib.lib(Math64.obj)
                              MultU64x32.obj (symbol from plugin) (InternalMathMultU64x32)
/home/j0sh1x/Lg_G7_ThinQ_Edk2/edk2_LG_G7_THINQ/workspace/Build/LgG7ThinQPkg/DEBUG_GCC5/AARCH64/MdePkg/Library/BaseLib/BaseLib/OUTPUT/BaseLib.lib(CpuBreakpoint.obj)
                              BaseStackCheckGcc.obj (symbol from plugin) (CpuBreakpoint)
/home/j0sh1x/Lg_G7_ThinQ_Edk2/edk2_LG_G7_THINQ/workspace/Build/LgG7ThinQPkg/DEBUG_GCC5/AARCH64/MdePkg/Library/BaseLib/BaseLib/OUTPUT/BaseLib.lib(SwapBytes32.obj)
                              Math64.obj (symbol from plugin) (SwapBytes32)
/home/j0sh1x/Lg_G7_ThinQ_Edk2/edk2_LG_G7_THINQ/workspace/Build/LgG7ThinQPkg/DEBUG_GCC5/AARCH64/MdePkg/Library/BaseLib/BaseLib/OUTPUT/BaseLib.lib(SwapBytes16.obj)
                              SwapBytes32.obj (symbol from plugin) (SwapBytes16)
/home/j0sh1x/Lg_G7_ThinQ_Edk2/edk2_LG_G7_THINQ/workspace/Build/LgG7ThinQPkg/DEBUG_GCC5/AARCH64/MdePkg/Library/BaseLib/BaseLib/OUTPUT/BaseLib.lib(SafeString.obj)
                              String.obj (symbol from plugin) (StrDecimalToUintnS)
/home/j0sh1x/Lg_G7_ThinQ_Edk2/edk2_LG_G7_THINQ/workspace/Build/LgG7ThinQPkg/DEBUG_GCC5/AARCH64/MdePkg/Library/BaseLib/BaseLib/OUTPUT/BaseLib.lib(RShiftU64.obj)
                              SafeString.obj (symbol from plugin) (RShiftU64)
/home/j0sh1x/Lg_G7_ThinQ_Edk2/edk2_LG_G7_THINQ/workspace/Build/LgG7ThinQPkg/DEBUG_GCC5/AARCH64/MdePkg/Library/BaseLib/BaseLib/OUTPUT/BaseLib.lib(LShiftU64.obj)
                              SafeString.obj (symbol from plugin) (LShiftU64)
/home/j0sh1x/Lg_G7_ThinQ_Edk2/edk2_LG_G7_THINQ/workspace/Build/LgG7ThinQPkg/DEBUG_GCC5/AARCH64/MdePkg/Library/BaseLib/BaseLib/OUTPUT/BaseLib.lib(DivU64x32.obj)
                              SafeString.obj (symbol from plugin) (DivU64x32)
/home/j0sh1x/Lg_G7_ThinQ_Edk2/edk2_LG_G7_THINQ/workspace/Build/LgG7ThinQPkg/DEBUG_GCC5/AARCH64/MdePkg/Library/BasePrintLib/BasePrintLib/OUTPUT/BasePrintLib.lib(PrintLib.obj)
                              BdsEntry.obj (symbol from plugin) (UnicodeSPrint)
/home/j0sh1x/Lg_G7_ThinQ_Edk2/edk2_LG_G7_THINQ/workspace/Build/LgG7ThinQPkg/DEBUG_GCC5/AARCH64/MdePkg/Library/BasePrintLib/BasePrintLib/OUTPUT/BasePrintLib.lib(PrintLibInternal.obj)
                              PrintLib.obj (symbol from plugin) (BasePrintLibConvertValueToString)
/home/j0sh1x/Lg_G7_ThinQ_Edk2/edk2_LG_G7_THINQ/workspace/Build/LgG7ThinQPkg/DEBUG_GCC5/AARCH64/MdePkg/Library/BaseDebugLibSerialPort/BaseDebugLibSerialPort/OUTPUT/BaseDebugLibSerialPort.lib(DebugLib.obj)
                              AutoGen.obj (symbol from plugin) (BaseDebugLibSerialPortConstructor)
/home/j0sh1x/Lg_G7_ThinQ_Edk2/edk2_LG_G7_THINQ/workspace/Build/LgG7ThinQPkg/DEBUG_GCC5/AARCH64/MdePkg/Library/UefiMemoryAllocationLib/UefiMemoryAllocationLib/OUTPUT/UefiMemoryAllocationLib.lib(MemoryAllocationLib.obj)
                              BdsEntry.obj (symbol from plugin) (AllocatePool)
/home/j0sh1x/Lg_G7_ThinQ_Edk2/edk2_LG_G7_THINQ/workspace/Build/LgG7ThinQPkg/DEBUG_GCC5/AARCH64/MdePkg/Library/UefiRuntimeServicesTableLib/UefiRuntimeServicesTableLib/OUTPUT/UefiRuntimeServicesTableLib.lib(UefiRuntimeServicesTableLib.obj)
                              AutoGen.obj (symbol from plugin) (UefiRuntimeServicesTableLibConstructor)
/home/j0sh1x/Lg_G7_ThinQ_Edk2/edk2_LG_G7_THINQ/workspace/Build/LgG7ThinQPkg/DEBUG_GCC5/AARCH64/MdePkg/Library/UefiBootServicesTableLib/UefiBootServicesTableLib/OUTPUT/UefiBootServicesTableLib.lib(UefiBootServicesTableLib.obj)
                              AutoGen.obj (symbol from plugin) (UefiBootServicesTableLibConstructor)
/home/j0sh1x/Lg_G7_ThinQ_Edk2/edk2_LG_G7_THINQ/workspace/Build/LgG7ThinQPkg/DEBUG_GCC5/AARCH64/MdePkg/Library/UefiDevicePathLib/UefiDevicePathLib/OUTPUT/UefiDevicePathLib.lib(DevicePathUtilities.obj)
                              BdsEntry.obj (symbol from plugin) (IsDevicePathValid)
/home/j0sh1x/Lg_G7_ThinQ_Edk2/edk2_LG_G7_THINQ/workspace/Build/LgG7ThinQPkg/DEBUG_GCC5/AARCH64/MdePkg/Library/UefiDevicePathLib/UefiDevicePathLib/OUTPUT/UefiDevicePathLib.lib(UefiDevicePathLib.obj)
                              DevicePathUtilities.obj (symbol from plugin) (GetDevicePathSize)
/home/j0sh1x/Lg_G7_ThinQ_Edk2/edk2_LG_G7_THINQ/workspace/Build/LgG7ThinQPkg/DEBUG_GCC5/AARCH64/MdePkg/Library/UefiDevicePathLib/UefiDevicePathLib/OUTPUT/UefiDevicePathLib.lib(DevicePathToText.obj)
                              UefiDevicePathLib.obj (symbol from plugin) (UefiDevicePathLibConvertDeviceNodeToText)
/home/j0sh1x/Lg_G7_ThinQ_Edk2/edk2_LG_G7_THINQ/workspace/Build/LgG7ThinQPkg/DEBUG_GCC5/AARCH64/MdePkg/Library/UefiDevicePathLib/UefiDevicePathLib/OUTPUT/UefiDevicePathLib.lib(DevicePathFromText.obj)
                              UefiDevicePathLib.obj (symbol from plugin) (UefiDevicePathLibConvertTextToDeviceNode)
/home/j0sh1x/Lg_G7_ThinQ_Edk2/edk2_LG_G7_THINQ/workspace/Build/LgG7ThinQPkg/DEBUG_GCC5/AARCH64/MdePkg/Library/UefiLib/UefiLib/OUTPUT/UefiLib.lib(UefiLibPrint.obj)
                              BdsEntry.obj (symbol from plugin) (Print)
/home/j0sh1x/Lg_G7_ThinQ_Edk2/edk2_LG_G7_THINQ/workspace/Build/LgG7ThinQPkg/DEBUG_GCC5/AARCH64/MdePkg/Library/UefiLib/UefiLib/OUTPUT/UefiLib.lib(UefiLib.obj)
                              AutoGen.obj (symbol from plugin) (UefiLibConstructor)
/home/j0sh1x/Lg_G7_ThinQ_Edk2/edk2_LG_G7_THINQ/workspace/Build/LgG7ThinQPkg/DEBUG_GCC5/AARCH64/MdePkg/Library/DxeHobLib/DxeHobLib/OUTPUT/DxeHobLib.lib(HobLib.obj)
                              AutoGen.obj (symbol from plugin) (HobLibConstructor)
/home/j0sh1x/Lg_G7_ThinQ_Edk2/edk2_LG_G7_THINQ/workspace/Build/LgG7ThinQPkg/DEBUG_GCC5/AARCH64/MdeModulePkg/Library/UefiHiiServicesLib/UefiHiiServicesLib/OUTPUT/UefiHiiServicesLib.lib(UefiHiiServicesLib.obj)
                              AutoGen.obj (symbol from plugin) (UefiHiiServicesLibConstructor)
/home/j0sh1x/Lg_G7_ThinQ_Edk2/edk2_LG_G7_THINQ/workspace/Build/LgG7ThinQPkg/DEBUG_GCC5/AARCH64/MdePkg/Library/DxeServicesTableLib/DxeServicesTableLib/OUTPUT/DxeServicesTableLib.lib(DxeServicesTableLib.obj)
                              AutoGen.obj (symbol from plugin) (DxeServicesTableLibConstructor)
/home/j0sh1x/Lg_G7_ThinQ_Edk2/edk2_LG_G7_THINQ/workspace/Build/LgG7ThinQPkg/DEBUG_GCC5/AARCH64/MdeModulePkg/Library/DxePerformanceLib/DxePerformanceLib/OUTPUT/DxePerformanceLib.lib(DxePerformanceLib.obj)
                              BdsEntry.obj (symbol from plugin) (LogPerformanceMeasurement)
/home/j0sh1x/Lg_G7_ThinQ_Edk2/edk2_LG_G7_THINQ/workspace/Build/LgG7ThinQPkg/DEBUG_GCC5/AARCH64/IntelFrameworkModulePkg/Library/DxeReportStatusCodeLibFramework/DxeReportStatusCodeLib/OUTPUT/DxeReportStatusCodeLib.lib(ReportStatusCodeLib.obj)
                              BdsEntry.obj (symbol from plugin) (ReportProgressCodeEnabled)
/home/j0sh1x/Lg_G7_ThinQ_Edk2/edk2_LG_G7_THINQ/workspace/Build/LgG7ThinQPkg/DEBUG_GCC5/AARCH64/MdeModulePkg/Library/UefiBootManagerLib/UefiBootManagerLib/OUTPUT/UefiBootManagerLib.lib(BmConnect.obj)
                              BdsEntry.obj (symbol from plugin) (EfiBootManagerConnectAll)
/home/j0sh1x/Lg_G7_ThinQ_Edk2/edk2_LG_G7_THINQ/workspace/Build/LgG7ThinQPkg/DEBUG_GCC5/AARCH64/MdeModulePkg/Library/UefiBootManagerLib/UefiBootManagerLib/OUTPUT/UefiBootManagerLib.lib(BmConsole.obj)
                              BdsEntry.obj (symbol from plugin) (EfiBootManagerConnectConsoleVariable)
/home/j0sh1x/Lg_G7_ThinQ_Edk2/edk2_LG_G7_THINQ/workspace/Build/LgG7ThinQPkg/DEBUG_GCC5/AARCH64/MdeModulePkg/Library/UefiBootManagerLib/UefiBootManagerLib/OUTPUT/UefiBootManagerLib.lib(BmBoot.obj)
                              BdsEntry.obj (symbol from plugin) (EfiBootManagerBoot)
/home/j0sh1x/Lg_G7_ThinQ_Edk2/edk2_LG_G7_THINQ/workspace/Build/LgG7ThinQPkg/DEBUG_GCC5/AARCH64/MdeModulePkg/Library/UefiBootManagerLib/UefiBootManagerLib/OUTPUT/UefiBootManagerLib.lib(BmBootDescription.obj)
                              BmBoot.obj (symbol from plugin) (BmGetBootDescription)
/home/j0sh1x/Lg_G7_ThinQ_Edk2/edk2_LG_G7_THINQ/workspace/Build/LgG7ThinQPkg/DEBUG_GCC5/AARCH64/MdeModulePkg/Library/UefiBootManagerLib/UefiBootManagerLib/OUTPUT/UefiBootManagerLib.lib(BmLoadOption.obj)
                              BmBoot.obj (symbol from plugin) (mBmLoadOptionName)
/home/j0sh1x/Lg_G7_ThinQ_Edk2/edk2_LG_G7_THINQ/workspace/Build/LgG7ThinQPkg/DEBUG_GCC5/AARCH64/MdeModulePkg/Library/UefiBootManagerLib/UefiBootManagerLib/OUTPUT/UefiBootManagerLib.lib(BmHotkey.obj)
                              BdsEntry.obj (symbol from plugin) (EfiBootManagerHotkeyBoot)
/home/j0sh1x/Lg_G7_ThinQ_Edk2/edk2_LG_G7_THINQ/workspace/Build/LgG7ThinQPkg/DEBUG_GCC5/AARCH64/MdeModulePkg/Library/UefiBootManagerLib/UefiBootManagerLib/OUTPUT/UefiBootManagerLib.lib(BmDriverHealth.obj)
                              BmBoot.obj (symbol from plugin) (BmRepairAllControllers)
/home/j0sh1x/Lg_G7_ThinQ_Edk2/edk2_LG_G7_THINQ/workspace/Build/LgG7ThinQPkg/DEBUG_GCC5/AARCH64/MdeModulePkg/Library/UefiBootManagerLib/UefiBootManagerLib/OUTPUT/UefiBootManagerLib.lib(BmMisc.obj)
                              BmConsole.obj (symbol from plugin) (BmDelPartMatchInstance)
/home/j0sh1x/Lg_G7_ThinQ_Edk2/edk2_LG_G7_THINQ/workspace/Build/LgG7ThinQPkg/DEBUG_GCC5/AARCH64/LgG7ThinQPkg/Library/PlatformBootManagerLib/PlatformBootManagerLib/OUTPUT/PlatformBootManagerLib.lib(PlatformBm.obj)
                              BdsEntry.obj (symbol from plugin) (PlatformBootManagerBeforeConsole)
/home/j0sh1x/Lg_G7_ThinQ_Edk2/edk2_LG_G7_THINQ/workspace/Build/LgG7ThinQPkg/DEBUG_GCC5/AARCH64/MdePkg/Library/BaseMemoryLibOptDxe/BaseMemoryLibOptDxe/OUTPUT/BaseMemoryLibOptDxe.lib(ZeroMemWrapper.obj)
                              String.obj (symbol from plugin) (ZeroMem)
/home/j0sh1x/Lg_G7_ThinQ_Edk2/edk2_LG_G7_THINQ/workspace/Build/LgG7ThinQPkg/DEBUG_GCC5/AARCH64/MdePkg/Library/BaseMemoryLibOptDxe/BaseMemoryLibOptDxe/OUTPUT/BaseMemoryLibOptDxe.lib(CompareMemWrapper.obj)
                              BmBoot.obj (symbol from plugin) (CompareMem)
/home/j0sh1x/Lg_G7_ThinQ_Edk2/edk2_LG_G7_THINQ/workspace/Build/LgG7ThinQPkg/DEBUG_GCC5/AARCH64/MdePkg/Library/BaseMemoryLibOptDxe/BaseMemoryLibOptDxe/OUTPUT/BaseMemoryLibOptDxe.lib(SetMemWrapper.obj)
                              DebugLib.obj (symbol from plugin) (SetMem)
/home/j0sh1x/Lg_G7_ThinQ_Edk2/edk2_LG_G7_THINQ/workspace/Build/LgG7ThinQPkg/DEBUG_GCC5/AARCH64/MdePkg/Library/BaseMemoryLibOptDxe/BaseMemoryLibOptDxe/OUTPUT/BaseMemoryLibOptDxe.lib(SetMem.obj)
                              ZeroMemWrapper.obj (symbol from plugin) (InternalMemZeroMem)
/home/j0sh1x/Lg_G7_ThinQ_Edk2/edk2_LG_G7_THINQ/workspace/Build/LgG7ThinQPkg/DEBUG_GCC5/AARCH64/MdePkg/Library/BaseMemoryLibOptDxe/BaseMemoryLibOptDxe/OUTPUT/BaseMemoryLibOptDxe.lib(CompareMem.obj)
                              CompareMemWrapper.obj (symbol from plugin) (InternalMemCompareMem)
/home/j0sh1x/Lg_G7_ThinQ_Edk2/edk2_LG_G7_THINQ/workspace/Build/LgG7ThinQPkg/DEBUG_GCC5/AARCH64/MdePkg/Library/BaseMemoryLibOptDxe/BaseMemoryLibOptDxe/OUTPUT/BaseMemoryLibOptDxe.lib(SetMem64Wrapper.obj)
                              SetMemWrapper.obj (symbol from plugin) (SetMem64)
/home/j0sh1x/Lg_G7_ThinQ_Edk2/edk2_LG_G7_THINQ/workspace/Build/LgG7ThinQPkg/DEBUG_GCC5/AARCH64/MdePkg/Library/BaseLib/BaseLib/OUTPUT/BaseLib.lib(SwapBytes64.obj)
                              DevicePathFromText.obj (symbol from plugin) (SwapBytes64)
/home/j0sh1x/Lg_G7_ThinQ_Edk2/edk2_LG_G7_THINQ/workspace/Build/LgG7ThinQPkg/DEBUG_GCC5/AARCH64/MdePkg/Library/BaseLib/BaseLib/OUTPUT/BaseLib.lib(DivU64x32Remainder.obj)
                              PrintLibInternal.obj (symbol from plugin) (DivU64x32Remainder)
/home/j0sh1x/Lg_G7_ThinQ_Edk2/edk2_LG_G7_THINQ/workspace/Build/LgG7ThinQPkg/DEBUG_GCC5/AARCH64/MdePkg/Library/BaseLib/BaseLib/OUTPUT/BaseLib.lib(LinkedList.obj)
                              BmBootDescription.obj (symbol from plugin) (InsertTailList)
/home/j0sh1x/Lg_G7_ThinQ_Edk2/edk2_LG_G7_THINQ/workspace/Build/LgG7ThinQPkg/DEBUG_GCC5/AARCH64/MdePkg/Library/BaseLib/BaseLib/OUTPUT/BaseLib.lib(Unaligned.obj)
                              PrintLibInternal.obj (symbol from plugin) (ReadUnaligned16)
/home/j0sh1x/Lg_G7_ThinQ_Edk2/edk2_LG_G7_THINQ/workspace/Build/LgG7ThinQPkg/DEBUG_GCC5/AARCH64/MdePkg/Library/BaseDebugPrintErrorLevelLib/BaseDebugPrintErrorLevelLib/OUTPUT/BaseDebugPrintErrorLevelLib.lib(BaseDebugPrintErrorLevelLib.obj)
                              DebugLib.obj (symbol from plugin) (GetDebugPrintErrorLevel)
/home/j0sh1x/Lg_G7_ThinQ_Edk2/edk2_LG_G7_THINQ/workspace/Build/LgG7ThinQPkg/DEBUG_GCC5/AARCH64/LgG7ThinQPkg/Library/FrameBufferSerialPortLib/FrameBufferSerialPortLib/OUTPUT/FrameBufferSerialPortLib.lib(FrameBufferSerialPortLib.obj)
                              DebugLib.obj (symbol from plugin) (SerialPortInitialize)
/home/j0sh1x/Lg_G7_ThinQ_Edk2/edk2_LG_G7_THINQ/workspace/Build/LgG7ThinQPkg/DEBUG_GCC5/AARCH64/MdePkg/Library/UefiLib/UefiLib/OUTPUT/UefiLib.lib(UefiNotTiano.obj)
                              BmBoot.obj (symbol from plugin) (EfiCreateEventLegacyBootEx)
/home/j0sh1x/Lg_G7_ThinQ_Edk2/edk2_LG_G7_THINQ/workspace/Build/LgG7ThinQPkg/DEBUG_GCC5/AARCH64/MdeModulePkg/Library/UefiSortLib/UefiSortLib/OUTPUT/UefiSortLib.lib(UefiSortLib.obj)
                              BmLoadOption.obj (symbol from plugin) (PerformQuickSort)
/home/j0sh1x/Lg_G7_ThinQ_Edk2/edk2_LG_G7_THINQ/workspace/Build/LgG7ThinQPkg/DEBUG_GCC5/AARCH64/MdeModulePkg/Library/UefiHiiLib/UefiHiiLib/OUTPUT/UefiHiiLib.lib(HiiLib.obj)
                              BmDriverHealth.obj (symbol from plugin) (HiiGetHiiHandles)
/home/j0sh1x/Lg_G7_ThinQ_Edk2/edk2_LG_G7_THINQ/workspace/Build/LgG7ThinQPkg/DEBUG_GCC5/AARCH64/MdeModulePkg/Library/UefiHiiLib/UefiHiiLib/OUTPUT/UefiHiiLib.lib(HiiString.obj)
                              BmDriverHealth.obj (symbol from plugin) (HiiGetString)
/home/j0sh1x/Lg_G7_ThinQ_Edk2/edk2_LG_G7_THINQ/workspace/Build/LgG7ThinQPkg/DEBUG_GCC5/AARCH64/MdeModulePkg/Library/UefiHiiLib/UefiHiiLib/OUTPUT/UefiHiiLib.lib(HiiLanguage.obj)
                              HiiString.obj (symbol from plugin) (HiiGetSupportedLanguages)
/home/j0sh1x/Lg_G7_ThinQ_Edk2/edk2_LG_G7_THINQ/workspace/Build/LgG7ThinQPkg/DEBUG_GCC5/AARCH64/MdePkg/Library/DxeServicesLib/DxeServicesLib/OUTPUT/DxeServicesLib.lib(DxeServicesLib.obj)
                              BmBoot.obj (symbol from plugin) (GetSectionFromFv)
/home/j0sh1x/Lg_G7_ThinQ_Edk2/edk2_LG_G7_THINQ/workspace/Build/LgG7ThinQPkg/DEBUG_GCC5/AARCH64/MdeModulePkg/Library/DxeCapsuleLibNull/DxeCapsuleLibNull/OUTPUT/DxeCapsuleLibNull.lib(DxeCapsuleLibNull.obj)
                              PlatformBm.obj (symbol from plugin) (ProcessCapsules)
/home/j0sh1x/Lg_G7_ThinQ_Edk2/edk2_LG_G7_THINQ/workspace/Build/LgG7ThinQPkg/DEBUG_GCC5/AARCH64/MdeModulePkg/Library/BootLogoLib/BootLogoLib/OUTPUT/BootLogoLib.lib(BootLogoLib.obj)
                              PlatformBm.obj (symbol from plugin) (BootLogoEnableLogo)
/home/j0sh1x/Lg_G7_ThinQ_Edk2/edk2_LG_G7_THINQ/workspace/Build/LgG7ThinQPkg/DEBUG_GCC5/AARCH64/MdePkg/Library/BaseLib/BaseLib/OUTPUT/BaseLib.lib(BitField.obj)
                              HiiLib.obj (symbol from plugin) (BitFieldRead32)
/home/j0sh1x/Lg_G7_ThinQ_Edk2/edk2_LG_G7_THINQ/workspace/Build/LgG7ThinQPkg/DEBUG_GCC5/AARCH64/ArmPkg/Library/ArmLib/ArmBaseLib/OUTPUT/ArmBaseLib.lib(ArmLibSupport.obj)
                              FrameBufferSerialPortLib.obj (symbol from plugin) (ArmGetInterruptState)
/home/j0sh1x/Lg_G7_ThinQ_Edk2/edk2_LG_G7_THINQ/workspace/Build/LgG7ThinQPkg/DEBUG_GCC5/AARCH64/ArmPkg/Library/ArmLib/ArmBaseLib/OUTPUT/ArmBaseLib.lib(ArmLibSupportV8.obj)
                              FrameBufferSerialPortLib.obj (symbol from plugin) (ArmEnableInterrupts)
/home/j0sh1x/Lg_G7_ThinQ_Edk2/edk2_LG_G7_THINQ/workspace/Build/LgG7ThinQPkg/DEBUG_GCC5/AARCH64/ArmPkg/Library/ArmCacheMaintenanceLib/ArmCacheMaintenanceLib/OUTPUT/ArmCacheMaintenanceLib.lib(ArmCacheMaintenanceLib.obj)
                              FrameBufferSerialPortLib.obj (symbol from plugin) (WriteBackInvalidateDataCacheRange)
/home/j0sh1x/Lg_G7_ThinQ_Edk2/edk2_LG_G7_THINQ/workspace/Build/LgG7ThinQPkg/DEBUG_GCC5/AARCH64/ArmPkg/Library/ArmLib/ArmBaseLib/OUTPUT/ArmBaseLib.lib(ArmLib.obj)
                              ArmCacheMaintenanceLib.obj (symbol from plugin) (ArmDataCacheLineLength)
/home/j0sh1x/Lg_G7_ThinQ_Edk2/edk2_LG_G7_THINQ/workspace/Build/LgG7ThinQPkg/DEBUG_GCC5/AARCH64/ArmPkg/Library/ArmLib/ArmBaseLib/OUTPUT/ArmBaseLib.lib(AArch64Support.obj)
                              ArmCacheMaintenanceLib.obj (symbol from plugin) (ArmInvalidateDataCacheEntryByMVA)

Discarded input sections

 .text          0x0000000000000000       0x10 /home/j0sh1x/Lg_G7_ThinQ_Edk2/edk2/ArmPkg/Library/GccLto/liblto-aarch64.a
 .data          0x0000000000000000        0x0 /home/j0sh1x/Lg_G7_ThinQ_Edk2/edk2/ArmPkg/Library/GccLto/liblto-aarch64.a
 .bss           0x0000000000000000        0x0 /home/j0sh1x/Lg_G7_ThinQ_Edk2/edk2/ArmPkg/Library/GccLto/liblto-aarch64.a
 .text          0x0000000000000000        0x0 /tmp/BdsDxe.dll.yBlxdu.ltrans0.ltrans.o
 .data          0x0000000000000000        0x0 /tmp/BdsDxe.dll.yBlxdu.ltrans0.ltrans.o
 .bss           0x0000000000000000        0x0 /tmp/BdsDxe.dll.yBlxdu.ltrans0.ltrans.o
 .rodata.IsNodeInList.str1.1
                0x0000000000000000       0x44 /tmp/BdsDxe.dll.yBlxdu.ltrans0.ltrans.o
 .text.IsNodeInList
                0x0000000000000000       0xa0 /tmp/BdsDxe.dll.yBlxdu.ltrans0.ltrans.o
 .text.ReportStatusCode.constprop.0
                0x0000000000000000       0x18 /tmp/BdsDxe.dll.yBlxdu.ltrans0.ltrans.o
 .rodata._gDriverUnloadImageCount
                0x0000000000000000        0x1 /tmp/BdsDxe.dll.yBlxdu.ltrans0.ltrans.o
 .rodata._gPcd_FixedAtBuild_PcdDebugPropertyMask
                0x0000000000000000        0x1 /tmp/BdsDxe.dll.yBlxdu.ltrans0.ltrans.o
 .rodata._gPcd_FixedAtBuild_PcdMaximumUnicodeStringLength
                0x0000000000000000        0x4 /tmp/BdsDxe.dll.yBlxdu.ltrans0.ltrans.o
 .rodata._gPcd_FixedAtBuild_PcdPerformanceLibraryPropertyMask
                0x0000000000000000        0x1 /tmp/BdsDxe.dll.yBlxdu.ltrans0.ltrans.o
 .rodata._gPcd_FixedAtBuild_PcdReportStatusCodePropertyMask
                0x0000000000000000        0x1 /tmp/BdsDxe.dll.yBlxdu.ltrans0.ltrans.o
 .rodata._gPcd_FixedAtBuild_PcdUefiLibMaxPrintBufferSize
                0x0000000000000000        0x4 /tmp/BdsDxe.dll.yBlxdu.ltrans0.ltrans.o
 .rodata._gUefiDriverRevision
                0x0000000000000000        0x4 /tmp/BdsDxe.dll.yBlxdu.ltrans0.ltrans.o
 .rodata.gHeight
                0x0000000000000000        0x8 /tmp/BdsDxe.dll.yBlxdu.ltrans0.ltrans.o
 .rodata.gWidth
                0x0000000000000000        0x8 /tmp/BdsDxe.dll.yBlxdu.ltrans0.ltrans.o
 .rodata.mBmContinueKeyOption
                0x0000000000000000        0x8 /tmp/BdsDxe.dll.yBlxdu.ltrans0.ltrans.o
 .comment       0x0000000000000000       0x2d /tmp/BdsDxe.dll.yBlxdu.ltrans0.ltrans.o
 .note.GNU-stack
                0x0000000000000000        0x0 /tmp/BdsDxe.dll.yBlxdu.ltrans0.ltrans.o
 .text          0x0000000000000000        0x0 /tmp/BdsDxe.dll.yBlxdu.ltrans1.ltrans.o
 .data          0x0000000000000000        0x0 /tmp/BdsDxe.dll.yBlxdu.ltrans1.ltrans.o
 .bss           0x0000000000000000        0x0 /tmp/BdsDxe.dll.yBlxdu.ltrans1.ltrans.o
 .text._DriverUnloadHandler
                0x0000000000000000        0x8 /tmp/BdsDxe.dll.yBlxdu.ltrans1.ltrans.o
 .rodata.BdsDxeOnConnectConInCallBack.str1.1
                0x0000000000000000       0x24 /tmp/BdsDxe.dll.yBlxdu.ltrans1.ltrans.o
 .text.BdsDxeOnConnectConInCallBack
                0x0000000000000000       0x50 /tmp/BdsDxe.dll.yBlxdu.ltrans1.ltrans.o
 .text.__memset
                0x0000000000000000       0x1c /tmp/BdsDxe.dll.yBlxdu.ltrans1.ltrans.o
 .comment       0x0000000000000000       0x2d /tmp/BdsDxe.dll.yBlxdu.ltrans1.ltrans.o
 .note.GNU-stack
                0x0000000000000000        0x0 /tmp/BdsDxe.dll.yBlxdu.ltrans1.ltrans.o
 .comment       0x0000000000000000       0x2d /tmp/cc6Znfgx.debug.temp.o
 .note.GNU-stack
                0x0000000000000000        0x0 /tmp/cc6Znfgx.debug.temp.o
 .comment       0x0000000000000000       0x2d /tmp/cccgKLpt.debug.temp.o
 .note.GNU-stack
                0x0000000000000000        0x0 /tmp/cccgKLpt.debug.temp.o
 .comment       0x0000000000000000       0x2d /tmp/ccufGlsw.debug.temp.o
 .note.GNU-stack
                0x0000000000000000        0x0 /tmp/ccufGlsw.debug.temp.o
 .comment       0x0000000000000000       0x2d /tmp/cc8CQIvw.debug.temp.o
 .note.GNU-stack
                0x0000000000000000        0x0 /tmp/cc8CQIvw.debug.temp.o
 .comment       0x0000000000000000       0x2d /tmp/ccqc9eJt.debug.temp.o
 .note.GNU-stack
                0x0000000000000000        0x0 /tmp/ccqc9eJt.debug.temp.o
 .comment       0x0000000000000000       0x2d /tmp/cc56gFJu.debug.temp.o
 .note.GNU-stack
                0x0000000000000000        0x0 /tmp/cc56gFJu.debug.temp.o
 .comment       0x0000000000000000       0x2d /tmp/ccjIyWgt.debug.temp.o
 .note.GNU-stack
                0x0000000000000000        0x0 /tmp/ccjIyWgt.debug.temp.o
 .comment       0x0000000000000000       0x2d /tmp/ccooWyLt.debug.temp.o
 .note.GNU-stack
                0x0000000000000000        0x0 /tmp/ccooWyLt.debug.temp.o
 .comment       0x0000000000000000       0x2d /tmp/ccG197Gt.debug.temp.o
 .note.GNU-stack
                0x0000000000000000        0x0 /tmp/ccG197Gt.debug.temp.o
 .comment       0x0000000000000000       0x2d /tmp/ccza8LMt.debug.temp.o
 .note.GNU-stack
                0x0000000000000000        0x0 /tmp/ccza8LMt.debug.temp.o
 .comment       0x0000000000000000       0x2d /tmp/cckYPRRu.debug.temp.o
 .note.GNU-stack
                0x0000000000000000        0x0 /tmp/cckYPRRu.debug.temp.o
 .comment       0x0000000000000000       0x2d /tmp/ccIn4tBt.debug.temp.o
 .note.GNU-stack
                0x0000000000000000        0x0 /tmp/ccIn4tBt.debug.temp.o
 .comment       0x0000000000000000       0x2d /tmp/ccEZHzGu.debug.temp.o
 .note.GNU-stack
                0x0000000000000000        0x0 /tmp/ccEZHzGu.debug.temp.o
 .comment       0x0000000000000000       0x2d /tmp/ccaiAkXw.debug.temp.o
 .note.GNU-stack
                0x0000000000000000        0x0 /tmp/ccaiAkXw.debug.temp.o
 .comment       0x0000000000000000       0x2d /tmp/ccJm3hKs.debug.temp.o
 .note.GNU-stack
                0x0000000000000000        0x0 /tmp/ccJm3hKs.debug.temp.o
 .comment       0x0000000000000000       0x2d /tmp/ccQWlRmt.debug.temp.o
 .note.GNU-stack
                0x0000000000000000        0x0 /tmp/ccQWlRmt.debug.temp.o
 .debug_info    0x0000000000000000      0x27c /tmp/ccOmMaCu.debug.temp.o
 .debug_abbrev  0x0000000000000000       0xcf /tmp/ccOmMaCu.debug.temp.o
 .debug_line    0x0000000000000000      0x183 /tmp/ccOmMaCu.debug.temp.o
 .debug_str     0x0000000000000000      0x5ab /tmp/ccOmMaCu.debug.temp.o
 .comment       0x0000000000000000       0x2d /tmp/ccOmMaCu.debug.temp.o
 .note.GNU-stack
                0x0000000000000000        0x0 /tmp/ccOmMaCu.debug.temp.o
 .debug_info    0x0000000000000000      0x264 /tmp/cctburmx.debug.temp.o
 .debug_abbrev  0x0000000000000000       0xc0 /tmp/cctburmx.debug.temp.o
 .debug_line    0x0000000000000000      0x183 /tmp/cctburmx.debug.temp.o
 .debug_str     0x0000000000000000      0x594 /tmp/cctburmx.debug.temp.o
 .comment       0x0000000000000000       0x2d /tmp/cctburmx.debug.temp.o
 .note.GNU-stack
                0x0000000000000000        0x0 /tmp/cctburmx.debug.temp.o
 .comment       0x0000000000000000       0x2d /tmp/ccnoSC4u.debug.temp.o
 .note.GNU-stack
                0x0000000000000000        0x0 /tmp/ccnoSC4u.debug.temp.o
 .debug_info    0x0000000000000000      0x27c /tmp/ccJ8uWut.debug.temp.o
 .debug_abbrev  0x0000000000000000       0xc0 /tmp/ccJ8uWut.debug.temp.o
 .debug_line    0x0000000000000000      0x181 /tmp/ccJ8uWut.debug.temp.o
 .debug_str     0x0000000000000000      0x59e /tmp/ccJ8uWut.debug.temp.o
 .comment       0x0000000000000000       0x2d /tmp/ccJ8uWut.debug.temp.o
 .note.GNU-stack
                0x0000000000000000        0x0 /tmp/ccJ8uWut.debug.temp.o
 .comment       0x0000000000000000       0x2d /tmp/cc54muAv.debug.temp.o
 .note.GNU-stack
                0x0000000000000000        0x0 /tmp/cc54muAv.debug.temp.o
 .comment       0x0000000000000000       0x2d /tmp/ccVFrOxu.debug.temp.o
 .note.GNU-stack
                0x0000000000000000        0x0 /tmp/ccVFrOxu.debug.temp.o
 .comment       0x0000000000000000       0x2d /tmp/cc2nYLQt.debug.temp.o
 .note.GNU-stack
                0x0000000000000000        0x0 /tmp/cc2nYLQt.debug.temp.o
 .comment       0x0000000000000000       0x2d /tmp/ccr1SPFu.debug.temp.o
 .note.GNU-stack
                0x0000000000000000        0x0 /tmp/ccr1SPFu.debug.temp.o
 .comment       0x0000000000000000       0x2d /tmp/ccSwmJKs.debug.temp.o
 .note.GNU-stack
                0x0000000000000000        0x0 /tmp/ccSwmJKs.debug.temp.o
 .comment       0x0000000000000000       0x2d /tmp/ccrlkHvu.debug.temp.o
 .note.GNU-stack
                0x0000000000000000        0x0 /tmp/ccrlkHvu.debug.temp.o
 .comment       0x0000000000000000       0x2d /tmp/ccbGrSwu.debug.temp.o
 .note.GNU-stack
                0x0000000000000000        0x0 /tmp/ccbGrSwu.debug.temp.o
 .comment       0x0000000000000000       0x2d /tmp/cctC5kIu.debug.temp.o
 .note.GNU-stack
                0x0000000000000000        0x0 /tmp/cctC5kIu.debug.temp.o
 .comment       0x0000000000000000       0x2d /tmp/ccB8qRsv.debug.temp.o
 .note.GNU-stack
                0x0000000000000000        0x0 /tmp/ccB8qRsv.debug.temp.o
 .comment       0x0000000000000000       0x2d /tmp/cc2cUTjv.debug.temp.o
 .note.GNU-stack
                0x0000000000000000        0x0 /tmp/cc2cUTjv.debug.temp.o
 .comment       0x0000000000000000       0x2d /tmp/ccRzI5tv.debug.temp.o
 .note.GNU-stack
                0x0000000000000000        0x0 /tmp/ccRzI5tv.debug.temp.o
 .debug_info    0x0000000000000000     0x468b /tmp/cc1cFtju.debug.temp.o
 .debug_abbrev  0x0000000000000000      0x2b0 /tmp/cc1cFtju.debug.temp.o
 .debug_line    0x0000000000000000      0x41f /tmp/cc1cFtju.debug.temp.o
 .debug_str     0x0000000000000000     0x3077 /tmp/cc1cFtju.debug.temp.o
 .comment       0x0000000000000000       0x2d /tmp/cc1cFtju.debug.temp.o
 .note.GNU-stack
                0x0000000000000000        0x0 /tmp/cc1cFtju.debug.temp.o
 .comment       0x0000000000000000       0x2d /tmp/cch5Acbt.debug.temp.o
 .note.GNU-stack
                0x0000000000000000        0x0 /tmp/cch5Acbt.debug.temp.o
 .comment       0x0000000000000000       0x2d /tmp/ccg6aZOt.debug.temp.o
 .note.GNU-stack
                0x0000000000000000        0x0 /tmp/ccg6aZOt.debug.temp.o
 .comment       0x0000000000000000       0x2d /tmp/ccbGDbUs.debug.temp.o
 .note.GNU-stack
                0x0000000000000000        0x0 /tmp/ccbGDbUs.debug.temp.o
 .comment       0x0000000000000000       0x2d /tmp/ccWRK2xt.debug.temp.o
 .note.GNU-stack
                0x0000000000000000        0x0 /tmp/ccWRK2xt.debug.temp.o
 .comment       0x0000000000000000       0x2d /tmp/cc0RMq2v.debug.temp.o
 .note.GNU-stack
                0x0000000000000000        0x0 /tmp/cc0RMq2v.debug.temp.o
 .comment       0x0000000000000000       0x2d /tmp/ccNidzbw.debug.temp.o
 .note.GNU-stack
                0x0000000000000000        0x0 /tmp/ccNidzbw.debug.temp.o
 .comment       0x0000000000000000       0x2d /tmp/cc3cgPmt.debug.temp.o
 .note.GNU-stack
                0x0000000000000000        0x0 /tmp/cc3cgPmt.debug.temp.o
 .comment       0x0000000000000000       0x2d /tmp/ccpQjfOw.debug.temp.o
 .note.GNU-stack
                0x0000000000000000        0x0 /tmp/ccpQjfOw.debug.temp.o
 .comment       0x0000000000000000       0x2d /tmp/ccP0O6mw.debug.temp.o
 .note.GNU-stack
                0x0000000000000000        0x0 /tmp/ccP0O6mw.debug.temp.o
 .comment       0x0000000000000000       0x2d /tmp/cc5krLNs.debug.temp.o
 .note.GNU-stack
                0x0000000000000000        0x0 /tmp/cc5krLNs.debug.temp.o
 .comment       0x0000000000000000       0x2d /tmp/ccqROrBv.debug.temp.o
 .note.GNU-stack
                0x0000000000000000        0x0 /tmp/ccqROrBv.debug.temp.o
 .comment       0x0000000000000000       0x2d /tmp/cca3RrKs.debug.temp.o
 .note.GNU-stack
                0x0000000000000000        0x0 /tmp/cca3RrKs.debug.temp.o
 .comment       0x0000000000000000       0x2d /tmp/ccerN4Bw.debug.temp.o
 .note.GNU-stack
                0x0000000000000000        0x0 /tmp/ccerN4Bw.debug.temp.o
 .comment       0x0000000000000000       0x2d /tmp/ccriU8Fv.debug.temp.o
 .note.GNU-stack
                0x0000000000000000        0x0 /tmp/ccriU8Fv.debug.temp.o
 .comment       0x0000000000000000       0x2d /tmp/ccpBubdw.debug.temp.o
 .note.GNU-stack
                0x0000000000000000        0x0 /tmp/ccpBubdw.debug.temp.o
 .comment       0x0000000000000000       0x2d /tmp/ccoTETCv.debug.temp.o
 .note.GNU-stack
                0x0000000000000000        0x0 /tmp/ccoTETCv.debug.temp.o
 .comment       0x0000000000000000       0x2d /tmp/ccfNymPv.debug.temp.o
 .note.GNU-stack
                0x0000000000000000        0x0 /tmp/ccfNymPv.debug.temp.o
 .comment       0x0000000000000000       0x2d /tmp/cccUrcNv.debug.temp.o
 .note.GNU-stack
                0x0000000000000000        0x0 /tmp/cccUrcNv.debug.temp.o
 .comment       0x0000000000000000       0x2d /tmp/ccu9Avxt.debug.temp.o
 .note.GNU-stack
                0x0000000000000000        0x0 /tmp/ccu9Avxt.debug.temp.o
 .debug_info    0x0000000000000000      0x238 /tmp/ccBpGjAu.debug.temp.o
 .debug_abbrev  0x0000000000000000       0xc0 /tmp/ccBpGjAu.debug.temp.o
 .debug_line    0x0000000000000000      0x1ab /tmp/ccBpGjAu.debug.temp.o
 .debug_str     0x0000000000000000      0x4c6 /tmp/ccBpGjAu.debug.temp.o
 .comment       0x0000000000000000       0x2d /tmp/ccBpGjAu.debug.temp.o
 .note.GNU-stack
                0x0000000000000000        0x0 /tmp/ccBpGjAu.debug.temp.o
 .debug_info    0x0000000000000000      0x264 /tmp/ccfeOd2t.debug.temp.o
 .debug_abbrev  0x0000000000000000       0xc0 /tmp/ccfeOd2t.debug.temp.o
 .debug_line    0x0000000000000000      0x183 /tmp/ccfeOd2t.debug.temp.o
 .debug_str     0x0000000000000000      0x594 /tmp/ccfeOd2t.debug.temp.o
 .comment       0x0000000000000000       0x2d /tmp/ccfeOd2t.debug.temp.o
 .note.GNU-stack
                0x0000000000000000        0x0 /tmp/ccfeOd2t.debug.temp.o
 .comment       0x0000000000000000       0x2d /tmp/ccENoPZv.debug.temp.o
 .note.GNU-stack
                0x0000000000000000        0x0 /tmp/ccENoPZv.debug.temp.o
 .comment       0x0000000000000000       0x2d /tmp/ccB0tq8u.debug.temp.o
 .note.GNU-stack
                0x0000000000000000        0x0 /tmp/ccB0tq8u.debug.temp.o
 .comment       0x0000000000000000       0x2d /tmp/ccnSN74u.debug.temp.o
 .note.GNU-stack
                0x0000000000000000        0x0 /tmp/ccnSN74u.debug.temp.o
 .comment       0x0000000000000000       0x2d /tmp/ccQZUf8w.debug.temp.o
 .note.GNU-stack
                0x0000000000000000        0x0 /tmp/ccQZUf8w.debug.temp.o
 .comment       0x0000000000000000       0x2d /tmp/ccMIXy0u.debug.temp.o
 .note.GNU-stack
                0x0000000000000000        0x0 /tmp/ccMIXy0u.debug.temp.o
 .comment       0x0000000000000000       0x2d /tmp/ccseCysu.debug.temp.o
 .note.GNU-stack
                0x0000000000000000        0x0 /tmp/ccseCysu.debug.temp.o
 .debug_info    0x0000000000000000     0x1ca0 /tmp/ccBeWUTu.debug.temp.o
 .debug_abbrev  0x0000000000000000      0x22d /tmp/ccBeWUTu.debug.temp.o
 .debug_line    0x0000000000000000      0x3b6 /tmp/ccBeWUTu.debug.temp.o
 .debug_str     0x0000000000000000     0x1910 /tmp/ccBeWUTu.debug.temp.o
 .comment       0x0000000000000000       0x2d /tmp/ccBeWUTu.debug.temp.o
 .note.GNU-stack
                0x0000000000000000        0x0 /tmp/ccBeWUTu.debug.temp.o
 .comment       0x0000000000000000       0x2d /tmp/ccprYBRu.debug.temp.o
 .note.GNU-stack
                0x0000000000000000        0x0 /tmp/ccprYBRu.debug.temp.o
 .comment       0x0000000000000000       0x2d /tmp/ccI0UWMw.debug.temp.o
 .note.GNU-stack
                0x0000000000000000        0x0 /tmp/ccI0UWMw.debug.temp.o
 .comment       0x0000000000000000       0x2d /tmp/ccUTnqvv.debug.temp.o
 .note.GNU-stack
                0x0000000000000000        0x0 /tmp/ccUTnqvv.debug.temp.o
 .comment       0x0000000000000000       0x2d /tmp/cc1KQzsw.debug.temp.o
 .note.GNU-stack
                0x0000000000000000        0x0 /tmp/cc1KQzsw.debug.temp.o
 .comment       0x0000000000000000       0x2d /tmp/cc5ZeC6u.debug.temp.o
 .note.GNU-stack
                0x0000000000000000        0x0 /tmp/cc5ZeC6u.debug.temp.o
 .comment       0x0000000000000000       0x2d /tmp/ccmViDdt.debug.temp.o
 .note.GNU-stack
                0x0000000000000000        0x0 /tmp/ccmViDdt.debug.temp.o
 .debug_info    0x0000000000000000      0x940 /tmp/ccMfS64t.debug.temp.o
 .debug_abbrev  0x0000000000000000      0x108 /tmp/ccMfS64t.debug.temp.o
 .debug_line    0x0000000000000000      0x180 /tmp/ccMfS64t.debug.temp.o
 .debug_str     0x0000000000000000      0x787 /tmp/ccMfS64t.debug.temp.o
 .comment       0x0000000000000000       0x2d /tmp/ccMfS64t.debug.temp.o
 .note.GNU-stack
                0x0000000000000000        0x0 /tmp/ccMfS64t.debug.temp.o
 .comment       0x0000000000000000       0x2d /tmp/ccLCJC4s.debug.temp.o
 .note.GNU-stack
                0x0000000000000000        0x0 /tmp/ccLCJC4s.debug.temp.o
 .comment       0x0000000000000000       0x2d /tmp/cc101RLt.debug.temp.o
 .note.GNU-stack
                0x0000000000000000        0x0 /tmp/cc101RLt.debug.temp.o
 .data          0x0000000000000000        0x0 /home/j0sh1x/Lg_G7_ThinQ_Edk2/edk2_LG_G7_THINQ/workspace/Build/LgG7ThinQPkg/DEBUG_GCC5/AARCH64/MdePkg/Library/BaseMemoryLibOptDxe/BaseMemoryLibOptDxe/OUTPUT/BaseMemoryLibOptDxe.lib(CopyMem.obj)
 .bss           0x0000000000000000        0x0 /home/j0sh1x/Lg_G7_ThinQ_Edk2/edk2_LG_G7_THINQ/workspace/Build/LgG7ThinQPkg/DEBUG_GCC5/AARCH64/MdePkg/Library/BaseMemoryLibOptDxe/BaseMemoryLibOptDxe/OUTPUT/BaseMemoryLibOptDxe.lib(CopyMem.obj)
 .data          0x0000000000000000        0x0 /home/j0sh1x/Lg_G7_ThinQ_Edk2/edk2_LG_G7_THINQ/workspace/Build/LgG7ThinQPkg/DEBUG_GCC5/AARCH64/MdePkg/Library/BaseMemoryLibOptDxe/BaseMemoryLibOptDxe/OUTPUT/BaseMemoryLibOptDxe.lib(CompareGuid.obj)
 .bss           0x0000000000000000        0x0 /home/j0sh1x/Lg_G7_ThinQ_Edk2/edk2_LG_G7_THINQ/workspace/Build/LgG7ThinQPkg/DEBUG_GCC5/AARCH64/MdePkg/Library/BaseMemoryLibOptDxe/BaseMemoryLibOptDxe/OUTPUT/BaseMemoryLibOptDxe.lib(CompareGuid.obj)
 .text          0x0000000000000000        0x8 /home/j0sh1x/Lg_G7_ThinQ_Edk2/edk2_LG_G7_THINQ/workspace/Build/LgG7ThinQPkg/DEBUG_GCC5/AARCH64/MdePkg/Library/BaseLib/BaseLib/OUTPUT/BaseLib.lib(CpuBreakpoint.obj)
 .data          0x0000000000000000        0x0 /home/j0sh1x/Lg_G7_ThinQ_Edk2/edk2_LG_G7_THINQ/workspace/Build/LgG7ThinQPkg/DEBUG_GCC5/AARCH64/MdePkg/Library/BaseLib/BaseLib/OUTPUT/BaseLib.lib(CpuBreakpoint.obj)
 .bss           0x0000000000000000        0x0 /home/j0sh1x/Lg_G7_ThinQ_Edk2/edk2_LG_G7_THINQ/workspace/Build/LgG7ThinQPkg/DEBUG_GCC5/AARCH64/MdePkg/Library/BaseLib/BaseLib/OUTPUT/BaseLib.lib(CpuBreakpoint.obj)
 .data          0x0000000000000000        0x0 /home/j0sh1x/Lg_G7_ThinQ_Edk2/edk2_LG_G7_THINQ/workspace/Build/LgG7ThinQPkg/DEBUG_GCC5/AARCH64/MdePkg/Library/BaseMemoryLibOptDxe/BaseMemoryLibOptDxe/OUTPUT/BaseMemoryLibOptDxe.lib(SetMem.obj)
 .bss           0x0000000000000000        0x0 /home/j0sh1x/Lg_G7_ThinQ_Edk2/edk2_LG_G7_THINQ/workspace/Build/LgG7ThinQPkg/DEBUG_GCC5/AARCH64/MdePkg/Library/BaseMemoryLibOptDxe/BaseMemoryLibOptDxe/OUTPUT/BaseMemoryLibOptDxe.lib(SetMem.obj)
 .data          0x0000000000000000        0x0 /home/j0sh1x/Lg_G7_ThinQ_Edk2/edk2_LG_G7_THINQ/workspace/Build/LgG7ThinQPkg/DEBUG_GCC5/AARCH64/MdePkg/Library/BaseMemoryLibOptDxe/BaseMemoryLibOptDxe/OUTPUT/BaseMemoryLibOptDxe.lib(CompareMem.obj)
 .bss           0x0000000000000000        0x0 /home/j0sh1x/Lg_G7_ThinQ_Edk2/edk2_LG_G7_THINQ/workspace/Build/LgG7ThinQPkg/DEBUG_GCC5/AARCH64/MdePkg/Library/BaseMemoryLibOptDxe/BaseMemoryLibOptDxe/OUTPUT/BaseMemoryLibOptDxe.lib(CompareMem.obj)
 .text          0x0000000000000000        0x0 /home/j0sh1x/Lg_G7_ThinQ_Edk2/edk2_LG_G7_THINQ/workspace/Build/LgG7ThinQPkg/DEBUG_GCC5/AARCH64/ArmPkg/Library/ArmLib/ArmBaseLib/OUTPUT/ArmBaseLib.lib(ArmLibSupport.obj)
 .data          0x0000000000000000        0x0 /home/j0sh1x/Lg_G7_ThinQ_Edk2/edk2_LG_G7_THINQ/workspace/Build/LgG7ThinQPkg/DEBUG_GCC5/AARCH64/ArmPkg/Library/ArmLib/ArmBaseLib/OUTPUT/ArmBaseLib.lib(ArmLibSupport.obj)
 .bss           0x0000000000000000        0x0 /home/j0sh1x/Lg_G7_ThinQ_Edk2/edk2_LG_G7_THINQ/workspace/Build/LgG7ThinQPkg/DEBUG_GCC5/AARCH64/ArmPkg/Library/ArmLib/ArmBaseLib/OUTPUT/ArmBaseLib.lib(ArmLibSupport.obj)
 .text.ArmReadMidr
                0x0000000000000000        0x8 /home/j0sh1x/Lg_G7_ThinQ_Edk2/edk2_LG_G7_THINQ/workspace/Build/LgG7ThinQPkg/DEBUG_GCC5/AARCH64/ArmPkg/Library/ArmLib/ArmBaseLib/OUTPUT/ArmBaseLib.lib(ArmLibSupport.obj)
 .text.ArmGetFiqState
                0x0000000000000000       0x10 /home/j0sh1x/Lg_G7_ThinQ_Edk2/edk2_LG_G7_THINQ/workspace/Build/LgG7ThinQPkg/DEBUG_GCC5/AARCH64/ArmPkg/Library/ArmLib/ArmBaseLib/OUTPUT/ArmBaseLib.lib(ArmLibSupport.obj)
 .text.ArmWriteCpacr
                0x0000000000000000        0x8 /home/j0sh1x/Lg_G7_ThinQ_Edk2/edk2_LG_G7_THINQ/workspace/Build/LgG7ThinQPkg/DEBUG_GCC5/AARCH64/ArmPkg/Library/ArmLib/ArmBaseLib/OUTPUT/ArmBaseLib.lib(ArmLibSupport.obj)
 .text.ArmWriteAuxCr
                0x0000000000000000       0x28 /home/j0sh1x/Lg_G7_ThinQ_Edk2/edk2_LG_G7_THINQ/workspace/Build/LgG7ThinQPkg/DEBUG_GCC5/AARCH64/ArmPkg/Library/ArmLib/ArmBaseLib/OUTPUT/ArmBaseLib.lib(ArmLibSupport.obj)
 .text.ArmReadAuxCr
                0x0000000000000000       0x28 /home/j0sh1x/Lg_G7_ThinQ_Edk2/edk2_LG_G7_THINQ/workspace/Build/LgG7ThinQPkg/DEBUG_GCC5/AARCH64/ArmPkg/Library/ArmLib/ArmBaseLib/OUTPUT/ArmBaseLib.lib(ArmLibSupport.obj)
 .text.ArmSetTTBR0
                0x0000000000000000       0x34 /home/j0sh1x/Lg_G7_ThinQ_Edk2/edk2_LG_G7_THINQ/workspace/Build/LgG7ThinQPkg/DEBUG_GCC5/AARCH64/ArmPkg/Library/ArmLib/ArmBaseLib/OUTPUT/ArmBaseLib.lib(ArmLibSupport.obj)
 .text.ArmGetTTBR0BaseAddress
                0x0000000000000000       0x30 /home/j0sh1x/Lg_G7_ThinQ_Edk2/edk2_LG_G7_THINQ/workspace/Build/LgG7ThinQPkg/DEBUG_GCC5/AARCH64/ArmPkg/Library/ArmLib/ArmBaseLib/OUTPUT/ArmBaseLib.lib(ArmLibSupport.obj)
 .text.ArmGetTCR
                0x0000000000000000       0x34 /home/j0sh1x/Lg_G7_ThinQ_Edk2/edk2_LG_G7_THINQ/workspace/Build/LgG7ThinQPkg/DEBUG_GCC5/AARCH64/ArmPkg/Library/ArmLib/ArmBaseLib/OUTPUT/ArmBaseLib.lib(ArmLibSupport.obj)
 .text.ArmSetTCR
                0x0000000000000000       0x34 /home/j0sh1x/Lg_G7_ThinQ_Edk2/edk2_LG_G7_THINQ/workspace/Build/LgG7ThinQPkg/DEBUG_GCC5/AARCH64/ArmPkg/Library/ArmLib/ArmBaseLib/OUTPUT/ArmBaseLib.lib(ArmLibSupport.obj)
 .text.ArmGetMAIR
                0x0000000000000000       0x34 /home/j0sh1x/Lg_G7_ThinQ_Edk2/edk2_LG_G7_THINQ/workspace/Build/LgG7ThinQPkg/DEBUG_GCC5/AARCH64/ArmPkg/Library/ArmLib/ArmBaseLib/OUTPUT/ArmBaseLib.lib(ArmLibSupport.obj)
 .text.ArmSetMAIR
                0x0000000000000000       0x34 /home/j0sh1x/Lg_G7_ThinQ_Edk2/edk2_LG_G7_THINQ/workspace/Build/LgG7ThinQPkg/DEBUG_GCC5/AARCH64/ArmPkg/Library/ArmLib/ArmBaseLib/OUTPUT/ArmBaseLib.lib(ArmLibSupport.obj)
 .text.ArmUpdateTranslationTableEntry
                0x0000000000000000       0x40 /home/j0sh1x/Lg_G7_ThinQ_Edk2/edk2_LG_G7_THINQ/workspace/Build/LgG7ThinQPkg/DEBUG_GCC5/AARCH64/ArmPkg/Library/ArmLib/ArmBaseLib/OUTPUT/ArmBaseLib.lib(ArmLibSupport.obj)
 .text.ArmInvalidateTlb
                0x0000000000000000       0x38 /home/j0sh1x/Lg_G7_ThinQ_Edk2/edk2_LG_G7_THINQ/workspace/Build/LgG7ThinQPkg/DEBUG_GCC5/AARCH64/ArmPkg/Library/ArmLib/ArmBaseLib/OUTPUT/ArmBaseLib.lib(ArmLibSupport.obj)
 .text.ArmWriteCptr
                0x0000000000000000        0x8 /home/j0sh1x/Lg_G7_ThinQ_Edk2/edk2_LG_G7_THINQ/workspace/Build/LgG7ThinQPkg/DEBUG_GCC5/AARCH64/ArmPkg/Library/ArmLib/ArmBaseLib/OUTPUT/ArmBaseLib.lib(ArmLibSupport.obj)
 .text.ArmWriteScr
                0x0000000000000000        0xc /home/j0sh1x/Lg_G7_ThinQ_Edk2/edk2_LG_G7_THINQ/workspace/Build/LgG7ThinQPkg/DEBUG_GCC5/AARCH64/ArmPkg/Library/ArmLib/ArmBaseLib/OUTPUT/ArmBaseLib.lib(ArmLibSupport.obj)
 .text.ArmWriteMVBar
                0x0000000000000000        0x8 /home/j0sh1x/Lg_G7_ThinQ_Edk2/edk2_LG_G7_THINQ/workspace/Build/LgG7ThinQPkg/DEBUG_GCC5/AARCH64/ArmPkg/Library/ArmLib/ArmBaseLib/OUTPUT/ArmBaseLib.lib(ArmLibSupport.obj)
 .text.ArmCallWFE
                0x0000000000000000        0x8 /home/j0sh1x/Lg_G7_ThinQ_Edk2/edk2_LG_G7_THINQ/workspace/Build/LgG7ThinQPkg/DEBUG_GCC5/AARCH64/ArmPkg/Library/ArmLib/ArmBaseLib/OUTPUT/ArmBaseLib.lib(ArmLibSupport.obj)
 .text.ArmCallSEV
                0x0000000000000000        0x8 /home/j0sh1x/Lg_G7_ThinQ_Edk2/edk2_LG_G7_THINQ/workspace/Build/LgG7ThinQPkg/DEBUG_GCC5/AARCH64/ArmPkg/Library/ArmLib/ArmBaseLib/OUTPUT/ArmBaseLib.lib(ArmLibSupport.obj)
 .text.ArmReadCpuActlr
                0x0000000000000000        0x8 /home/j0sh1x/Lg_G7_ThinQ_Edk2/edk2_LG_G7_THINQ/workspace/Build/LgG7ThinQPkg/DEBUG_GCC5/AARCH64/ArmPkg/Library/ArmLib/ArmBaseLib/OUTPUT/ArmBaseLib.lib(ArmLibSupport.obj)
 .text.ArmWriteCpuActlr
                0x0000000000000000       0x10 /home/j0sh1x/Lg_G7_ThinQ_Edk2/edk2_LG_G7_THINQ/workspace/Build/LgG7ThinQPkg/DEBUG_GCC5/AARCH64/ArmPkg/Library/ArmLib/ArmBaseLib/OUTPUT/ArmBaseLib.lib(ArmLibSupport.obj)
 .text.ArmReadSctlr
                0x0000000000000000       0x30 /home/j0sh1x/Lg_G7_ThinQ_Edk2/edk2_LG_G7_THINQ/workspace/Build/LgG7ThinQPkg/DEBUG_GCC5/AARCH64/ArmPkg/Library/ArmLib/ArmBaseLib/OUTPUT/ArmBaseLib.lib(ArmLibSupport.obj)
 .text.ArmWriteSctlr
                0x0000000000000000       0x30 /home/j0sh1x/Lg_G7_ThinQ_Edk2/edk2_LG_G7_THINQ/workspace/Build/LgG7ThinQPkg/DEBUG_GCC5/AARCH64/ArmPkg/Library/ArmLib/ArmBaseLib/OUTPUT/ArmBaseLib.lib(ArmLibSupport.obj)
 .text.ArmGetPhysicalAddressBits
                0x0000000000000000       0x24 /home/j0sh1x/Lg_G7_ThinQ_Edk2/edk2_LG_G7_THINQ/workspace/Build/LgG7ThinQPkg/DEBUG_GCC5/AARCH64/ArmPkg/Library/ArmLib/ArmBaseLib/OUTPUT/ArmBaseLib.lib(ArmLibSupport.obj)
 .text          0x0000000000000000        0x0 /home/j0sh1x/Lg_G7_ThinQ_Edk2/edk2_LG_G7_THINQ/workspace/Build/LgG7ThinQPkg/DEBUG_GCC5/AARCH64/ArmPkg/Library/ArmLib/ArmBaseLib/OUTPUT/ArmBaseLib.lib(ArmLibSupportV8.obj)
 .data          0x0000000000000000        0x0 /home/j0sh1x/Lg_G7_ThinQ_Edk2/edk2_LG_G7_THINQ/workspace/Build/LgG7ThinQPkg/DEBUG_GCC5/AARCH64/ArmPkg/Library/ArmLib/ArmBaseLib/OUTPUT/ArmBaseLib.lib(ArmLibSupportV8.obj)
 .bss           0x0000000000000000        0x0 /home/j0sh1x/Lg_G7_ThinQ_Edk2/edk2_LG_G7_THINQ/workspace/Build/LgG7ThinQPkg/DEBUG_GCC5/AARCH64/ArmPkg/Library/ArmLib/ArmBaseLib/OUTPUT/ArmBaseLib.lib(ArmLibSupportV8.obj)
 .text.ArmIsMpCore
                0x0000000000000000       0x14 /home/j0sh1x/Lg_G7_ThinQ_Edk2/edk2_LG_G7_THINQ/workspace/Build/LgG7ThinQPkg/DEBUG_GCC5/AARCH64/ArmPkg/Library/ArmLib/ArmBaseLib/OUTPUT/ArmBaseLib.lib(ArmLibSupportV8.obj)
 .text.ArmEnableAsynchronousAbort
                0x0000000000000000        0xc /home/j0sh1x/Lg_G7_ThinQ_Edk2/edk2_LG_G7_THINQ/workspace/Build/LgG7ThinQPkg/DEBUG_GCC5/AARCH64/ArmPkg/Library/ArmLib/ArmBaseLib/OUTPUT/ArmBaseLib.lib(ArmLibSupportV8.obj)
 .text.ArmDisableAsynchronousAbort
                0x0000000000000000        0xc /home/j0sh1x/Lg_G7_ThinQ_Edk2/edk2_LG_G7_THINQ/workspace/Build/LgG7ThinQPkg/DEBUG_GCC5/AARCH64/ArmPkg/Library/ArmLib/ArmBaseLib/OUTPUT/ArmBaseLib.lib(ArmLibSupportV8.obj)
 .text.ArmEnableIrq
                0x0000000000000000        0xc /home/j0sh1x/Lg_G7_ThinQ_Edk2/edk2_LG_G7_THINQ/workspace/Build/LgG7ThinQPkg/DEBUG_GCC5/AARCH64/ArmPkg/Library/ArmLib/ArmBaseLib/OUTPUT/ArmBaseLib.lib(ArmLibSupportV8.obj)
 .text.ArmDisableIrq
                0x0000000000000000        0xc /home/j0sh1x/Lg_G7_ThinQ_Edk2/edk2_LG_G7_THINQ/workspace/Build/LgG7ThinQPkg/DEBUG_GCC5/AARCH64/ArmPkg/Library/ArmLib/ArmBaseLib/OUTPUT/ArmBaseLib.lib(ArmLibSupportV8.obj)
 .text.ArmEnableFiq
                0x0000000000000000        0xc /home/j0sh1x/Lg_G7_ThinQ_Edk2/edk2_LG_G7_THINQ/workspace/Build/LgG7ThinQPkg/DEBUG_GCC5/AARCH64/ArmPkg/Library/ArmLib/ArmBaseLib/OUTPUT/ArmBaseLib.lib(ArmLibSupportV8.obj)
 .text.ArmDisableFiq
                0x0000000000000000        0xc /home/j0sh1x/Lg_G7_ThinQ_Edk2/edk2_LG_G7_THINQ/workspace/Build/LgG7ThinQPkg/DEBUG_GCC5/AARCH64/ArmPkg/Library/ArmLib/ArmBaseLib/OUTPUT/ArmBaseLib.lib(ArmLibSupportV8.obj)
 .text.ArmDisableAllExceptions
                0x0000000000000000        0xc /home/j0sh1x/Lg_G7_ThinQ_Edk2/edk2_LG_G7_THINQ/workspace/Build/LgG7ThinQPkg/DEBUG_GCC5/AARCH64/ArmPkg/Library/ArmLib/ArmBaseLib/OUTPUT/ArmBaseLib.lib(ArmLibSupportV8.obj)
 .text.ReadCCSIDR
                0x0000000000000000       0x10 /home/j0sh1x/Lg_G7_ThinQ_Edk2/edk2_LG_G7_THINQ/workspace/Build/LgG7ThinQPkg/DEBUG_GCC5/AARCH64/ArmPkg/Library/ArmLib/ArmBaseLib/OUTPUT/ArmBaseLib.lib(ArmLibSupportV8.obj)
 .text.ReadCLIDR
                0x0000000000000000        0x8 /home/j0sh1x/Lg_G7_ThinQ_Edk2/edk2_LG_G7_THINQ/workspace/Build/LgG7ThinQPkg/DEBUG_GCC5/AARCH64/ArmPkg/Library/ArmLib/ArmBaseLib/OUTPUT/ArmBaseLib.lib(ArmLibSupportV8.obj)
 .text          0x0000000000000000        0x0 /home/j0sh1x/Lg_G7_ThinQ_Edk2/edk2_LG_G7_THINQ/workspace/Build/LgG7ThinQPkg/DEBUG_GCC5/AARCH64/ArmPkg/Library/ArmLib/ArmBaseLib/OUTPUT/ArmBaseLib.lib(AArch64Support.obj)
 .data          0x0000000000000000        0x0 /home/j0sh1x/Lg_G7_ThinQ_Edk2/edk2_LG_G7_THINQ/workspace/Build/LgG7ThinQPkg/DEBUG_GCC5/AARCH64/ArmPkg/Library/ArmLib/ArmBaseLib/OUTPUT/ArmBaseLib.lib(AArch64Support.obj)
 .bss           0x0000000000000000        0x0 /home/j0sh1x/Lg_G7_ThinQ_Edk2/edk2_LG_G7_THINQ/workspace/Build/LgG7ThinQPkg/DEBUG_GCC5/AARCH64/ArmPkg/Library/ArmLib/ArmBaseLib/OUTPUT/ArmBaseLib.lib(AArch64Support.obj)
 .text.ArmInvalidateDataCacheEntryByMVA
                0x0000000000000000        0x8 /home/j0sh1x/Lg_G7_ThinQ_Edk2/edk2_LG_G7_THINQ/workspace/Build/LgG7ThinQPkg/DEBUG_GCC5/AARCH64/ArmPkg/Library/ArmLib/ArmBaseLib/OUTPUT/ArmBaseLib.lib(AArch64Support.obj)
 .text.ArmCleanDataCacheEntryByMVA
                0x0000000000000000        0x8 /home/j0sh1x/Lg_G7_ThinQ_Edk2/edk2_LG_G7_THINQ/workspace/Build/LgG7ThinQPkg/DEBUG_GCC5/AARCH64/ArmPkg/Library/ArmLib/ArmBaseLib/OUTPUT/ArmBaseLib.lib(AArch64Support.obj)
 .text.ArmCleanDataCacheEntryToPoUByMVA
                0x0000000000000000        0x8 /home/j0sh1x/Lg_G7_ThinQ_Edk2/edk2_LG_G7_THINQ/workspace/Build/LgG7ThinQPkg/DEBUG_GCC5/AARCH64/ArmPkg/Library/ArmLib/ArmBaseLib/OUTPUT/ArmBaseLib.lib(AArch64Support.obj)
 .text.ArmInvalidateInstructionCacheEntryToPoUByMVA
                0x0000000000000000        0x8 /home/j0sh1x/Lg_G7_ThinQ_Edk2/edk2_LG_G7_THINQ/workspace/Build/LgG7ThinQPkg/DEBUG_GCC5/AARCH64/ArmPkg/Library/ArmLib/ArmBaseLib/OUTPUT/ArmBaseLib.lib(AArch64Support.obj)
 .text.ArmInvalidateDataCacheEntryBySetWay
                0x0000000000000000        0x8 /home/j0sh1x/Lg_G7_ThinQ_Edk2/edk2_LG_G7_THINQ/workspace/Build/LgG7ThinQPkg/DEBUG_GCC5/AARCH64/ArmPkg/Library/ArmLib/ArmBaseLib/OUTPUT/ArmBaseLib.lib(AArch64Support.obj)
 .text.ArmCleanInvalidateDataCacheEntryBySetWay
                0x0000000000000000        0x8 /home/j0sh1x/Lg_G7_ThinQ_Edk2/edk2_LG_G7_THINQ/workspace/Build/LgG7ThinQPkg/DEBUG_GCC5/AARCH64/ArmPkg/Library/ArmLib/ArmBaseLib/OUTPUT/ArmBaseLib.lib(AArch64Support.obj)
 .text.ArmCleanDataCacheEntryBySetWay
                0x0000000000000000        0x8 /home/j0sh1x/Lg_G7_ThinQ_Edk2/edk2_LG_G7_THINQ/workspace/Build/LgG7ThinQPkg/DEBUG_GCC5/AARCH64/ArmPkg/Library/ArmLib/ArmBaseLib/OUTPUT/ArmBaseLib.lib(AArch64Support.obj)
 .text.ArmInvalidateInstructionCache
                0x0000000000000000       0x10 /home/j0sh1x/Lg_G7_ThinQ_Edk2/edk2_LG_G7_THINQ/workspace/Build/LgG7ThinQPkg/DEBUG_GCC5/AARCH64/ArmPkg/Library/ArmLib/ArmBaseLib/OUTPUT/ArmBaseLib.lib(AArch64Support.obj)
 .text.ArmEnableMmu
                0x0000000000000000       0x88 /home/j0sh1x/Lg_G7_ThinQ_Edk2/edk2_LG_G7_THINQ/workspace/Build/LgG7ThinQPkg/DEBUG_GCC5/AARCH64/ArmPkg/Library/ArmLib/ArmBaseLib/OUTPUT/ArmBaseLib.lib(AArch64Support.obj)
 .text.ArmDisableMmu
                0x0000000000000000       0x74 /home/j0sh1x/Lg_G7_ThinQ_Edk2/edk2_LG_G7_THINQ/workspace/Build/LgG7ThinQPkg/DEBUG_GCC5/AARCH64/ArmPkg/Library/ArmLib/ArmBaseLib/OUTPUT/ArmBaseLib.lib(AArch64Support.obj)
 .text.ArmDisableCachesAndMmu
                0x0000000000000000       0x6c /home/j0sh1x/Lg_G7_ThinQ_Edk2/edk2_LG_G7_THINQ/workspace/Build/LgG7ThinQPkg/DEBUG_GCC5/AARCH64/ArmPkg/Library/ArmLib/ArmBaseLib/OUTPUT/ArmBaseLib.lib(AArch64Support.obj)
 .text.ArmMmuEnabled
                0x0000000000000000       0x34 /home/j0sh1x/Lg_G7_ThinQ_Edk2/edk2_LG_G7_THINQ/workspace/Build/LgG7ThinQPkg/DEBUG_GCC5/AARCH64/ArmPkg/Library/ArmLib/ArmBaseLib/OUTPUT/ArmBaseLib.lib(AArch64Support.obj)
 .text.ArmEnableDataCache
                0x0000000000000000       0x68 /home/j0sh1x/Lg_G7_ThinQ_Edk2/edk2_LG_G7_THINQ/workspace/Build/LgG7ThinQPkg/DEBUG_GCC5/AARCH64/ArmPkg/Library/ArmLib/ArmBaseLib/OUTPUT/ArmBaseLib.lib(AArch64Support.obj)
 .text.ArmDisableDataCache
                0x0000000000000000       0x68 /home/j0sh1x/Lg_G7_ThinQ_Edk2/edk2_LG_G7_THINQ/workspace/Build/LgG7ThinQPkg/DEBUG_GCC5/AARCH64/ArmPkg/Library/ArmLib/ArmBaseLib/OUTPUT/ArmBaseLib.lib(AArch64Support.obj)
 .text.ArmEnableInstructionCache
                0x0000000000000000       0x68 /home/j0sh1x/Lg_G7_ThinQ_Edk2/edk2_LG_G7_THINQ/workspace/Build/LgG7ThinQPkg/DEBUG_GCC5/AARCH64/ArmPkg/Library/ArmLib/ArmBaseLib/OUTPUT/ArmBaseLib.lib(AArch64Support.obj)
 .text.ArmDisableInstructionCache
                0x0000000000000000       0x68 /home/j0sh1x/Lg_G7_ThinQ_Edk2/edk2_LG_G7_THINQ/workspace/Build/LgG7ThinQPkg/DEBUG_GCC5/AARCH64/ArmPkg/Library/ArmLib/ArmBaseLib/OUTPUT/ArmBaseLib.lib(AArch64Support.obj)
 .text.ArmEnableAlignmentCheck
                0x0000000000000000       0x58 /home/j0sh1x/Lg_G7_ThinQ_Edk2/edk2_LG_G7_THINQ/workspace/Build/LgG7ThinQPkg/DEBUG_GCC5/AARCH64/ArmPkg/Library/ArmLib/ArmBaseLib/OUTPUT/ArmBaseLib.lib(AArch64Support.obj)
 .text.ArmDisableAlignmentCheck
                0x0000000000000000       0x68 /home/j0sh1x/Lg_G7_ThinQ_Edk2/edk2_LG_G7_THINQ/workspace/Build/LgG7ThinQPkg/DEBUG_GCC5/AARCH64/ArmPkg/Library/ArmLib/ArmBaseLib/OUTPUT/ArmBaseLib.lib(AArch64Support.obj)
 .text.ArmEnableStackAlignmentCheck
                0x0000000000000000       0x58 /home/j0sh1x/Lg_G7_ThinQ_Edk2/edk2_LG_G7_THINQ/workspace/Build/LgG7ThinQPkg/DEBUG_GCC5/AARCH64/ArmPkg/Library/ArmLib/ArmBaseLib/OUTPUT/ArmBaseLib.lib(AArch64Support.obj)
 .text.ArmDisableStackAlignmentCheck
                0x0000000000000000       0x68 /home/j0sh1x/Lg_G7_ThinQ_Edk2/edk2_LG_G7_THINQ/workspace/Build/LgG7ThinQPkg/DEBUG_GCC5/AARCH64/ArmPkg/Library/ArmLib/ArmBaseLib/OUTPUT/ArmBaseLib.lib(AArch64Support.obj)
 .text.ArmEnableBranchPrediction
                0x0000000000000000        0x4 /home/j0sh1x/Lg_G7_ThinQ_Edk2/edk2_LG_G7_THINQ/workspace/Build/LgG7ThinQPkg/DEBUG_GCC5/AARCH64/ArmPkg/Library/ArmLib/ArmBaseLib/OUTPUT/ArmBaseLib.lib(AArch64Support.obj)
 .text.ArmDisableBranchPrediction
                0x0000000000000000        0x4 /home/j0sh1x/Lg_G7_ThinQ_Edk2/edk2_LG_G7_THINQ/workspace/Build/LgG7ThinQPkg/DEBUG_GCC5/AARCH64/ArmPkg/Library/ArmLib/ArmBaseLib/OUTPUT/ArmBaseLib.lib(AArch64Support.obj)
 .text.AArch64AllDataCachesOperation
                0x0000000000000000       0xa8 /home/j0sh1x/Lg_G7_ThinQ_Edk2/edk2_LG_G7_THINQ/workspace/Build/LgG7ThinQPkg/DEBUG_GCC5/AARCH64/ArmPkg/Library/ArmLib/ArmBaseLib/OUTPUT/ArmBaseLib.lib(AArch64Support.obj)
 .text.ArmDataMemoryBarrier
                0x0000000000000000        0x8 /home/j0sh1x/Lg_G7_ThinQ_Edk2/edk2_LG_G7_THINQ/workspace/Build/LgG7ThinQPkg/DEBUG_GCC5/AARCH64/ArmPkg/Library/ArmLib/ArmBaseLib/OUTPUT/ArmBaseLib.lib(AArch64Support.obj)
 .text.ArmInstructionSynchronizationBarrier
                0x0000000000000000        0x8 /home/j0sh1x/Lg_G7_ThinQ_Edk2/edk2_LG_G7_THINQ/workspace/Build/LgG7ThinQPkg/DEBUG_GCC5/AARCH64/ArmPkg/Library/ArmLib/ArmBaseLib/OUTPUT/ArmBaseLib.lib(AArch64Support.obj)
 .text.ArmWriteVBar
                0x0000000000000000       0x34 /home/j0sh1x/Lg_G7_ThinQ_Edk2/edk2_LG_G7_THINQ/workspace/Build/LgG7ThinQPkg/DEBUG_GCC5/AARCH64/ArmPkg/Library/ArmLib/ArmBaseLib/OUTPUT/ArmBaseLib.lib(AArch64Support.obj)
 .text.ArmReadVBar
                0x0000000000000000       0x30 /home/j0sh1x/Lg_G7_ThinQ_Edk2/edk2_LG_G7_THINQ/workspace/Build/LgG7ThinQPkg/DEBUG_GCC5/AARCH64/ArmPkg/Library/ArmLib/ArmBaseLib/OUTPUT/ArmBaseLib.lib(AArch64Support.obj)
 .text.ArmEnableVFP
                0x0000000000000000       0x64 /home/j0sh1x/Lg_G7_ThinQ_Edk2/edk2_LG_G7_THINQ/workspace/Build/LgG7ThinQPkg/DEBUG_GCC5/AARCH64/ArmPkg/Library/ArmLib/ArmBaseLib/OUTPUT/ArmBaseLib.lib(AArch64Support.obj)
 .text.ArmCallWFI
                0x0000000000000000        0x8 /home/j0sh1x/Lg_G7_ThinQ_Edk2/edk2_LG_G7_THINQ/workspace/Build/LgG7ThinQPkg/DEBUG_GCC5/AARCH64/ArmPkg/Library/ArmLib/ArmBaseLib/OUTPUT/ArmBaseLib.lib(AArch64Support.obj)
 .text.ArmReadMpidr
                0x0000000000000000        0x8 /home/j0sh1x/Lg_G7_ThinQ_Edk2/edk2_LG_G7_THINQ/workspace/Build/LgG7ThinQPkg/DEBUG_GCC5/AARCH64/ArmPkg/Library/ArmLib/ArmBaseLib/OUTPUT/ArmBaseLib.lib(AArch64Support.obj)
 .text.ArmReadTpidrurw
                0x0000000000000000        0x8 /home/j0sh1x/Lg_G7_ThinQ_Edk2/edk2_LG_G7_THINQ/workspace/Build/LgG7ThinQPkg/DEBUG_GCC5/AARCH64/ArmPkg/Library/ArmLib/ArmBaseLib/OUTPUT/ArmBaseLib.lib(AArch64Support.obj)
 .text.ArmWriteTpidrurw
                0x0000000000000000        0x8 /home/j0sh1x/Lg_G7_ThinQ_Edk2/edk2_LG_G7_THINQ/workspace/Build/LgG7ThinQPkg/DEBUG_GCC5/AARCH64/ArmPkg/Library/ArmLib/ArmBaseLib/OUTPUT/ArmBaseLib.lib(AArch64Support.obj)
 .text.ArmIsArchTimerImplemented
                0x0000000000000000        0x8 /home/j0sh1x/Lg_G7_ThinQ_Edk2/edk2_LG_G7_THINQ/workspace/Build/LgG7ThinQPkg/DEBUG_GCC5/AARCH64/ArmPkg/Library/ArmLib/ArmBaseLib/OUTPUT/ArmBaseLib.lib(AArch64Support.obj)
 .text.ArmReadIdPfr0
                0x0000000000000000        0x8 /home/j0sh1x/Lg_G7_ThinQ_Edk2/edk2_LG_G7_THINQ/workspace/Build/LgG7ThinQPkg/DEBUG_GCC5/AARCH64/ArmPkg/Library/ArmLib/ArmBaseLib/OUTPUT/ArmBaseLib.lib(AArch64Support.obj)
 .text.ArmReadIdPfr1
                0x0000000000000000        0x8 /home/j0sh1x/Lg_G7_ThinQ_Edk2/edk2_LG_G7_THINQ/workspace/Build/LgG7ThinQPkg/DEBUG_GCC5/AARCH64/ArmPkg/Library/ArmLib/ArmBaseLib/OUTPUT/ArmBaseLib.lib(AArch64Support.obj)
 .text.ArmWriteHcr
                0x0000000000000000        0x8 /home/j0sh1x/Lg_G7_ThinQ_Edk2/edk2_LG_G7_THINQ/workspace/Build/LgG7ThinQPkg/DEBUG_GCC5/AARCH64/ArmPkg/Library/ArmLib/ArmBaseLib/OUTPUT/ArmBaseLib.lib(AArch64Support.obj)
 .text.ArmReadHcr
                0x0000000000000000        0x8 /home/j0sh1x/Lg_G7_ThinQ_Edk2/edk2_LG_G7_THINQ/workspace/Build/LgG7ThinQPkg/DEBUG_GCC5/AARCH64/ArmPkg/Library/ArmLib/ArmBaseLib/OUTPUT/ArmBaseLib.lib(AArch64Support.obj)
 .text.ArmReadCurrentEL
                0x0000000000000000        0x8 /home/j0sh1x/Lg_G7_ThinQ_Edk2/edk2_LG_G7_THINQ/workspace/Build/LgG7ThinQPkg/DEBUG_GCC5/AARCH64/ArmPkg/Library/ArmLib/ArmBaseLib/OUTPUT/ArmBaseLib.lib(AArch64Support.obj)
 .text.ArmReadCntHctl
                0x0000000000000000        0x8 /home/j0sh1x/Lg_G7_ThinQ_Edk2/edk2_LG_G7_THINQ/workspace/Build/LgG7ThinQPkg/DEBUG_GCC5/AARCH64/ArmPkg/Library/ArmLib/ArmBaseLib/OUTPUT/ArmBaseLib.lib(AArch64Support.obj)
 .text.ArmWriteCntHctl
                0x0000000000000000        0x8 /home/j0sh1x/Lg_G7_ThinQ_Edk2/edk2_LG_G7_THINQ/workspace/Build/LgG7ThinQPkg/DEBUG_GCC5/AARCH64/ArmPkg/Library/ArmLib/ArmBaseLib/OUTPUT/ArmBaseLib.lib(AArch64Support.obj)

Speicherkonfiguration

Name             Ursprung           Länge             Attribute
*default*        0x0000000000000000 0xffffffffffffffff

Linker script and memory map

LOAD /home/j0sh1x/Lg_G7_ThinQ_Edk2/edk2/ArmPkg/Library/GccLto/liblto-aarch64.a
START GROUP
LOAD /tmp/BdsDxe.dll.yBlxdu.ltrans0.ltrans.o
LOAD /tmp/BdsDxe.dll.yBlxdu.ltrans1.ltrans.o
LOAD /tmp/cc6Znfgx.debug.temp.o
LOAD /tmp/cccgKLpt.debug.temp.o
LOAD /tmp/ccufGlsw.debug.temp.o
LOAD /tmp/cc8CQIvw.debug.temp.o
LOAD /tmp/ccqc9eJt.debug.temp.o
LOAD /tmp/cc56gFJu.debug.temp.o
LOAD /tmp/ccjIyWgt.debug.temp.o
LOAD /tmp/ccooWyLt.debug.temp.o
LOAD /tmp/ccG197Gt.debug.temp.o
LOAD /tmp/ccza8LMt.debug.temp.o
LOAD /tmp/cckYPRRu.debug.temp.o
LOAD /tmp/ccIn4tBt.debug.temp.o
LOAD /tmp/ccEZHzGu.debug.temp.o
LOAD /tmp/ccaiAkXw.debug.temp.o
LOAD /tmp/ccJm3hKs.debug.temp.o
LOAD /tmp/ccQWlRmt.debug.temp.o
LOAD /tmp/ccOmMaCu.debug.temp.o
LOAD /tmp/cctburmx.debug.temp.o
LOAD /tmp/ccnoSC4u.debug.temp.o
LOAD /tmp/ccJ8uWut.debug.temp.o
LOAD /tmp/cc54muAv.debug.temp.o
LOAD /tmp/ccVFrOxu.debug.temp.o
LOAD /tmp/cc2nYLQt.debug.temp.o
LOAD /tmp/ccr1SPFu.debug.temp.o
LOAD /tmp/ccSwmJKs.debug.temp.o
LOAD /tmp/ccrlkHvu.debug.temp.o
LOAD /tmp/ccbGrSwu.debug.temp.o
LOAD /tmp/cctC5kIu.debug.temp.o
LOAD /tmp/ccB8qRsv.debug.temp.o
LOAD /tmp/cc2cUTjv.debug.temp.o
LOAD /tmp/ccRzI5tv.debug.temp.o
LOAD /tmp/cc1cFtju.debug.temp.o
LOAD /tmp/cch5Acbt.debug.temp.o
LOAD /tmp/ccg6aZOt.debug.temp.o
LOAD /tmp/ccbGDbUs.debug.temp.o
LOAD /tmp/ccWRK2xt.debug.temp.o
LOAD /tmp/cc0RMq2v.debug.temp.o
LOAD /tmp/ccNidzbw.debug.temp.o
LOAD /tmp/cc3cgPmt.debug.temp.o
LOAD /tmp/ccpQjfOw.debug.temp.o
LOAD /tmp/ccP0O6mw.debug.temp.o
LOAD /tmp/cc5krLNs.debug.temp.o
LOAD /tmp/ccqROrBv.debug.temp.o
LOAD /tmp/cca3RrKs.debug.temp.o
LOAD /tmp/ccerN4Bw.debug.temp.o
LOAD /tmp/ccriU8Fv.debug.temp.o
LOAD /tmp/ccpBubdw.debug.temp.o
LOAD /tmp/ccoTETCv.debug.temp.o
LOAD /tmp/ccfNymPv.debug.temp.o
LOAD /tmp/cccUrcNv.debug.temp.o
LOAD /tmp/ccu9Avxt.debug.temp.o
LOAD /tmp/ccBpGjAu.debug.temp.o
LOAD /tmp/ccfeOd2t.debug.temp.o
LOAD /tmp/ccENoPZv.debug.temp.o
LOAD /tmp/ccB0tq8u.debug.temp.o
LOAD /tmp/ccnSN74u.debug.temp.o
LOAD /tmp/ccQZUf8w.debug.temp.o
LOAD /tmp/ccMIXy0u.debug.temp.o
LOAD /tmp/ccseCysu.debug.temp.o
LOAD /tmp/ccBeWUTu.debug.temp.o
LOAD /tmp/ccprYBRu.debug.temp.o
LOAD /tmp/ccI0UWMw.debug.temp.o
LOAD /tmp/ccUTnqvv.debug.temp.o
LOAD /tmp/cc1KQzsw.debug.temp.o
LOAD /tmp/cc5ZeC6u.debug.temp.o
LOAD /tmp/ccmViDdt.debug.temp.o
LOAD /tmp/ccMfS64t.debug.temp.o
LOAD /tmp/ccLCJC4s.debug.temp.o
LOAD /tmp/cc101RLt.debug.temp.o
LOAD /home/j0sh1x/Lg_G7_ThinQ_Edk2/edk2_LG_G7_THINQ/workspace/Build/LgG7ThinQPkg/DEBUG_GCC5/AARCH64/MdePkg/Library/DxePcdLib/DxePcdLib/OUTPUT/DxePcdLib.lib
LOAD /home/j0sh1x/Lg_G7_ThinQ_Edk2/edk2_LG_G7_THINQ/workspace/Build/LgG7ThinQPkg/DEBUG_GCC5/AARCH64/MdePkg/Library/BaseMemoryLibOptDxe/BaseMemoryLibOptDxe/OUTPUT/BaseMemoryLibOptDxe.lib
LOAD /home/j0sh1x/Lg_G7_ThinQ_Edk2/edk2_LG_G7_THINQ/workspace/Build/LgG7ThinQPkg/DEBUG_GCC5/AARCH64/MdePkg/Library/BaseLib/BaseLib/OUTPUT/BaseLib.lib
LOAD /home/j0sh1x/Lg_G7_ThinQ_Edk2/edk2_LG_G7_THINQ/workspace/Build/LgG7ThinQPkg/DEBUG_GCC5/AARCH64/ArmPkg/Library/ArmLib/ArmBaseLib/OUTPUT/ArmBaseLib.lib
LOAD /home/j0sh1x/Lg_G7_ThinQ_Edk2/edk2_LG_G7_THINQ/workspace/Build/LgG7ThinQPkg/DEBUG_GCC5/AARCH64/ArmPkg/Library/ArmCacheMaintenanceLib/ArmCacheMaintenanceLib/OUTPUT/ArmCacheMaintenanceLib.lib
LOAD /home/j0sh1x/Lg_G7_ThinQ_Edk2/edk2_LG_G7_THINQ/workspace/Build/LgG7ThinQPkg/DEBUG_GCC5/AARCH64/MdePkg/Library/BaseIoLibIntrinsic/BaseIoLibIntrinsic/OUTPUT/BaseIoLibIntrinsic.lib
LOAD /home/j0sh1x/Lg_G7_ThinQ_Edk2/edk2_LG_G7_THINQ/workspace/Build/LgG7ThinQPkg/DEBUG_GCC5/AARCH64/ArmPkg/Library/CompilerIntrinsicsLib/CompilerIntrinsicsLib/OUTPUT/CompilerIntrinsicsLib.lib
LOAD /home/j0sh1x/Lg_G7_ThinQ_Edk2/edk2_LG_G7_THINQ/workspace/Build/LgG7ThinQPkg/DEBUG_GCC5/AARCH64/MdePkg/Library/BaseDebugPrintErrorLevelLib/BaseDebugPrintErrorLevelLib/OUTPUT/BaseDebugPrintErrorLevelLib.lib
LOAD /home/j0sh1x/Lg_G7_ThinQ_Edk2/edk2_LG_G7_THINQ/workspace/Build/LgG7ThinQPkg/DEBUG_GCC5/AARCH64/LgG7ThinQPkg/Library/FrameBufferSerialPortLib/FrameBufferSerialPortLib/OUTPUT/FrameBufferSerialPortLib.lib
LOAD /home/j0sh1x/Lg_G7_ThinQ_Edk2/edk2_LG_G7_THINQ/workspace/Build/LgG7ThinQPkg/DEBUG_GCC5/AARCH64/MdePkg/Library/BasePrintLib/BasePrintLib/OUTPUT/BasePrintLib.lib
LOAD /home/j0sh1x/Lg_G7_ThinQ_Edk2/edk2_LG_G7_THINQ/workspace/Build/LgG7ThinQPkg/DEBUG_GCC5/AARCH64/MdePkg/Library/BaseDebugLibSerialPort/BaseDebugLibSerialPort/OUTPUT/BaseDebugLibSerialPort.lib
LOAD /home/j0sh1x/Lg_G7_ThinQ_Edk2/edk2_LG_G7_THINQ/workspace/Build/LgG7ThinQPkg/DEBUG_GCC5/AARCH64/MdePkg/Library/UefiMemoryAllocationLib/UefiMemoryAllocationLib/OUTPUT/UefiMemoryAllocationLib.lib
LOAD /home/j0sh1x/Lg_G7_ThinQ_Edk2/edk2_LG_G7_THINQ/workspace/Build/LgG7ThinQPkg/DEBUG_GCC5/AARCH64/MdePkg/Library/UefiRuntimeServicesTableLib/UefiRuntimeServicesTableLib/OUTPUT/UefiRuntimeServicesTableLib.lib
LOAD /home/j0sh1x/Lg_G7_ThinQ_Edk2/edk2_LG_G7_THINQ/workspace/Build/LgG7ThinQPkg/DEBUG_GCC5/AARCH64/MdePkg/Library/UefiBootServicesTableLib/UefiBootServicesTableLib/OUTPUT/UefiBootServicesTableLib.lib
LOAD /home/j0sh1x/Lg_G7_ThinQ_Edk2/edk2_LG_G7_THINQ/workspace/Build/LgG7ThinQPkg/DEBUG_GCC5/AARCH64/MdePkg/Library/UefiDevicePathLib/UefiDevicePathLib/OUTPUT/UefiDevicePathLib.lib
LOAD /home/j0sh1x/Lg_G7_ThinQ_Edk2/edk2_LG_G7_THINQ/workspace/Build/LgG7ThinQPkg/DEBUG_GCC5/AARCH64/MdePkg/Library/UefiLib/UefiLib/OUTPUT/UefiLib.lib
LOAD /home/j0sh1x/Lg_G7_ThinQ_Edk2/edk2_LG_G7_THINQ/workspace/Build/LgG7ThinQPkg/DEBUG_GCC5/AARCH64/MdePkg/Library/DxeHobLib/DxeHobLib/OUTPUT/DxeHobLib.lib
LOAD /home/j0sh1x/Lg_G7_ThinQ_Edk2/edk2_LG_G7_THINQ/workspace/Build/LgG7ThinQPkg/DEBUG_GCC5/AARCH64/MdeModulePkg/Library/UefiHiiServicesLib/UefiHiiServicesLib/OUTPUT/UefiHiiServicesLib.lib
LOAD /home/j0sh1x/Lg_G7_ThinQ_Edk2/edk2_LG_G7_THINQ/workspace/Build/LgG7ThinQPkg/DEBUG_GCC5/AARCH64/MdeModulePkg/Library/UefiSortLib/UefiSortLib/OUTPUT/UefiSortLib.lib
LOAD /home/j0sh1x/Lg_G7_ThinQ_Edk2/edk2_LG_G7_THINQ/workspace/Build/LgG7ThinQPkg/DEBUG_GCC5/AARCH64/MdeModulePkg/Library/UefiHiiLib/UefiHiiLib/OUTPUT/UefiHiiLib.lib
LOAD /home/j0sh1x/Lg_G7_ThinQ_Edk2/edk2_LG_G7_THINQ/workspace/Build/LgG7ThinQPkg/DEBUG_GCC5/AARCH64/MdePkg/Library/DxeServicesTableLib/DxeServicesTableLib/OUTPUT/DxeServicesTableLib.lib
LOAD /home/j0sh1x/Lg_G7_ThinQ_Edk2/edk2_LG_G7_THINQ/workspace/Build/LgG7ThinQPkg/DEBUG_GCC5/AARCH64/MdePkg/Library/BasePeCoffGetEntryPointLib/BasePeCoffGetEntryPointLib/OUTPUT/BasePeCoffGetEntryPointLib.lib
LOAD /home/j0sh1x/Lg_G7_ThinQ_Edk2/edk2_LG_G7_THINQ/workspace/Build/LgG7ThinQPkg/DEBUG_GCC5/AARCH64/MdeModulePkg/Library/DxePerformanceLib/DxePerformanceLib/OUTPUT/DxePerformanceLib.lib
LOAD /home/j0sh1x/Lg_G7_ThinQ_Edk2/edk2_LG_G7_THINQ/workspace/Build/LgG7ThinQPkg/DEBUG_GCC5/AARCH64/MdePkg/Library/DxeServicesLib/DxeServicesLib/OUTPUT/DxeServicesLib.lib
LOAD /home/j0sh1x/Lg_G7_ThinQ_Edk2/edk2_LG_G7_THINQ/workspace/Build/LgG7ThinQPkg/DEBUG_GCC5/AARCH64/IntelFrameworkModulePkg/Library/DxeReportStatusCodeLibFramework/DxeReportStatusCodeLib/OUTPUT/DxeReportStatusCodeLib.lib
LOAD /home/j0sh1x/Lg_G7_ThinQ_Edk2/edk2_LG_G7_THINQ/workspace/Build/LgG7ThinQPkg/DEBUG_GCC5/AARCH64/MdeModulePkg/Library/DxeCapsuleLibNull/DxeCapsuleLibNull/OUTPUT/DxeCapsuleLibNull.lib
LOAD /home/j0sh1x/Lg_G7_ThinQ_Edk2/edk2_LG_G7_THINQ/workspace/Build/LgG7ThinQPkg/DEBUG_GCC5/AARCH64/MdeModulePkg/Library/BootLogoLib/BootLogoLib/OUTPUT/BootLogoLib.lib
LOAD /home/j0sh1x/Lg_G7_ThinQ_Edk2/edk2_LG_G7_THINQ/workspace/Build/LgG7ThinQPkg/DEBUG_GCC5/AARCH64/MdeModulePkg/Library/UefiBootManagerLib/UefiBootManagerLib/OUTPUT/UefiBootManagerLib.lib
LOAD /home/j0sh1x/Lg_G7_ThinQ_Edk2/edk2_LG_G7_THINQ/workspace/Build/LgG7ThinQPkg/DEBUG_GCC5/AARCH64/MdePkg/Library/UefiDriverEntryPoint/UefiDriverEntryPoint/OUTPUT/UefiDriverEntryPoint.lib
LOAD /home/j0sh1x/Lg_G7_ThinQ_Edk2/edk2_LG_G7_THINQ/workspace/Build/LgG7ThinQPkg/DEBUG_GCC5/AARCH64/LgG7ThinQPkg/Library/PlatformBootManagerLib/PlatformBootManagerLib/OUTPUT/PlatformBootManagerLib.lib
LOAD /home/j0sh1x/Lg_G7_ThinQ_Edk2/edk2_LG_G7_THINQ/workspace/Build/LgG7ThinQPkg/DEBUG_GCC5/AARCH64/MdePkg/Library/BaseStackCheckLib/BaseStackCheckLib/OUTPUT/BaseStackCheckLib.lib
LOAD /home/j0sh1x/Lg_G7_ThinQ_Edk2/edk2_LG_G7_THINQ/workspace/Build/LgG7ThinQPkg/DEBUG_GCC5/AARCH64/MdeModulePkg/Universal/BdsDxe/BdsDxe/OUTPUT/BdsDxe.lib
END GROUP
                0x0000000000000228                . = PECOFF_HEADER_SIZE

.gnu.version_d  0x0000000000000228        0x0
 .gnu.version_d
                0x0000000000000228        0x0 /home/j0sh1x/Lg_G7_ThinQ_Edk2/edk2/ArmPkg/Library/GccLto/liblto-aarch64.a

.gnu.version    0x0000000000000228        0x0
 .gnu.version   0x0000000000000228        0x0 /home/j0sh1x/Lg_G7_ThinQ_Edk2/edk2/ArmPkg/Library/GccLto/liblto-aarch64.a

.gnu.version_r  0x0000000000000228        0x0
 .gnu.version_r
                0x0000000000000228        0x0 /home/j0sh1x/Lg_G7_ThinQ_Edk2/edk2/ArmPkg/Library/GccLto/liblto-aarch64.a

.text           0x0000000000001000    0x16d68
 *(.text .text.* .stub .gnu.linkonce.t.*)
 .text.BmGenerateKeyShiftState
                0x0000000000001000      0x10c /tmp/BdsDxe.dll.yBlxdu.ltrans0.ltrans.o
 .text.BmEliminateExtraSpaces
                0x000000000000110c       0x44 /tmp/BdsDxe.dll.yBlxdu.ltrans0.ltrans.o
 .text.DivU64x32.constprop.0
                0x0000000000001150       0x40 /tmp/BdsDxe.dll.yBlxdu.ltrans0.ltrans.o
 .text.InternalBaseLibIsListValid
                0x0000000000001190       0xac /tmp/BdsDxe.dll.yBlxdu.ltrans0.ltrans.o
 .text.RemoveEntryList
                0x000000000000123c       0x74 /tmp/BdsDxe.dll.yBlxdu.ltrans0.ltrans.o
 .text.GetFirstNode
                0x00000000000012b0       0x44 /tmp/BdsDxe.dll.yBlxdu.ltrans0.ltrans.o
 .text.InsertTailList.constprop.0
                0x00000000000012f4       0x64 /tmp/BdsDxe.dll.yBlxdu.ltrans0.ltrans.o
 .text.IsNull   0x0000000000001358       0x4c /tmp/BdsDxe.dll.yBlxdu.ltrans0.ltrans.o
 .text.GetNextNode
                0x00000000000013a4       0x44 /tmp/BdsDxe.dll.yBlxdu.ltrans0.ltrans.o
 .text.BmGetActiveConsoleIn
                0x00000000000013e8       0xd8 /tmp/BdsDxe.dll.yBlxdu.ltrans0.ltrans.o
 .text.EfiBootManagerFreeDriverHealthInfo
                0x00000000000014c0       0x60 /tmp/BdsDxe.dll.yBlxdu.ltrans0.ltrans.o
 .text.EfiReleaseLock.constprop.0
                0x0000000000001520       0x6c /tmp/BdsDxe.dll.yBlxdu.ltrans0.ltrans.o
 .text.EfiAcquireLock.constprop.0
                0x000000000000158c       0x70 /tmp/BdsDxe.dll.yBlxdu.ltrans0.ltrans.o
 .text.UnicodeValueToStringS.constprop.0
                0x00000000000015fc       0xf0 /tmp/BdsDxe.dll.yBlxdu.ltrans0.ltrans.o
 .text.InternalReportStatusCode.constprop.0
                0x00000000000016ec      0x130 /tmp/BdsDxe.dll.yBlxdu.ltrans0.ltrans.o
 .text.GetSectionFromFv.constprop.0
                0x000000000000181c      0x16c /tmp/BdsDxe.dll.yBlxdu.ltrans0.ltrans.o
 .text.BmStopHotkeyService
                0x0000000000001988      0x260 /tmp/BdsDxe.dll.yBlxdu.ltrans0.ltrans.o
                0x0000000000001988                BmStopHotkeyService
 .text.BmRegisterHotkeyNotify
                0x0000000000001be8       0xf0 /tmp/BdsDxe.dll.yBlxdu.ltrans0.ltrans.o
 .text.BmTxtInExCallback
                0x0000000000001cd8      0x198 /tmp/BdsDxe.dll.yBlxdu.ltrans0.ltrans.o
                0x0000000000001cd8                BmTxtInExCallback
 .text.BmGetLoadFileDescription
                0x0000000000001e70       0xe4 /tmp/BdsDxe.dll.yBlxdu.ltrans0.ltrans.o
 .text.StrCpyS.constprop.0
                0x0000000000001f54      0x130 /tmp/BdsDxe.dll.yBlxdu.ltrans0.ltrans.o
 .text.BmGetNetworkDescription
                0x0000000000002084      0x34c /tmp/BdsDxe.dll.yBlxdu.ltrans0.ltrans.o
 .text.BmGetSingleControllerHealthStatus
                0x00000000000023d0      0x2c4 /tmp/BdsDxe.dll.yBlxdu.ltrans0.ltrans.o
 .text.EfiBootManagerGetDriverHealthInfo
                0x0000000000002694      0x28c /tmp/BdsDxe.dll.yBlxdu.ltrans0.ltrans.o
 .text.FbConFlush
                0x0000000000002920       0x54 /tmp/BdsDxe.dll.yBlxdu.ltrans0.ltrans.o
 .text.AddInput.lto_priv.0
                0x0000000000002974      0x100 /tmp/BdsDxe.dll.yBlxdu.ltrans0.ltrans.o
                0x0000000000002974                AddInput.lto_priv.0
 .text.AddOutput.lto_priv.0
                0x0000000000002a74      0x148 /tmp/BdsDxe.dll.yBlxdu.ltrans0.ltrans.o
                0x0000000000002a74                AddOutput.lto_priv.0
 .text.BmRepairNotify
                0x0000000000002bbc       0x6c /tmp/BdsDxe.dll.yBlxdu.ltrans0.ltrans.o
 .text.BmCollectKeyOptions
                0x0000000000002c28      0x254 /tmp/BdsDxe.dll.yBlxdu.ltrans0.ltrans.o
                0x0000000000002c28                BmCollectKeyOptions
 .text.EfiBootManagerIsValidLoadOptionVariableName.part.0
                0x0000000000002e7c      0x10c /tmp/BdsDxe.dll.yBlxdu.ltrans0.ltrans.o
 .text.BmGetUsbDescription
                0x0000000000002f88      0x204 /tmp/BdsDxe.dll.yBlxdu.ltrans0.ltrans.o
 .text.BmGetMiscDescription
                0x000000000000318c      0x2a4 /tmp/BdsDxe.dll.yBlxdu.ltrans0.ltrans.o
 .text.BmGetDescriptionFromDiskInfo
                0x0000000000003430      0x2e0 /tmp/BdsDxe.dll.yBlxdu.ltrans0.ltrans.o
 .text.MultU64x32.constprop.0
                0x0000000000003710       0x10 /tmp/BdsDxe.dll.yBlxdu.ltrans0.ltrans.o
                0x0000000000003710                MultU64x32.constprop.0
 .text.SetMem.constprop.0
                0x0000000000003720       0x48 /tmp/BdsDxe.dll.yBlxdu.ltrans0.ltrans.o
                0x0000000000003720                SetMem.constprop.0
 .text.LibPcdGet16.constprop.0
                0x0000000000003768       0x20 /tmp/BdsDxe.dll.yBlxdu.ltrans0.ltrans.o
                0x0000000000003768                LibPcdGet16.constprop.0
 .text.LShiftU64.constprop.0
                0x0000000000003788        0x8 /tmp/BdsDxe.dll.yBlxdu.ltrans0.ltrans.o
                0x0000000000003788                LShiftU64.constprop.0
 .text.EndPerformanceMeasurementEx.constprop.0
                0x0000000000003790       0xac /tmp/BdsDxe.dll.yBlxdu.ltrans0.ltrans.o
                0x0000000000003790                EndPerformanceMeasurementEx.constprop.0
 .text.ReportStatusCodeEx.constprop.0
                0x000000000000383c      0x1fc /tmp/BdsDxe.dll.yBlxdu.ltrans0.ltrans.o
                0x000000000000383c                ReportStatusCodeEx.constprop.0
 .text.LogPerformanceMeasurement.constprop.0
                0x0000000000003a38       0xac /tmp/BdsDxe.dll.yBlxdu.ltrans0.ltrans.o
                0x0000000000003a38                LogPerformanceMeasurement.constprop.0
 .text.LogPerformanceMeasurementEnabled.constprop.0
                0x0000000000003ae4        0x8 /tmp/BdsDxe.dll.yBlxdu.ltrans0.ltrans.o
                0x0000000000003ae4                LogPerformanceMeasurementEnabled.constprop.0
 .text.FileDevicePath.constprop.0
                0x0000000000003aec       0xa4 /tmp/BdsDxe.dll.yBlxdu.ltrans0.ltrans.o
                0x0000000000003aec                FileDevicePath.constprop.0
 .text.IsZeroGuid.constprop.0
                0x0000000000003b90       0x10 /tmp/BdsDxe.dll.yBlxdu.ltrans0.ltrans.o
                0x0000000000003b90                IsZeroGuid.constprop.0
 .text.EfiCreateEventReadyToBootEx.constprop.0
                0x0000000000003ba0       0xac /tmp/BdsDxe.dll.yBlxdu.ltrans0.ltrans.o
                0x0000000000003ba0                EfiCreateEventReadyToBootEx.constprop.0
 .text.LowBitSet32.constprop.0
                0x0000000000003c4c        0x8 /tmp/BdsDxe.dll.yBlxdu.ltrans0.ltrans.o
                0x0000000000003c4c                LowBitSet32.constprop.0
 .text.EfiInitializeFwVolDevicepathNode
                0x0000000000003c54       0x38 /tmp/BdsDxe.dll.yBlxdu.ltrans0.ltrans.o
                0x0000000000003c54                EfiInitializeFwVolDevicepathNode
 .text.EfiGetNameGuidFromFwVolDevicePathNode
                0x0000000000003c8c       0x78 /tmp/BdsDxe.dll.yBlxdu.ltrans0.ltrans.o
                0x0000000000003c8c                EfiGetNameGuidFromFwVolDevicePathNode
 .text.SerialPortWrite
                0x0000000000003d04      0x3fc /tmp/BdsDxe.dll.yBlxdu.ltrans0.ltrans.o
                0x0000000000003d04                SerialPortWrite
 .text.WriteUnaligned16
                0x0000000000004100       0x50 /tmp/BdsDxe.dll.yBlxdu.ltrans0.ltrans.o
                0x0000000000004100                WriteUnaligned16
 .text.WriteUnaligned32
                0x0000000000004150       0x58 /tmp/BdsDxe.dll.yBlxdu.ltrans0.ltrans.o
 .text.ReadUnaligned16
                0x00000000000041a8       0x5c /tmp/BdsDxe.dll.yBlxdu.ltrans0.ltrans.o
                0x00000000000041a8                ReadUnaligned16
 .text.ReadUnaligned32
                0x0000000000004204       0x50 /tmp/BdsDxe.dll.yBlxdu.ltrans0.ltrans.o
 .text.BasePrintLibSPrintMarker.constprop.0
                0x0000000000004254     0x101c /tmp/BdsDxe.dll.yBlxdu.ltrans0.ltrans.o
                0x0000000000004254                BasePrintLibSPrintMarker.constprop.0
 .text.BasePrintLibSPrint.constprop.0
                0x0000000000005270       0x9c /tmp/BdsDxe.dll.yBlxdu.ltrans0.ltrans.o
 .text.AsciiSPrint.constprop.0
                0x000000000000530c       0xa8 /tmp/BdsDxe.dll.yBlxdu.ltrans0.ltrans.o
                0x000000000000530c                AsciiSPrint.constprop.0
 .text.UnicodeVSPrintAsciiFormat.constprop.0
                0x00000000000053b4       0x74 /tmp/BdsDxe.dll.yBlxdu.ltrans0.ltrans.o
 .text.AsciiPrint.constprop.0
                0x0000000000005428      0x154 /tmp/BdsDxe.dll.yBlxdu.ltrans0.ltrans.o
                0x0000000000005428                AsciiPrint.constprop.0
 .text.ReadUnaligned64
                0x000000000000557c       0x38 /tmp/BdsDxe.dll.yBlxdu.ltrans0.ltrans.o
                0x000000000000557c                ReadUnaligned64
 .text.CompareMem
                0x00000000000055b4       0xd0 /tmp/BdsDxe.dll.yBlxdu.ltrans0.ltrans.o
                0x00000000000055b4                CompareMem
 .text.ZeroMem  0x0000000000005684       0x70 /tmp/BdsDxe.dll.yBlxdu.ltrans0.ltrans.o
                0x0000000000005684                ZeroMem
 .text.UefiDevicePathLibConvertDevicePathToText.constprop.0
                0x00000000000056f4      0x15c /tmp/BdsDxe.dll.yBlxdu.ltrans0.ltrans.o
                0x00000000000056f4                UefiDevicePathLibConvertDevicePathToText.constprop.0
 .text.BmGetControllerName
                0x0000000000005850      0x154 /tmp/BdsDxe.dll.yBlxdu.ltrans0.ltrans.o
 .text.BmDisplayMessages
                0x00000000000059a4      0x2c0 /tmp/BdsDxe.dll.yBlxdu.ltrans0.ltrans.o
 .text.FilterAndProcess.constprop.0
                0x0000000000005c64      0x15c /tmp/BdsDxe.dll.yBlxdu.ltrans0.ltrans.o
                0x0000000000005c64                FilterAndProcess.constprop.0
 .text.BmPrintDp
                0x0000000000005dc0       0x64 /tmp/BdsDxe.dll.yBlxdu.ltrans0.ltrans.o
 .text.PrintXY.constprop.0
                0x0000000000005e24      0x4a0 /tmp/BdsDxe.dll.yBlxdu.ltrans0.ltrans.o
                0x0000000000005e24                PrintXY.constprop.0
 .text.BmGetNvmeDescription
                0x00000000000062c4      0x244 /tmp/BdsDxe.dll.yBlxdu.ltrans0.ltrans.o
 .text.BmMatchDevicePaths.part.0
                0x0000000000006508       0x98 /tmp/BdsDxe.dll.yBlxdu.ltrans0.ltrans.o
                0x0000000000006508                BmMatchDevicePaths.part.0
 .text.BdsDxeSetVariableAndReportStatusCodeOnError
[...]
                0x00000000000722c3                DxeServicesLib.c.f6ecc804
 .debug_info    0x0000000000074aca      0x38a /tmp/cc5ZeC6u.debug.temp.o
                0x0000000000074aca                DxeCapsuleLibNull.c.14e31db9
 .debug_info    0x0000000000074e54     0x2360 /tmp/ccmViDdt.debug.temp.o
                0x0000000000074e54                BootLogoLib.c.715e7cdb
 .debug_info    0x00000000000771b4      0x345 /tmp/ccLCJC4s.debug.temp.o
                0x00000000000771b4                ArmCacheMaintenanceLib.c.52724bd9
 .debug_info    0x00000000000774f9      0x2ca /tmp/cc101RLt.debug.temp.o
                0x00000000000774f9                ArmLib.c.3f59dbc1

.debug_abbrev   0x0000000000000000     0x6f6a
 .debug_abbrev  0x0000000000000000      0x316 /tmp/BdsDxe.dll.yBlxdu.ltrans0.ltrans.o
 .debug_abbrev  0x0000000000000316      0x2ae /tmp/BdsDxe.dll.yBlxdu.ltrans1.ltrans.o
 .debug_abbrev  0x00000000000005c4       0xfd /tmp/cc6Znfgx.debug.temp.o
 .debug_abbrev  0x00000000000006c1       0xcf /tmp/cccgKLpt.debug.temp.o
 .debug_abbrev  0x0000000000000790      0x1e9 /tmp/ccufGlsw.debug.temp.o
 .debug_abbrev  0x0000000000000979       0xd6 /tmp/cc8CQIvw.debug.temp.o
 .debug_abbrev  0x0000000000000a4f      0x236 /tmp/ccqc9eJt.debug.temp.o
 .debug_abbrev  0x0000000000000c85      0x27f /tmp/cc56gFJu.debug.temp.o
 .debug_abbrev  0x0000000000000f04      0x1c3 /tmp/ccjIyWgt.debug.temp.o
 .debug_abbrev  0x00000000000010c7      0x1e7 /tmp/ccooWyLt.debug.temp.o
 .debug_abbrev  0x00000000000012ae      0x25c /tmp/ccG197Gt.debug.temp.o
 .debug_abbrev  0x000000000000150a       0xdd /tmp/ccza8LMt.debug.temp.o
 .debug_abbrev  0x00000000000015e7       0xc7 /tmp/cckYPRRu.debug.temp.o
 .debug_abbrev  0x00000000000016ae       0xcf /tmp/ccIn4tBt.debug.temp.o
 .debug_abbrev  0x000000000000177d       0xcf /tmp/ccEZHzGu.debug.temp.o
 .debug_abbrev  0x000000000000184c       0xc5 /tmp/ccaiAkXw.debug.temp.o
 .debug_abbrev  0x0000000000001911      0x135 /tmp/ccJm3hKs.debug.temp.o
 .debug_abbrev  0x0000000000001a46      0x108 /tmp/ccQWlRmt.debug.temp.o
 .debug_abbrev  0x0000000000001b4e      0x12d /tmp/ccnoSC4u.debug.temp.o
 .debug_abbrev  0x0000000000001c7b       0xc0 /tmp/cc54muAv.debug.temp.o
 .debug_abbrev  0x0000000000001d3b       0xc0 /tmp/ccVFrOxu.debug.temp.o
 .debug_abbrev  0x0000000000001dfb      0x150 /tmp/cc2nYLQt.debug.temp.o
 .debug_abbrev  0x0000000000001f4b      0x181 /tmp/ccr1SPFu.debug.temp.o
 .debug_abbrev  0x00000000000020cc      0x165 /tmp/ccSwmJKs.debug.temp.o
 .debug_abbrev  0x0000000000002231      0x242 /tmp/ccrlkHvu.debug.temp.o
 .debug_abbrev  0x0000000000002473      0x1c3 /tmp/ccbGrSwu.debug.temp.o
 .debug_abbrev  0x0000000000002636      0x1dd /tmp/cctC5kIu.debug.temp.o
 .debug_abbrev  0x0000000000002813      0x240 /tmp/ccB8qRsv.debug.temp.o
 .debug_abbrev  0x0000000000002a53      0x1fe /tmp/cc2cUTjv.debug.temp.o
 .debug_abbrev  0x0000000000002c51      0x2ca /tmp/ccRzI5tv.debug.temp.o
 .debug_abbrev  0x0000000000002f1b      0x283 /tmp/cch5Acbt.debug.temp.o
 .debug_abbrev  0x000000000000319e      0x267 /tmp/ccg6aZOt.debug.temp.o
 .debug_abbrev  0x0000000000003405      0x25a /tmp/ccbGDbUs.debug.temp.o
 .debug_abbrev  0x000000000000365f      0x216 /tmp/ccWRK2xt.debug.temp.o
 .debug_abbrev  0x0000000000003875      0x1ea /tmp/cc0RMq2v.debug.temp.o
 .debug_abbrev  0x0000000000003a5f      0x240 /tmp/ccNidzbw.debug.temp.o
 .debug_abbrev  0x0000000000003c9f      0x269 /tmp/cc3cgPmt.debug.temp.o
 .debug_abbrev  0x0000000000003f08      0x214 /tmp/ccpQjfOw.debug.temp.o
 .debug_abbrev  0x000000000000411c      0x258 /tmp/ccP0O6mw.debug.temp.o
 .debug_abbrev  0x0000000000004374      0x276 /tmp/cc5krLNs.debug.temp.o
 .debug_abbrev  0x00000000000045ea      0x382 /tmp/ccqROrBv.debug.temp.o
 .debug_abbrev  0x000000000000496c      0x2b7 /tmp/cca3RrKs.debug.temp.o
 .debug_abbrev  0x0000000000004c23      0x2e5 /tmp/ccerN4Bw.debug.temp.o
 .debug_abbrev  0x0000000000004f08      0x26c /tmp/ccriU8Fv.debug.temp.o
 .debug_abbrev  0x0000000000005174      0x25a /tmp/ccpBubdw.debug.temp.o
 .debug_abbrev  0x00000000000053ce      0x2bd /tmp/ccoTETCv.debug.temp.o
 .debug_abbrev  0x000000000000568b       0xc0 /tmp/ccfNymPv.debug.temp.o
 .debug_abbrev  0x000000000000574b       0xc0 /tmp/cccUrcNv.debug.temp.o
 .debug_abbrev  0x000000000000580b       0xd5 /tmp/ccu9Avxt.debug.temp.o
 .debug_abbrev  0x00000000000058e0       0xc2 /tmp/ccENoPZv.debug.temp.o
 .debug_abbrev  0x00000000000059a2      0x137 /tmp/ccB0tq8u.debug.temp.o
 .debug_abbrev  0x0000000000005ad9       0xd8 /tmp/ccnSN74u.debug.temp.o
 .debug_abbrev  0x0000000000005bb1       0xd5 /tmp/ccQZUf8w.debug.temp.o
 .debug_abbrev  0x0000000000005c86      0x224 /tmp/ccMIXy0u.debug.temp.o
 .debug_abbrev  0x0000000000005eaa      0x233 /tmp/ccseCysu.debug.temp.o
 .debug_abbrev  0x00000000000060dd      0x315 /tmp/ccprYBRu.debug.temp.o
 .debug_abbrev  0x00000000000063f2      0x22b /tmp/ccI0UWMw.debug.temp.o
 .debug_abbrev  0x000000000000661d      0x209 /tmp/ccUTnqvv.debug.temp.o
 .debug_abbrev  0x0000000000006826      0x225 /tmp/cc1KQzsw.debug.temp.o
 .debug_abbrev  0x0000000000006a4b       0xf4 /tmp/cc5ZeC6u.debug.temp.o
 .debug_abbrev  0x0000000000006b3f      0x21a /tmp/ccmViDdt.debug.temp.o
 .debug_abbrev  0x0000000000006d59      0x101 /tmp/ccLCJC4s.debug.temp.o
 .debug_abbrev  0x0000000000006e5a      0x110 /tmp/cc101RLt.debug.temp.o

.debug_loc      0x0000000000000000    0x2138a
 .debug_loc     0x0000000000000000     0xe37b /tmp/BdsDxe.dll.yBlxdu.ltrans0.ltrans.o
 .debug_loc     0x000000000000e37b    0x1300f /tmp/BdsDxe.dll.yBlxdu.ltrans1.ltrans.o

.debug_aranges  0x0000000000000000      0xf30
 .debug_aranges
                0x0000000000000000      0x5e0 /tmp/BdsDxe.dll.yBlxdu.ltrans0.ltrans.o
 .debug_aranges
                0x00000000000005e0      0x950 /tmp/BdsDxe.dll.yBlxdu.ltrans1.ltrans.o

.debug_ranges   0x0000000000000000     0x3ca0
 .debug_ranges  0x0000000000000000     0x1870 /tmp/BdsDxe.dll.yBlxdu.ltrans0.ltrans.o
 .debug_ranges  0x0000000000001870     0x2430 /tmp/BdsDxe.dll.yBlxdu.ltrans1.ltrans.o

.debug_line     0x0000000000000000    0x1b28f
 .debug_line    0x0000000000000000     0x5e8c /tmp/BdsDxe.dll.yBlxdu.ltrans0.ltrans.o
 .debug_line    0x0000000000005e8c     0x888d /tmp/BdsDxe.dll.yBlxdu.ltrans1.ltrans.o
 .debug_line    0x000000000000e719      0x1a8 /tmp/cc6Znfgx.debug.temp.o
 .debug_line    0x000000000000e8c1      0x1a8 /tmp/cccgKLpt.debug.temp.o
 .debug_line    0x000000000000ea69      0x392 /tmp/ccufGlsw.debug.temp.o
 .debug_line    0x000000000000edfb      0x1a7 /tmp/cc8CQIvw.debug.temp.o
 .debug_line    0x000000000000efa2      0x32f /tmp/ccqc9eJt.debug.temp.o
 .debug_line    0x000000000000f2d1      0x4db /tmp/cc56gFJu.debug.temp.o
 .debug_line    0x000000000000f7ac      0x3ba /tmp/ccjIyWgt.debug.temp.o
 .debug_line    0x000000000000fb66      0x3b3 /tmp/ccooWyLt.debug.temp.o
 .debug_line    0x000000000000ff19      0x3d4 /tmp/ccG197Gt.debug.temp.o
 .debug_line    0x00000000000102ed      0x1aa /tmp/ccza8LMt.debug.temp.o
 .debug_line    0x0000000000010497      0x1aa /tmp/cckYPRRu.debug.temp.o
 .debug_line    0x0000000000010641      0x182 /tmp/ccIn4tBt.debug.temp.o
 .debug_line    0x00000000000107c3      0x183 /tmp/ccEZHzGu.debug.temp.o
 .debug_line    0x0000000000010946      0x183 /tmp/ccaiAkXw.debug.temp.o
 .debug_line    0x0000000000010ac9      0x17e /tmp/ccJm3hKs.debug.temp.o
 .debug_line    0x0000000000010c47      0x17e /tmp/ccQWlRmt.debug.temp.o
 .debug_line    0x0000000000010dc5      0x182 /tmp/ccnoSC4u.debug.temp.o
 .debug_line    0x0000000000010f47      0x181 /tmp/cc54muAv.debug.temp.o
 .debug_line    0x00000000000110c8      0x181 /tmp/ccVFrOxu.debug.temp.o
 .debug_line    0x0000000000011249      0x19d /tmp/cc2nYLQt.debug.temp.o
 .debug_line    0x00000000000113e6      0x1bb /tmp/ccr1SPFu.debug.temp.o
 .debug_line    0x00000000000115a1      0x24d /tmp/ccSwmJKs.debug.temp.o
 .debug_line    0x00000000000117ee      0x373 /tmp/ccrlkHvu.debug.temp.o
 .debug_line    0x0000000000011b61      0x32f /tmp/ccbGrSwu.debug.temp.o
 .debug_line    0x0000000000011e90      0x37b /tmp/cctC5kIu.debug.temp.o
 .debug_line    0x000000000001220b      0x3b7 /tmp/ccB8qRsv.debug.temp.o
 .debug_line    0x00000000000125c2      0x3b5 /tmp/cc2cUTjv.debug.temp.o
 .debug_line    0x0000000000012977      0x42b /tmp/ccRzI5tv.debug.temp.o
 .debug_line    0x0000000000012da2      0x3ec /tmp/cch5Acbt.debug.temp.o
 .debug_line    0x000000000001318e      0x3b8 /tmp/ccg6aZOt.debug.temp.o
 .debug_line    0x0000000000013546      0x40c /tmp/ccbGDbUs.debug.temp.o
 .debug_line    0x0000000000013952      0x450 /tmp/ccWRK2xt.debug.temp.o
 .debug_line    0x0000000000013da2      0x47d /tmp/cc0RMq2v.debug.temp.o
 .debug_line    0x000000000001421f      0x3d6 /tmp/ccNidzbw.debug.temp.o
 .debug_line    0x00000000000145f5      0x519 /tmp/cc3cgPmt.debug.temp.o
 .debug_line    0x0000000000014b0e      0x527 /tmp/ccpQjfOw.debug.temp.o
 .debug_line    0x0000000000015035      0x5cd /tmp/ccP0O6mw.debug.temp.o
 .debug_line    0x0000000000015602      0x665 /tmp/cc5krLNs.debug.temp.o
 .debug_line    0x0000000000015c67      0x64a /tmp/ccqROrBv.debug.temp.o
 .debug_line    0x00000000000162b1      0x627 /tmp/cca3RrKs.debug.temp.o
 .debug_line    0x00000000000168d8      0x58e /tmp/ccerN4Bw.debug.temp.o
 .debug_line    0x0000000000016e66      0x5c1 /tmp/ccriU8Fv.debug.temp.o
 .debug_line    0x0000000000017427      0x5c3 /tmp/ccpBubdw.debug.temp.o
 .debug_line    0x00000000000179ea      0x5de /tmp/ccoTETCv.debug.temp.o
 .debug_line    0x0000000000017fc8      0x1aa /tmp/ccfNymPv.debug.temp.o
 .debug_line    0x0000000000018172      0x1ad /tmp/cccUrcNv.debug.temp.o
 .debug_line    0x000000000001831f      0x1a9 /tmp/ccu9Avxt.debug.temp.o
 .debug_line    0x00000000000184c8      0x18a /tmp/ccENoPZv.debug.temp.o
 .debug_line    0x0000000000018652      0x182 /tmp/ccB0tq8u.debug.temp.o
 .debug_line    0x00000000000187d4      0x185 /tmp/ccnSN74u.debug.temp.o
 .debug_line    0x0000000000018959      0x1cf /tmp/ccQZUf8w.debug.temp.o
 .debug_line    0x0000000000018b28      0x3b3 /tmp/ccMIXy0u.debug.temp.o
 .debug_line    0x0000000000018edb      0x38c /tmp/ccseCysu.debug.temp.o
 .debug_line    0x0000000000019267      0x56a /tmp/ccprYBRu.debug.temp.o
 .debug_line    0x00000000000197d1      0x54d /tmp/ccI0UWMw.debug.temp.o
 .debug_line    0x0000000000019d1e      0x54f /tmp/ccUTnqvv.debug.temp.o
 .debug_line    0x000000000001a26d      0x4db /tmp/cc1KQzsw.debug.temp.o
 .debug_line    0x000000000001a748      0x311 /tmp/cc5ZeC6u.debug.temp.o
 .debug_line    0x000000000001aa59      0x4b6 /tmp/ccmViDdt.debug.temp.o
 .debug_line    0x000000000001af0f      0x201 /tmp/ccLCJC4s.debug.temp.o
 .debug_line    0x000000000001b110      0x17f /tmp/cc101RLt.debug.temp.o

.debug_str      0x0000000000000000    0x10037
 .debug_str     0x0000000000000000      0x582 /tmp/BdsDxe.dll.yBlxdu.ltrans0.ltrans.o
                                        0x589 (size before relaxing)
 .debug_str     0x0000000000000582      0x1ed /tmp/BdsDxe.dll.yBlxdu.ltrans1.ltrans.o
                                        0x699 (size before relaxing)
 .debug_str     0x000000000000076f      0x445 /tmp/cc6Znfgx.debug.temp.o
                                        0x4b4 (size before relaxing)
 .debug_str     0x0000000000000bb4       0x5a /tmp/cccgKLpt.debug.temp.o
                                        0x4a8 (size before relaxing)
 .debug_str     0x0000000000000c0e     0x1419 /tmp/ccufGlsw.debug.temp.o
                                       0x17f6 (size before relaxing)
 .debug_str     0x0000000000002027      0x13d /tmp/cc8CQIvw.debug.temp.o
                                        0x515 (size before relaxing)
 .debug_str     0x0000000000002164     0x125c /tmp/ccqc9eJt.debug.temp.o
                                       0x2934 (size before relaxing)
 .debug_str     0x00000000000033c0      0x5a8 /tmp/cc56gFJu.debug.temp.o
                                       0x27af (size before relaxing)
 .debug_str     0x0000000000003968       0x6d /tmp/ccjIyWgt.debug.temp.o
                                       0x217a (size before relaxing)
 .debug_str     0x00000000000039d5       0xed /tmp/ccooWyLt.debug.temp.o
                                       0x2214 (size before relaxing)
 .debug_str     0x0000000000003ac2      0xa48 /tmp/ccG197Gt.debug.temp.o
                                       0x2330 (size before relaxing)
 .debug_str     0x000000000000450a      0x139 /tmp/ccza8LMt.debug.temp.o
                                        0x513 (size before relaxing)
 .debug_str     0x0000000000004643       0x76 /tmp/cckYPRRu.debug.temp.o
                                        0x4d6 (size before relaxing)
 .debug_str     0x00000000000046b9       0xe4 /tmp/ccIn4tBt.debug.temp.o
                                        0x5ab (size before relaxing)
 .debug_str     0x000000000000479d       0x65 /tmp/ccEZHzGu.debug.temp.o
                                        0x5aa (size before relaxing)
 .debug_str     0x0000000000004802       0x54 /tmp/ccaiAkXw.debug.temp.o
                                        0x59a (size before relaxing)
 .debug_str     0x0000000000004856      0x321 /tmp/ccJm3hKs.debug.temp.o
                                        0x97b (size before relaxing)
 .debug_str     0x0000000000004b77      0x19d /tmp/ccQWlRmt.debug.temp.o
                                        0x718 (size before relaxing)
 .debug_str     0x0000000000004d14      0x2bb /tmp/ccnoSC4u.debug.temp.o
                                        0x959 (size before relaxing)
 .debug_str     0x0000000000004fcf       0x46 /tmp/cc54muAv.debug.temp.o
                                        0x59e (size before relaxing)
 .debug_str     0x0000000000005015       0x46 /tmp/ccVFrOxu.debug.temp.o
                                        0x59b (size before relaxing)
 .debug_str     0x000000000000505b      0x2b6 /tmp/cc2nYLQt.debug.temp.o
                                        0x730 (size before relaxing)
 .debug_str     0x0000000000005311      0x23a /tmp/ccr1SPFu.debug.temp.o
                                        0x864 (size before relaxing)
 .debug_str     0x000000000000554b      0x1e7 /tmp/ccSwmJKs.debug.temp.o
                                        0x709 (size before relaxing)
 .debug_str     0x0000000000005732      0x31f /tmp/ccrlkHvu.debug.temp.o
                                       0x193f (size before relaxing)
 .debug_str     0x0000000000005a51      0x139 /tmp/ccbGrSwu.debug.temp.o
                                       0x16d5 (size before relaxing)
 .debug_str     0x0000000000005b8a      0x12a /tmp/cctC5kIu.debug.temp.o
                                       0x16d3 (size before relaxing)
 .debug_str     0x0000000000005cb4      0x3fc /tmp/ccB8qRsv.debug.temp.o
                                       0x1b08 (size before relaxing)
 .debug_str     0x00000000000060b0       0xc1 /tmp/cc2cUTjv.debug.temp.o
                                       0x193e (size before relaxing)
 .debug_str     0x0000000000006171      0xdec /tmp/ccRzI5tv.debug.temp.o
                                       0x2752 (size before relaxing)
 .debug_str     0x0000000000006f5d      0x7cb /tmp/cch5Acbt.debug.temp.o
                                       0x22c9 (size before relaxing)
 .debug_str     0x0000000000007728      0x5de /tmp/ccg6aZOt.debug.temp.o
                                       0x2209 (size before relaxing)
 .debug_str     0x0000000000007d06      0x5ee /tmp/ccbGDbUs.debug.temp.o
                                       0x1d79 (size before relaxing)
 .debug_str     0x00000000000082f4      0x6bc /tmp/ccWRK2xt.debug.temp.o
                                       0x2330 (size before relaxing)
 .debug_str     0x00000000000089b0      0x65a /tmp/cc0RMq2v.debug.temp.o
                                       0x1d9a (size before relaxing)
 .debug_str     0x000000000000900a      0x31b /tmp/ccNidzbw.debug.temp.o
                                       0x19eb (size before relaxing)
 .debug_str     0x0000000000009325      0x450 /tmp/cc3cgPmt.debug.temp.o
                                       0x1bbd (size before relaxing)
 .debug_str     0x0000000000009775      0x7ed /tmp/ccpQjfOw.debug.temp.o
                                       0x2936 (size before relaxing)
 .debug_str     0x0000000000009f62      0x3d5 /tmp/ccP0O6mw.debug.temp.o
                                       0x2cb9 (size before relaxing)
 .debug_str     0x000000000000a337      0xdf7 /tmp/cc5krLNs.debug.temp.o
                                       0x367c (size before relaxing)
 .debug_str     0x000000000000b12e      0xd77 /tmp/ccqROrBv.debug.temp.o
                                       0x440f (size before relaxing)
 .debug_str     0x000000000000bea5      0x838 /tmp/cca3RrKs.debug.temp.o
                                       0x2e68 (size before relaxing)
 .debug_str     0x000000000000c6dd      0x5ed /tmp/ccerN4Bw.debug.temp.o
                                       0x2b6f (size before relaxing)
 .debug_str     0x000000000000ccca      0x4e7 /tmp/ccriU8Fv.debug.temp.o
                                       0x290c (size before relaxing)
 .debug_str     0x000000000000d1b1      0x1e0 /tmp/ccpBubdw.debug.temp.o
                                       0x2641 (size before relaxing)
 .debug_str     0x000000000000d391      0x4fb /tmp/ccoTETCv.debug.temp.o
                                       0x2352 (size before relaxing)
 .debug_str     0x000000000000d88c       0x57 /tmp/ccfNymPv.debug.temp.o
                                        0x4be (size before relaxing)
 .debug_str     0x000000000000d8e3       0x5a /tmp/cccUrcNv.debug.temp.o
                                        0x4e7 (size before relaxing)
 .debug_str     0x000000000000d93d       0x5e /tmp/ccu9Avxt.debug.temp.o
                                        0x4ca (size before relaxing)
 .debug_str     0x000000000000d99b       0x62 /tmp/ccENoPZv.debug.temp.o
                                        0x5b7 (size before relaxing)
 .debug_str     0x000000000000d9fd      0x11f /tmp/ccB0tq8u.debug.temp.o
                                        0x6aa (size before relaxing)
 .debug_str     0x000000000000db1c       0xe3 /tmp/ccnSN74u.debug.temp.o
                                        0x641 (size before relaxing)
 .debug_str     0x000000000000dbff      0x142 /tmp/ccQZUf8w.debug.temp.o
                                        0x546 (size before relaxing)
 .debug_str     0x000000000000dd41      0x487 /tmp/ccMIXy0u.debug.temp.o
                                        0xbf8 (size before relaxing)
 .debug_str     0x000000000000e1c8      0x164 /tmp/ccseCysu.debug.temp.o
                                       0x1bd5 (size before relaxing)
 .debug_str     0x000000000000e32c      0xe5c /tmp/ccprYBRu.debug.temp.o
                                       0x3722 (size before relaxing)
 .debug_str     0x000000000000f188       0xb7 /tmp/ccI0UWMw.debug.temp.o
                                       0x256a (size before relaxing)
 .debug_str     0x000000000000f23f       0x8e /tmp/ccUTnqvv.debug.temp.o
                                       0x24fb (size before relaxing)
 .debug_str     0x000000000000f2cd      0x48d /tmp/cc1KQzsw.debug.temp.o
                                       0x2079 (size before relaxing)
 .debug_str     0x000000000000f75a      0x13c /tmp/cc5ZeC6u.debug.temp.o
                                        0x6c5 (size before relaxing)
 .debug_str     0x000000000000f896      0x443 /tmp/ccmViDdt.debug.temp.o
                                       0x215a (size before relaxing)
 .debug_str     0x000000000000fcd9      0x208 /tmp/ccLCJC4s.debug.temp.o
                                        0x610 (size before relaxing)
 .debug_str     0x000000000000fee1      0x156 /tmp/cc101RLt.debug.temp.o
                                        0x52c (size before relaxing)

.debug_frame    0x0000000000000000     0x2e88
 .debug_frame   0x0000000000000000     0x1420 /tmp/BdsDxe.dll.yBlxdu.ltrans0.ltrans.o
 .debug_frame   0x0000000000001420     0x1a68 /tmp/BdsDxe.dll.yBlxdu.ltrans1.ltrans.o
