Archive member included to satisfy reference by file (symbol)

/home/j0sh1x/Lg_G7_ThinQ_Edk2/edk2_LG_G7_THINQ/workspace/Build/LgG7ThinQPkg/DEBUG_GCC5/AARCH64/ArmPkg/Library/CompilerIntrinsicsLib/CompilerIntrinsicsLib/OUTPUT/CompilerIntrinsicsLib.lib(memcpy.obj)
                              /home/j0sh1x/Lg_G7_ThinQ_Edk2/edk2/ArmPkg/Library/GccLto/liblto-aarch64.a (memcpy)
/home/j0sh1x/Lg_G7_ThinQ_Edk2/edk2_LG_G7_THINQ/workspace/Build/LgG7ThinQPkg/DEBUG_GCC5/AARCH64/ArmPkg/Library/CompilerIntrinsicsLib/CompilerIntrinsicsLib/OUTPUT/CompilerIntrinsicsLib.lib(memset.obj)
                              /home/j0sh1x/Lg_G7_ThinQ_Edk2/edk2/ArmPkg/Library/GccLto/liblto-aarch64.a (memset)
/home/j0sh1x/Lg_G7_ThinQ_Edk2/edk2_LG_G7_THINQ/workspace/Build/LgG7ThinQPkg/DEBUG_GCC5/AARCH64/MdePkg/Library/UefiDriverEntryPoint/UefiDriverEntryPoint/OUTPUT/UefiDriverEntryPoint.lib(DriverEntryPoint.obj)
                              (_ModuleEntryPoint)
/home/j0sh1x/Lg_G7_ThinQ_Edk2/edk2_LG_G7_THINQ/workspace/Build/LgG7ThinQPkg/DEBUG_GCC5/AARCH64/MdePkg/Library/BaseStackCheckLib/BaseStackCheckLib/OUTPUT/BaseStackCheckLib.lib(BaseStackCheckGcc.obj)
                              /home/j0sh1x/Lg_G7_ThinQ_Edk2/edk2/ArmPkg/Library/GccLto/liblto-aarch64.a (__stack_chk_fail)
/home/j0sh1x/Lg_G7_ThinQ_Edk2/edk2_LG_G7_THINQ/workspace/Build/LgG7ThinQPkg/DEBUG_GCC5/AARCH64/MdeModulePkg/Bus/Usb/UsbBusDxe/UsbBusDxe/OUTPUT/UsbBusDxe.lib(AutoGen.obj)
                              DriverEntryPoint.obj (symbol from plugin) (ProcessLibraryConstructorList)
/home/j0sh1x/Lg_G7_ThinQ_Edk2/edk2_LG_G7_THINQ/workspace/Build/LgG7ThinQPkg/DEBUG_GCC5/AARCH64/MdeModulePkg/Bus/Usb/UsbBusDxe/UsbBusDxe/OUTPUT/UsbBusDxe.lib(UsbBus.obj)
                              AutoGen.obj (symbol from plugin) (UsbBusDriverEntryPoint)
/home/j0sh1x/Lg_G7_ThinQ_Edk2/edk2_LG_G7_THINQ/workspace/Build/LgG7ThinQPkg/DEBUG_GCC5/AARCH64/MdeModulePkg/Bus/Usb/UsbBusDxe/UsbBusDxe/OUTPUT/UsbBusDxe.lib(UsbHub.obj)
                              UsbBus.obj (symbol from plugin) (mUsbRootHubApi)
/home/j0sh1x/Lg_G7_ThinQ_Edk2/edk2_LG_G7_THINQ/workspace/Build/LgG7ThinQPkg/DEBUG_GCC5/AARCH64/MdeModulePkg/Bus/Usb/UsbBusDxe/UsbBusDxe/OUTPUT/UsbBusDxe.lib(ComponentName.obj)
                              UsbBus.obj (symbol from plugin) (mUsbBusComponentName)
/home/j0sh1x/Lg_G7_ThinQ_Edk2/edk2_LG_G7_THINQ/workspace/Build/LgG7ThinQPkg/DEBUG_GCC5/AARCH64/MdeModulePkg/Bus/Usb/UsbBusDxe/UsbBusDxe/OUTPUT/UsbBusDxe.lib(UsbUtility.obj)
                              UsbHub.obj (symbol from plugin) (UsbHcGetCapability)
/home/j0sh1x/Lg_G7_ThinQ_Edk2/edk2_LG_G7_THINQ/workspace/Build/LgG7ThinQPkg/DEBUG_GCC5/AARCH64/MdeModulePkg/Bus/Usb/UsbBusDxe/UsbBusDxe/OUTPUT/UsbBusDxe.lib(UsbDesc.obj)
                              UsbHub.obj (symbol from plugin) (UsbCtrlRequest)
/home/j0sh1x/Lg_G7_ThinQ_Edk2/edk2_LG_G7_THINQ/workspace/Build/LgG7ThinQPkg/DEBUG_GCC5/AARCH64/MdeModulePkg/Bus/Usb/UsbBusDxe/UsbBusDxe/OUTPUT/UsbBusDxe.lib(UsbEnumer.obj)
                              UsbBus.obj (symbol from plugin) (UsbGetEndpointDesc)
/home/j0sh1x/Lg_G7_ThinQ_Edk2/edk2_LG_G7_THINQ/workspace/Build/LgG7ThinQPkg/DEBUG_GCC5/AARCH64/MdePkg/Library/BaseLib/BaseLib/OUTPUT/BaseLib.lib(CpuDeadLoop.obj)
                              BaseStackCheckGcc.obj (symbol from plugin) (CpuDeadLoop)
/home/j0sh1x/Lg_G7_ThinQ_Edk2/edk2_LG_G7_THINQ/workspace/Build/LgG7ThinQPkg/DEBUG_GCC5/AARCH64/MdePkg/Library/BaseLib/BaseLib/OUTPUT/BaseLib.lib(LinkedList.obj)
                              UsbBus.obj (symbol from plugin) (InitializeListHead)
/home/j0sh1x/Lg_G7_ThinQ_Edk2/edk2_LG_G7_THINQ/workspace/Build/LgG7ThinQPkg/DEBUG_GCC5/AARCH64/MdePkg/Library/BaseLib/BaseLib/OUTPUT/BaseLib.lib(CpuBreakpoint.obj)
                              BaseStackCheckGcc.obj (symbol from plugin) (CpuBreakpoint)
/home/j0sh1x/Lg_G7_ThinQ_Edk2/edk2_LG_G7_THINQ/workspace/Build/LgG7ThinQPkg/DEBUG_GCC5/AARCH64/MdePkg/Library/BaseMemoryLibOptDxe/BaseMemoryLibOptDxe/OUTPUT/BaseMemoryLibOptDxe.lib(ZeroMemWrapper.obj)
                              UsbHub.obj (symbol from plugin) (ZeroMem)
/home/j0sh1x/Lg_G7_ThinQ_Edk2/edk2_LG_G7_THINQ/workspace/Build/LgG7ThinQPkg/DEBUG_GCC5/AARCH64/MdePkg/Library/BaseMemoryLibOptDxe/BaseMemoryLibOptDxe/OUTPUT/BaseMemoryLibOptDxe.lib(CompareMemWrapper.obj)
                              UsbUtility.obj (symbol from plugin) (CompareMem)
/home/j0sh1x/Lg_G7_ThinQ_Edk2/edk2_LG_G7_THINQ/workspace/Build/LgG7ThinQPkg/DEBUG_GCC5/AARCH64/MdePkg/Library/BaseMemoryLibOptDxe/BaseMemoryLibOptDxe/OUTPUT/BaseMemoryLibOptDxe.lib(CopyMemWrapper.obj)
                              UsbBus.obj (symbol from plugin) (CopyMem)
/home/j0sh1x/Lg_G7_ThinQ_Edk2/edk2_LG_G7_THINQ/workspace/Build/LgG7ThinQPkg/DEBUG_GCC5/AARCH64/MdePkg/Library/BaseMemoryLibOptDxe/BaseMemoryLibOptDxe/OUTPUT/BaseMemoryLibOptDxe.lib(SetMem.obj)
                              ZeroMemWrapper.obj (symbol from plugin) (InternalMemZeroMem)
/home/j0sh1x/Lg_G7_ThinQ_Edk2/edk2_LG_G7_THINQ/workspace/Build/LgG7ThinQPkg/DEBUG_GCC5/AARCH64/MdePkg/Library/BaseMemoryLibOptDxe/BaseMemoryLibOptDxe/OUTPUT/BaseMemoryLibOptDxe.lib(CopyMem.obj)
                              CopyMemWrapper.obj (symbol from plugin) (InternalMemCopyMem)
/home/j0sh1x/Lg_G7_ThinQ_Edk2/edk2_LG_G7_THINQ/workspace/Build/LgG7ThinQPkg/DEBUG_GCC5/AARCH64/MdePkg/Library/BaseMemoryLibOptDxe/BaseMemoryLibOptDxe/OUTPUT/BaseMemoryLibOptDxe.lib(CompareMem.obj)
                              CompareMemWrapper.obj (symbol from plugin) (InternalMemCompareMem)
/home/j0sh1x/Lg_G7_ThinQ_Edk2/edk2_LG_G7_THINQ/workspace/Build/LgG7ThinQPkg/DEBUG_GCC5/AARCH64/MdePkg/Library/BaseDebugLibSerialPort/BaseDebugLibSerialPort/OUTPUT/BaseDebugLibSerialPort.lib(DebugLib.obj)
                              AutoGen.obj (symbol from plugin) (BaseDebugLibSerialPortConstructor)
/home/j0sh1x/Lg_G7_ThinQ_Edk2/edk2_LG_G7_THINQ/workspace/Build/LgG7ThinQPkg/DEBUG_GCC5/AARCH64/MdePkg/Library/UefiMemoryAllocationLib/UefiMemoryAllocationLib/OUTPUT/UefiMemoryAllocationLib.lib(MemoryAllocationLib.obj)
                              UsbBus.obj (symbol from plugin) (AllocateZeroPool)
/home/j0sh1x/Lg_G7_ThinQ_Edk2/edk2_LG_G7_THINQ/workspace/Build/LgG7ThinQPkg/DEBUG_GCC5/AARCH64/MdePkg/Library/UefiRuntimeServicesTableLib/UefiRuntimeServicesTableLib/OUTPUT/UefiRuntimeServicesTableLib.lib(UefiRuntimeServicesTableLib.obj)
                              AutoGen.obj (symbol from plugin) (UefiRuntimeServicesTableLibConstructor)
/home/j0sh1x/Lg_G7_ThinQ_Edk2/edk2_LG_G7_THINQ/workspace/Build/LgG7ThinQPkg/DEBUG_GCC5/AARCH64/MdePkg/Library/UefiBootServicesTableLib/UefiBootServicesTableLib/OUTPUT/UefiBootServicesTableLib.lib(UefiBootServicesTableLib.obj)
                              AutoGen.obj (symbol from plugin) (UefiBootServicesTableLibConstructor)
/home/j0sh1x/Lg_G7_ThinQ_Edk2/edk2_LG_G7_THINQ/workspace/Build/LgG7ThinQPkg/DEBUG_GCC5/AARCH64/MdePkg/Library/UefiDevicePathLib/UefiDevicePathLib/OUTPUT/UefiDevicePathLib.lib(DevicePathUtilities.obj)
                              UsbUtility.obj (symbol from plugin) (DevicePathNodeLength)
/home/j0sh1x/Lg_G7_ThinQ_Edk2/edk2_LG_G7_THINQ/workspace/Build/LgG7ThinQPkg/DEBUG_GCC5/AARCH64/MdePkg/Library/UefiDevicePathLib/UefiDevicePathLib/OUTPUT/UefiDevicePathLib.lib(UefiDevicePathLib.obj)
                              UsbUtility.obj (symbol from plugin) (GetDevicePathSize)
/home/j0sh1x/Lg_G7_ThinQ_Edk2/edk2_LG_G7_THINQ/workspace/Build/LgG7ThinQPkg/DEBUG_GCC5/AARCH64/MdePkg/Library/UefiDevicePathLib/UefiDevicePathLib/OUTPUT/UefiDevicePathLib.lib(DevicePathToText.obj)
                              UefiDevicePathLib.obj (symbol from plugin) (UefiDevicePathLibConvertDeviceNodeToText)
/home/j0sh1x/Lg_G7_ThinQ_Edk2/edk2_LG_G7_THINQ/workspace/Build/LgG7ThinQPkg/DEBUG_GCC5/AARCH64/MdePkg/Library/UefiDevicePathLib/UefiDevicePathLib/OUTPUT/UefiDevicePathLib.lib(DevicePathFromText.obj)
                              UefiDevicePathLib.obj (symbol from plugin) (UefiDevicePathLibConvertTextToDeviceNode)
/home/j0sh1x/Lg_G7_ThinQ_Edk2/edk2_LG_G7_THINQ/workspace/Build/LgG7ThinQPkg/DEBUG_GCC5/AARCH64/MdePkg/Library/UefiLib/UefiLib/OUTPUT/UefiLib.lib(UefiDriverModel.obj)
                              UsbBus.obj (symbol from plugin) (EfiLibInstallDriverBindingComponentName2)
/home/j0sh1x/Lg_G7_ThinQ_Edk2/edk2_LG_G7_THINQ/workspace/Build/LgG7ThinQPkg/DEBUG_GCC5/AARCH64/MdePkg/Library/UefiLib/UefiLib/OUTPUT/UefiLib.lib(UefiLib.obj)
                              AutoGen.obj (symbol from plugin) (UefiLibConstructor)
/home/j0sh1x/Lg_G7_ThinQ_Edk2/edk2_LG_G7_THINQ/workspace/Build/LgG7ThinQPkg/DEBUG_GCC5/AARCH64/MdePkg/Library/DxeHobLib/DxeHobLib/OUTPUT/DxeHobLib.lib(HobLib.obj)
                              AutoGen.obj (symbol from plugin) (HobLibConstructor)
/home/j0sh1x/Lg_G7_ThinQ_Edk2/edk2_LG_G7_THINQ/workspace/Build/LgG7ThinQPkg/DEBUG_GCC5/AARCH64/IntelFrameworkModulePkg/Library/DxeReportStatusCodeLibFramework/DxeReportStatusCodeLib/OUTPUT/DxeReportStatusCodeLib.lib(ReportStatusCodeLib.obj)
                              UsbBus.obj (symbol from plugin) (ReportProgressCodeEnabled)
/home/j0sh1x/Lg_G7_ThinQ_Edk2/edk2_LG_G7_THINQ/workspace/Build/LgG7ThinQPkg/DEBUG_GCC5/AARCH64/MdePkg/Library/BaseLib/BaseLib/OUTPUT/BaseLib.lib(SwapBytes64.obj)
                              DevicePathFromText.obj (symbol from plugin) (SwapBytes64)
/home/j0sh1x/Lg_G7_ThinQ_Edk2/edk2_LG_G7_THINQ/workspace/Build/LgG7ThinQPkg/DEBUG_GCC5/AARCH64/MdePkg/Library/BaseLib/BaseLib/OUTPUT/BaseLib.lib(LShiftU64.obj)
                              DevicePathToText.obj (symbol from plugin) (LShiftU64)
/home/j0sh1x/Lg_G7_ThinQ_Edk2/edk2_LG_G7_THINQ/workspace/Build/LgG7ThinQPkg/DEBUG_GCC5/AARCH64/MdePkg/Library/BaseLib/BaseLib/OUTPUT/BaseLib.lib(SafeString.obj)
                              DevicePathFromText.obj (symbol from plugin) (StrnLenS)
/home/j0sh1x/Lg_G7_ThinQ_Edk2/edk2_LG_G7_THINQ/workspace/Build/LgG7ThinQPkg/DEBUG_GCC5/AARCH64/MdePkg/Library/BaseLib/BaseLib/OUTPUT/BaseLib.lib(String.obj)
                              DevicePathFromText.obj (symbol from plugin) (StrLen)
/home/j0sh1x/Lg_G7_ThinQ_Edk2/edk2_LG_G7_THINQ/workspace/Build/LgG7ThinQPkg/DEBUG_GCC5/AARCH64/MdePkg/Library/BaseLib/BaseLib/OUTPUT/BaseLib.lib(Unaligned.obj)
                              DevicePathUtilities.obj (symbol from plugin) (ReadUnaligned16)
/home/j0sh1x/Lg_G7_ThinQ_Edk2/edk2_LG_G7_THINQ/workspace/Build/LgG7ThinQPkg/DEBUG_GCC5/AARCH64/MdePkg/Library/BaseLib/BaseLib/OUTPUT/BaseLib.lib(Math64.obj)
                              LShiftU64.obj (symbol from plugin) (InternalMathLShiftU64)
/home/j0sh1x/Lg_G7_ThinQ_Edk2/edk2_LG_G7_THINQ/workspace/Build/LgG7ThinQPkg/DEBUG_GCC5/AARCH64/MdePkg/Library/BaseLib/BaseLib/OUTPUT/BaseLib.lib(SwapBytes32.obj)
                              SafeString.obj (symbol from plugin) (SwapBytes32)
/home/j0sh1x/Lg_G7_ThinQ_Edk2/edk2_LG_G7_THINQ/workspace/Build/LgG7ThinQPkg/DEBUG_GCC5/AARCH64/MdePkg/Library/BaseLib/BaseLib/OUTPUT/BaseLib.lib(SwapBytes16.obj)
                              SafeString.obj (symbol from plugin) (SwapBytes16)
/home/j0sh1x/Lg_G7_ThinQ_Edk2/edk2_LG_G7_THINQ/workspace/Build/LgG7ThinQPkg/DEBUG_GCC5/AARCH64/MdePkg/Library/BaseLib/BaseLib/OUTPUT/BaseLib.lib(RShiftU64.obj)
                              SafeString.obj (symbol from plugin) (RShiftU64)
/home/j0sh1x/Lg_G7_ThinQ_Edk2/edk2_LG_G7_THINQ/workspace/Build/LgG7ThinQPkg/DEBUG_GCC5/AARCH64/MdePkg/Library/BaseLib/BaseLib/OUTPUT/BaseLib.lib(MultU64x32.obj)
                              SafeString.obj (symbol from plugin) (MultU64x32)
/home/j0sh1x/Lg_G7_ThinQ_Edk2/edk2_LG_G7_THINQ/workspace/Build/LgG7ThinQPkg/DEBUG_GCC5/AARCH64/MdePkg/Library/BaseLib/BaseLib/OUTPUT/BaseLib.lib(DivU64x32.obj)
                              SafeString.obj (symbol from plugin) (DivU64x32)
/home/j0sh1x/Lg_G7_ThinQ_Edk2/edk2_LG_G7_THINQ/workspace/Build/LgG7ThinQPkg/DEBUG_GCC5/AARCH64/MdePkg/Library/BaseMemoryLibOptDxe/BaseMemoryLibOptDxe/OUTPUT/BaseMemoryLibOptDxe.lib(MemLibGuid.obj)
                              DevicePathFromText.obj (symbol from plugin) (CopyGuid)
/home/j0sh1x/Lg_G7_ThinQ_Edk2/edk2_LG_G7_THINQ/workspace/Build/LgG7ThinQPkg/DEBUG_GCC5/AARCH64/MdePkg/Library/BaseMemoryLibOptDxe/BaseMemoryLibOptDxe/OUTPUT/BaseMemoryLibOptDxe.lib(SetMemWrapper.obj)
                              DebugLib.obj (symbol from plugin) (SetMem)
/home/j0sh1x/Lg_G7_ThinQ_Edk2/edk2_LG_G7_THINQ/workspace/Build/LgG7ThinQPkg/DEBUG_GCC5/AARCH64/MdePkg/Library/BaseMemoryLibOptDxe/BaseMemoryLibOptDxe/OUTPUT/BaseMemoryLibOptDxe.lib(CompareGuid.obj)
                              MemLibGuid.obj (symbol from plugin) (InternalMemCompareGuid)
/home/j0sh1x/Lg_G7_ThinQ_Edk2/edk2_LG_G7_THINQ/workspace/Build/LgG7ThinQPkg/DEBUG_GCC5/AARCH64/MdePkg/Library/BaseMemoryLibOptDxe/BaseMemoryLibOptDxe/OUTPUT/BaseMemoryLibOptDxe.lib(SetMem64Wrapper.obj)
                              SetMemWrapper.obj (symbol from plugin) (SetMem64)
/home/j0sh1x/Lg_G7_ThinQ_Edk2/edk2_LG_G7_THINQ/workspace/Build/LgG7ThinQPkg/DEBUG_GCC5/AARCH64/MdePkg/Library/BaseDebugPrintErrorLevelLib/BaseDebugPrintErrorLevelLib/OUTPUT/BaseDebugPrintErrorLevelLib.lib(BaseDebugPrintErrorLevelLib.obj)
                              DebugLib.obj (symbol from plugin) (GetDebugPrintErrorLevel)
/home/j0sh1x/Lg_G7_ThinQ_Edk2/edk2_LG_G7_THINQ/workspace/Build/LgG7ThinQPkg/DEBUG_GCC5/AARCH64/MdePkg/Library/BasePrintLib/BasePrintLib/OUTPUT/BasePrintLib.lib(PrintLib.obj)
                              DevicePathToText.obj (symbol from plugin) (UnicodeVSPrint)
/home/j0sh1x/Lg_G7_ThinQ_Edk2/edk2_LG_G7_THINQ/workspace/Build/LgG7ThinQPkg/DEBUG_GCC5/AARCH64/MdePkg/Library/BasePrintLib/BasePrintLib/OUTPUT/BasePrintLib.lib(PrintLibInternal.obj)
                              PrintLib.obj (symbol from plugin) (BasePrintLibConvertValueToString)
/home/j0sh1x/Lg_G7_ThinQ_Edk2/edk2_LG_G7_THINQ/workspace/Build/LgG7ThinQPkg/DEBUG_GCC5/AARCH64/LgG7ThinQPkg/Library/FrameBufferSerialPortLib/FrameBufferSerialPortLib/OUTPUT/FrameBufferSerialPortLib.lib(FrameBufferSerialPortLib.obj)
                              DebugLib.obj (symbol from plugin) (SerialPortInitialize)
/home/j0sh1x/Lg_G7_ThinQ_Edk2/edk2_LG_G7_THINQ/workspace/Build/LgG7ThinQPkg/DEBUG_GCC5/AARCH64/MdePkg/Library/BaseLib/BaseLib/OUTPUT/BaseLib.lib(DivU64x32Remainder.obj)
                              PrintLibInternal.obj (symbol from plugin) (DivU64x32Remainder)
/home/j0sh1x/Lg_G7_ThinQ_Edk2/edk2_LG_G7_THINQ/workspace/Build/LgG7ThinQPkg/DEBUG_GCC5/AARCH64/ArmPkg/Library/ArmLib/ArmBaseLib/OUTPUT/ArmBaseLib.lib(ArmLibSupport.obj)
                              FrameBufferSerialPortLib.obj (symbol from plugin) (ArmGetInterruptState)
/home/j0sh1x/Lg_G7_ThinQ_Edk2/edk2_LG_G7_THINQ/workspace/Build/LgG7ThinQPkg/DEBUG_GCC5/AARCH64/ArmPkg/Library/ArmLib/ArmBaseLib/OUTPUT/ArmBaseLib.lib(ArmLibSupportV8.obj)
                              FrameBufferSerialPortLib.obj (symbol from plugin) (ArmEnableInterrupts)
/home/j0sh1x/Lg_G7_ThinQ_Edk2/edk2_LG_G7_THINQ/workspace/Build/LgG7ThinQPkg/DEBUG_GCC5/AARCH64/ArmPkg/Library/ArmCacheMaintenanceLib/ArmCacheMaintenanceLib/OUTPUT/ArmCacheMaintenanceLib.lib(ArmCacheMaintenanceLib.obj)
                              FrameBufferSerialPortLib.obj (symbol from plugin) (WriteBackInvalidateDataCacheRange)
/home/j0sh1x/Lg_G7_ThinQ_Edk2/edk2_LG_G7_THINQ/workspace/Build/LgG7ThinQPkg/DEBUG_GCC5/AARCH64/ArmPkg/Library/ArmLib/ArmBaseLib/OUTPUT/ArmBaseLib.lib(ArmLib.obj)
                              ArmCacheMaintenanceLib.obj (symbol from plugin) (ArmDataCacheLineLength)
/home/j0sh1x/Lg_G7_ThinQ_Edk2/edk2_LG_G7_THINQ/workspace/Build/LgG7ThinQPkg/DEBUG_GCC5/AARCH64/ArmPkg/Library/ArmLib/ArmBaseLib/OUTPUT/ArmBaseLib.lib(AArch64Support.obj)
                              ArmCacheMaintenanceLib.obj (symbol from plugin) (ArmInvalidateDataCacheEntryByMVA)

Discarded input sections

 .text          0x0000000000000000       0x10 /home/j0sh1x/Lg_G7_ThinQ_Edk2/edk2/ArmPkg/Library/GccLto/liblto-aarch64.a
 .data          0x0000000000000000        0x0 /home/j0sh1x/Lg_G7_ThinQ_Edk2/edk2/ArmPkg/Library/GccLto/liblto-aarch64.a
 .bss           0x0000000000000000        0x0 /home/j0sh1x/Lg_G7_ThinQ_Edk2/edk2/ArmPkg/Library/GccLto/liblto-aarch64.a
 .text          0x0000000000000000        0x0 /tmp/UsbBusDxe.dll.WJNVTb.ltrans0.ltrans.o
 .data          0x0000000000000000        0x0 /tmp/UsbBusDxe.dll.WJNVTb.ltrans0.ltrans.o
 .bss           0x0000000000000000        0x0 /tmp/UsbBusDxe.dll.WJNVTb.ltrans0.ltrans.o
 .text.ReportDebugCodeEnabled
                0x0000000000000000        0x8 /tmp/UsbBusDxe.dll.WJNVTb.ltrans0.ltrans.o
 .text.ReportErrorCodeEnabled
                0x0000000000000000        0x8 /tmp/UsbBusDxe.dll.WJNVTb.ltrans0.ltrans.o
 .text.InternalReportStatusCode.constprop.0
                0x0000000000000000        0x8 /tmp/UsbBusDxe.dll.WJNVTb.ltrans0.ltrans.o
 .text.UsbBusComponentNameGetControllerName
                0x0000000000000000        0x8 /tmp/UsbBusDxe.dll.WJNVTb.ltrans0.ltrans.o
 .text._DriverUnloadHandler
                0x0000000000000000        0x8 /tmp/UsbBusDxe.dll.WJNVTb.ltrans0.ltrans.o
 .rodata.CopyGuid.str1.1
                0x0000000000000000       0x1b /tmp/UsbBusDxe.dll.WJNVTb.ltrans0.ltrans.o
 .text.CopyGuid
                0x0000000000000000       0x48 /tmp/UsbBusDxe.dll.WJNVTb.ltrans0.ltrans.o
 .text.ReadUnaligned24
                0x0000000000000000       0x4c /tmp/UsbBusDxe.dll.WJNVTb.ltrans0.ltrans.o
 .rodata.AsciiStrnCmp.str1.1
                0x0000000000000000       0x70 /tmp/UsbBusDxe.dll.WJNVTb.ltrans0.ltrans.o
 .text.AsciiStrnCmp
                0x0000000000000000       0xdc /tmp/UsbBusDxe.dll.WJNVTb.ltrans0.ltrans.o
 .text.UsbBusComponentNameGetDriverName
                0x0000000000000000      0x158 /tmp/UsbBusDxe.dll.WJNVTb.ltrans0.ltrans.o
 .rodata.StrnLenS.str1.1
                0x0000000000000000       0x6a /tmp/UsbBusDxe.dll.WJNVTb.ltrans0.ltrans.o
 .text.StrnLenS
                0x0000000000000000       0x70 /tmp/UsbBusDxe.dll.WJNVTb.ltrans0.ltrans.o
 .rodata.ReportStatusCodeEx.constprop.0.str1.1
                0x0000000000000000      0x12b /tmp/UsbBusDxe.dll.WJNVTb.ltrans0.ltrans.o
 .text.ReportStatusCodeEx.constprop.0
                0x0000000000000000      0x1e0 /tmp/UsbBusDxe.dll.WJNVTb.ltrans0.ltrans.o
 .rodata.ReportStatusCodeWithDevicePath.constprop.0.str1.1
                0x0000000000000000       0x4e /tmp/UsbBusDxe.dll.WJNVTb.ltrans0.ltrans.o
 .text.ReportStatusCodeWithDevicePath.constprop.0
                0x0000000000000000       0xa4 /tmp/UsbBusDxe.dll.WJNVTb.ltrans0.ltrans.o
 .text.__memset
                0x0000000000000000       0x1c /tmp/UsbBusDxe.dll.WJNVTb.ltrans0.ltrans.o
 .rodata.str2.2
                0x0000000000000000       0x1e /tmp/UsbBusDxe.dll.WJNVTb.ltrans0.ltrans.o
 .data.gEfiStatusCodeSpecificDataGuid
                0x0000000000000000       0x10 /tmp/UsbBusDxe.dll.WJNVTb.ltrans0.ltrans.o
 .data.mUsbBusComponentName
                0x0000000000000000       0x18 /tmp/UsbBusDxe.dll.WJNVTb.ltrans0.ltrans.o
 .data.mUsbBusDriverNameTable
                0x0000000000000000       0x20 /tmp/UsbBusDxe.dll.WJNVTb.ltrans0.ltrans.o
 .comment       0x0000000000000000       0x2d /tmp/UsbBusDxe.dll.WJNVTb.ltrans0.ltrans.o
 .note.GNU-stack
                0x0000000000000000        0x0 /tmp/UsbBusDxe.dll.WJNVTb.ltrans0.ltrans.o
 .comment       0x0000000000000000       0x2d /tmp/ccB6PWkf.debug.temp.o
 .note.GNU-stack
                0x0000000000000000        0x0 /tmp/ccB6PWkf.debug.temp.o
 .comment       0x0000000000000000       0x2d /tmp/ccyoWQMe.debug.temp.o
 .note.GNU-stack
                0x0000000000000000        0x0 /tmp/ccyoWQMe.debug.temp.o
 .comment       0x0000000000000000       0x2d /tmp/ccMeIcMc.debug.temp.o
 .note.GNU-stack
                0x0000000000000000        0x0 /tmp/ccMeIcMc.debug.temp.o
 .comment       0x0000000000000000       0x2d /tmp/ccnjgYtc.debug.temp.o
 .note.GNU-stack
                0x0000000000000000        0x0 /tmp/ccnjgYtc.debug.temp.o
 .comment       0x0000000000000000       0x2d /tmp/cc1UkcQb.debug.temp.o
 .note.GNU-stack
                0x0000000000000000        0x0 /tmp/cc1UkcQb.debug.temp.o
 .comment       0x0000000000000000       0x2d /tmp/cc0tM9cc.debug.temp.o
 .note.GNU-stack
                0x0000000000000000        0x0 /tmp/cc0tM9cc.debug.temp.o
 .comment       0x0000000000000000       0x2d /tmp/ccPrT3fb.debug.temp.o
 .note.GNU-stack
                0x0000000000000000        0x0 /tmp/ccPrT3fb.debug.temp.o
 .comment       0x0000000000000000       0x2d /tmp/ccAy8J8e.debug.temp.o
 .note.GNU-stack
                0x0000000000000000        0x0 /tmp/ccAy8J8e.debug.temp.o
 .comment       0x0000000000000000       0x2d /tmp/ccbM1Hnd.debug.temp.o
 .note.GNU-stack
                0x0000000000000000        0x0 /tmp/ccbM1Hnd.debug.temp.o
 .comment       0x0000000000000000       0x2d /tmp/ccZESSvd.debug.temp.o
 .note.GNU-stack
                0x0000000000000000        0x0 /tmp/ccZESSvd.debug.temp.o
 .comment       0x0000000000000000       0x2d /tmp/ccOYATYc.debug.temp.o
 .note.GNU-stack
                0x0000000000000000        0x0 /tmp/ccOYATYc.debug.temp.o
 .comment       0x0000000000000000       0x2d /tmp/ccegzthe.debug.temp.o
 .note.GNU-stack
                0x0000000000000000        0x0 /tmp/ccegzthe.debug.temp.o
 .comment       0x0000000000000000       0x2d /tmp/ccwfiQbb.debug.temp.o
 .note.GNU-stack
                0x0000000000000000        0x0 /tmp/ccwfiQbb.debug.temp.o
 .comment       0x0000000000000000       0x2d /tmp/ccAhDwZd.debug.temp.o
 .note.GNU-stack
                0x0000000000000000        0x0 /tmp/ccAhDwZd.debug.temp.o
 .comment       0x0000000000000000       0x2d /tmp/ccnmsAuf.debug.temp.o
 .note.GNU-stack
                0x0000000000000000        0x0 /tmp/ccnmsAuf.debug.temp.o
 .comment       0x0000000000000000       0x2d /tmp/cce3apNe.debug.temp.o
 .note.GNU-stack
                0x0000000000000000        0x0 /tmp/cce3apNe.debug.temp.o
 .comment       0x0000000000000000       0x2d /tmp/ccK76TIb.debug.temp.o
 .note.GNU-stack
                0x0000000000000000        0x0 /tmp/ccK76TIb.debug.temp.o
 .comment       0x0000000000000000       0x2d /tmp/ccEd0z5b.debug.temp.o
 .note.GNU-stack
                0x0000000000000000        0x0 /tmp/ccEd0z5b.debug.temp.o
 .comment       0x0000000000000000       0x2d /tmp/ccVgk1Gc.debug.temp.o
 .note.GNU-stack
                0x0000000000000000        0x0 /tmp/ccVgk1Gc.debug.temp.o
 .comment       0x0000000000000000       0x2d /tmp/cc71lPtf.debug.temp.o
 .note.GNU-stack
                0x0000000000000000        0x0 /tmp/cc71lPtf.debug.temp.o
 .comment       0x0000000000000000       0x2d /tmp/ccLXK8sb.debug.temp.o
 .note.GNU-stack
                0x0000000000000000        0x0 /tmp/ccLXK8sb.debug.temp.o
 .comment       0x0000000000000000       0x2d /tmp/ccfVlV5e.debug.temp.o
 .note.GNU-stack
                0x0000000000000000        0x0 /tmp/ccfVlV5e.debug.temp.o
 .comment       0x0000000000000000       0x2d /tmp/cc4Yfuyd.debug.temp.o
 .note.GNU-stack
                0x0000000000000000        0x0 /tmp/cc4Yfuyd.debug.temp.o
 .comment       0x0000000000000000       0x2d /tmp/ccKKkhZe.debug.temp.o
 .note.GNU-stack
                0x0000000000000000        0x0 /tmp/ccKKkhZe.debug.temp.o
 .comment       0x0000000000000000       0x2d /tmp/cc7pvfAe.debug.temp.o
 .note.GNU-stack
                0x0000000000000000        0x0 /tmp/cc7pvfAe.debug.temp.o
 .comment       0x0000000000000000       0x2d /tmp/ccV3bNad.debug.temp.o
 .note.GNU-stack
                0x0000000000000000        0x0 /tmp/ccV3bNad.debug.temp.o
 .comment       0x0000000000000000       0x2d /tmp/ccTmTDDb.debug.temp.o
 .note.GNU-stack
                0x0000000000000000        0x0 /tmp/ccTmTDDb.debug.temp.o
 .comment       0x0000000000000000       0x2d /tmp/cc077cCd.debug.temp.o
 .note.GNU-stack
                0x0000000000000000        0x0 /tmp/cc077cCd.debug.temp.o
 .debug_info    0x0000000000000000      0x264 /tmp/ccEaIvwd.debug.temp.o
 .debug_abbrev  0x0000000000000000       0xc0 /tmp/ccEaIvwd.debug.temp.o
 .debug_line    0x0000000000000000      0x183 /tmp/ccEaIvwd.debug.temp.o
 .debug_str     0x0000000000000000      0x594 /tmp/ccEaIvwd.debug.temp.o
 .comment       0x0000000000000000       0x2d /tmp/ccEaIvwd.debug.temp.o
 .note.GNU-stack
                0x0000000000000000        0x0 /tmp/ccEaIvwd.debug.temp.o
 .debug_info    0x0000000000000000      0x27c /tmp/ccYsoT3b.debug.temp.o
 .debug_abbrev  0x0000000000000000       0xc0 /tmp/ccYsoT3b.debug.temp.o
 .debug_line    0x0000000000000000      0x181 /tmp/ccYsoT3b.debug.temp.o
 .debug_str     0x0000000000000000      0x59e /tmp/ccYsoT3b.debug.temp.o
 .comment       0x0000000000000000       0x2d /tmp/ccYsoT3b.debug.temp.o
 .note.GNU-stack
                0x0000000000000000        0x0 /tmp/ccYsoT3b.debug.temp.o
 .comment       0x0000000000000000       0x2d /tmp/ccwn09hb.debug.temp.o
 .note.GNU-stack
                0x0000000000000000        0x0 /tmp/ccwn09hb.debug.temp.o
 .comment       0x0000000000000000       0x2d /tmp/cczKF0Ce.debug.temp.o
 .note.GNU-stack
                0x0000000000000000        0x0 /tmp/cczKF0Ce.debug.temp.o
 .comment       0x0000000000000000       0x2d /tmp/cc7OZKMd.debug.temp.o
 .note.GNU-stack
                0x0000000000000000        0x0 /tmp/cc7OZKMd.debug.temp.o
 .comment       0x0000000000000000       0x2d /tmp/ccvUoykb.debug.temp.o
 .note.GNU-stack
                0x0000000000000000        0x0 /tmp/ccvUoykb.debug.temp.o
 .debug_info    0x0000000000000000      0x27c /tmp/cciklKsb.debug.temp.o
 .debug_abbrev  0x0000000000000000       0xcf /tmp/cciklKsb.debug.temp.o
 .debug_line    0x0000000000000000      0x183 /tmp/cciklKsb.debug.temp.o
 .debug_str     0x0000000000000000      0x5ab /tmp/cciklKsb.debug.temp.o
 .comment       0x0000000000000000       0x2d /tmp/cciklKsb.debug.temp.o
 .note.GNU-stack
                0x0000000000000000        0x0 /tmp/cciklKsb.debug.temp.o
 .debug_info    0x0000000000000000      0x264 /tmp/ccNECzcd.debug.temp.o
 .debug_abbrev  0x0000000000000000       0xc0 /tmp/ccNECzcd.debug.temp.o
 .debug_line    0x0000000000000000      0x183 /tmp/ccNECzcd.debug.temp.o
 .debug_str     0x0000000000000000      0x594 /tmp/ccNECzcd.debug.temp.o
 .comment       0x0000000000000000       0x2d /tmp/ccNECzcd.debug.temp.o
 .note.GNU-stack
                0x0000000000000000        0x0 /tmp/ccNECzcd.debug.temp.o
 .debug_info    0x0000000000000000      0x27c /tmp/cco8jGTd.debug.temp.o
 .debug_abbrev  0x0000000000000000       0xc0 /tmp/cco8jGTd.debug.temp.o
 .debug_line    0x0000000000000000      0x181 /tmp/cco8jGTd.debug.temp.o
 .debug_str     0x0000000000000000      0x59e /tmp/cco8jGTd.debug.temp.o
 .comment       0x0000000000000000       0x2d /tmp/cco8jGTd.debug.temp.o
 .note.GNU-stack
                0x0000000000000000        0x0 /tmp/cco8jGTd.debug.temp.o
 .debug_info    0x0000000000000000      0x27c /tmp/ccIxRfBf.debug.temp.o
 .debug_abbrev  0x0000000000000000       0xcf /tmp/ccIxRfBf.debug.temp.o
 .debug_line    0x0000000000000000      0x182 /tmp/ccIxRfBf.debug.temp.o
 .debug_str     0x0000000000000000      0x5ab /tmp/ccIxRfBf.debug.temp.o
 .comment       0x0000000000000000       0x2d /tmp/ccIxRfBf.debug.temp.o
 .note.GNU-stack
                0x0000000000000000        0x0 /tmp/ccIxRfBf.debug.temp.o
 .debug_info    0x0000000000000000      0x270 /tmp/ccI02cde.debug.temp.o
 .debug_abbrev  0x0000000000000000       0xc0 /tmp/ccI02cde.debug.temp.o
 .debug_line    0x0000000000000000      0x181 /tmp/ccI02cde.debug.temp.o
 .debug_str     0x0000000000000000      0x59b /tmp/ccI02cde.debug.temp.o
 .comment       0x0000000000000000       0x2d /tmp/ccI02cde.debug.temp.o
 .note.GNU-stack
                0x0000000000000000        0x0 /tmp/ccI02cde.debug.temp.o
 .comment       0x0000000000000000       0x2d /tmp/cceW6rVe.debug.temp.o
 .note.GNU-stack
                0x0000000000000000        0x0 /tmp/cceW6rVe.debug.temp.o
 .debug_info    0x0000000000000000      0x26d /tmp/ccf5XeNb.debug.temp.o
 .debug_abbrev  0x0000000000000000       0xd5 /tmp/ccf5XeNb.debug.temp.o
 .debug_line    0x0000000000000000      0x1a9 /tmp/ccf5XeNb.debug.temp.o
 .debug_str     0x0000000000000000      0x4ca /tmp/ccf5XeNb.debug.temp.o
 .comment       0x0000000000000000       0x2d /tmp/ccf5XeNb.debug.temp.o
 .note.GNU-stack
                0x0000000000000000        0x0 /tmp/ccf5XeNb.debug.temp.o
 .debug_info    0x0000000000000000      0x238 /tmp/ccVphoGb.debug.temp.o
 .debug_abbrev  0x0000000000000000       0xc0 /tmp/ccVphoGb.debug.temp.o
 .debug_line    0x0000000000000000      0x1ab /tmp/ccVphoGb.debug.temp.o
 .debug_str     0x0000000000000000      0x4c6 /tmp/ccVphoGb.debug.temp.o
 .comment       0x0000000000000000       0x2d /tmp/ccVphoGb.debug.temp.o
 .note.GNU-stack
                0x0000000000000000        0x0 /tmp/ccVphoGb.debug.temp.o
 .comment       0x0000000000000000       0x2d /tmp/ccPwPyid.debug.temp.o
 .note.GNU-stack
                0x0000000000000000        0x0 /tmp/ccPwPyid.debug.temp.o
 .comment       0x0000000000000000       0x2d /tmp/ccR3CQXe.debug.temp.o
 .note.GNU-stack
                0x0000000000000000        0x0 /tmp/ccR3CQXe.debug.temp.o
 .comment       0x0000000000000000       0x2d /tmp/cctLMtCc.debug.temp.o
 .note.GNU-stack
                0x0000000000000000        0x0 /tmp/cctLMtCc.debug.temp.o
 .comment       0x0000000000000000       0x2d /tmp/cc4M2h0c.debug.temp.o
 .note.GNU-stack
                0x0000000000000000        0x0 /tmp/cc4M2h0c.debug.temp.o
 .comment       0x0000000000000000       0x2d /tmp/cc8JKNmc.debug.temp.o
 .note.GNU-stack
                0x0000000000000000        0x0 /tmp/cc8JKNmc.debug.temp.o
 .comment       0x0000000000000000       0x2d /tmp/ccWNMrzf.debug.temp.o
 .note.GNU-stack
                0x0000000000000000        0x0 /tmp/ccWNMrzf.debug.temp.o
 .comment       0x0000000000000000       0x2d /tmp/cchYnBWb.debug.temp.o
 .note.GNU-stack
                0x0000000000000000        0x0 /tmp/cchYnBWb.debug.temp.o
 .text          0x0000000000000000        0x8 /home/j0sh1x/Lg_G7_ThinQ_Edk2/edk2_LG_G7_THINQ/workspace/Build/LgG7ThinQPkg/DEBUG_GCC5/AARCH64/MdePkg/Library/BaseLib/BaseLib/OUTPUT/BaseLib.lib(CpuBreakpoint.obj)
 .data          0x0000000000000000        0x0 /home/j0sh1x/Lg_G7_ThinQ_Edk2/edk2_LG_G7_THINQ/workspace/Build/LgG7ThinQPkg/DEBUG_GCC5/AARCH64/MdePkg/Library/BaseLib/BaseLib/OUTPUT/BaseLib.lib(CpuBreakpoint.obj)
 .bss           0x0000000000000000        0x0 /home/j0sh1x/Lg_G7_ThinQ_Edk2/edk2_LG_G7_THINQ/workspace/Build/LgG7ThinQPkg/DEBUG_GCC5/AARCH64/MdePkg/Library/BaseLib/BaseLib/OUTPUT/BaseLib.lib(CpuBreakpoint.obj)
 .data          0x0000000000000000        0x0 /home/j0sh1x/Lg_G7_ThinQ_Edk2/edk2_LG_G7_THINQ/workspace/Build/LgG7ThinQPkg/DEBUG_GCC5/AARCH64/MdePkg/Library/BaseMemoryLibOptDxe/BaseMemoryLibOptDxe/OUTPUT/BaseMemoryLibOptDxe.lib(SetMem.obj)
 .bss           0x0000000000000000        0x0 /home/j0sh1x/Lg_G7_ThinQ_Edk2/edk2_LG_G7_THINQ/workspace/Build/LgG7ThinQPkg/DEBUG_GCC5/AARCH64/MdePkg/Library/BaseMemoryLibOptDxe/BaseMemoryLibOptDxe/OUTPUT/BaseMemoryLibOptDxe.lib(SetMem.obj)
 .data          0x0000000000000000        0x0 /home/j0sh1x/Lg_G7_ThinQ_Edk2/edk2_LG_G7_THINQ/workspace/Build/LgG7ThinQPkg/DEBUG_GCC5/AARCH64/MdePkg/Library/BaseMemoryLibOptDxe/BaseMemoryLibOptDxe/OUTPUT/BaseMemoryLibOptDxe.lib(CopyMem.obj)
 .bss           0x0000000000000000        0x0 /home/j0sh1x/Lg_G7_ThinQ_Edk2/edk2_LG_G7_THINQ/workspace/Build/LgG7ThinQPkg/DEBUG_GCC5/AARCH64/MdePkg/Library/BaseMemoryLibOptDxe/BaseMemoryLibOptDxe/OUTPUT/BaseMemoryLibOptDxe.lib(CopyMem.obj)
 .data          0x0000000000000000        0x0 /home/j0sh1x/Lg_G7_ThinQ_Edk2/edk2_LG_G7_THINQ/workspace/Build/LgG7ThinQPkg/DEBUG_GCC5/AARCH64/MdePkg/Library/BaseMemoryLibOptDxe/BaseMemoryLibOptDxe/OUTPUT/BaseMemoryLibOptDxe.lib(CompareMem.obj)
 .bss           0x0000000000000000        0x0 /home/j0sh1x/Lg_G7_ThinQ_Edk2/edk2_LG_G7_THINQ/workspace/Build/LgG7ThinQPkg/DEBUG_GCC5/AARCH64/MdePkg/Library/BaseMemoryLibOptDxe/BaseMemoryLibOptDxe/OUTPUT/BaseMemoryLibOptDxe.lib(CompareMem.obj)
 .data          0x0000000000000000        0x0 /home/j0sh1x/Lg_G7_ThinQ_Edk2/edk2_LG_G7_THINQ/workspace/Build/LgG7ThinQPkg/DEBUG_GCC5/AARCH64/MdePkg/Library/BaseMemoryLibOptDxe/BaseMemoryLibOptDxe/OUTPUT/BaseMemoryLibOptDxe.lib(CompareGuid.obj)
 .bss           0x0000000000000000        0x0 /home/j0sh1x/Lg_G7_ThinQ_Edk2/edk2_LG_G7_THINQ/workspace/Build/LgG7ThinQPkg/DEBUG_GCC5/AARCH64/MdePkg/Library/BaseMemoryLibOptDxe/BaseMemoryLibOptDxe/OUTPUT/BaseMemoryLibOptDxe.lib(CompareGuid.obj)
 .text          0x0000000000000000        0x0 /home/j0sh1x/Lg_G7_ThinQ_Edk2/edk2_LG_G7_THINQ/workspace/Build/LgG7ThinQPkg/DEBUG_GCC5/AARCH64/ArmPkg/Library/ArmLib/ArmBaseLib/OUTPUT/ArmBaseLib.lib(ArmLibSupport.obj)
 .data          0x0000000000000000        0x0 /home/j0sh1x/Lg_G7_ThinQ_Edk2/edk2_LG_G7_THINQ/workspace/Build/LgG7ThinQPkg/DEBUG_GCC5/AARCH64/ArmPkg/Library/ArmLib/ArmBaseLib/OUTPUT/ArmBaseLib.lib(ArmLibSupport.obj)
 .bss           0x0000000000000000        0x0 /home/j0sh1x/Lg_G7_ThinQ_Edk2/edk2_LG_G7_THINQ/workspace/Build/LgG7ThinQPkg/DEBUG_GCC5/AARCH64/ArmPkg/Library/ArmLib/ArmBaseLib/OUTPUT/ArmBaseLib.lib(ArmLibSupport.obj)
 .text.ArmReadMidr
                0x0000000000000000        0x8 /home/j0sh1x/Lg_G7_ThinQ_Edk2/edk2_LG_G7_THINQ/workspace/Build/LgG7ThinQPkg/DEBUG_GCC5/AARCH64/ArmPkg/Library/ArmLib/ArmBaseLib/OUTPUT/ArmBaseLib.lib(ArmLibSupport.obj)
 .text.ArmGetFiqState
                0x0000000000000000       0x10 /home/j0sh1x/Lg_G7_ThinQ_Edk2/edk2_LG_G7_THINQ/workspace/Build/LgG7ThinQPkg/DEBUG_GCC5/AARCH64/ArmPkg/Library/ArmLib/ArmBaseLib/OUTPUT/ArmBaseLib.lib(ArmLibSupport.obj)
 .text.ArmWriteCpacr
                0x0000000000000000        0x8 /home/j0sh1x/Lg_G7_ThinQ_Edk2/edk2_LG_G7_THINQ/workspace/Build/LgG7ThinQPkg/DEBUG_GCC5/AARCH64/ArmPkg/Library/ArmLib/ArmBaseLib/OUTPUT/ArmBaseLib.lib(ArmLibSupport.obj)
 .text.ArmWriteAuxCr
                0x0000000000000000       0x28 /home/j0sh1x/Lg_G7_ThinQ_Edk2/edk2_LG_G7_THINQ/workspace/Build/LgG7ThinQPkg/DEBUG_GCC5/AARCH64/ArmPkg/Library/ArmLib/ArmBaseLib/OUTPUT/ArmBaseLib.lib(ArmLibSupport.obj)
 .text.ArmReadAuxCr
                0x0000000000000000       0x28 /home/j0sh1x/Lg_G7_ThinQ_Edk2/edk2_LG_G7_THINQ/workspace/Build/LgG7ThinQPkg/DEBUG_GCC5/AARCH64/ArmPkg/Library/ArmLib/ArmBaseLib/OUTPUT/ArmBaseLib.lib(ArmLibSupport.obj)
 .text.ArmSetTTBR0
                0x0000000000000000       0x34 /home/j0sh1x/Lg_G7_ThinQ_Edk2/edk2_LG_G7_THINQ/workspace/Build/LgG7ThinQPkg/DEBUG_GCC5/AARCH64/ArmPkg/Library/ArmLib/ArmBaseLib/OUTPUT/ArmBaseLib.lib(ArmLibSupport.obj)
 .text.ArmGetTTBR0BaseAddress
                0x0000000000000000       0x30 /home/j0sh1x/Lg_G7_ThinQ_Edk2/edk2_LG_G7_THINQ/workspace/Build/LgG7ThinQPkg/DEBUG_GCC5/AARCH64/ArmPkg/Library/ArmLib/ArmBaseLib/OUTPUT/ArmBaseLib.lib(ArmLibSupport.obj)
 .text.ArmGetTCR
                0x0000000000000000       0x34 /home/j0sh1x/Lg_G7_ThinQ_Edk2/edk2_LG_G7_THINQ/workspace/Build/LgG7ThinQPkg/DEBUG_GCC5/AARCH64/ArmPkg/Library/ArmLib/ArmBaseLib/OUTPUT/ArmBaseLib.lib(ArmLibSupport.obj)
 .text.ArmSetTCR
                0x0000000000000000       0x34 /home/j0sh1x/Lg_G7_ThinQ_Edk2/edk2_LG_G7_THINQ/workspace/Build/LgG7ThinQPkg/DEBUG_GCC5/AARCH64/ArmPkg/Library/ArmLib/ArmBaseLib/OUTPUT/ArmBaseLib.lib(ArmLibSupport.obj)
 .text.ArmGetMAIR
                0x0000000000000000       0x34 /home/j0sh1x/Lg_G7_ThinQ_Edk2/edk2_LG_G7_THINQ/workspace/Build/LgG7ThinQPkg/DEBUG_GCC5/AARCH64/ArmPkg/Library/ArmLib/ArmBaseLib/OUTPUT/ArmBaseLib.lib(ArmLibSupport.obj)
 .text.ArmSetMAIR
                0x0000000000000000       0x34 /home/j0sh1x/Lg_G7_ThinQ_Edk2/edk2_LG_G7_THINQ/workspace/Build/LgG7ThinQPkg/DEBUG_GCC5/AARCH64/ArmPkg/Library/ArmLib/ArmBaseLib/OUTPUT/ArmBaseLib.lib(ArmLibSupport.obj)
 .text.ArmUpdateTranslationTableEntry
                0x0000000000000000       0x40 /home/j0sh1x/Lg_G7_ThinQ_Edk2/edk2_LG_G7_THINQ/workspace/Build/LgG7ThinQPkg/DEBUG_GCC5/AARCH64/ArmPkg/Library/ArmLib/ArmBaseLib/OUTPUT/ArmBaseLib.lib(ArmLibSupport.obj)
 .text.ArmInvalidateTlb
                0x0000000000000000       0x38 /home/j0sh1x/Lg_G7_ThinQ_Edk2/edk2_LG_G7_THINQ/workspace/Build/LgG7ThinQPkg/DEBUG_GCC5/AARCH64/ArmPkg/Library/ArmLib/ArmBaseLib/OUTPUT/ArmBaseLib.lib(ArmLibSupport.obj)
 .text.ArmWriteCptr
                0x0000000000000000        0x8 /home/j0sh1x/Lg_G7_ThinQ_Edk2/edk2_LG_G7_THINQ/workspace/Build/LgG7ThinQPkg/DEBUG_GCC5/AARCH64/ArmPkg/Library/ArmLib/ArmBaseLib/OUTPUT/ArmBaseLib.lib(ArmLibSupport.obj)
 .text.ArmWriteScr
                0x0000000000000000        0xc /home/j0sh1x/Lg_G7_ThinQ_Edk2/edk2_LG_G7_THINQ/workspace/Build/LgG7ThinQPkg/DEBUG_GCC5/AARCH64/ArmPkg/Library/ArmLib/ArmBaseLib/OUTPUT/ArmBaseLib.lib(ArmLibSupport.obj)
 .text.ArmWriteMVBar
                0x0000000000000000        0x8 /home/j0sh1x/Lg_G7_ThinQ_Edk2/edk2_LG_G7_THINQ/workspace/Build/LgG7ThinQPkg/DEBUG_GCC5/AARCH64/ArmPkg/Library/ArmLib/ArmBaseLib/OUTPUT/ArmBaseLib.lib(ArmLibSupport.obj)
 .text.ArmCallWFE
                0x0000000000000000        0x8 /home/j0sh1x/Lg_G7_ThinQ_Edk2/edk2_LG_G7_THINQ/workspace/Build/LgG7ThinQPkg/DEBUG_GCC5/AARCH64/ArmPkg/Library/ArmLib/ArmBaseLib/OUTPUT/ArmBaseLib.lib(ArmLibSupport.obj)
 .text.ArmCallSEV
                0x0000000000000000        0x8 /home/j0sh1x/Lg_G7_ThinQ_Edk2/edk2_LG_G7_THINQ/workspace/Build/LgG7ThinQPkg/DEBUG_GCC5/AARCH64/ArmPkg/Library/ArmLib/ArmBaseLib/OUTPUT/ArmBaseLib.lib(ArmLibSupport.obj)
 .text.ArmReadCpuActlr
                0x0000000000000000        0x8 /home/j0sh1x/Lg_G7_ThinQ_Edk2/edk2_LG_G7_THINQ/workspace/Build/LgG7ThinQPkg/DEBUG_GCC5/AARCH64/ArmPkg/Library/ArmLib/ArmBaseLib/OUTPUT/ArmBaseLib.lib(ArmLibSupport.obj)
 .text.ArmWriteCpuActlr
                0x0000000000000000       0x10 /home/j0sh1x/Lg_G7_ThinQ_Edk2/edk2_LG_G7_THINQ/workspace/Build/LgG7ThinQPkg/DEBUG_GCC5/AARCH64/ArmPkg/Library/ArmLib/ArmBaseLib/OUTPUT/ArmBaseLib.lib(ArmLibSupport.obj)
 .text.ArmReadSctlr
                0x0000000000000000       0x30 /home/j0sh1x/Lg_G7_ThinQ_Edk2/edk2_LG_G7_THINQ/workspace/Build/LgG7ThinQPkg/DEBUG_GCC5/AARCH64/ArmPkg/Library/ArmLib/ArmBaseLib/OUTPUT/ArmBaseLib.lib(ArmLibSupport.obj)
 .text.ArmWriteSctlr
                0x0000000000000000       0x30 /home/j0sh1x/Lg_G7_ThinQ_Edk2/edk2_LG_G7_THINQ/workspace/Build/LgG7ThinQPkg/DEBUG_GCC5/AARCH64/ArmPkg/Library/ArmLib/ArmBaseLib/OUTPUT/ArmBaseLib.lib(ArmLibSupport.obj)
 .text.ArmGetPhysicalAddressBits
                0x0000000000000000       0x24 /home/j0sh1x/Lg_G7_ThinQ_Edk2/edk2_LG_G7_THINQ/workspace/Build/LgG7ThinQPkg/DEBUG_GCC5/AARCH64/ArmPkg/Library/ArmLib/ArmBaseLib/OUTPUT/ArmBaseLib.lib(ArmLibSupport.obj)
 .text          0x0000000000000000        0x0 /home/j0sh1x/Lg_G7_ThinQ_Edk2/edk2_LG_G7_THINQ/workspace/Build/LgG7ThinQPkg/DEBUG_GCC5/AARCH64/ArmPkg/Library/ArmLib/ArmBaseLib/OUTPUT/ArmBaseLib.lib(ArmLibSupportV8.obj)
 .data          0x0000000000000000        0x0 /home/j0sh1x/Lg_G7_ThinQ_Edk2/edk2_LG_G7_THINQ/workspace/Build/LgG7ThinQPkg/DEBUG_GCC5/AARCH64/ArmPkg/Library/ArmLib/ArmBaseLib/OUTPUT/ArmBaseLib.lib(ArmLibSupportV8.obj)
 .bss           0x0000000000000000        0x0 /home/j0sh1x/Lg_G7_ThinQ_Edk2/edk2_LG_G7_THINQ/workspace/Build/LgG7ThinQPkg/DEBUG_GCC5/AARCH64/ArmPkg/Library/ArmLib/ArmBaseLib/OUTPUT/ArmBaseLib.lib(ArmLibSupportV8.obj)
 .text.ArmIsMpCore
                0x0000000000000000       0x14 /home/j0sh1x/Lg_G7_ThinQ_Edk2/edk2_LG_G7_THINQ/workspace/Build/LgG7ThinQPkg/DEBUG_GCC5/AARCH64/ArmPkg/Library/ArmLib/ArmBaseLib/OUTPUT/ArmBaseLib.lib(ArmLibSupportV8.obj)
 .text.ArmEnableAsynchronousAbort
                0x0000000000000000        0xc /home/j0sh1x/Lg_G7_ThinQ_Edk2/edk2_LG_G7_THINQ/workspace/Build/LgG7ThinQPkg/DEBUG_GCC5/AARCH64/ArmPkg/Library/ArmLib/ArmBaseLib/OUTPUT/ArmBaseLib.lib(ArmLibSupportV8.obj)
 .text.ArmDisableAsynchronousAbort
                0x0000000000000000        0xc /home/j0sh1x/Lg_G7_ThinQ_Edk2/edk2_LG_G7_THINQ/workspace/Build/LgG7ThinQPkg/DEBUG_GCC5/AARCH64/ArmPkg/Library/ArmLib/ArmBaseLib/OUTPUT/ArmBaseLib.lib(ArmLibSupportV8.obj)
 .text.ArmEnableIrq
                0x0000000000000000        0xc /home/j0sh1x/Lg_G7_ThinQ_Edk2/edk2_LG_G7_THINQ/workspace/Build/LgG7ThinQPkg/DEBUG_GCC5/AARCH64/ArmPkg/Library/ArmLib/ArmBaseLib/OUTPUT/ArmBaseLib.lib(ArmLibSupportV8.obj)
 .text.ArmDisableIrq
                0x0000000000000000        0xc /home/j0sh1x/Lg_G7_ThinQ_Edk2/edk2_LG_G7_THINQ/workspace/Build/LgG7ThinQPkg/DEBUG_GCC5/AARCH64/ArmPkg/Library/ArmLib/ArmBaseLib/OUTPUT/ArmBaseLib.lib(ArmLibSupportV8.obj)
 .text.ArmEnableFiq
                0x0000000000000000        0xc /home/j0sh1x/Lg_G7_ThinQ_Edk2/edk2_LG_G7_THINQ/workspace/Build/LgG7ThinQPkg/DEBUG_GCC5/AARCH64/ArmPkg/Library/ArmLib/ArmBaseLib/OUTPUT/ArmBaseLib.lib(ArmLibSupportV8.obj)
 .text.ArmDisableFiq
                0x0000000000000000        0xc /home/j0sh1x/Lg_G7_ThinQ_Edk2/edk2_LG_G7_THINQ/workspace/Build/LgG7ThinQPkg/DEBUG_GCC5/AARCH64/ArmPkg/Library/ArmLib/ArmBaseLib/OUTPUT/ArmBaseLib.lib(ArmLibSupportV8.obj)
 .text.ArmDisableAllExceptions
                0x0000000000000000        0xc /home/j0sh1x/Lg_G7_ThinQ_Edk2/edk2_LG_G7_THINQ/workspace/Build/LgG7ThinQPkg/DEBUG_GCC5/AARCH64/ArmPkg/Library/ArmLib/ArmBaseLib/OUTPUT/ArmBaseLib.lib(ArmLibSupportV8.obj)
 .text.ReadCCSIDR
                0x0000000000000000       0x10 /home/j0sh1x/Lg_G7_ThinQ_Edk2/edk2_LG_G7_THINQ/workspace/Build/LgG7ThinQPkg/DEBUG_GCC5/AARCH64/ArmPkg/Library/ArmLib/ArmBaseLib/OUTPUT/ArmBaseLib.lib(ArmLibSupportV8.obj)
 .text.ReadCLIDR
                0x0000000000000000        0x8 /home/j0sh1x/Lg_G7_ThinQ_Edk2/edk2_LG_G7_THINQ/workspace/Build/LgG7ThinQPkg/DEBUG_GCC5/AARCH64/ArmPkg/Library/ArmLib/ArmBaseLib/OUTPUT/ArmBaseLib.lib(ArmLibSupportV8.obj)
 .text          0x0000000000000000        0x0 /home/j0sh1x/Lg_G7_ThinQ_Edk2/edk2_LG_G7_THINQ/workspace/Build/LgG7ThinQPkg/DEBUG_GCC5/AARCH64/ArmPkg/Library/ArmLib/ArmBaseLib/OUTPUT/ArmBaseLib.lib(AArch64Support.obj)
 .data          0x0000000000000000        0x0 /home/j0sh1x/Lg_G7_ThinQ_Edk2/edk2_LG_G7_THINQ/workspace/Build/LgG7ThinQPkg/DEBUG_GCC5/AARCH64/ArmPkg/Library/ArmLib/ArmBaseLib/OUTPUT/ArmBaseLib.lib(AArch64Support.obj)
 .bss           0x0000000000000000        0x0 /home/j0sh1x/Lg_G7_ThinQ_Edk2/edk2_LG_G7_THINQ/workspace/Build/LgG7ThinQPkg/DEBUG_GCC5/AARCH64/ArmPkg/Library/ArmLib/ArmBaseLib/OUTPUT/ArmBaseLib.lib(AArch64Support.obj)
 .text.ArmInvalidateDataCacheEntryByMVA
                0x0000000000000000        0x8 /home/j0sh1x/Lg_G7_ThinQ_Edk2/edk2_LG_G7_THINQ/workspace/Build/LgG7ThinQPkg/DEBUG_GCC5/AARCH64/ArmPkg/Library/ArmLib/ArmBaseLib/OUTPUT/ArmBaseLib.lib(AArch64Support.obj)
 .text.ArmCleanDataCacheEntryByMVA
                0x0000000000000000        0x8 /home/j0sh1x/Lg_G7_ThinQ_Edk2/edk2_LG_G7_THINQ/workspace/Build/LgG7ThinQPkg/DEBUG_GCC5/AARCH64/ArmPkg/Library/ArmLib/ArmBaseLib/OUTPUT/ArmBaseLib.lib(AArch64Support.obj)
 .text.ArmCleanDataCacheEntryToPoUByMVA
                0x0000000000000000        0x8 /home/j0sh1x/Lg_G7_ThinQ_Edk2/edk2_LG_G7_THINQ/workspace/Build/LgG7ThinQPkg/DEBUG_GCC5/AARCH64/ArmPkg/Library/ArmLib/ArmBaseLib/OUTPUT/ArmBaseLib.lib(AArch64Support.obj)
 .text.ArmInvalidateInstructionCacheEntryToPoUByMVA
                0x0000000000000000        0x8 /home/j0sh1x/Lg_G7_ThinQ_Edk2/edk2_LG_G7_THINQ/workspace/Build/LgG7ThinQPkg/DEBUG_GCC5/AARCH64/ArmPkg/Library/ArmLib/ArmBaseLib/OUTPUT/ArmBaseLib.lib(AArch64Support.obj)
 .text.ArmInvalidateDataCacheEntryBySetWay
                0x0000000000000000        0x8 /home/j0sh1x/Lg_G7_ThinQ_Edk2/edk2_LG_G7_THINQ/workspace/Build/LgG7ThinQPkg/DEBUG_GCC5/AARCH64/ArmPkg/Library/ArmLib/ArmBaseLib/OUTPUT/ArmBaseLib.lib(AArch64Support.obj)
 .text.ArmCleanInvalidateDataCacheEntryBySetWay
                0x0000000000000000        0x8 /home/j0sh1x/Lg_G7_ThinQ_Edk2/edk2_LG_G7_THINQ/workspace/Build/LgG7ThinQPkg/DEBUG_GCC5/AARCH64/ArmPkg/Library/ArmLib/ArmBaseLib/OUTPUT/ArmBaseLib.lib(AArch64Support.obj)
 .text.ArmCleanDataCacheEntryBySetWay
                0x0000000000000000        0x8 /home/j0sh1x/Lg_G7_ThinQ_Edk2/edk2_LG_G7_THINQ/workspace/Build/LgG7ThinQPkg/DEBUG_GCC5/AARCH64/ArmPkg/Library/ArmLib/ArmBaseLib/OUTPUT/ArmBaseLib.lib(AArch64Support.obj)
 .text.ArmInvalidateInstructionCache
                0x0000000000000000       0x10 /home/j0sh1x/Lg_G7_ThinQ_Edk2/edk2_LG_G7_THINQ/workspace/Build/LgG7ThinQPkg/DEBUG_GCC5/AARCH64/ArmPkg/Library/ArmLib/ArmBaseLib/OUTPUT/ArmBaseLib.lib(AArch64Support.obj)
 .text.ArmEnableMmu
                0x0000000000000000       0x88 /home/j0sh1x/Lg_G7_ThinQ_Edk2/edk2_LG_G7_THINQ/workspace/Build/LgG7ThinQPkg/DEBUG_GCC5/AARCH64/ArmPkg/Library/ArmLib/ArmBaseLib/OUTPUT/ArmBaseLib.lib(AArch64Support.obj)
 .text.ArmDisableMmu
                0x0000000000000000       0x74 /home/j0sh1x/Lg_G7_ThinQ_Edk2/edk2_LG_G7_THINQ/workspace/Build/LgG7ThinQPkg/DEBUG_GCC5/AARCH64/ArmPkg/Library/ArmLib/ArmBaseLib/OUTPUT/ArmBaseLib.lib(AArch64Support.obj)
 .text.ArmDisableCachesAndMmu
                0x0000000000000000       0x6c /home/j0sh1x/Lg_G7_ThinQ_Edk2/edk2_LG_G7_THINQ/workspace/Build/LgG7ThinQPkg/DEBUG_GCC5/AARCH64/ArmPkg/Library/ArmLib/ArmBaseLib/OUTPUT/ArmBaseLib.lib(AArch64Support.obj)
 .text.ArmMmuEnabled
                0x0000000000000000       0x34 /home/j0sh1x/Lg_G7_ThinQ_Edk2/edk2_LG_G7_THINQ/workspace/Build/LgG7ThinQPkg/DEBUG_GCC5/AARCH64/ArmPkg/Library/ArmLib/ArmBaseLib/OUTPUT/ArmBaseLib.lib(AArch64Support.obj)
 .text.ArmEnableDataCache
                0x0000000000000000       0x68 /home/j0sh1x/Lg_G7_ThinQ_Edk2/edk2_LG_G7_THINQ/workspace/Build/LgG7ThinQPkg/DEBUG_GCC5/AARCH64/ArmPkg/Library/ArmLib/ArmBaseLib/OUTPUT/ArmBaseLib.lib(AArch64Support.obj)
 .text.ArmDisableDataCache
                0x0000000000000000       0x68 /home/j0sh1x/Lg_G7_ThinQ_Edk2/edk2_LG_G7_THINQ/workspace/Build/LgG7ThinQPkg/DEBUG_GCC5/AARCH64/ArmPkg/Library/ArmLib/ArmBaseLib/OUTPUT/ArmBaseLib.lib(AArch64Support.obj)
 .text.ArmEnableInstructionCache
                0x0000000000000000       0x68 /home/j0sh1x/Lg_G7_ThinQ_Edk2/edk2_LG_G7_THINQ/workspace/Build/LgG7ThinQPkg/DEBUG_GCC5/AARCH64/ArmPkg/Library/ArmLib/ArmBaseLib/OUTPUT/ArmBaseLib.lib(AArch64Support.obj)
 .text.ArmDisableInstructionCache
                0x0000000000000000       0x68 /home/j0sh1x/Lg_G7_ThinQ_Edk2/edk2_LG_G7_THINQ/workspace/Build/LgG7ThinQPkg/DEBUG_GCC5/AARCH64/ArmPkg/Library/ArmLib/ArmBaseLib/OUTPUT/ArmBaseLib.lib(AArch64Support.obj)
 .text.ArmEnableAlignmentCheck
                0x0000000000000000       0x58 /home/j0sh1x/Lg_G7_ThinQ_Edk2/edk2_LG_G7_THINQ/workspace/Build/LgG7ThinQPkg/DEBUG_GCC5/AARCH64/ArmPkg/Library/ArmLib/ArmBaseLib/OUTPUT/ArmBaseLib.lib(AArch64Support.obj)
 .text.ArmDisableAlignmentCheck
                0x0000000000000000       0x68 /home/j0sh1x/Lg_G7_ThinQ_Edk2/edk2_LG_G7_THINQ/workspace/Build/LgG7ThinQPkg/DEBUG_GCC5/AARCH64/ArmPkg/Library/ArmLib/ArmBaseLib/OUTPUT/ArmBaseLib.lib(AArch64Support.obj)
 .text.ArmEnableStackAlignmentCheck
                0x0000000000000000       0x58 /home/j0sh1x/Lg_G7_ThinQ_Edk2/edk2_LG_G7_THINQ/workspace/Build/LgG7ThinQPkg/DEBUG_GCC5/AARCH64/ArmPkg/Library/ArmLib/ArmBaseLib/OUTPUT/ArmBaseLib.lib(AArch64Support.obj)
 .text.ArmDisableStackAlignmentCheck
                0x0000000000000000       0x68 /home/j0sh1x/Lg_G7_ThinQ_Edk2/edk2_LG_G7_THINQ/workspace/Build/LgG7ThinQPkg/DEBUG_GCC5/AARCH64/ArmPkg/Library/ArmLib/ArmBaseLib/OUTPUT/ArmBaseLib.lib(AArch64Support.obj)
 .text.ArmEnableBranchPrediction
                0x0000000000000000        0x4 /home/j0sh1x/Lg_G7_ThinQ_Edk2/edk2_LG_G7_THINQ/workspace/Build/LgG7ThinQPkg/DEBUG_GCC5/AARCH64/ArmPkg/Library/ArmLib/ArmBaseLib/OUTPUT/ArmBaseLib.lib(AArch64Support.obj)
 .text.ArmDisableBranchPrediction
                0x0000000000000000        0x4 /home/j0sh1x/Lg_G7_ThinQ_Edk2/edk2_LG_G7_THINQ/workspace/Build/LgG7ThinQPkg/DEBUG_GCC5/AARCH64/ArmPkg/Library/ArmLib/ArmBaseLib/OUTPUT/ArmBaseLib.lib(AArch64Support.obj)
 .text.AArch64AllDataCachesOperation
                0x0000000000000000       0xa8 /home/j0sh1x/Lg_G7_ThinQ_Edk2/edk2_LG_G7_THINQ/workspace/Build/LgG7ThinQPkg/DEBUG_GCC5/AARCH64/ArmPkg/Library/ArmLib/ArmBaseLib/OUTPUT/ArmBaseLib.lib(AArch64Support.obj)
 .text.ArmDataMemoryBarrier
                0x0000000000000000        0x8 /home/j0sh1x/Lg_G7_ThinQ_Edk2/edk2_LG_G7_THINQ/workspace/Build/LgG7ThinQPkg/DEBUG_GCC5/AARCH64/ArmPkg/Library/ArmLib/ArmBaseLib/OUTPUT/ArmBaseLib.lib(AArch64Support.obj)
 .text.ArmInstructionSynchronizationBarrier
                0x0000000000000000        0x8 /home/j0sh1x/Lg_G7_ThinQ_Edk2/edk2_LG_G7_THINQ/workspace/Build/LgG7ThinQPkg/DEBUG_GCC5/AARCH64/ArmPkg/Library/ArmLib/ArmBaseLib/OUTPUT/ArmBaseLib.lib(AArch64Support.obj)
 .text.ArmWriteVBar
                0x0000000000000000       0x34 /home/j0sh1x/Lg_G7_ThinQ_Edk2/edk2_LG_G7_THINQ/workspace/Build/LgG7ThinQPkg/DEBUG_GCC5/AARCH64/ArmPkg/Library/ArmLib/ArmBaseLib/OUTPUT/ArmBaseLib.lib(AArch64Support.obj)
 .text.ArmReadVBar
                0x0000000000000000       0x30 /home/j0sh1x/Lg_G7_ThinQ_Edk2/edk2_LG_G7_THINQ/workspace/Build/LgG7ThinQPkg/DEBUG_GCC5/AARCH64/ArmPkg/Library/ArmLib/ArmBaseLib/OUTPUT/ArmBaseLib.lib(AArch64Support.obj)
 .text.ArmEnableVFP
                0x0000000000000000       0x64 /home/j0sh1x/Lg_G7_ThinQ_Edk2/edk2_LG_G7_THINQ/workspace/Build/LgG7ThinQPkg/DEBUG_GCC5/AARCH64/ArmPkg/Library/ArmLib/ArmBaseLib/OUTPUT/ArmBaseLib.lib(AArch64Support.obj)
 .text.ArmCallWFI
                0x0000000000000000        0x8 /home/j0sh1x/Lg_G7_ThinQ_Edk2/edk2_LG_G7_THINQ/workspace/Build/LgG7ThinQPkg/DEBUG_GCC5/AARCH64/ArmPkg/Library/ArmLib/ArmBaseLib/OUTPUT/ArmBaseLib.lib(AArch64Support.obj)
 .text.ArmReadMpidr
                0x0000000000000000        0x8 /home/j0sh1x/Lg_G7_ThinQ_Edk2/edk2_LG_G7_THINQ/workspace/Build/LgG7ThinQPkg/DEBUG_GCC5/AARCH64/ArmPkg/Library/ArmLib/ArmBaseLib/OUTPUT/ArmBaseLib.lib(AArch64Support.obj)
 .text.ArmReadTpidrurw
                0x0000000000000000        0x8 /home/j0sh1x/Lg_G7_ThinQ_Edk2/edk2_LG_G7_THINQ/workspace/Build/LgG7ThinQPkg/DEBUG_GCC5/AARCH64/ArmPkg/Library/ArmLib/ArmBaseLib/OUTPUT/ArmBaseLib.lib(AArch64Support.obj)
 .text.ArmWriteTpidrurw
                0x0000000000000000        0x8 /home/j0sh1x/Lg_G7_ThinQ_Edk2/edk2_LG_G7_THINQ/workspace/Build/LgG7ThinQPkg/DEBUG_GCC5/AARCH64/ArmPkg/Library/ArmLib/ArmBaseLib/OUTPUT/ArmBaseLib.lib(AArch64Support.obj)
 .text.ArmIsArchTimerImplemented
                0x0000000000000000        0x8 /home/j0sh1x/Lg_G7_ThinQ_Edk2/edk2_LG_G7_THINQ/workspace/Build/LgG7ThinQPkg/DEBUG_GCC5/AARCH64/ArmPkg/Library/ArmLib/ArmBaseLib/OUTPUT/ArmBaseLib.lib(AArch64Support.obj)
 .text.ArmReadIdPfr0
                0x0000000000000000        0x8 /home/j0sh1x/Lg_G7_ThinQ_Edk2/edk2_LG_G7_THINQ/workspace/Build/LgG7ThinQPkg/DEBUG_GCC5/AARCH64/ArmPkg/Library/ArmLib/ArmBaseLib/OUTPUT/ArmBaseLib.lib(AArch64Support.obj)
 .text.ArmReadIdPfr1
                0x0000000000000000        0x8 /home/j0sh1x/Lg_G7_ThinQ_Edk2/edk2_LG_G7_THINQ/workspace/Build/LgG7ThinQPkg/DEBUG_GCC5/AARCH64/ArmPkg/Library/ArmLib/ArmBaseLib/OUTPUT/ArmBaseLib.lib(AArch64Support.obj)
 .text.ArmWriteHcr
                0x0000000000000000        0x8 /home/j0sh1x/Lg_G7_ThinQ_Edk2/edk2_LG_G7_THINQ/workspace/Build/LgG7ThinQPkg/DEBUG_GCC5/AARCH64/ArmPkg/Library/ArmLib/ArmBaseLib/OUTPUT/ArmBaseLib.lib(AArch64Support.obj)
 .text.ArmReadHcr
                0x0000000000000000        0x8 /home/j0sh1x/Lg_G7_ThinQ_Edk2/edk2_LG_G7_THINQ/workspace/Build/LgG7ThinQPkg/DEBUG_GCC5/AARCH64/ArmPkg/Library/ArmLib/ArmBaseLib/OUTPUT/ArmBaseLib.lib(AArch64Support.obj)
 .text.ArmReadCurrentEL
                0x0000000000000000        0x8 /home/j0sh1x/Lg_G7_ThinQ_Edk2/edk2_LG_G7_THINQ/workspace/Build/LgG7ThinQPkg/DEBUG_GCC5/AARCH64/ArmPkg/Library/ArmLib/ArmBaseLib/OUTPUT/ArmBaseLib.lib(AArch64Support.obj)
 .text.ArmReadCntHctl
                0x0000000000000000        0x8 /home/j0sh1x/Lg_G7_ThinQ_Edk2/edk2_LG_G7_THINQ/workspace/Build/LgG7ThinQPkg/DEBUG_GCC5/AARCH64/ArmPkg/Library/ArmLib/ArmBaseLib/OUTPUT/ArmBaseLib.lib(AArch64Support.obj)
 .text.ArmWriteCntHctl
                0x0000000000000000        0x8 /home/j0sh1x/Lg_G7_ThinQ_Edk2/edk2_LG_G7_THINQ/workspace/Build/LgG7ThinQPkg/DEBUG_GCC5/AARCH64/ArmPkg/Library/ArmLib/ArmBaseLib/OUTPUT/ArmBaseLib.lib(AArch64Support.obj)

Speicherkonfiguration

Name             Ursprung           Länge             Attribute
*default*        0x0000000000000000 0xffffffffffffffff

Linker script and memory map

LOAD /home/j0sh1x/Lg_G7_ThinQ_Edk2/edk2/ArmPkg/Library/GccLto/liblto-aarch64.a
START GROUP
LOAD /tmp/UsbBusDxe.dll.WJNVTb.ltrans0.ltrans.o
LOAD /tmp/ccB6PWkf.debug.temp.o
LOAD /tmp/ccyoWQMe.debug.temp.o
LOAD /tmp/ccMeIcMc.debug.temp.o
LOAD /tmp/ccnjgYtc.debug.temp.o
LOAD /tmp/cc1UkcQb.debug.temp.o
LOAD /tmp/cc0tM9cc.debug.temp.o
LOAD /tmp/ccPrT3fb.debug.temp.o
LOAD /tmp/ccAy8J8e.debug.temp.o
LOAD /tmp/ccbM1Hnd.debug.temp.o
LOAD /tmp/ccZESSvd.debug.temp.o
LOAD /tmp/ccOYATYc.debug.temp.o
LOAD /tmp/ccegzthe.debug.temp.o
LOAD /tmp/ccwfiQbb.debug.temp.o
LOAD /tmp/ccAhDwZd.debug.temp.o
LOAD /tmp/ccnmsAuf.debug.temp.o
LOAD /tmp/cce3apNe.debug.temp.o
LOAD /tmp/ccK76TIb.debug.temp.o
LOAD /tmp/ccEd0z5b.debug.temp.o
LOAD /tmp/ccVgk1Gc.debug.temp.o
LOAD /tmp/cc71lPtf.debug.temp.o
LOAD /tmp/ccLXK8sb.debug.temp.o
LOAD /tmp/ccfVlV5e.debug.temp.o
LOAD /tmp/cc4Yfuyd.debug.temp.o
LOAD /tmp/ccKKkhZe.debug.temp.o
LOAD /tmp/cc7pvfAe.debug.temp.o
LOAD /tmp/ccV3bNad.debug.temp.o
LOAD /tmp/ccTmTDDb.debug.temp.o
LOAD /tmp/cc077cCd.debug.temp.o
LOAD /tmp/ccEaIvwd.debug.temp.o
LOAD /tmp/ccYsoT3b.debug.temp.o
LOAD /tmp/ccwn09hb.debug.temp.o
LOAD /tmp/cczKF0Ce.debug.temp.o
LOAD /tmp/cc7OZKMd.debug.temp.o
LOAD /tmp/ccvUoykb.debug.temp.o
LOAD /tmp/cciklKsb.debug.temp.o
LOAD /tmp/ccNECzcd.debug.temp.o
LOAD /tmp/cco8jGTd.debug.temp.o
LOAD /tmp/ccIxRfBf.debug.temp.o
LOAD /tmp/ccI02cde.debug.temp.o
LOAD /tmp/cceW6rVe.debug.temp.o
LOAD /tmp/ccf5XeNb.debug.temp.o
LOAD /tmp/ccVphoGb.debug.temp.o
LOAD /tmp/ccPwPyid.debug.temp.o
LOAD /tmp/ccR3CQXe.debug.temp.o
LOAD /tmp/cctLMtCc.debug.temp.o
LOAD /tmp/cc4M2h0c.debug.temp.o
LOAD /tmp/cc8JKNmc.debug.temp.o
LOAD /tmp/ccWNMrzf.debug.temp.o
LOAD /tmp/cchYnBWb.debug.temp.o
LOAD /home/j0sh1x/Lg_G7_ThinQ_Edk2/edk2_LG_G7_THINQ/workspace/Build/LgG7ThinQPkg/DEBUG_GCC5/AARCH64/MdePkg/Library/DxePcdLib/DxePcdLib/OUTPUT/DxePcdLib.lib
LOAD /home/j0sh1x/Lg_G7_ThinQ_Edk2/edk2_LG_G7_THINQ/workspace/Build/LgG7ThinQPkg/DEBUG_GCC5/AARCH64/MdePkg/Library/BaseLib/BaseLib/OUTPUT/BaseLib.lib
LOAD /home/j0sh1x/Lg_G7_ThinQ_Edk2/edk2_LG_G7_THINQ/workspace/Build/LgG7ThinQPkg/DEBUG_GCC5/AARCH64/MdePkg/Library/BaseMemoryLibOptDxe/BaseMemoryLibOptDxe/OUTPUT/BaseMemoryLibOptDxe.lib
LOAD /home/j0sh1x/Lg_G7_ThinQ_Edk2/edk2_LG_G7_THINQ/workspace/Build/LgG7ThinQPkg/DEBUG_GCC5/AARCH64/ArmPkg/Library/ArmLib/ArmBaseLib/OUTPUT/ArmBaseLib.lib
LOAD /home/j0sh1x/Lg_G7_ThinQ_Edk2/edk2_LG_G7_THINQ/workspace/Build/LgG7ThinQPkg/DEBUG_GCC5/AARCH64/ArmPkg/Library/ArmCacheMaintenanceLib/ArmCacheMaintenanceLib/OUTPUT/ArmCacheMaintenanceLib.lib
LOAD /home/j0sh1x/Lg_G7_ThinQ_Edk2/edk2_LG_G7_THINQ/workspace/Build/LgG7ThinQPkg/DEBUG_GCC5/AARCH64/MdePkg/Library/BaseIoLibIntrinsic/BaseIoLibIntrinsic/OUTPUT/BaseIoLibIntrinsic.lib
LOAD /home/j0sh1x/Lg_G7_ThinQ_Edk2/edk2_LG_G7_THINQ/workspace/Build/LgG7ThinQPkg/DEBUG_GCC5/AARCH64/ArmPkg/Library/CompilerIntrinsicsLib/CompilerIntrinsicsLib/OUTPUT/CompilerIntrinsicsLib.lib
LOAD /home/j0sh1x/Lg_G7_ThinQ_Edk2/edk2_LG_G7_THINQ/workspace/Build/LgG7ThinQPkg/DEBUG_GCC5/AARCH64/MdePkg/Library/BaseDebugPrintErrorLevelLib/BaseDebugPrintErrorLevelLib/OUTPUT/BaseDebugPrintErrorLevelLib.lib
LOAD /home/j0sh1x/Lg_G7_ThinQ_Edk2/edk2_LG_G7_THINQ/workspace/Build/LgG7ThinQPkg/DEBUG_GCC5/AARCH64/MdePkg/Library/BasePrintLib/BasePrintLib/OUTPUT/BasePrintLib.lib
LOAD /home/j0sh1x/Lg_G7_ThinQ_Edk2/edk2_LG_G7_THINQ/workspace/Build/LgG7ThinQPkg/DEBUG_GCC5/AARCH64/LgG7ThinQPkg/Library/FrameBufferSerialPortLib/FrameBufferSerialPortLib/OUTPUT/FrameBufferSerialPortLib.lib
LOAD /home/j0sh1x/Lg_G7_ThinQ_Edk2/edk2_LG_G7_THINQ/workspace/Build/LgG7ThinQPkg/DEBUG_GCC5/AARCH64/MdePkg/Library/BaseDebugLibSerialPort/BaseDebugLibSerialPort/OUTPUT/BaseDebugLibSerialPort.lib
LOAD /home/j0sh1x/Lg_G7_ThinQ_Edk2/edk2_LG_G7_THINQ/workspace/Build/LgG7ThinQPkg/DEBUG_GCC5/AARCH64/MdePkg/Library/UefiMemoryAllocationLib/UefiMemoryAllocationLib/OUTPUT/UefiMemoryAllocationLib.lib
LOAD /home/j0sh1x/Lg_G7_ThinQ_Edk2/edk2_LG_G7_THINQ/workspace/Build/LgG7ThinQPkg/DEBUG_GCC5/AARCH64/MdePkg/Library/UefiRuntimeServicesTableLib/UefiRuntimeServicesTableLib/OUTPUT/UefiRuntimeServicesTableLib.lib
LOAD /home/j0sh1x/Lg_G7_ThinQ_Edk2/edk2_LG_G7_THINQ/workspace/Build/LgG7ThinQPkg/DEBUG_GCC5/AARCH64/MdePkg/Library/UefiBootServicesTableLib/UefiBootServicesTableLib/OUTPUT/UefiBootServicesTableLib.lib
LOAD /home/j0sh1x/Lg_G7_ThinQ_Edk2/edk2_LG_G7_THINQ/workspace/Build/LgG7ThinQPkg/DEBUG_GCC5/AARCH64/MdePkg/Library/UefiDevicePathLib/UefiDevicePathLib/OUTPUT/UefiDevicePathLib.lib
LOAD /home/j0sh1x/Lg_G7_ThinQ_Edk2/edk2_LG_G7_THINQ/workspace/Build/LgG7ThinQPkg/DEBUG_GCC5/AARCH64/MdePkg/Library/UefiLib/UefiLib/OUTPUT/UefiLib.lib
LOAD /home/j0sh1x/Lg_G7_ThinQ_Edk2/edk2_LG_G7_THINQ/workspace/Build/LgG7ThinQPkg/DEBUG_GCC5/AARCH64/MdePkg/Library/DxeHobLib/DxeHobLib/OUTPUT/DxeHobLib.lib
LOAD /home/j0sh1x/Lg_G7_ThinQ_Edk2/edk2_LG_G7_THINQ/workspace/Build/LgG7ThinQPkg/DEBUG_GCC5/AARCH64/MdePkg/Library/UefiDriverEntryPoint/UefiDriverEntryPoint/OUTPUT/UefiDriverEntryPoint.lib
LOAD /home/j0sh1x/Lg_G7_ThinQ_Edk2/edk2_LG_G7_THINQ/workspace/Build/LgG7ThinQPkg/DEBUG_GCC5/AARCH64/IntelFrameworkModulePkg/Library/DxeReportStatusCodeLibFramework/DxeReportStatusCodeLib/OUTPUT/DxeReportStatusCodeLib.lib
LOAD /home/j0sh1x/Lg_G7_ThinQ_Edk2/edk2_LG_G7_THINQ/workspace/Build/LgG7ThinQPkg/DEBUG_GCC5/AARCH64/MdePkg/Library/BaseStackCheckLib/BaseStackCheckLib/OUTPUT/BaseStackCheckLib.lib
LOAD /home/j0sh1x/Lg_G7_ThinQ_Edk2/edk2_LG_G7_THINQ/workspace/Build/LgG7ThinQPkg/DEBUG_GCC5/AARCH64/MdeModulePkg/Bus/Usb/UsbBusDxe/UsbBusDxe/OUTPUT/UsbBusDxe.lib
END GROUP
                0x0000000000000228                . = PECOFF_HEADER_SIZE

.gnu.version_d  0x0000000000000228        0x0
 .gnu.version_d
                0x0000000000000228        0x0 /home/j0sh1x/Lg_G7_ThinQ_Edk2/edk2/ArmPkg/Library/GccLto/liblto-aarch64.a

.gnu.version    0x0000000000000228        0x0
 .gnu.version   0x0000000000000228        0x0 /home/j0sh1x/Lg_G7_ThinQ_Edk2/edk2/ArmPkg/Library/GccLto/liblto-aarch64.a

.gnu.version_r  0x0000000000000228        0x0
 .gnu.version_r
                0x0000000000000228        0x0 /home/j0sh1x/Lg_G7_ThinQ_Edk2/edk2/ArmPkg/Library/GccLto/liblto-aarch64.a

.text           0x0000000000001000     0xa210
 *(.text .text.* .stub .gnu.linkonce.t.*)
 .text.DebugAssertEnabled
                0x0000000000001000        0x8 /tmp/UsbBusDxe.dll.WJNVTb.ltrans0.ltrans.o
 .text.InternalAllocatePool.constprop.0
                0x0000000000001008       0x68 /tmp/UsbBusDxe.dll.WJNVTb.ltrans0.ltrans.o
 .text.BasePrintLibFillBuffer
                0x0000000000001070       0x34 /tmp/UsbBusDxe.dll.WJNVTb.ltrans0.ltrans.o
 .text.AsciiStrnLenS
                0x00000000000010a4       0x3c /tmp/UsbBusDxe.dll.WJNVTb.ltrans0.ltrans.o
 .text.DebugPrintLevelEnabled
                0x00000000000010e0        0x8 /tmp/UsbBusDxe.dll.WJNVTb.ltrans0.ltrans.o
 .text.DebugPrintEnabled
                0x00000000000010e8        0x8 /tmp/UsbBusDxe.dll.WJNVTb.ltrans0.ltrans.o
 .text.UsbFindChild
                0x00000000000010f0       0x54 /tmp/UsbBusDxe.dll.WJNVTb.ltrans0.ltrans.o
 .text.UsbGetEndpointDesc
                0x0000000000001144       0x3c /tmp/UsbBusDxe.dll.WJNVTb.ltrans0.ltrans.o
 .text.UsbGetCurrentTpl
                0x0000000000001180       0x40 /tmp/UsbBusDxe.dll.WJNVTb.ltrans0.ltrans.o
 .text.UsbOpenHostProtoByChild
                0x00000000000011c0       0x88 /tmp/UsbBusDxe.dll.WJNVTb.ltrans0.ltrans.o
 .text.UsbHcControlTransfer
                0x0000000000001248       0x40 /tmp/UsbBusDxe.dll.WJNVTb.ltrans0.ltrans.o
 .text.UsbHcClearRootHubPortFeature
                0x0000000000001288       0x24 /tmp/UsbBusDxe.dll.WJNVTb.ltrans0.ltrans.o
 .text.UsbHcSetRootHubPortFeature
                0x00000000000012ac       0x24 /tmp/UsbBusDxe.dll.WJNVTb.ltrans0.ltrans.o
 .text.UsbHcGetRootHubPortStatus
                0x00000000000012d0       0x24 /tmp/UsbBusDxe.dll.WJNVTb.ltrans0.ltrans.o
 .text.UsbRootHubClearPortFeature
                0x00000000000012f4        0xc /tmp/UsbBusDxe.dll.WJNVTb.ltrans0.ltrans.o
 .text.UsbRootHubSetPortFeature
                0x0000000000001300        0xc /tmp/UsbBusDxe.dll.WJNVTb.ltrans0.ltrans.o
 .text.UsbRootHubGetPortStatus
                0x000000000000130c        0xc /tmp/UsbBusDxe.dll.WJNVTb.ltrans0.ltrans.o
 .text.UsbRootHubClearPortChange
                0x0000000000001318       0xa8 /tmp/UsbBusDxe.dll.WJNVTb.ltrans0.ltrans.o
 .text.UsbIoAsyncIsochronousTransfer
                0x00000000000013c0        0x8 /tmp/UsbBusDxe.dll.WJNVTb.ltrans0.ltrans.o
 .text.UsbIoIsochronousTransfer
                0x00000000000013c8        0x8 /tmp/UsbBusDxe.dll.WJNVTb.ltrans0.ltrans.o
 .text.BaseDebugLibSerialPortConstructor
                0x00000000000013d0       0x84 /tmp/UsbBusDxe.dll.WJNVTb.ltrans0.ltrans.o
 .text.FbConFlush
                0x0000000000001454       0x54 /tmp/UsbBusDxe.dll.WJNVTb.ltrans0.ltrans.o
 .text.SerialPortWrite
                0x00000000000014a8      0x400 /tmp/UsbBusDxe.dll.WJNVTb.ltrans0.ltrans.o
 .text.DebugAssert
                0x00000000000018a8       0x7c /tmp/UsbBusDxe.dll.WJNVTb.ltrans0.ltrans.o
 .text.CompareGuid.constprop.0
                0x0000000000001924       0x44 /tmp/UsbBusDxe.dll.WJNVTb.ltrans0.ltrans.o
 .text.WriteUnaligned16
                0x0000000000001968       0x18 /tmp/UsbBusDxe.dll.WJNVTb.ltrans0.ltrans.o
 .text.ReadUnaligned16
                0x0000000000001980       0x5c /tmp/UsbBusDxe.dll.WJNVTb.ltrans0.ltrans.o
 .text.AsciiStrLen
                0x00000000000019dc       0x90 /tmp/UsbBusDxe.dll.WJNVTb.ltrans0.ltrans.o
 .text.BasePrintLibSPrintMarker.constprop.0
                0x0000000000001a6c      0xc1c /tmp/UsbBusDxe.dll.WJNVTb.ltrans0.ltrans.o
 .text.BasePrintLibSPrint.constprop.0
                0x0000000000002688       0x98 /tmp/UsbBusDxe.dll.WJNVTb.ltrans0.ltrans.o
 .text.AsciiSPrint.constprop.0
                0x0000000000002720       0xa4 /tmp/UsbBusDxe.dll.WJNVTb.ltrans0.ltrans.o
 .text.DevicePathNodeLength
                0x00000000000027c4       0x50 /tmp/UsbBusDxe.dll.WJNVTb.ltrans0.ltrans.o
 .text.NextDevicePathNode
                0x0000000000002814       0x50 /tmp/UsbBusDxe.dll.WJNVTb.ltrans0.ltrans.o
 .text.DevicePathSubType
                0x0000000000002864       0x48 /tmp/UsbBusDxe.dll.WJNVTb.ltrans0.ltrans.o
 .text.DevicePathType
                0x00000000000028ac       0x48 /tmp/UsbBusDxe.dll.WJNVTb.ltrans0.ltrans.o
 .text.IsDevicePathEnd
                0x00000000000028f4       0x94 /tmp/UsbBusDxe.dll.WJNVTb.ltrans0.ltrans.o
 .text.IsDevicePathValid.part.0.constprop.0
                0x0000000000002988       0xbc /tmp/UsbBusDxe.dll.WJNVTb.ltrans0.ltrans.o
 .text.UefiDevicePathLibGetDevicePathSize
                0x0000000000002a44       0x6c /tmp/UsbBusDxe.dll.WJNVTb.ltrans0.ltrans.o
 .text.UsbBusControllerDriverSupported
                0x0000000000002ab0      0x1a8 /tmp/UsbBusDxe.dll.WJNVTb.ltrans0.ltrans.o
 .text.DebugPrint
                0x0000000000002c58       0xb4 /tmp/UsbBusDxe.dll.WJNVTb.ltrans0.ltrans.o
 .text.FreePool
                0x0000000000002d0c       0x7c /tmp/UsbBusDxe.dll.WJNVTb.ltrans0.ltrans.o
 .text.UsbFreeInterfaceDesc
                0x0000000000002d88       0x64 /tmp/UsbBusDxe.dll.WJNVTb.ltrans0.ltrans.o
 .text.UsbFreeConfigDesc
                0x0000000000002dec       0x88 /tmp/UsbBusDxe.dll.WJNVTb.ltrans0.ltrans.o
 .text.UsbRootHubRelease
                0x0000000000002e74       0x80 /tmp/UsbBusDxe.dll.WJNVTb.ltrans0.ltrans.o
 .text.UsbRootHubInit
                0x0000000000002ef4      0x178 /tmp/UsbBusDxe.dll.WJNVTb.ltrans0.ltrans.o
 .text.UsbHubRelease
                0x000000000000306c       0xa0 /tmp/UsbBusDxe.dll.WJNVTb.ltrans0.ltrans.o
 .text.CopyMem  0x000000000000310c       0xa4 /tmp/UsbBusDxe.dll.WJNVTb.ltrans0.ltrans.o
 .text.UefiDevicePathLibDuplicateDevicePath
                0x00000000000031b0       0x98 /tmp/UsbBusDxe.dll.WJNVTb.ltrans0.ltrans.o
 .text.SetDevicePathEndNode
                0x0000000000003248       0x54 /tmp/UsbBusDxe.dll.WJNVTb.ltrans0.ltrans.o
 .text.InitializeListHead
                0x000000000000329c        0x8 /tmp/UsbBusDxe.dll.WJNVTb.ltrans0.ltrans.o
 .text.InternalBaseLibIsListValid
                0x00000000000032a4       0x90 /tmp/UsbBusDxe.dll.WJNVTb.ltrans0.ltrans.o
 .text.RemoveEntryList
                0x0000000000003334       0x74 /tmp/UsbBusDxe.dll.WJNVTb.ltrans0.ltrans.o
 .text.InsertTailList
                0x00000000000033a8       0x5c /tmp/UsbBusDxe.dll.WJNVTb.ltrans0.ltrans.o
 .text.UsbSelectSetting
                0x0000000000003404      0x130 /tmp/UsbBusDxe.dll.WJNVTb.ltrans0.ltrans.o
 .text.UsbCtrlRequest
                0x0000000000003534      0x120 /tmp/UsbBusDxe.dll.WJNVTb.ltrans0.ltrans.o
 .text.UsbCtrlGetDesc
                0x0000000000003654       0x40 /tmp/UsbBusDxe.dll.WJNVTb.ltrans0.ltrans.o
 .text.UsbHubClearPortFeature
                0x0000000000003694       0x44 /tmp/UsbBusDxe.dll.WJNVTb.ltrans0.ltrans.o
 .text.UsbHubGetPortStatus
                0x00000000000036d8       0x48 /tmp/UsbBusDxe.dll.WJNVTb.ltrans0.ltrans.o
 .text.UsbHubClearPortChange
                0x0000000000003720       0xc8 /tmp/UsbBusDxe.dll.WJNVTb.ltrans0.ltrans.o
 .text.UsbHubCtrlSetPortFeature
                0x00000000000037e8       0x40 /tmp/UsbBusDxe.dll.WJNVTb.ltrans0.ltrans.o
 .text.UsbHubSetPortFeature
                0x0000000000003828        0x8 /tmp/UsbBusDxe.dll.WJNVTb.ltrans0.ltrans.o
 .text.UsbHubCtrlGetHubDesc
                0x0000000000003830       0x4c /tmp/UsbBusDxe.dll.WJNVTb.ltrans0.ltrans.o
 .text.UsbHubCtrlClearHubFeature
                0x000000000000387c       0x3c /tmp/UsbBusDxe.dll.WJNVTb.ltrans0.ltrans.o
 .text.UsbHubAckHubStatus
                0x00000000000038b8       0xa4 /tmp/UsbBusDxe.dll.WJNVTb.ltrans0.ltrans.o
 .text.UsbBusFreeUsbDPList
                0x000000000000395c       0xb0 /tmp/UsbBusDxe.dll.WJNVTb.ltrans0.ltrans.o
 .text.UsbHubInit
                0x0000000000003a0c      0x3e4 /tmp/UsbBusDxe.dll.WJNVTb.ltrans0.ltrans.o
 .text.UsbIoPortReset
                0x0000000000003df0      0x228 /tmp/UsbBusDxe.dll.WJNVTb.ltrans0.ltrans.o
 .text.UsbIoGetSupportedLanguages
                0x0000000000004018       0xb8 /tmp/UsbBusDxe.dll.WJNVTb.ltrans0.ltrans.o
 .text.UsbIoGetEndpointDescriptor
                0x00000000000040d0      0x108 /tmp/UsbBusDxe.dll.WJNVTb.ltrans0.ltrans.o
 .text.UsbIoGetInterfaceDescriptor
                0x00000000000041d8       0xb4 /tmp/UsbBusDxe.dll.WJNVTb.ltrans0.ltrans.o
 .text.UsbIoGetActiveConfigDescriptor
                0x000000000000428c       0xcc /tmp/UsbBusDxe.dll.WJNVTb.ltrans0.ltrans.o
 .text.UsbIoGetDeviceDescriptor
                0x0000000000004358       0xb8 /tmp/UsbBusDxe.dll.WJNVTb.ltrans0.ltrans.o
 .text.UsbIoAsyncInterruptTransfer
                0x0000000000004410      0x1c4 /tmp/UsbBusDxe.dll.WJNVTb.ltrans0.ltrans.o
 .text.UsbIoSyncInterruptTransfer
                0x00000000000045d4      0x1c0 /tmp/UsbBusDxe.dll.WJNVTb.ltrans0.ltrans.o
 .text.UsbIoBulkTransfer
                0x0000000000004794      0x23c /tmp/UsbBusDxe.dll.WJNVTb.ltrans0.ltrans.o
 .text.CompareMem
                0x00000000000049d0       0xd0 /tmp/UsbBusDxe.dll.WJNVTb.ltrans0.ltrans.o
 .text.SearchUsbDPInList.part.0
                0x0000000000004aa0       0xf4 /tmp/UsbBusDxe.dll.WJNVTb.ltrans0.ltrans.o
 .text.ZeroMem  0x0000000000004b94       0x70 /tmp/UsbBusDxe.dll.WJNVTb.ltrans0.ltrans.o
 .text.AllocateZeroPool
                0x0000000000004c04       0x34 /tmp/UsbBusDxe.dll.WJNVTb.ltrans0.ltrans.o
 .text.UsbGetOneString
                0x0000000000004c38       0xc8 /tmp/UsbBusDxe.dll.WJNVTb.ltrans0.ltrans.o
 .text.UsbCreateDesc
                0x0000000000004d00      0x218 /tmp/UsbBusDxe.dll.WJNVTb.ltrans0.ltrans.o
 .text.GetUsbDPFromFullDP
                0x0000000000004f18      0x11c /tmp/UsbBusDxe.dll.WJNVTb.ltrans0.ltrans.o
 .text.UsbBusIsWantedUsbIO
                0x0000000000005034      0x448 /tmp/UsbBusDxe.dll.WJNVTb.ltrans0.ltrans.o
 .text.UsbConnectDriver
                0x000000000000547c      0x1a0 /tmp/UsbBusDxe.dll.WJNVTb.ltrans0.ltrans.o
 .text.UsbRemoveConfig
                0x000000000000561c      0x26c /tmp/UsbBusDxe.dll.WJNVTb.ltrans0.ltrans.o
 .text.UsbRemoveDevice
                0x0000000000005888      0x1d4 /tmp/UsbBusDxe.dll.WJNVTb.ltrans0.ltrans.o
 .text.UsbBusControllerDriverStop
                0x0000000000005a5c      0x380 /tmp/UsbBusDxe.dll.WJNVTb.ltrans0.ltrans.o
 .text.UsbSelectConfig
                0x0000000000005ddc      0x460 /tmp/UsbBusDxe.dll.WJNVTb.ltrans0.ltrans.o
 .text.UsbEnumerateNewDev
                0x000000000000623c      0xb44 /tmp/UsbBusDxe.dll.WJNVTb.ltrans0.ltrans.o
 .text.UsbEnumeratePort
                0x0000000000006d80      0x2a4 /tmp/UsbBusDxe.dll.WJNVTb.ltrans0.ltrans.o
 .text.UsbRootHubEnumeration
                0x0000000000007024       0xac /tmp/UsbBusDxe.dll.WJNVTb.ltrans0.ltrans.o
 .text.UsbHubEnumeration
                0x00000000000070d0      0x164 /tmp/UsbBusDxe.dll.WJNVTb.ltrans0.ltrans.o
 .text.UsbIoControlTransfer
                0x0000000000007234      0x2e0 /tmp/UsbBusDxe.dll.WJNVTb.ltrans0.ltrans.o
 .text.UsbBusAddWantedUsbIoDP
                0x0000000000007514      0x1c0 /tmp/UsbBusDxe.dll.WJNVTb.ltrans0.ltrans.o
 .text.UsbOnHubInterrupt
                0x00000000000076d4      0x1bc /tmp/UsbBusDxe.dll.WJNVTb.ltrans0.ltrans.o
 .text.UsbBusControllerDriverStart
                0x0000000000007890      0x7a8 /tmp/UsbBusDxe.dll.WJNVTb.ltrans0.ltrans.o
 .text.UsbIoGetStringDescriptor
                0x0000000000008038      0x1bc /tmp/UsbBusDxe.dll.WJNVTb.ltrans0.ltrans.o
 .text.UsbRootHubResetPort
                0x00000000000081f4      0x254 /tmp/UsbBusDxe.dll.WJNVTb.ltrans0.ltrans.o
 .text.UsbHubResetPort
                0x0000000000008448       0xd8 /tmp/UsbBusDxe.dll.WJNVTb.ltrans0.ltrans.o
 .text.__stack_chk_fail
                0x0000000000008520       0x34 /tmp/UsbBusDxe.dll.WJNVTb.ltrans0.ltrans.o
                0x0000000000008520                __stack_chk_fail
 .text._ModuleEntryPoint
                0x0000000000008554      0x270 /tmp/UsbBusDxe.dll.WJNVTb.ltrans0.ltrans.o
                0x0000000000008554                _ModuleEntryPoint
 .text.memcpy   0x00000000000087c4       0x20 /tmp/UsbBusDxe.dll.WJNVTb.ltrans0.ltrans.o
                0x00000000000087c4                memcpy
 *fill*         0x00000000000087e4        0xc 
 .text          0x00000000000087f0      0x200 /home/j0sh1x/Lg_G7_ThinQ_Edk2/edk2_LG_G7_THINQ/workspace/Build/LgG7ThinQPkg/DEBUG_GCC5/AARCH64/MdePkg/Library/BaseMemoryLibOptDxe/BaseMemoryLibOptDxe/OUTPUT/BaseMemoryLibOptDxe.lib(SetMem.obj)
                0x00000000000087f0                InternalMemSetMem16
                0x00000000000087fc                InternalMemSetMem32
                0x0000000000008808                InternalMemSetMem64
                0x0000000000008814                InternalMemZeroMem
                0x000000000000881c                InternalMemSetMem
 .text          0x00000000000089f0      0x218 /home/j0sh1x/Lg_G7_ThinQ_Edk2/edk2_LG_G7_THINQ/workspace/Build/LgG7ThinQPkg/DEBUG_GCC5/AARCH64/MdePkg/Library/BaseMemoryLibOptDxe/BaseMemoryLibOptDxe/OUTPUT/BaseMemoryLibOptDxe.lib(CopyMem.obj)
                0x0000000000008b5c                InternalMemCopyMem
 *fill*         0x0000000000008c08       0x38 
 .text          0x0000000000008c40       0xe0 /home/j0sh1x/Lg_G7_ThinQ_Edk2/edk2_LG_G7_THINQ/workspace/Build/LgG7ThinQPkg/DEBUG_GCC5/AARCH64/MdePkg/Library/BaseMemoryLibOptDxe/BaseMemoryLibOptDxe/OUTPUT/BaseMemoryLibOptDxe.lib(CompareMem.obj)
                0x0000000000008c40                InternalMemCompareMem
 .text          0x0000000000008d20       0x20 /home/j0sh1x/Lg_G7_ThinQ_Edk2/edk2_LG_G7_THINQ/workspace/Build/LgG7ThinQPkg/DEBUG_GCC5/AARCH64/MdePkg/Library/BaseMemoryLibOptDxe/BaseMemoryLibOptDxe/OUTPUT/BaseMemoryLibOptDxe.lib(CompareGuid.obj)
                0x0000000000008d20                InternalMemCompareGuid
 .text.ArmCacheInfo
                0x0000000000008d40        0x8 /home/j0sh1x/Lg_G7_ThinQ_Edk2/edk2_LG_G7_THINQ/workspace/Build/LgG7ThinQPkg/DEBUG_GCC5/AARCH64/ArmPkg/Library/ArmLib/ArmBaseLib/OUTPUT/ArmBaseLib.lib(ArmLibSupport.obj)
                0x0000000000008d40                ArmCacheInfo
 .text.ArmGetInterruptState
                0x0000000000008d48       0x10 /home/j0sh1x/Lg_G7_ThinQ_Edk2/edk2_LG_G7_THINQ/workspace/Build/LgG7ThinQPkg/DEBUG_GCC5/AARCH64/ArmPkg/Library/ArmLib/ArmBaseLib/OUTPUT/ArmBaseLib.lib(ArmLibSupport.obj)
                0x0000000000008d48                ArmGetInterruptState
 .text.ArmEnableInterrupts
                0x0000000000008d58        0xc /home/j0sh1x/Lg_G7_ThinQ_Edk2/edk2_LG_G7_THINQ/workspace/Build/LgG7ThinQPkg/DEBUG_GCC5/AARCH64/ArmPkg/Library/ArmLib/ArmBaseLib/OUTPUT/ArmBaseLib.lib(ArmLibSupportV8.obj)
                0x0000000000008d58                ArmEnableInterrupts
 .text.ArmDisableInterrupts
                0x0000000000008d64        0xc /home/j0sh1x/Lg_G7_ThinQ_Edk2/edk2_LG_G7_THINQ/workspace/Build/LgG7ThinQPkg/DEBUG_GCC5/AARCH64/ArmPkg/Library/ArmLib/ArmBaseLib/OUTPUT/ArmBaseLib.lib(ArmLibSupportV8.obj)
                0x0000000000008d64                ArmDisableInterrupts
 .text.ArmCleanInvalidateDataCacheEntryByMVA
                0x0000000000008d70        0x8 /home/j0sh1x/Lg_G7_ThinQ_Edk2/edk2_LG_G7_THINQ/workspace/Build/LgG7ThinQPkg/DEBUG_GCC5/AARCH64/ArmPkg/Library/ArmLib/ArmBaseLib/OUTPUT/ArmBaseLib.lib(AArch64Support.obj)
                0x0000000000008d70                ArmCleanInvalidateDataCacheEntryByMVA
 .text.ArmDataSynchronizationBarrier
                0x0000000000008d78        0x8 /home/j0sh1x/Lg_G7_ThinQ_Edk2/edk2_LG_G7_THINQ/workspace/Build/LgG7ThinQPkg/DEBUG_GCC5/AARCH64/ArmPkg/Library/ArmLib/ArmBaseLib/OUTPUT/ArmBaseLib.lib(AArch64Support.obj)
                0x0000000000008d78                ArmDataSynchronizationBarrier
 *(.rodata .rodata.* .gnu.linkonce.r.*)
 .rodata.DebugAssert.str1.1
                0x0000000000008d80       0x22 /tmp/UsbBusDxe.dll.WJNVTb.ltrans0.ltrans.o
 .rodata.CompareGuid.constprop.0.str1.1
                0x0000000000008da2       0x6d /tmp/UsbBusDxe.dll.WJNVTb.ltrans0.ltrans.o
 .rodata.ReadUnaligned16.str1.1
                0x0000000000008e0f       0x4a /tmp/UsbBusDxe.dll.WJNVTb.ltrans0.ltrans.o
                                         0x61 (size before relaxing)
 .rodata.AsciiStrLen.str1.1
                0x0000000000008e59       0x92 /tmp/UsbBusDxe.dll.WJNVTb.ltrans0.ltrans.o
 .rodata.BasePrintLibSPrintMarker.constprop.0.str1.1
                0x0000000000008eeb      0x182 /tmp/UsbBusDxe.dll.WJNVTb.ltrans0.ltrans.o
 *fill*         0x000000000000906d        0x3 
 .rodata.BasePrintLibSPrintMarker.constprop.0
                0x0000000000009070       0x5e /tmp/UsbBusDxe.dll.WJNVTb.ltrans0.ltrans.o
 .rodata.DevicePathNodeLength.str1.1
                0x00000000000090ce       0x6f /tmp/UsbBusDxe.dll.WJNVTb.ltrans0.ltrans.o
 .rodata.FreePool.str1.1
                0x000000000000913d       0x95 /tmp/UsbBusDxe.dll.WJNVTb.ltrans0.ltrans.o
 .rodata.UsbRootHubRelease.str1.1
                0x00000000000091d2       0x31 /tmp/UsbBusDxe.dll.WJNVTb.ltrans0.ltrans.o
 .rodata.UsbRootHubInit.str1.1
                0x0000000000009203       0x36 /tmp/UsbBusDxe.dll.WJNVTb.ltrans0.ltrans.o
 .rodata.UsbHubRelease.str1.1
                0x0000000000009239       0x27 /tmp/UsbBusDxe.dll.WJNVTb.ltrans0.ltrans.o
 .rodata.CopyMem.str1.1
                0x0000000000009260       0xd8 /tmp/UsbBusDxe.dll.WJNVTb.ltrans0.ltrans.o
 .rodata.UefiDevicePathLibDuplicateDevicePath.str1.1
                0x0000000000009338       0x3f /tmp/UsbBusDxe.dll.WJNVTb.ltrans0.ltrans.o
 .rodata.InternalBaseLibIsListValid.str1.1
                0x0000000000009377       0x88 /tmp/UsbBusDxe.dll.WJNVTb.ltrans0.ltrans.o
 .rodata.RemoveEntryList.str1.1
                0x00000000000093ff       0x3b /tmp/UsbBusDxe.dll.WJNVTb.ltrans0.ltrans.o
 .rodata.UsbSelectSetting.str1.1
                0x000000000000943a       0x9e /tmp/UsbBusDxe.dll.WJNVTb.ltrans0.ltrans.o
                                         0xaa (size before relaxing)
 .rodata.UsbCtrlRequest.str1.1
                0x00000000000094d8       0x86 /tmp/UsbBusDxe.dll.WJNVTb.ltrans0.ltrans.o
 .rodata.UsbBusFreeUsbDPList.str1.1
                0x000000000000955e       0x64 /tmp/UsbBusDxe.dll.WJNVTb.ltrans0.ltrans.o
 .rodata.UsbHubInit.str1.1
                0x00000000000095c2      0x1da /tmp/UsbBusDxe.dll.WJNVTb.ltrans0.ltrans.o
 .rodata.UsbIoPortReset.str1.1
                0x000000000000979c      0x12a /tmp/UsbBusDxe.dll.WJNVTb.ltrans0.ltrans.o
 .rodata.UsbIoBulkTransfer.str1.1
                0x00000000000098c6       0x3c /tmp/UsbBusDxe.dll.WJNVTb.ltrans0.ltrans.o
 .rodata.CompareMem.str1.1
                0x0000000000009902       0x99 /tmp/UsbBusDxe.dll.WJNVTb.ltrans0.ltrans.o
 .rodata.SearchUsbDPInList.part.0.str1.1
                0x000000000000999b       0x25 /tmp/UsbBusDxe.dll.WJNVTb.ltrans0.ltrans.o
 .rodata.ZeroMem.str1.1
                0x00000000000099c0       0x8d /tmp/UsbBusDxe.dll.WJNVTb.ltrans0.ltrans.o
 .rodata.UsbCreateDesc.str1.1
                0x0000000000009a4d      0x145 /tmp/UsbBusDxe.dll.WJNVTb.ltrans0.ltrans.o
 .rodata.GetUsbDPFromFullDP.str1.1
                0x0000000000009b92       0x21 /tmp/UsbBusDxe.dll.WJNVTb.ltrans0.ltrans.o
 .rodata.UsbBusIsWantedUsbIO.str1.1
                0x0000000000009bb3       0x2b /tmp/UsbBusDxe.dll.WJNVTb.ltrans0.ltrans.o
                                         0x63 (size before relaxing)
 .rodata.UsbConnectDriver.str1.1
                0x0000000000009bde       0x9a /tmp/UsbBusDxe.dll.WJNVTb.ltrans0.ltrans.o
 .rodata.UsbRemoveConfig.str1.1
                0x0000000000009c78       0x68 /tmp/UsbBusDxe.dll.WJNVTb.ltrans0.ltrans.o
 .rodata.UsbRemoveDevice.str1.1
                0x0000000000009ce0       0x7f /tmp/UsbBusDxe.dll.WJNVTb.ltrans0.ltrans.o
 .rodata.UsbBusControllerDriverStop.str1.1
                0x0000000000009d5f       0x61 /tmp/UsbBusDxe.dll.WJNVTb.ltrans0.ltrans.o
 .rodata.UsbSelectConfig.str1.1
                0x0000000000009dc0      0x11c /tmp/UsbBusDxe.dll.WJNVTb.ltrans0.ltrans.o
 .rodata.UsbEnumerateNewDev.str1.1
                0x0000000000009edc      0x647 /tmp/UsbBusDxe.dll.WJNVTb.ltrans0.ltrans.o
 .rodata.UsbEnumeratePort.str1.1
                0x000000000000a523      0x1df /tmp/UsbBusDxe.dll.WJNVTb.ltrans0.ltrans.o
 .rodata.UsbRootHubEnumeration.str1.1
                0x000000000000a702       0x56 /tmp/UsbBusDxe.dll.WJNVTb.ltrans0.ltrans.o
 .rodata.UsbHubEnumeration.str1.1
                0x000000000000a758       0x69 /tmp/UsbBusDxe.dll.WJNVTb.ltrans0.ltrans.o
 .rodata.UsbIoControlTransfer.str1.1
                0x000000000000a7c1       0x65 /tmp/UsbBusDxe.dll.WJNVTb.ltrans0.ltrans.o
 .rodata.UsbBusAddWantedUsbIoDP.str1.1
                0x000000000000a826       0x19 /tmp/UsbBusDxe.dll.WJNVTb.ltrans0.ltrans.o
 .rodata.UsbOnHubInterrupt.str1.1
                0x000000000000a83f       0x76 /tmp/UsbBusDxe.dll.WJNVTb.ltrans0.ltrans.o
 .rodata.UsbBusControllerDriverStart.str1.1
                0x000000000000a8b5      0x1ad /tmp/UsbBusDxe.dll.WJNVTb.ltrans0.ltrans.o
 .rodata.UsbRootHubResetPort.str1.1
                0x000000000000aa62      0x123 /tmp/UsbBusDxe.dll.WJNVTb.ltrans0.ltrans.o
 .rodata.__stack_chk_fail.str1.1
                0x000000000000ab85       0x2e /tmp/UsbBusDxe.dll.WJNVTb.ltrans0.ltrans.o
 .rodata._ModuleEntryPoint.str1.1
                0x000000000000abb3      0x294 /tmp/UsbBusDxe.dll.WJNVTb.ltrans0.ltrans.o
 .rodata.str1.1
                0x000000000000ae47      0x22f /tmp/UsbBusDxe.dll.WJNVTb.ltrans0.ltrans.o
                                        0x240 (size before relaxing)
 .rodata.mHexStr
                0x000000000000b076       0x10 /tmp/UsbBusDxe.dll.WJNVTb.ltrans0.ltrans.o
[...]
 .rela.data.mUsbBusDriverBinding
                0x000000000000c4f0       0x48 /home/j0sh1x/Lg_G7_ThinQ_Edk2/edk2/ArmPkg/Library/GccLto/liblto-aarch64.a
 .rela.data.mUsbHubApi
                0x000000000000c538       0xa8 /home/j0sh1x/Lg_G7_ThinQ_Edk2/edk2/ArmPkg/Library/GccLto/liblto-aarch64.a
 .rela.data.mUsbIoProtocol
                0x000000000000c5e0      0x138 /home/j0sh1x/Lg_G7_ThinQ_Edk2/edk2/ArmPkg/Library/GccLto/liblto-aarch64.a
 .rela.data.mUsbRootHubApi
                0x000000000000c718       0xa8 /home/j0sh1x/Lg_G7_ThinQ_Edk2/edk2/ArmPkg/Library/GccLto/liblto-aarch64.a
 .rela.rodata.mStatusString
                0x000000000000c7c0      0x3a8 /home/j0sh1x/Lg_G7_ThinQ_Edk2/edk2/ArmPkg/Library/GccLto/liblto-aarch64.a

.hii
 *(.hii)

.build-id       0x000000000000cb68       0x24
 *(.note.gnu.build-id)
 .note.gnu.build-id
                0x000000000000cb68       0x24 /home/j0sh1x/Lg_G7_ThinQ_Edk2/edk2/ArmPkg/Library/GccLto/liblto-aarch64.a

/DISCARD/
 *(.note.GNU-stack)
 *(.gnu_debuglink)
 *(.interp)
 *(.dynsym)
 *(.dynstr)
 *(.dynamic)
 *(.hash .gnu.hash)
 *(.comment)
 *(COMMON)
                0x0000000000000228                PECOFF_HEADER_SIZE = 0x228
OUTPUT(/home/j0sh1x/Lg_G7_ThinQ_Edk2/edk2_LG_G7_THINQ/workspace/Build/LgG7ThinQPkg/DEBUG_GCC5/AARCH64/MdeModulePkg/Bus/Usb/UsbBusDxe/UsbBusDxe/DEBUG/UsbBusDxe.dll elf64-littleaarch64)

.debug_info     0x0000000000000000    0x4294c
 .debug_info    0x0000000000000000     0xae3f /tmp/UsbBusDxe.dll.WJNVTb.ltrans0.ltrans.o
 .debug_info    0x000000000000ae3f      0x289 /tmp/ccB6PWkf.debug.temp.o
                0x000000000000ae3f                memcpy.c.1e1e787a
 .debug_info    0x000000000000b0c8      0x23a /tmp/ccyoWQMe.debug.temp.o
                0x000000000000b0c8                memset.c.cbb55926
 .debug_info    0x000000000000b302     0x1b08 /tmp/ccMeIcMc.debug.temp.o
                0x000000000000b302                DriverEntryPoint.c.602fee3c
 .debug_info    0x000000000000ce0a      0x239 /tmp/ccnjgYtc.debug.temp.o
                0x000000000000ce0a                BaseStackCheckGcc.c.7c8230a6
 .debug_info    0x000000000000d043     0x1e89 /tmp/cc1UkcQb.debug.temp.o
                0x000000000000d043                AutoGen.c.dfdc82a7
 .debug_info    0x000000000000eecc     0x4f28 /tmp/cc0tM9cc.debug.temp.o
                0x000000000000eecc                UsbBus.c.96473304
 .debug_info    0x0000000000013df4     0x3bd3 /tmp/ccPrT3fb.debug.temp.o
                0x0000000000013df4                UsbHub.c.6c65159e
 .debug_info    0x00000000000179c7      0x6cd /tmp/ccAy8J8e.debug.temp.o
                0x00000000000179c7                ComponentName.c.ca5e7d2f
 .debug_info    0x0000000000018094     0x3bf8 /tmp/ccbM1Hnd.debug.temp.o
                0x0000000000018094                UsbUtility.c.36973692
 .debug_info    0x000000000001bc8c     0x39f0 /tmp/ccZESSvd.debug.temp.o
                0x000000000001bc8c                UsbDesc.c.a9794c5f
 .debug_info    0x000000000001f67c     0x37b4 /tmp/ccOYATYc.debug.temp.o
                0x000000000001f67c                UsbEnumer.c.6b0006df
 .debug_info    0x0000000000022e30      0x271 /tmp/ccegzthe.debug.temp.o
                0x0000000000022e30                CpuDeadLoop.c.b22f2262
 .debug_info    0x00000000000230a1      0x4ca /tmp/ccwfiQbb.debug.temp.o
                0x00000000000230a1                LinkedList.c.fe9ca1b6
 .debug_info    0x000000000002356b      0x22c /tmp/ccAhDwZd.debug.temp.o
                0x000000000002356b                ZeroMemWrapper.c.f64356c5
 .debug_info    0x0000000000023797      0x259 /tmp/ccnmsAuf.debug.temp.o
                0x0000000000023797                CompareMemWrapper.c.f12ae324
 .debug_info    0x00000000000239f0      0x243 /tmp/cce3apNe.debug.temp.o
                0x00000000000239f0                CopyMemWrapper.c.f2c49a7f
 .debug_info    0x0000000000023c33      0x497 /tmp/ccK76TIb.debug.temp.o
                0x0000000000023c33                DebugLib.c.6a384b5e
 .debug_info    0x00000000000240ca     0x1e91 /tmp/ccEd0z5b.debug.temp.o
                0x00000000000240ca                MemoryAllocationLib.c.9b2360f8
 .debug_info    0x0000000000025f5b     0x1963 /tmp/ccVgk1Gc.debug.temp.o
                0x0000000000025f5b                UefiRuntimeServicesTableLib.c.d5c0fac4
 .debug_info    0x00000000000278be     0x1992 /tmp/cc71lPtf.debug.temp.o
                0x00000000000278be                UefiBootServicesTableLib.c.b2c21aa1
 .debug_info    0x0000000000029250     0x1e7f /tmp/ccLXK8sb.debug.temp.o
                0x0000000000029250                DevicePathUtilities.c.3aa82666
 .debug_info    0x000000000002b0cf     0x1baf /tmp/ccfVlV5e.debug.temp.o
                0x000000000002b0cf                UefiDevicePathLib.c.b1b87bec
 .debug_info    0x000000000002cc7e     0x3e07 /tmp/cc4Yfuyd.debug.temp.o
                0x000000000002cc7e                DevicePathToText.c.6837aabe
 .debug_info    0x0000000000030a85     0x468b /tmp/ccKKkhZe.debug.temp.o
                0x0000000000030a85                DevicePathFromText.c.2cd3fa85
 .debug_info    0x0000000000035110     0x23b8 /tmp/cc7pvfAe.debug.temp.o
                0x0000000000035110                UefiDriverModel.c.1f51e702
 .debug_info    0x00000000000374c8     0x2896 /tmp/ccV3bNad.debug.temp.o
                0x00000000000374c8                UefiLib.c.a867074c
 .debug_info    0x0000000000039d5e     0x23af /tmp/ccTmTDDb.debug.temp.o
                0x0000000000039d5e                HobLib.c.8a381ba7
 .debug_info    0x000000000003c10d     0x1fe8 /tmp/cc077cCd.debug.temp.o
                0x000000000003c10d                ReportStatusCodeLib.c.f3ccf4ed
 .debug_info    0x000000000003e0f5      0xe6f /tmp/ccwn09hb.debug.temp.o
                0x000000000003e0f5                SafeString.c.e0d6f670
 .debug_info    0x000000000003ef64      0xafd /tmp/cczKF0Ce.debug.temp.o
                0x000000000003ef64                String.c.8fee0045
 .debug_info    0x000000000003fa61      0x3de /tmp/cc7OZKMd.debug.temp.o
                0x000000000003fa61                Unaligned.c.007f7ff3
 .debug_info    0x000000000003fe3f      0x4dd /tmp/ccvUoykb.debug.temp.o
                0x000000000003fe3f                Math64.c.083e34f2
 .debug_info    0x000000000004031c      0x2cf /tmp/cceW6rVe.debug.temp.o
                0x000000000004031c                MemLibGuid.c.01726354
 .debug_info    0x00000000000405eb      0x23f /tmp/ccPwPyid.debug.temp.o
                0x00000000000405eb                BaseDebugPrintErrorLevelLib.c.4c0da260
 .debug_info    0x000000000004082a      0x7cd /tmp/ccR3CQXe.debug.temp.o
                0x000000000004082a                PrintLib.c.8c5ec511
 .debug_info    0x0000000000040ff7      0x824 /tmp/cctLMtCc.debug.temp.o
                0x0000000000040ff7                PrintLibInternal.c.4595abda
 .debug_info    0x000000000004181b      0x89c /tmp/cc4M2h0c.debug.temp.o
                0x000000000004181b                FrameBufferSerialPortLib.c.7984acb7
 .debug_info    0x00000000000420b7      0x286 /tmp/cc8JKNmc.debug.temp.o
                0x00000000000420b7                DivU64x32Remainder.c.fd6219e5
 .debug_info    0x000000000004233d      0x345 /tmp/ccWNMrzf.debug.temp.o
                0x000000000004233d                ArmCacheMaintenanceLib.c.52724bd9
 .debug_info    0x0000000000042682      0x2ca /tmp/cchYnBWb.debug.temp.o
                0x0000000000042682                ArmLib.c.3f59dbc1

.debug_abbrev   0x0000000000000000     0x44b5
 .debug_abbrev  0x0000000000000000      0x2e9 /tmp/UsbBusDxe.dll.WJNVTb.ltrans0.ltrans.o
 .debug_abbrev  0x00000000000002e9       0xfd /tmp/ccB6PWkf.debug.temp.o
 .debug_abbrev  0x00000000000003e6       0xcf /tmp/ccyoWQMe.debug.temp.o
 .debug_abbrev  0x00000000000004b5      0x1e9 /tmp/ccMeIcMc.debug.temp.o
 .debug_abbrev  0x000000000000069e       0xd6 /tmp/ccnjgYtc.debug.temp.o
 .debug_abbrev  0x0000000000000774      0x236 /tmp/cc1UkcQb.debug.temp.o
 .debug_abbrev  0x00000000000009aa      0x2fc /tmp/cc0tM9cc.debug.temp.o
 .debug_abbrev  0x0000000000000ca6      0x2a5 /tmp/ccPrT3fb.debug.temp.o
 .debug_abbrev  0x0000000000000f4b      0x14b /tmp/ccAy8J8e.debug.temp.o
 .debug_abbrev  0x0000000000001096      0x28f /tmp/ccbM1Hnd.debug.temp.o
 .debug_abbrev  0x0000000000001325      0x2b0 /tmp/ccZESSvd.debug.temp.o
 .debug_abbrev  0x00000000000015d5      0x29c /tmp/ccOYATYc.debug.temp.o
 .debug_abbrev  0x0000000000001871       0xc5 /tmp/ccegzthe.debug.temp.o
 .debug_abbrev  0x0000000000001936      0x137 /tmp/ccwfiQbb.debug.temp.o
 .debug_abbrev  0x0000000000001a6d       0xc0 /tmp/ccAhDwZd.debug.temp.o
 .debug_abbrev  0x0000000000001b2d       0xc0 /tmp/ccnmsAuf.debug.temp.o
 .debug_abbrev  0x0000000000001bed       0xc7 /tmp/cce3apNe.debug.temp.o
 .debug_abbrev  0x0000000000001cb4      0x165 /tmp/ccK76TIb.debug.temp.o
 .debug_abbrev  0x0000000000001e19      0x242 /tmp/ccEd0z5b.debug.temp.o
 .debug_abbrev  0x000000000000205b      0x1c3 /tmp/ccVgk1Gc.debug.temp.o
 .debug_abbrev  0x000000000000221e      0x1dd /tmp/cc71lPtf.debug.temp.o
 .debug_abbrev  0x00000000000023fb      0x240 /tmp/ccLXK8sb.debug.temp.o
 .debug_abbrev  0x000000000000263b      0x1fe /tmp/ccfVlV5e.debug.temp.o
 .debug_abbrev  0x0000000000002839      0x2ca /tmp/cc4Yfuyd.debug.temp.o
 .debug_abbrev  0x0000000000002b03      0x2b0 /tmp/ccKKkhZe.debug.temp.o
 .debug_abbrev  0x0000000000002db3      0x21c /tmp/cc7pvfAe.debug.temp.o
 .debug_abbrev  0x0000000000002fcf      0x267 /tmp/ccV3bNad.debug.temp.o
 .debug_abbrev  0x0000000000003236      0x25a /tmp/ccTmTDDb.debug.temp.o
 .debug_abbrev  0x0000000000003490      0x269 /tmp/cc077cCd.debug.temp.o
 .debug_abbrev  0x00000000000036f9      0x12d /tmp/ccwn09hb.debug.temp.o
 .debug_abbrev  0x0000000000003826      0x135 /tmp/cczKF0Ce.debug.temp.o
 .debug_abbrev  0x000000000000395b       0xd8 /tmp/cc7OZKMd.debug.temp.o
 .debug_abbrev  0x0000000000003a33      0x108 /tmp/ccvUoykb.debug.temp.o
 .debug_abbrev  0x0000000000003b3b       0xdd /tmp/cceW6rVe.debug.temp.o
 .debug_abbrev  0x0000000000003c18       0xd5 /tmp/ccPwPyid.debug.temp.o
 .debug_abbrev  0x0000000000003ced      0x150 /tmp/ccR3CQXe.debug.temp.o
 .debug_abbrev  0x0000000000003e3d      0x181 /tmp/cctLMtCc.debug.temp.o
 .debug_abbrev  0x0000000000003fbe      0x224 /tmp/cc4M2h0c.debug.temp.o
 .debug_abbrev  0x00000000000041e2       0xc2 /tmp/cc8JKNmc.debug.temp.o
 .debug_abbrev  0x00000000000042a4      0x101 /tmp/ccWNMrzf.debug.temp.o
 .debug_abbrev  0x00000000000043a5      0x110 /tmp/cchYnBWb.debug.temp.o

.debug_loc      0x0000000000000000    0x13766
 .debug_loc     0x0000000000000000    0x13766 /tmp/UsbBusDxe.dll.WJNVTb.ltrans0.ltrans.o

.debug_aranges  0x0000000000000000      0x750
 .debug_aranges
                0x0000000000000000      0x750 /tmp/UsbBusDxe.dll.WJNVTb.ltrans0.ltrans.o

.debug_ranges   0x0000000000000000     0x2010
 .debug_ranges  0x0000000000000000     0x2010 /tmp/UsbBusDxe.dll.WJNVTb.ltrans0.ltrans.o

.debug_line     0x0000000000000000     0xdfaa
 .debug_line    0x0000000000000000     0x6fdf /tmp/UsbBusDxe.dll.WJNVTb.ltrans0.ltrans.o
 .debug_line    0x0000000000006fdf      0x1a8 /tmp/ccB6PWkf.debug.temp.o
 .debug_line    0x0000000000007187      0x1a8 /tmp/ccyoWQMe.debug.temp.o
 .debug_line    0x000000000000732f      0x392 /tmp/ccMeIcMc.debug.temp.o
 .debug_line    0x00000000000076c1      0x1a7 /tmp/ccnjgYtc.debug.temp.o
 .debug_line    0x0000000000007868      0x321 /tmp/cc1UkcQb.debug.temp.o
 .debug_line    0x0000000000007b89      0x477 /tmp/cc0tM9cc.debug.temp.o
 .debug_line    0x0000000000008000      0x468 /tmp/ccPrT3fb.debug.temp.o
 .debug_line    0x0000000000008468      0x343 /tmp/ccAy8J8e.debug.temp.o
 .debug_line    0x00000000000087ab      0x46c /tmp/ccbM1Hnd.debug.temp.o
 .debug_line    0x0000000000008c17      0x469 /tmp/ccZESSvd.debug.temp.o
 .debug_line    0x0000000000009080      0x46b /tmp/ccOYATYc.debug.temp.o
 .debug_line    0x00000000000094eb      0x183 /tmp/ccegzthe.debug.temp.o
 .debug_line    0x000000000000966e      0x182 /tmp/ccwfiQbb.debug.temp.o
 .debug_line    0x00000000000097f0      0x1aa /tmp/ccAhDwZd.debug.temp.o
 .debug_line    0x000000000000999a      0x1ad /tmp/ccnmsAuf.debug.temp.o
 .debug_line    0x0000000000009b47      0x1aa /tmp/cce3apNe.debug.temp.o
 .debug_line    0x0000000000009cf1      0x24d /tmp/ccK76TIb.debug.temp.o
 .debug_line    0x0000000000009f3e      0x373 /tmp/ccEd0z5b.debug.temp.o
 .debug_line    0x000000000000a2b1      0x32f /tmp/ccVgk1Gc.debug.temp.o
 .debug_line    0x000000000000a5e0      0x37b /tmp/cc71lPtf.debug.temp.o
 .debug_line    0x000000000000a95b      0x3b7 /tmp/ccLXK8sb.debug.temp.o
 .debug_line    0x000000000000ad12      0x3b5 /tmp/ccfVlV5e.debug.temp.o
 .debug_line    0x000000000000b0c7      0x42b /tmp/cc4Yfuyd.debug.temp.o
 .debug_line    0x000000000000b4f2      0x41f /tmp/ccKKkhZe.debug.temp.o
 .debug_line    0x000000000000b911      0x42b /tmp/cc7pvfAe.debug.temp.o
 .debug_line    0x000000000000bd3c      0x3b8 /tmp/ccV3bNad.debug.temp.o
 .debug_line    0x000000000000c0f4      0x40c /tmp/ccTmTDDb.debug.temp.o
 .debug_line    0x000000000000c500      0x519 /tmp/cc077cCd.debug.temp.o
 .debug_line    0x000000000000ca19      0x182 /tmp/ccwn09hb.debug.temp.o
 .debug_line    0x000000000000cb9b      0x17e /tmp/cczKF0Ce.debug.temp.o
 .debug_line    0x000000000000cd19      0x185 /tmp/cc7OZKMd.debug.temp.o
 .debug_line    0x000000000000ce9e      0x17e /tmp/ccvUoykb.debug.temp.o
 .debug_line    0x000000000000d01c      0x1aa /tmp/cceW6rVe.debug.temp.o
 .debug_line    0x000000000000d1c6      0x1cf /tmp/ccPwPyid.debug.temp.o
 .debug_line    0x000000000000d395      0x19d /tmp/ccR3CQXe.debug.temp.o
 .debug_line    0x000000000000d532      0x1bb /tmp/cctLMtCc.debug.temp.o
 .debug_line    0x000000000000d6ed      0x3b3 /tmp/cc4M2h0c.debug.temp.o
 .debug_line    0x000000000000daa0      0x18a /tmp/cc8JKNmc.debug.temp.o
 .debug_line    0x000000000000dc2a      0x201 /tmp/ccWNMrzf.debug.temp.o
 .debug_line    0x000000000000de2b      0x17f /tmp/cchYnBWb.debug.temp.o

.debug_str      0x0000000000000000     0xa318
 .debug_str     0x0000000000000000      0x31d /tmp/UsbBusDxe.dll.WJNVTb.ltrans0.ltrans.o
                                        0x336 (size before relaxing)
 .debug_str     0x000000000000031d      0x445 /tmp/ccB6PWkf.debug.temp.o
                                        0x4b4 (size before relaxing)
 .debug_str     0x0000000000000762       0x5a /tmp/ccyoWQMe.debug.temp.o
                                        0x4a8 (size before relaxing)
 .debug_str     0x00000000000007bc     0x148c /tmp/ccMeIcMc.debug.temp.o
                                       0x17f6 (size before relaxing)
 .debug_str     0x0000000000001c48      0x13d /tmp/ccnjgYtc.debug.temp.o
                                        0x515 (size before relaxing)
 .debug_str     0x0000000000001d85      0x833 /tmp/cc1UkcQb.debug.temp.o
                                       0x1f0f (size before relaxing)
 .debug_str     0x00000000000025b8     0x1d74 /tmp/cc0tM9cc.debug.temp.o
                                       0x3c8c (size before relaxing)
 .debug_str     0x000000000000432c      0x351 /tmp/ccPrT3fb.debug.temp.o
                                       0x3344 (size before relaxing)
 .debug_str     0x000000000000467d       0xc8 /tmp/ccAy8J8e.debug.temp.o
                                        0xba8 (size before relaxing)
 .debug_str     0x0000000000004745      0x3ed /tmp/ccbM1Hnd.debug.temp.o
                                       0x320c (size before relaxing)
 .debug_str     0x0000000000004b32      0x1eb /tmp/ccZESSvd.debug.temp.o
                                       0x3204 (size before relaxing)
 .debug_str     0x0000000000004d1d      0x195 /tmp/ccOYATYc.debug.temp.o
                                       0x2f20 (size before relaxing)
 .debug_str     0x0000000000004eb2       0xd2 /tmp/ccegzthe.debug.temp.o
                                        0x59a (size before relaxing)
 .debug_str     0x0000000000004f84      0x11f /tmp/ccwfiQbb.debug.temp.o
                                        0x6aa (size before relaxing)
 .debug_str     0x00000000000050a3       0xed /tmp/ccAhDwZd.debug.temp.o
                                        0x4be (size before relaxing)
 .debug_str     0x0000000000005190       0x79 /tmp/ccnmsAuf.debug.temp.o
                                        0x4e7 (size before relaxing)
 .debug_str     0x0000000000005209       0x57 /tmp/cce3apNe.debug.temp.o
                                        0x4d6 (size before relaxing)
 .debug_str     0x0000000000005260      0x259 /tmp/ccK76TIb.debug.temp.o
                                        0x709 (size before relaxing)
 .debug_str     0x00000000000054b9      0x329 /tmp/ccEd0z5b.debug.temp.o
                                       0x193f (size before relaxing)
 .debug_str     0x00000000000057e2      0x139 /tmp/ccVgk1Gc.debug.temp.o
                                       0x16d5 (size before relaxing)
 .debug_str     0x000000000000591b      0x12a /tmp/cc71lPtf.debug.temp.o
                                       0x16d3 (size before relaxing)
 .debug_str     0x0000000000005a45      0x448 /tmp/ccLXK8sb.debug.temp.o
                                       0x1b08 (size before relaxing)
 .debug_str     0x0000000000005e8d       0x91 /tmp/ccfVlV5e.debug.temp.o
                                       0x193e (size before relaxing)
 .debug_str     0x0000000000005f1e      0x6ea /tmp/cc4Yfuyd.debug.temp.o
                                       0x2752 (size before relaxing)
 .debug_str     0x0000000000006608      0xee0 /tmp/ccKKkhZe.debug.temp.o
                                       0x3077 (size before relaxing)
 .debug_str     0x00000000000074e8      0x67d /tmp/cc7pvfAe.debug.temp.o
                                       0x2210 (size before relaxing)
 .debug_str     0x0000000000007b65      0x609 /tmp/ccV3bNad.debug.temp.o
                                       0x2209 (size before relaxing)
 .debug_str     0x000000000000816e      0x5e8 /tmp/ccTmTDDb.debug.temp.o
                                       0x1d79 (size before relaxing)
 .debug_str     0x0000000000008756      0x46d /tmp/cc077cCd.debug.temp.o
                                       0x1bbd (size before relaxing)
 .debug_str     0x0000000000008bc3      0x2c2 /tmp/ccwn09hb.debug.temp.o
                                        0x959 (size before relaxing)
 .debug_str     0x0000000000008e85      0x314 /tmp/cczKF0Ce.debug.temp.o
                                        0x97b (size before relaxing)
 .debug_str     0x0000000000009199       0xfa /tmp/cc7OZKMd.debug.temp.o
                                        0x641 (size before relaxing)
 .debug_str     0x0000000000009293      0x1a6 /tmp/ccvUoykb.debug.temp.o
                                        0x718 (size before relaxing)
 .debug_str     0x0000000000009439       0xa3 /tmp/cceW6rVe.debug.temp.o
                                        0x513 (size before relaxing)
 .debug_str     0x00000000000094dc      0x142 /tmp/ccPwPyid.debug.temp.o
                                        0x546 (size before relaxing)
 .debug_str     0x000000000000961e      0x26c /tmp/ccR3CQXe.debug.temp.o
                                        0x730 (size before relaxing)
 .debug_str     0x000000000000988a      0x21e /tmp/cctLMtCc.debug.temp.o
                                        0x864 (size before relaxing)
 .debug_str     0x0000000000009aa8      0x4b0 /tmp/cc4M2h0c.debug.temp.o
                                        0xbf8 (size before relaxing)
 .debug_str     0x0000000000009f58       0x62 /tmp/cc8JKNmc.debug.temp.o
                                        0x5b7 (size before relaxing)
 .debug_str     0x0000000000009fba      0x208 /tmp/ccWNMrzf.debug.temp.o
                                        0x610 (size before relaxing)
 .debug_str     0x000000000000a1c2      0x156 /tmp/cchYnBWb.debug.temp.o
                                        0x52c (size before relaxing)

.debug_frame    0x0000000000000000     0x1618
 .debug_frame   0x0000000000000000     0x1618 /tmp/UsbBusDxe.dll.WJNVTb.ltrans0.ltrans.o
